INFO: [v++ 60-1548] Creating build summary session with primary output /home/siyenga7/FPGA/hls_component/attention_int8_kernel/attention_int8_kernel.hlscompile_summary, at Sat Apr 25 16:23:03 2026
INFO: [v++ 82-31] Launching vitis_hls: vitis_hls -nolog -run csynth -work_dir /home/siyenga7/FPGA/hls_component/attention_int8_kernel -config /home/siyenga7/FPGA/hls_component/hls_config.cfg -cmdlineconfig /home/siyenga7/FPGA/hls_component/attention_int8_kernel/hls/config.cmdline

****** Vitis HLS - High-Level Synthesis from C, C++ and OpenCL v2023.2 (64-bit)
  **** SW Build 4023990 on Oct 11 2023
  **** IP Build 4028589 on Sat Oct 14 00:45:43 MDT 2023
  **** SharedData Build 4025554 on Tue Oct 10 17:18:54 MDT 2023
    ** Copyright 1986-2022 Xilinx, Inc. All Rights Reserved.
    ** Copyright 2022-2023 Advanced Micro Devices, Inc. All Rights Reserved.

source /packages/apps/fpga/Vitis_HLS/2023.2/scripts/vitis_hls/hls.tcl -notrace
INFO: [HLS 200-10] Running '/packages/apps/fpga/Vitis_HLS/2023.2/bin/unwrapped/lnx64.o/vitis_hls'
INFO: [HLS 200-10] For user 'siyenga7' on host 'sc008' (Linux_x86_64 version 4.18.0-553.77.1.el8_10.x86_64) on Sat Apr 25 16:23:05 MST 2026
INFO: [HLS 200-10] In directory '/home/siyenga7/FPGA/hls_component'
INFO: [HLS 200-1909] Reading HLS ini file /home/siyenga7/FPGA/hls_component/hls_config.cfg
INFO: [HLS 200-1909] Reading HLS ini file /home/siyenga7/FPGA/hls_component/attention_int8_kernel/hls/config.cmdline
INFO: [HLS 200-2005] Using work_dir /home/siyenga7/FPGA/hls_component/attention_int8_kernel 
INFO: [HLS 200-1510] Running: open_project /home/siyenga7/FPGA/hls_component/attention_int8_kernel -diskless 
INFO: [HLS 200-1510] Running: open_solution hls 
INFO: [HLS 200-1505] Using default flow_target 'vivado'
Resolution: For help on HLS 200-1505 see docs.xilinx.com/access/sources/dita/topic?Doc_Version=2023.2%20English&url=ug1448-hls-guidance&resourceid=200-1505.html
INFO: [HLS 200-1510] Running: apply_ini /home/siyenga7/FPGA/hls_component/hls_config.cfg 
INFO: [HLS 200-1909] Reading HLS ini file /home/siyenga7/FPGA/hls_component/hls_config.cfg
INFO: [HLS 200-1465] Applying ini 'syn.file=/home/siyenga7/FPGA/attention_int8.cpp' at /home/siyenga7/FPGA/hls_component/hls_config.cfg(7)
INFO: [HLS 200-10] Adding design file '/home/siyenga7/FPGA/attention_int8.cpp' to the project
INFO: [HLS 200-1465] Applying ini 'syn.file=/home/siyenga7/FPGA/attention_top.h' at /home/siyenga7/FPGA/hls_component/hls_config.cfg(8)
INFO: [HLS 200-10] Adding design file '/home/siyenga7/FPGA/attention_top.h' to the project
INFO: [HLS 200-1465] Applying ini 'syn.top=attention_int8_kernel' at /home/siyenga7/FPGA/hls_component/hls_config.cfg(9)
INFO: [HLS 200-1465] Applying ini 'flow_target=vivado' at /home/siyenga7/FPGA/hls_component/hls_config.cfg(4)
INFO: [HLS 200-1505] Using flow_target 'vivado'
Resolution: For help on HLS 200-1505 see docs.xilinx.com/access/sources/dita/topic?Doc_Version=2023.2%20English&url=ug1448-hls-guidance&resourceid=200-1505.html
INFO: [HLS 200-1465] Applying ini 'part=xc7a200tsbg484-1' at /home/siyenga7/FPGA/hls_component/hls_config.cfg(1)
INFO: [HLS 200-1611] Setting target device to 'xc7a200t-sbg484-1'
INFO: [HLS 200-1465] Applying ini 'clock=10' at /home/siyenga7/FPGA/hls_component/hls_config.cfg(10)
INFO: [SYN 201-201] Setting up clock 'default' with a period of 10ns.
INFO: [HLS 200-1465] Applying ini 'package.output.format=ip_catalog' at /home/siyenga7/FPGA/hls_component/hls_config.cfg(5)
INFO: [HLS 200-1510] Running: apply_ini /home/siyenga7/FPGA/hls_component/attention_int8_kernel/hls/config.cmdline 
INFO: [HLS 200-1909] Reading HLS ini file /home/siyenga7/FPGA/hls_component/attention_int8_kernel/hls/config.cmdline
INFO: [HLS 200-1510] Running: csynth_design 
INFO: [HLS 200-111] Finished File checks and directory preparation: CPU user time: 0.07 seconds. CPU system time: 0.01 seconds. Elapsed time: 0.09 seconds; current allocated memory: 224.562 MB.
INFO: [HLS 200-10] Analyzing design file '/home/siyenga7/FPGA/attention_int8.cpp' ... 
INFO: [HLS 200-111] Finished Source Code Analysis and Preprocessing: CPU user time: 18.95 seconds. CPU system time: 1.54 seconds. Elapsed time: 21.09 seconds; current allocated memory: 232.074 MB.
INFO: [HLS 200-777] Using interface defaults for 'Vivado' flow target.
INFO: [HLS 200-1995] There were 5,201 instructions in the design after the 'Compile/Link' phase of compilation. See the Design Size Report for more details: /home/siyenga7/FPGA/hls_component/attention_int8_kernel/hls/syn/report/csynth_design_size.rpt
WARNING: [HLS 200-1995] There were 199,953 instructions in the design after the 'Unroll/Inline' phase of compilation. See the Design Size Report for more details: /home/siyenga7/FPGA/hls_component/attention_int8_kernel/hls/syn/report/csynth_design_size.rpt
WARNING: [HLS 200-1995] There were 199,483 instructions in the design after the 'Unroll/Inline (step 2)' phase of compilation. See the Design Size Report for more details: /home/siyenga7/FPGA/hls_component/attention_int8_kernel/hls/syn/report/csynth_design_size.rpt
WARNING: [HLS 200-1995] There were 199,447 instructions in the design after the 'Unroll/Inline (step 3)' phase of compilation. See the Design Size Report for more details: /home/siyenga7/FPGA/hls_component/attention_int8_kernel/hls/syn/report/csynth_design_size.rpt
WARNING: [HLS 200-1995] There were 199,391 instructions in the design after the 'Unroll/Inline (step 4)' phase of compilation. See the Design Size Report for more details: /home/siyenga7/FPGA/hls_component/attention_int8_kernel/hls/syn/report/csynth_design_size.rpt
WARNING: [HLS 200-1995] There were 242,009 instructions in the design after the 'Array/Struct' phase of compilation. See the Design Size Report for more details: /home/siyenga7/FPGA/hls_component/attention_int8_kernel/hls/syn/report/csynth_design_size.rpt
WARNING: [HLS 200-1995] There were 205,371 instructions in the design after the 'Array/Struct (step 2)' phase of compilation. See the Design Size Report for more details: /home/siyenga7/FPGA/hls_component/attention_int8_kernel/hls/syn/report/csynth_design_size.rpt
INFO: [HLS 214-131] Inlining function 'fast_expf(float)' into 'compute(hls::stream<q_block_t, 0>&, hls::stream<kv_block_t, 0>&, hls::stream<o_block_t, 0>&, float, float)' (/home/siyenga7/FPGA/attention_int8.cpp:244:13)
INFO: [HLS 214-131] Inlining function 'fast_expf(float)' into 'compute(hls::stream<q_block_t, 0>&, hls::stream<kv_block_t, 0>&, hls::stream<o_block_t, 0>&, float, float)' (/home/siyenga7/FPGA/attention_int8.cpp:236:47)
INFO: [HLS 214-291] Loop 'VITIS_LOOP_177_6' is marked as complete unroll implied by the pipeline pragma (/home/siyenga7/FPGA/attention_int8.cpp:177:35)
INFO: [HLS 214-291] Loop 'VITIS_LOOP_221_12' is marked as complete unroll implied by the pipeline pragma (/home/siyenga7/FPGA/attention_int8.cpp:221:44)
INFO: [HLS 214-291] Loop 'VITIS_LOOP_259_17' is marked as complete unroll implied by the pipeline pragma (/home/siyenga7/FPGA/attention_int8.cpp:259:44)
INFO: [HLS 214-186] Unrolling loop 'VITIS_LOOP_177_6' (/home/siyenga7/FPGA/attention_int8.cpp:177:35) in function 'compute' completely with a factor of 128 (/home/siyenga7/FPGA/attention_int8.cpp:148:0)
INFO: [HLS 214-186] Unrolling loop 'VITIS_LOOP_221_12' (/home/siyenga7/FPGA/attention_int8.cpp:221:44) in function 'compute' completely with a factor of 128 (/home/siyenga7/FPGA/attention_int8.cpp:148:0)
INFO: [HLS 214-186] Unrolling loop 'VITIS_LOOP_249_15' (/home/siyenga7/FPGA/attention_int8.cpp:249:40) in function 'compute' completely with a factor of 64 (/home/siyenga7/FPGA/attention_int8.cpp:148:0)
INFO: [HLS 214-186] Unrolling loop 'VITIS_LOOP_259_17' (/home/siyenga7/FPGA/attention_int8.cpp:259:44) in function 'compute' completely with a factor of 64 (/home/siyenga7/FPGA/attention_int8.cpp:148:0)
INFO: [HLS 214-178] Inlining function 'fp_struct<float>::fp_struct(float)' into 'int generic_cast_IEEE754<int, (ap_q_mode)6, float>(float, bool, hls::enable_if<std::numeric_limits<int>::is_signed, bool>::type)' (/wrk/ci/prod/2023.2/hls_product/continuous/689/2023.2/src/shared/hls/clib/hlsmath/include/FloatingPoint/hls_case_IEEE754.h:12:0)
INFO: [HLS 214-178] Inlining function 'fp_struct<float>::mantissa() const' into 'int generic_cast_IEEE754<int, (ap_q_mode)6, float>(float, bool, hls::enable_if<std::numeric_limits<int>::is_signed, bool>::type)' (/wrk/ci/prod/2023.2/hls_product/continuous/689/2023.2/src/shared/hls/clib/hlsmath/include/FloatingPoint/hls_case_IEEE754.h:12:0)
INFO: [HLS 214-178] Inlining function 'fp_struct<float>::expv() const' into 'int generic_cast_IEEE754<int, (ap_q_mode)6, float>(float, bool, hls::enable_if<std::numeric_limits<int>::is_signed, bool>::type)' (/wrk/ci/prod/2023.2/hls_product/continuous/689/2023.2/src/shared/hls/clib/hlsmath/include/FloatingPoint/hls_case_IEEE754.h:12:0)
INFO: [HLS 214-178] Inlining function 'fp_struct<float>::__signbit() const' into 'int generic_cast_IEEE754<int, (ap_q_mode)6, float>(float, bool, hls::enable_if<std::numeric_limits<int>::is_signed, bool>::type)' (/wrk/ci/prod/2023.2/hls_product/continuous/689/2023.2/src/shared/hls/clib/hlsmath/include/FloatingPoint/hls_case_IEEE754.h:12:0)
INFO: [HLS 214-178] Inlining function 'int generic_cast_IEEE754<int, (ap_q_mode)6, float>(float, bool, hls::enable_if<std::numeric_limits<int>::is_signed, bool>::type)' into 'int generic_cast_IEEE754<int, float>(float, bool)' (/wrk/ci/prod/2023.2/hls_product/continuous/689/2023.2/src/shared/hls/clib/hlsmath/include/FloatingPoint/hls_case_IEEE754.h:116:0)
INFO: [HLS 214-178] Inlining function 'int generic_cast_IEEE754<int, float>(float, bool)' into '__hls_fptosi_float_i32' (/wrk/ci/prod/2023.2/hls_product/continuous/689/2023.2/src/shared/hls/clib/hlsmath/src/lib_floatconversion.cpp:51:0)
INFO: [HLS 214-178] Inlining function '__hls_fptosi_float_i32' into 'compute(hls::stream<q_block_t, 0>&, hls::stream<kv_block_t, 0>&, hls::stream<o_block_t, 0>&, float, float)' (/home/siyenga7/FPGA/attention_int8.cpp:148:0)
INFO: [HLS 214-248] Applying array_partition to 'Q_tile': Complete partitioning on dimension 2. (/home/siyenga7/FPGA/attention_int8.cpp:155:17)
INFO: [HLS 214-248] Applying array_partition to 'O_tile': Cyclic partitioning with factor 8 on dimension 2. (/home/siyenga7/FPGA/attention_int8.cpp:156:19)
INFO: [HLS 214-248] Applying array_partition to 'm_state': Complete partitioning on dimension 1. (/home/siyenga7/FPGA/attention_int8.cpp:157:19)
INFO: [HLS 214-248] Applying array_partition to 'l_state': Complete partitioning on dimension 1. (/home/siyenga7/FPGA/attention_int8.cpp:158:19)
INFO: [HLS 214-248] Applying array_partition to 'K_tile': Complete partitioning on dimension 2. (/home/siyenga7/FPGA/attention_int8.cpp:191:21)
INFO: [HLS 214-248] Applying array_partition to 'V_tile': Cyclic partitioning with factor 4 on dimension 1. Cyclic partitioning with factor 8 on dimension 2. (/home/siyenga7/FPGA/attention_int8.cpp:192:21)
INFO: [HLS 214-248] Applying array_partition to 'scores': Cyclic partitioning with factor 8 on dimension 2. (/home/siyenga7/FPGA/attention_int8.cpp:210:23)
INFO: [HLS 214-248] Applying array_partition to 'row_max': Complete partitioning on dimension 1. (/home/siyenga7/FPGA/attention_int8.cpp:211:23)
INFO: [HLS 214-248] Applying array_partition to 'P_row': Complete partitioning on dimension 1. (/home/siyenga7/FPGA/attention_int8.cpp:238:27)
ERROR: [HLS 214-256] in function 'attention_int8_kernel': Unsupported aggregate pragma/directive on variable 'q_stream' as the bit-width after aggregation (65536) is larger than 4096 (/home/siyenga7/FPGA/attention_int8.cpp:331:25)
ERROR: [HLS 214-256] in function 'attention_int8_kernel': Unsupported aggregate pragma/directive on variable 'kv_stream' as the bit-width after aggregation (131104) is larger than 4096 (/home/siyenga7/FPGA/attention_int8.cpp:332:29)
ERROR: [HLS 214-256] in function 'attention_int8_kernel': Unsupported aggregate pragma/directive on variable 'o_stream' as the bit-width after aggregation (131072) is larger than 4096 (/home/siyenga7/FPGA/attention_int8.cpp:333:28)
ERROR: [HLS 200-1715] Encountered problem during source synthesis
INFO: [HLS 200-111] Finished Command csynth_design CPU user time: 382.31 seconds. CPU system time: 2.34 seconds. Elapsed time: 389.01 seconds; current allocated memory: 7.715 MB.
INFO: [HLS 200-1510] Running: close_project 
ERROR: Pre-synthesis failed.
INFO: [HLS 200-112] Total CPU user time: 383.88 seconds. Total CPU system time: 2.79 seconds. Total elapsed time: 393.02 seconds; peak allocated memory: 232.277 MB.
INFO: [Common 17-206] Exiting vitis_hls at Sat Apr 25 16:29:37 2026...
