INFO: [v++ 60-1548] Creating build summary session with primary output /home/siyenga7/FPGA/hls_component/attention_int8_kernel/attention_int8_kernel.hlscompile_summary, at Sat Apr 25 15:40:20 2026
INFO: [v++ 82-31] Launching vitis_hls: vitis_hls -nolog -run csynth -work_dir /home/siyenga7/FPGA/hls_component/attention_int8_kernel -config /home/siyenga7/FPGA/hls_component/hls_config.cfg -cmdlineconfig /home/siyenga7/FPGA/hls_component/attention_int8_kernel/hls/config.cmdline

****** Vitis HLS - High-Level Synthesis from C, C++ and OpenCL v2023.2 (64-bit)
  **** SW Build 4023990 on Oct 11 2023
  **** IP Build 4028589 on Sat Oct 14 00:45:43 MDT 2023
  **** SharedData Build 4025554 on Tue Oct 10 17:18:54 MDT 2023
    ** Copyright 1986-2022 Xilinx, Inc. All Rights Reserved.
    ** Copyright 2022-2023 Advanced Micro Devices, Inc. All Rights Reserved.

source /packages/apps/fpga/Vitis_HLS/2023.2/scripts/vitis_hls/hls.tcl -notrace
INFO: [HLS 200-10] Running '/packages/apps/fpga/Vitis_HLS/2023.2/bin/unwrapped/lnx64.o/vitis_hls'
INFO: [HLS 200-10] For user 'siyenga7' on host 'sc008' (Linux_x86_64 version 4.18.0-553.77.1.el8_10.x86_64) on Sat Apr 25 15:40:22 MST 2026
INFO: [HLS 200-10] In directory '/home/siyenga7/FPGA/hls_component'
INFO: [HLS 200-1909] Reading HLS ini file /home/siyenga7/FPGA/hls_component/hls_config.cfg
INFO: [HLS 200-1909] Reading HLS ini file /home/siyenga7/FPGA/hls_component/attention_int8_kernel/hls/config.cmdline
INFO: [HLS 200-2005] Using work_dir /home/siyenga7/FPGA/hls_component/attention_int8_kernel 
INFO: [HLS 200-1510] Running: open_project /home/siyenga7/FPGA/hls_component/attention_int8_kernel -diskless 
INFO: [HLS 200-1510] Running: open_solution hls 
INFO: [HLS 200-1505] Using default flow_target 'vivado'
Resolution: For help on HLS 200-1505 see docs.xilinx.com/access/sources/dita/topic?Doc_Version=2023.2%20English&url=ug1448-hls-guidance&resourceid=200-1505.html
INFO: [HLS 200-1510] Running: apply_ini /home/siyenga7/FPGA/hls_component/hls_config.cfg 
INFO: [HLS 200-1909] Reading HLS ini file /home/siyenga7/FPGA/hls_component/hls_config.cfg
INFO: [HLS 200-1465] Applying ini 'syn.file=/home/siyenga7/FPGA/attention_int8.cpp' at /home/siyenga7/FPGA/hls_component/hls_config.cfg(7)
INFO: [HLS 200-10] Adding design file '/home/siyenga7/FPGA/attention_int8.cpp' to the project
INFO: [HLS 200-1465] Applying ini 'syn.file=/home/siyenga7/FPGA/attention_top.h' at /home/siyenga7/FPGA/hls_component/hls_config.cfg(8)
INFO: [HLS 200-10] Adding design file '/home/siyenga7/FPGA/attention_top.h' to the project
INFO: [HLS 200-1465] Applying ini 'syn.top=attention_int8_kernel' at /home/siyenga7/FPGA/hls_component/hls_config.cfg(9)
INFO: [HLS 200-1465] Applying ini 'flow_target=vivado' at /home/siyenga7/FPGA/hls_component/hls_config.cfg(4)
INFO: [HLS 200-1505] Using flow_target 'vivado'
Resolution: For help on HLS 200-1505 see docs.xilinx.com/access/sources/dita/topic?Doc_Version=2023.2%20English&url=ug1448-hls-guidance&resourceid=200-1505.html
INFO: [HLS 200-1465] Applying ini 'part=xc7a200tsbg484-1' at /home/siyenga7/FPGA/hls_component/hls_config.cfg(1)
INFO: [HLS 200-1611] Setting target device to 'xc7a200t-sbg484-1'
INFO: [HLS 200-1465] Applying ini 'clock=10' at /home/siyenga7/FPGA/hls_component/hls_config.cfg(10)
INFO: [SYN 201-201] Setting up clock 'default' with a period of 10ns.
INFO: [HLS 200-1465] Applying ini 'package.output.format=ip_catalog' at /home/siyenga7/FPGA/hls_component/hls_config.cfg(5)
INFO: [HLS 200-1510] Running: apply_ini /home/siyenga7/FPGA/hls_component/attention_int8_kernel/hls/config.cmdline 
INFO: [HLS 200-1909] Reading HLS ini file /home/siyenga7/FPGA/hls_component/attention_int8_kernel/hls/config.cmdline
INFO: [HLS 200-1510] Running: csynth_design 
INFO: [HLS 200-111] Finished File checks and directory preparation: CPU user time: 0.07 seconds. CPU system time: 0.02 seconds. Elapsed time: 0.1 seconds; current allocated memory: 224.543 MB.
INFO: [HLS 200-10] Analyzing design file '/home/siyenga7/FPGA/attention_int8.cpp' ... 
INFO: [HLS 200-111] Finished Source Code Analysis and Preprocessing: CPU user time: 19.03 seconds. CPU system time: 1.55 seconds. Elapsed time: 21.08 seconds; current allocated memory: 231.906 MB.
INFO: [HLS 200-777] Using interface defaults for 'Vivado' flow target.
INFO: [HLS 200-1995] There were 4,906 instructions in the design after the 'Compile/Link' phase of compilation. See the Design Size Report for more details: /home/siyenga7/FPGA/hls_component/attention_int8_kernel/hls/syn/report/csynth_design_size.rpt
INFO: [HLS 200-1995] There were 2,956 instructions in the design after the 'Unroll/Inline (step 1)' phase of compilation. See the Design Size Report for more details: /home/siyenga7/FPGA/hls_component/attention_int8_kernel/hls/syn/report/csynth_design_size.rpt
INFO: [HLS 200-1995] There were 2,642 instructions in the design after the 'Unroll/Inline (step 2)' phase of compilation. See the Design Size Report for more details: /home/siyenga7/FPGA/hls_component/attention_int8_kernel/hls/syn/report/csynth_design_size.rpt
INFO: [HLS 200-1995] There were 2,615 instructions in the design after the 'Unroll/Inline (step 3)' phase of compilation. See the Design Size Report for more details: /home/siyenga7/FPGA/hls_component/attention_int8_kernel/hls/syn/report/csynth_design_size.rpt
INFO: [HLS 200-1995] There were 2,559 instructions in the design after the 'Unroll/Inline (step 4)' phase of compilation. See the Design Size Report for more details: /home/siyenga7/FPGA/hls_component/attention_int8_kernel/hls/syn/report/csynth_design_size.rpt
INFO: [HLS 200-1995] There were 60,223 instructions in the design after the 'Array/Struct' phase of compilation. See the Design Size Report for more details: /home/siyenga7/FPGA/hls_component/attention_int8_kernel/hls/syn/report/csynth_design_size.rpt
INFO: [HLS 200-1995] There were 24,867 instructions in the design after the 'Array/Struct (step 2)' phase of compilation. See the Design Size Report for more details: /home/siyenga7/FPGA/hls_component/attention_int8_kernel/hls/syn/report/csynth_design_size.rpt
INFO: [HLS 200-1995] There were 24,867 instructions in the design after the 'Array/Struct (step 3)' phase of compilation. See the Design Size Report for more details: /home/siyenga7/FPGA/hls_component/attention_int8_kernel/hls/syn/report/csynth_design_size.rpt
INFO: [HLS 200-1995] There were 24,860 instructions in the design after the 'Array/Struct (step 4)' phase of compilation. See the Design Size Report for more details: /home/siyenga7/FPGA/hls_component/attention_int8_kernel/hls/syn/report/csynth_design_size.rpt
INFO: [HLS 200-1995] There were 24,808 instructions in the design after the 'Array/Struct (step 5)' phase of compilation. See the Design Size Report for more details: /home/siyenga7/FPGA/hls_component/attention_int8_kernel/hls/syn/report/csynth_design_size.rpt
INFO: [HLS 200-1995] There were 24,548 instructions in the design after the 'Performance' phase of compilation. See the Design Size Report for more details: /home/siyenga7/FPGA/hls_component/attention_int8_kernel/hls/syn/report/csynth_design_size.rpt
INFO: [HLS 200-1995] There were 24,548 instructions in the design after the 'Performance (step 2)' phase of compilation. See the Design Size Report for more details: /home/siyenga7/FPGA/hls_component/attention_int8_kernel/hls/syn/report/csynth_design_size.rpt
INFO: [HLS 200-1995] There were 24,588 instructions in the design after the 'Performance (step 3)' phase of compilation. See the Design Size Report for more details: /home/siyenga7/FPGA/hls_component/attention_int8_kernel/hls/syn/report/csynth_design_size.rpt
INFO: [HLS 200-1995] There were 24,572 instructions in the design after the 'Performance (step 4)' phase of compilation. See the Design Size Report for more details: /home/siyenga7/FPGA/hls_component/attention_int8_kernel/hls/syn/report/csynth_design_size.rpt
INFO: [HLS 200-1995] There were 24,588 instructions in the design after the 'HW Transforms' phase of compilation. See the Design Size Report for more details: /home/siyenga7/FPGA/hls_component/attention_int8_kernel/hls/syn/report/csynth_design_size.rpt
INFO: [HLS 200-1995] There were 23,491 instructions in the design after the 'HW Transforms (step 2)' phase of compilation. See the Design Size Report for more details: /home/siyenga7/FPGA/hls_component/attention_int8_kernel/hls/syn/report/csynth_design_size.rpt
INFO: [HLS 214-131] Inlining function 'fast_expf(float)' into 'attention_int8_kernel' (/home/siyenga7/FPGA/attention_int8.cpp:176:12)
INFO: [HLS 214-131] Inlining function 'fast_expf(float)' into 'attention_int8_kernel' (/home/siyenga7/FPGA/attention_int8.cpp:168:47)
INFO: [HLS 214-291] Loop 'VITIS_LOOP_113_6' is marked as complete unroll implied by the pipeline pragma (/home/siyenga7/FPGA/attention_int8.cpp:113:35)
INFO: [HLS 214-291] Loop 'VITIS_LOOP_152_12' is marked as complete unroll implied by the pipeline pragma (/home/siyenga7/FPGA/attention_int8.cpp:152:44)
INFO: [HLS 214-291] Loop 'VITIS_LOOP_185_16' is marked as complete unroll implied by the pipeline pragma (/home/siyenga7/FPGA/attention_int8.cpp:185:44)
INFO: [HLS 214-186] Unrolling loop 'VITIS_LOOP_113_6' (/home/siyenga7/FPGA/attention_int8.cpp:113:35) in function 'attention_int8_kernel' completely with a factor of 128 (/home/siyenga7/FPGA/attention_int8.cpp:63:0)
INFO: [HLS 214-186] Unrolling loop 'VITIS_LOOP_152_12' (/home/siyenga7/FPGA/attention_int8.cpp:152:44) in function 'attention_int8_kernel' completely with a factor of 128 (/home/siyenga7/FPGA/attention_int8.cpp:63:0)
INFO: [HLS 214-186] Unrolling loop 'VITIS_LOOP_185_16' (/home/siyenga7/FPGA/attention_int8.cpp:185:44) in function 'attention_int8_kernel' completely with a factor of 64 (/home/siyenga7/FPGA/attention_int8.cpp:63:0)
INFO: [HLS 214-178] Inlining function 'fp_struct<float>::fp_struct(float)' into 'int generic_cast_IEEE754<int, (ap_q_mode)6, float>(float, bool, hls::enable_if<std::numeric_limits<int>::is_signed, bool>::type)' (/wrk/ci/prod/2023.2/hls_product/continuous/689/2023.2/src/shared/hls/clib/hlsmath/include/FloatingPoint/hls_case_IEEE754.h:12:0)
INFO: [HLS 214-178] Inlining function 'fp_struct<float>::mantissa() const' into 'int generic_cast_IEEE754<int, (ap_q_mode)6, float>(float, bool, hls::enable_if<std::numeric_limits<int>::is_signed, bool>::type)' (/wrk/ci/prod/2023.2/hls_product/continuous/689/2023.2/src/shared/hls/clib/hlsmath/include/FloatingPoint/hls_case_IEEE754.h:12:0)
INFO: [HLS 214-178] Inlining function 'fp_struct<float>::expv() const' into 'int generic_cast_IEEE754<int, (ap_q_mode)6, float>(float, bool, hls::enable_if<std::numeric_limits<int>::is_signed, bool>::type)' (/wrk/ci/prod/2023.2/hls_product/continuous/689/2023.2/src/shared/hls/clib/hlsmath/include/FloatingPoint/hls_case_IEEE754.h:12:0)
INFO: [HLS 214-178] Inlining function 'fp_struct<float>::__signbit() const' into 'int generic_cast_IEEE754<int, (ap_q_mode)6, float>(float, bool, hls::enable_if<std::numeric_limits<int>::is_signed, bool>::type)' (/wrk/ci/prod/2023.2/hls_product/continuous/689/2023.2/src/shared/hls/clib/hlsmath/include/FloatingPoint/hls_case_IEEE754.h:12:0)
INFO: [HLS 214-178] Inlining function 'int generic_cast_IEEE754<int, (ap_q_mode)6, float>(float, bool, hls::enable_if<std::numeric_limits<int>::is_signed, bool>::type)' into 'int generic_cast_IEEE754<int, float>(float, bool)' (/wrk/ci/prod/2023.2/hls_product/continuous/689/2023.2/src/shared/hls/clib/hlsmath/include/FloatingPoint/hls_case_IEEE754.h:116:0)
INFO: [HLS 214-178] Inlining function 'int generic_cast_IEEE754<int, float>(float, bool)' into '__hls_fptosi_float_i32' (/wrk/ci/prod/2023.2/hls_product/continuous/689/2023.2/src/shared/hls/clib/hlsmath/src/lib_floatconversion.cpp:51:0)
INFO: [HLS 214-178] Inlining function '__hls_fptosi_float_i32' into 'attention_int8_kernel' (/home/siyenga7/FPGA/attention_int8.cpp:63:0)
INFO: [HLS 214-248] Applying array_partition to 'Q_tile': Complete partitioning on dimension 2. (/home/siyenga7/FPGA/attention_int8.cpp:88:17)
INFO: [HLS 214-248] Applying array_partition to 'O_tile': Cyclic partitioning with factor 8 on dimension 2. (/home/siyenga7/FPGA/attention_int8.cpp:89:19)
INFO: [HLS 214-248] Applying array_partition to 'm_state': Complete partitioning on dimension 1. (/home/siyenga7/FPGA/attention_int8.cpp:90:19)
INFO: [HLS 214-248] Applying array_partition to 'l_state': Complete partitioning on dimension 1. (/home/siyenga7/FPGA/attention_int8.cpp:91:19)
INFO: [HLS 214-248] Applying array_partition to 'K_tile': Complete partitioning on dimension 2. (/home/siyenga7/FPGA/attention_int8.cpp:122:21)
INFO: [HLS 214-248] Applying array_partition to 'V_tile': Complete partitioning on dimension 2. (/home/siyenga7/FPGA/attention_int8.cpp:123:21)
INFO: [HLS 214-248] Applying array_partition to 'scores': Cyclic partitioning with factor 8 on dimension 2. (/home/siyenga7/FPGA/attention_int8.cpp:141:23)
INFO: [HLS 214-248] Applying array_partition to 'row_max': Complete partitioning on dimension 1. (/home/siyenga7/FPGA/attention_int8.cpp:142:23)
INFO: [HLS 214-248] Applying array_partition to 'P_row': Complete partitioning on dimension 1. (/home/siyenga7/FPGA/attention_int8.cpp:171:27)
INFO: [HLS 214-270] Inferring pragma 'array_partition type=cyclic factor=2 dim=1' for array 'fast_expf(float)::lut' due to pipeline pragma (/home/siyenga7/FPGA/attention_int8.cpp:175:9)
INFO: [HLS 214-248] Applying array_partition to '_ZZL9fast_expffE3lut': Cyclic partitioning with factor 2 on dimension 1. (/home/siyenga7/FPGA/attention_int8.cpp:34:0)
INFO: [HLS 214-115] Multiple burst reads of length 4194304 and bit width 8 in loop 'VITIS_LOOP_78_1'(/home/siyenga7/FPGA/attention_int8.cpp:78:19) has been inferred on bundle 'gmem0'. These burst requests might be further partitioned into multiple requests during RTL generation, based on max_read_burst_length or max_write_burst_length settings. (/home/siyenga7/FPGA/attention_int8.cpp:78:19)
INFO: [HLS 214-115] Multiple burst writes of length 4194304 and bit width 16 in loop 'VITIS_LOOP_78_1'(/home/siyenga7/FPGA/attention_int8.cpp:78:19) has been inferred on bundle 'gmem3'. These burst requests might be further partitioned into multiple requests during RTL generation, based on max_read_burst_length or max_write_burst_length settings. (/home/siyenga7/FPGA/attention_int8.cpp:78:19)
INFO: [HLS 214-115] Multiple burst reads of length 8192 and bit width 8 in loop 'VITIS_LOOP_131_8'(/home/siyenga7/FPGA/attention_int8.cpp:131:20) has been inferred on bundle 'gmem1'. These burst requests might be further partitioned into multiple requests during RTL generation, based on max_read_burst_length or max_write_burst_length settings. (/home/siyenga7/FPGA/attention_int8.cpp:131:20)
INFO: [HLS 214-115] Multiple burst reads of length 8192 and bit width 8 in loop 'VITIS_LOOP_131_8'(/home/siyenga7/FPGA/attention_int8.cpp:131:20) has been inferred on bundle 'gmem2'. These burst requests might be further partitioned into multiple requests during RTL generation, based on max_read_burst_length or max_write_burst_length settings. (/home/siyenga7/FPGA/attention_int8.cpp:131:20)
INFO: [HLS 200-111] Finished Compiling Optimization and Transform: CPU user time: 42.84 seconds. CPU system time: 0.74 seconds. Elapsed time: 47.65 seconds; current allocated memory: 232.957 MB.
INFO: [HLS 200-111] Finished Checking Pragmas: CPU user time: 0 seconds. CPU system time: 0 seconds. Elapsed time: 0 seconds; current allocated memory: 232.957 MB.
INFO: [HLS 200-10] Starting code transformations ...
INFO: [HLS 200-111] Finished Standard Transforms: CPU user time: 7.06 seconds. CPU system time: 0.03 seconds. Elapsed time: 7.15 seconds; current allocated memory: 281.379 MB.
INFO: [HLS 200-10] Checking synthesizability ...
INFO: [HLS 200-111] Finished Checking Synthesizability: CPU user time: 2.07 seconds. CPU system time: 0.02 seconds. Elapsed time: 2.12 seconds; current allocated memory: 312.199 MB.
INFO: [XFORM 203-401] Performing if-conversion on hyperblock from (/home/siyenga7/FPGA/attention_int8.cpp:175:9) to (/home/siyenga7/FPGA/attention_int8.cpp:177:34) in function 'attention_int8_kernel'... converting 3 basic blocks.
INFO: [XFORM 203-401] Performing if-conversion on hyperblock from (/home/siyenga7/FPGA/attention_int8.cpp:90:19) to (/home/siyenga7/FPGA/attention_int8.cpp:174:21) in function 'attention_int8_kernel'... converting 3 basic blocks.
INFO: [XFORM 203-11] Balancing expressions in function 'attention_int8_kernel' (/home/siyenga7/FPGA/attention_int8.cpp:15:32)...127 expression(s) balanced.
INFO: [HLS 200-111] Finished Loop, function and other optimizations: CPU user time: 46.89 seconds. CPU system time: 0.07 seconds. Elapsed time: 47.22 seconds; current allocated memory: 449.426 MB.
INFO: [HLS 200-2061] Successfully converted nested loops 'VITIS_LOOP_101_3'(/home/siyenga7/FPGA/attention_int8.cpp:101:20) and 'VITIS_LOOP_102_4'(/home/siyenga7/FPGA/attention_int8.cpp:102:35) in function 'attention_int8_kernel' into perfectly nested loops.
INFO: [HLS 200-2061] Successfully converted nested loops 'VITIS_LOOP_131_8'(/home/siyenga7/FPGA/attention_int8.cpp:131:20) and 'VITIS_LOOP_132_9'(/home/siyenga7/FPGA/attention_int8.cpp:132:39) in function 'attention_int8_kernel' into perfectly nested loops.
INFO: [HLS 200-2061] Successfully converted nested loops 'VITIS_LOOP_196_17'(/home/siyenga7/FPGA/attention_int8.cpp:196:32) and 'VITIS_LOOP_198_18'(/home/siyenga7/FPGA/attention_int8.cpp:198:36) in function 'attention_int8_kernel' into perfectly nested loops.
INFO: [XFORM 203-541] Flattening a loop nest 'VITIS_LOOP_101_3' (/home/siyenga7/FPGA/attention_int8.cpp:101:20) in function 'attention_int8_kernel'.
INFO: [XFORM 203-541] Flattening a loop nest 'VITIS_LOOP_131_8' (/home/siyenga7/FPGA/attention_int8.cpp:131:20) in function 'attention_int8_kernel'.
WARNING: [HLS 200-960] Cannot flatten loop 'VITIS_LOOP_147_10' (/home/siyenga7/FPGA/attention_int8.cpp:147:21) in function 'attention_int8_kernel' the outer loop is not a perfect loop because there is nontrivial logic before entering the inner loop.
Resolution: For help on HLS 200-960 see docs.xilinx.com/access/sources/dita/topic?Doc_Version=2023.2%20English&url=ug1448-hls-guidance&resourceid=200-960.html
INFO: [XFORM 203-541] Flattening a loop nest 'VITIS_LOOP_196_17' (/home/siyenga7/FPGA/attention_int8.cpp:196:32) in function 'attention_int8_kernel'.
INFO: [XFORM 203-541] Flattening a loop nest 'VITIS_LOOP_78_1' (/home/siyenga7/FPGA/attention_int8.cpp:78:19) in function 'attention_int8_kernel'.
INFO: [HLS 200-111] Finished Architecture Synthesis: CPU user time: 15.32 seconds. CPU system time: 0.09 seconds. Elapsed time: 15.52 seconds; current allocated memory: 623.461 MB.
INFO: [HLS 200-10] Starting hardware synthesis ...
INFO: [HLS 200-10] Synthesizing 'attention_int8_kernel' ...
INFO: [HLS 200-10] ----------------------------------------------------------------
INFO: [HLS 200-42] -- Implementing module 'attention_int8_kernel_Pipeline_VITIS_LOOP_101_3_VITIS_LOOP_102_4' 
INFO: [HLS 200-10] ----------------------------------------------------------------
INFO: [SCHED 204-11] Starting scheduling ...
INFO: [SCHED 204-61] Pipelining loop 'VITIS_LOOP_101_3_VITIS_LOOP_102_4'.
INFO: [HLS 200-1470] Pipelining result : Target II = 1, Final II = 1, Depth = 3, loop 'VITIS_LOOP_101_3_VITIS_LOOP_102_4'
INFO: [SCHED 204-11] Finished scheduling.
INFO: [HLS 200-111] Finished Scheduling: CPU user time: 16.23 seconds. CPU system time: 0.07 seconds. Elapsed time: 16.48 seconds; current allocated memory: 629.418 MB.
INFO: [BIND 205-100] Starting micro-architecture generation ...
INFO: [BIND 205-101] Performing variable lifetime analysis.
INFO: [BIND 205-101] Exploring resource sharing.
INFO: [BIND 205-101] Binding ...
INFO: [BIND 205-100] Finished micro-architecture generation.
INFO: [HLS 200-111] Finished Binding: CPU user time: 0.06 seconds. CPU system time: 0.01 seconds. Elapsed time: 0.09 seconds; current allocated memory: 643.547 MB.
INFO: [HLS 200-10] ----------------------------------------------------------------
INFO: [HLS 200-42] -- Implementing module 'attention_int8_kernel_Pipeline_VITIS_LOOP_109_5' 
INFO: [HLS 200-10] ----------------------------------------------------------------
INFO: [SCHED 204-11] Starting scheduling ...
INFO: [SCHED 204-61] Pipelining loop 'VITIS_LOOP_109_5'.
WARNING: [HLS 200-885] The II Violation in module 'attention_int8_kernel_Pipeline_VITIS_LOOP_109_5' (loop 'VITIS_LOOP_109_5'): Unable to schedule 'store' operation 0 bit ('O_tile_addr_1_write_ln115', /home/siyenga7/FPGA/attention_int8.cpp:115) of constant 0 on array 'O_tile' due to limited memory ports (II = 1). Please consider using a memory core with more ports or partitioning the array 'O_tile'.
Resolution: For help on HLS 200-885 see docs.xilinx.com/access/sources/dita/topic?Doc_Version=2023.2%20English&url=ug1448-hls-guidance&resourceid=200-885.html
WARNING: [HLS 200-885] The II Violation in module 'attention_int8_kernel_Pipeline_VITIS_LOOP_109_5' (loop 'VITIS_LOOP_109_5'): Unable to schedule 'store' operation 0 bit ('O_tile_addr_3_write_ln115', /home/siyenga7/FPGA/attention_int8.cpp:115) of constant 0 on array 'O_tile' due to limited memory ports (II = 2). Please consider using a memory core with more ports or partitioning the array 'O_tile'.
Resolution: For help on HLS 200-885 see docs.xilinx.com/access/sources/dita/topic?Doc_Version=2023.2%20English&url=ug1448-hls-guidance&resourceid=200-885.html
WARNING: [HLS 200-885] The II Violation in module 'attention_int8_kernel_Pipeline_VITIS_LOOP_109_5' (loop 'VITIS_LOOP_109_5'): Unable to schedule 'store' operation 0 bit ('O_tile_addr_5_write_ln115', /home/siyenga7/FPGA/attention_int8.cpp:115) of constant 0 on array 'O_tile' due to limited memory ports (II = 3). Please consider using a memory core with more ports or partitioning the array 'O_tile'.
Resolution: For help on HLS 200-885 see docs.xilinx.com/access/sources/dita/topic?Doc_Version=2023.2%20English&url=ug1448-hls-guidance&resourceid=200-885.html
WARNING: [HLS 200-885] The II Violation in module 'attention_int8_kernel_Pipeline_VITIS_LOOP_109_5' (loop 'VITIS_LOOP_109_5'): Unable to schedule 'store' operation 0 bit ('O_tile_addr_7_write_ln115', /home/siyenga7/FPGA/attention_int8.cpp:115) of constant 0 on array 'O_tile' due to limited memory ports (II = 4). Please consider using a memory core with more ports or partitioning the array 'O_tile'.
Resolution: For help on HLS 200-885 see docs.xilinx.com/access/sources/dita/topic?Doc_Version=2023.2%20English&url=ug1448-hls-guidance&resourceid=200-885.html
WARNING: [HLS 200-885] The II Violation in module 'attention_int8_kernel_Pipeline_VITIS_LOOP_109_5' (loop 'VITIS_LOOP_109_5'): Unable to schedule 'store' operation 0 bit ('O_tile_addr_13_write_ln115', /home/siyenga7/FPGA/attention_int8.cpp:115) of constant 0 on array 'O_tile' due to limited memory ports (II = 7). Please consider using a memory core with more ports or partitioning the array 'O_tile'.
Resolution: For help on HLS 200-885 see docs.xilinx.com/access/sources/dita/topic?Doc_Version=2023.2%20English&url=ug1448-hls-guidance&resourceid=200-885.html
INFO: [HLS 200-1470] Pipelining result : Target II = 1, Final II = 8, Depth = 8, loop 'VITIS_LOOP_109_5'
INFO: [SCHED 204-11] Finished scheduling.
INFO: [HLS 200-111] Finished Scheduling: CPU user time: 0.21 seconds. CPU system time: 0.01 seconds. Elapsed time: 0.28 seconds; current allocated memory: 643.547 MB.
INFO: [BIND 205-100] Starting micro-architecture generation ...
INFO: [BIND 205-101] Performing variable lifetime analysis.
INFO: [BIND 205-101] Exploring resource sharing.
INFO: [BIND 205-101] Binding ...
INFO: [BIND 205-100] Finished micro-architecture generation.
INFO: [HLS 200-111] Finished Binding: CPU user time: 0.03 seconds. CPU system time: 0 seconds. Elapsed time: 0.07 seconds; current allocated memory: 643.547 MB.
INFO: [HLS 200-10] ----------------------------------------------------------------
INFO: [HLS 200-42] -- Implementing module 'attention_int8_kernel_Pipeline_VITIS_LOOP_131_8_VITIS_LOOP_132_9' 
INFO: [HLS 200-10] ----------------------------------------------------------------
INFO: [SCHED 204-11] Starting scheduling ...
INFO: [SCHED 204-61] Pipelining loop 'VITIS_LOOP_131_8_VITIS_LOOP_132_9'.
INFO: [HLS 200-1470] Pipelining result : Target II = 1, Final II = 1, Depth = 3, loop 'VITIS_LOOP_131_8_VITIS_LOOP_132_9'
INFO: [SCHED 204-11] Finished scheduling.
INFO: [HLS 200-111] Finished Scheduling: CPU user time: 0.62 seconds. CPU system time: 0.01 seconds. Elapsed time: 0.68 seconds; current allocated memory: 646.891 MB.
INFO: [BIND 205-100] Starting micro-architecture generation ...
INFO: [BIND 205-101] Performing variable lifetime analysis.
INFO: [BIND 205-101] Exploring resource sharing.
INFO: [BIND 205-101] Binding ...
INFO: [BIND 205-100] Finished micro-architecture generation.
INFO: [HLS 200-111] Finished Binding: CPU user time: 0.08 seconds. CPU system time: 0.01 seconds. Elapsed time: 0.13 seconds; current allocated memory: 660.559 MB.
INFO: [HLS 200-10] ----------------------------------------------------------------
INFO: [HLS 200-42] -- Implementing module 'attention_int8_kernel_Pipeline_VITIS_LOOP_149_11' 
INFO: [HLS 200-10] ----------------------------------------------------------------
INFO: [SCHED 204-11] Starting scheduling ...
INFO: [HLS 200-486] Changing DSP latency (root=add_ln154_120) to 3 in order to utilize available DSP registers.
INFO: [HLS 200-486] Changing DSP latency (root=add_ln154_119) to 3 in order to utilize available DSP registers.
INFO: [HLS 200-486] Changing DSP latency (root=add_ln154_117) to 3 in order to utilize available DSP registers.
INFO: [HLS 200-486] Changing DSP latency (root=add_ln154_116) to 3 in order to utilize available DSP registers.
INFO: [HLS 200-486] Changing DSP latency (root=add_ln154_113) to 3 in order to utilize available DSP registers.
INFO: [HLS 200-486] Changing DSP latency (root=add_ln154_112) to 3 in order to utilize available DSP registers.
INFO: [HLS 200-486] Changing DSP latency (root=add_ln154_110) to 3 in order to utilize available DSP registers.
INFO: [HLS 200-486] Changing DSP latency (root=add_ln154_109) to 3 in order to utilize available DSP registers.
INFO: [HLS 200-486] Changing DSP latency (root=add_ln154_105) to 3 in order to utilize available DSP registers.
INFO: [HLS 200-486] Changing DSP latency (root=add_ln154_104) to 3 in order to utilize available DSP registers.
INFO: [HLS 200-486] Changing DSP latency (root=add_ln154_102) to 3 in order to utilize available DSP registers.
INFO: [HLS 200-486] Changing DSP latency (root=add_ln154_101) to 3 in order to utilize available DSP registers.
INFO: [HLS 200-486] Changing DSP latency (root=add_ln154_98) to 3 in order to utilize available DSP registers.
INFO: [HLS 200-486] Changing DSP latency (root=add_ln154_97) to 3 in order to utilize available DSP registers.
INFO: [HLS 200-486] Changing DSP latency (root=add_ln154_95) to 3 in order to utilize available DSP registers.
INFO: [HLS 200-486] Changing DSP latency (root=add_ln154_94) to 3 in order to utilize available DSP registers.
INFO: [HLS 200-486] Changing DSP latency (root=add_ln154_89) to 3 in order to utilize available DSP registers.
INFO: [HLS 200-486] Changing DSP latency (root=add_ln154_88) to 3 in order to utilize available DSP registers.
INFO: [HLS 200-486] Changing DSP latency (root=add_ln154_86) to 3 in order to utilize available DSP registers.
INFO: [HLS 200-486] Changing DSP latency (root=add_ln154_85) to 3 in order to utilize available DSP registers.
INFO: [HLS 200-486] Changing DSP latency (root=add_ln154_82) to 3 in order to utilize available DSP registers.
INFO: [HLS 200-486] Changing DSP latency (root=add_ln154_81) to 3 in order to utilize available DSP registers.
INFO: [HLS 200-486] Changing DSP latency (root=add_ln154_79) to 3 in order to utilize available DSP registers.
INFO: [HLS 200-486] Changing DSP latency (root=add_ln154_78) to 3 in order to utilize available DSP registers.
INFO: [HLS 200-486] Changing DSP latency (root=add_ln154_74) to 3 in order to utilize available DSP registers.
INFO: [HLS 200-486] Changing DSP latency (root=add_ln154_73) to 3 in order to utilize available DSP registers.
INFO: [HLS 200-486] Changing DSP latency (root=add_ln154_71) to 3 in order to utilize available DSP registers.
INFO: [HLS 200-486] Changing DSP latency (root=add_ln154_70) to 3 in order to utilize available DSP registers.
INFO: [HLS 200-486] Changing DSP latency (root=add_ln154_67) to 3 in order to utilize available DSP registers.
INFO: [HLS 200-486] Changing DSP latency (root=add_ln154_66) to 3 in order to utilize available DSP registers.
INFO: [HLS 200-486] Changing DSP latency (root=add_ln154_64) to 3 in order to utilize available DSP registers.
INFO: [HLS 200-486] Changing DSP latency (root=add_ln154_63) to 3 in order to utilize available DSP registers.
INFO: [HLS 200-486] Changing DSP latency (root=add_ln154_57) to 3 in order to utilize available DSP registers.
INFO: [HLS 200-486] Changing DSP latency (root=add_ln154_56) to 3 in order to utilize available DSP registers.
INFO: [HLS 200-486] Changing DSP latency (root=add_ln154_54) to 3 in order to utilize available DSP registers.
INFO: [HLS 200-486] Changing DSP latency (root=add_ln154_53) to 3 in order to utilize available DSP registers.
INFO: [HLS 200-486] Changing DSP latency (root=add_ln154_50) to 3 in order to utilize available DSP registers.
INFO: [HLS 200-486] Changing DSP latency (root=add_ln154_49) to 3 in order to utilize available DSP registers.
INFO: [HLS 200-486] Changing DSP latency (root=add_ln154_47) to 3 in order to utilize available DSP registers.
INFO: [HLS 200-486] Changing DSP latency (root=add_ln154_46) to 3 in order to utilize available DSP registers.
INFO: [HLS 200-486] Changing DSP latency (root=add_ln154_42) to 3 in order to utilize available DSP registers.
INFO: [HLS 200-486] Changing DSP latency (root=add_ln154_41) to 3 in order to utilize available DSP registers.
INFO: [HLS 200-486] Changing DSP latency (root=add_ln154_39) to 3 in order to utilize available DSP registers.
INFO: [HLS 200-486] Changing DSP latency (root=add_ln154_38) to 3 in order to utilize available DSP registers.
INFO: [HLS 200-486] Changing DSP latency (root=add_ln154_35) to 3 in order to utilize available DSP registers.
INFO: [HLS 200-486] Changing DSP latency (root=add_ln154_34) to 3 in order to utilize available DSP registers.
INFO: [HLS 200-486] Changing DSP latency (root=add_ln154_32) to 3 in order to utilize available DSP registers.
INFO: [HLS 200-486] Changing DSP latency (root=add_ln154_31) to 3 in order to utilize available DSP registers.
INFO: [HLS 200-486] Changing DSP latency (root=add_ln154_26) to 3 in order to utilize available DSP registers.
INFO: [HLS 200-486] Changing DSP latency (root=add_ln154_25) to 3 in order to utilize available DSP registers.
INFO: [HLS 200-486] Changing DSP latency (root=add_ln154_23) to 3 in order to utilize available DSP registers.
INFO: [HLS 200-486] Changing DSP latency (root=add_ln154_22) to 3 in order to utilize available DSP registers.
INFO: [HLS 200-486] Changing DSP latency (root=add_ln154_19) to 3 in order to utilize available DSP registers.
INFO: [HLS 200-486] Changing DSP latency (root=add_ln154_18) to 3 in order to utilize available DSP registers.
INFO: [HLS 200-486] Changing DSP latency (root=add_ln154_16) to 3 in order to utilize available DSP registers.
INFO: [HLS 200-486] Changing DSP latency (root=add_ln154_15) to 3 in order to utilize available DSP registers.
INFO: [HLS 200-486] Changing DSP latency (root=add_ln154_11) to 3 in order to utilize available DSP registers.
INFO: [HLS 200-486] Changing DSP latency (root=add_ln154_10) to 3 in order to utilize available DSP registers.
INFO: [HLS 200-486] Changing DSP latency (root=add_ln154_8) to 3 in order to utilize available DSP registers.
INFO: [HLS 200-486] Changing DSP latency (root=add_ln154_7) to 3 in order to utilize available DSP registers.
INFO: [HLS 200-486] Changing DSP latency (root=add_ln154_4) to 3 in order to utilize available DSP registers.
INFO: [HLS 200-486] Changing DSP latency (root=add_ln154_3) to 3 in order to utilize available DSP registers.
INFO: [HLS 200-486] Changing DSP latency (root=add_ln154_1) to 3 in order to utilize available DSP registers.
INFO: [HLS 200-486] Changing DSP latency (root=add_ln154) to 3 in order to utilize available DSP registers.
INFO: [SCHED 204-61] Pipelining loop 'VITIS_LOOP_149_11'.
INFO: [HLS 200-1470] Pipelining result : Target II = 1, Final II = 1, Depth = 19, loop 'VITIS_LOOP_149_11'
WARNING: [HLS 200-871] Estimated clock period (8.479 ns) exceeds the target (target clock period: 10.000 ns, clock uncertainty: 2.700 ns, effective delay budget: 7.300 ns).
Resolution: For help on HLS 200-871 see docs.xilinx.com/access/sources/dita/topic?Doc_Version=2023.2%20English&url=ug1448-hls-guidance&resourceid=200-871.html
WARNING: [HLS 200-1016] The critical path in module 'attention_int8_kernel_Pipeline_VITIS_LOOP_149_11' consists of the following:
	'fcmp' operation 1 bit ('tmp_76', /home/siyenga7/FPGA/attention_int8.cpp:159) [1497]  (5.095 ns)
	'and' operation 1 bit ('and_ln159', /home/siyenga7/FPGA/attention_int8.cpp:159) [1498]  (0.000 ns)
	'and' operation 1 bit ('and_ln159_1', /home/siyenga7/FPGA/attention_int8.cpp:159) [1499]  (0.978 ns)
	'select' operation 32 bit ('rmax', /home/siyenga7/FPGA/attention_int8.cpp:159) [1500]  (0.796 ns)
	'store' operation 0 bit ('rmax_write_ln148', /home/siyenga7/FPGA/attention_int8.cpp:148) of variable 'rmax', /home/siyenga7/FPGA/attention_int8.cpp:159 on local variable 'rmax', /home/siyenga7/FPGA/attention_int8.cpp:148 [1502]  (1.610 ns)

Resolution: For help on HLS 200-1016 see docs.xilinx.com/access/sources/dita/topic?Doc_Version=2023.2%20English&url=ug1448-hls-guidance&resourceid=200-1016.html
INFO: [SCHED 204-11] Finished scheduling.
INFO: [HLS 200-111] Finished Scheduling: CPU user time: 1.03 seconds. CPU system time: 0.02 seconds. Elapsed time: 1.33 seconds; current allocated memory: 660.559 MB.
INFO: [BIND 205-100] Starting micro-architecture generation ...
INFO: [BIND 205-101] Performing variable lifetime analysis.
INFO: [BIND 205-101] Exploring resource sharing.
INFO: [BIND 205-101] Binding ...
INFO: [BIND 205-100] Finished micro-architecture generation.
INFO: [HLS 200-111] Finished Binding: CPU user time: 0.18 seconds. CPU system time: 0 seconds. Elapsed time: 0.23 seconds; current allocated memory: 660.559 MB.
INFO: [HLS 200-10] ----------------------------------------------------------------
INFO: [HLS 200-42] -- Implementing module 'attention_int8_kernel_Pipeline_VITIS_LOOP_174_14' 
INFO: [HLS 200-10] ----------------------------------------------------------------
INFO: [SCHED 204-11] Starting scheduling ...
INFO: [SCHED 204-61] Pipelining loop 'VITIS_LOOP_174_14'.
WARNING: [HLS 200-880] The II Violation in module 'attention_int8_kernel_Pipeline_VITIS_LOOP_174_14' (loop 'VITIS_LOOP_174_14'): Unable to enforce a carried dependence constraint (II = 1, distance = 1, offset = 0) between 'store' operation 0 bit ('l_new_write_ln170', /home/siyenga7/FPGA/attention_int8.cpp:170) of variable 'l_new', /home/siyenga7/FPGA/attention_int8.cpp:178 on local variable 'l_new', /home/siyenga7/FPGA/attention_int8.cpp:170 and 'load' operation 32 bit ('l_new_load', /home/siyenga7/FPGA/attention_int8.cpp:178) on local variable 'l_new', /home/siyenga7/FPGA/attention_int8.cpp:170.
Resolution: For help on HLS 200-880 see docs.xilinx.com/access/sources/dita/topic?Doc_Version=2023.2%20English&url=ug1448-hls-guidance&resourceid=200-880.html
WARNING: [HLS 200-880] The II Violation in module 'attention_int8_kernel_Pipeline_VITIS_LOOP_174_14' (loop 'VITIS_LOOP_174_14'): Unable to enforce a carried dependence constraint (II = 2, distance = 1, offset = 0) between 'store' operation 0 bit ('l_new_write_ln170', /home/siyenga7/FPGA/attention_int8.cpp:170) of variable 'l_new', /home/siyenga7/FPGA/attention_int8.cpp:178 on local variable 'l_new', /home/siyenga7/FPGA/attention_int8.cpp:170 and 'load' operation 32 bit ('l_new_load', /home/siyenga7/FPGA/attention_int8.cpp:178) on local variable 'l_new', /home/siyenga7/FPGA/attention_int8.cpp:170.
Resolution: For help on HLS 200-880 see docs.xilinx.com/access/sources/dita/topic?Doc_Version=2023.2%20English&url=ug1448-hls-guidance&resourceid=200-880.html
WARNING: [HLS 200-880] The II Violation in module 'attention_int8_kernel_Pipeline_VITIS_LOOP_174_14' (loop 'VITIS_LOOP_174_14'): Unable to enforce a carried dependence constraint (II = 3, distance = 1, offset = 0) between 'store' operation 0 bit ('l_new_write_ln170', /home/siyenga7/FPGA/attention_int8.cpp:170) of variable 'l_new', /home/siyenga7/FPGA/attention_int8.cpp:178 on local variable 'l_new', /home/siyenga7/FPGA/attention_int8.cpp:170 and 'load' operation 32 bit ('l_new_load', /home/siyenga7/FPGA/attention_int8.cpp:178) on local variable 'l_new', /home/siyenga7/FPGA/attention_int8.cpp:170.
Resolution: For help on HLS 200-880 see docs.xilinx.com/access/sources/dita/topic?Doc_Version=2023.2%20English&url=ug1448-hls-guidance&resourceid=200-880.html
WARNING: [HLS 200-880] The II Violation in module 'attention_int8_kernel_Pipeline_VITIS_LOOP_174_14' (loop 'VITIS_LOOP_174_14'): Unable to enforce a carried dependence constraint (II = 4, distance = 1, offset = 0) between 'store' operation 0 bit ('l_new_write_ln170', /home/siyenga7/FPGA/attention_int8.cpp:170) of variable 'l_new', /home/siyenga7/FPGA/attention_int8.cpp:178 on local variable 'l_new', /home/siyenga7/FPGA/attention_int8.cpp:170 and 'load' operation 32 bit ('l_new_load', /home/siyenga7/FPGA/attention_int8.cpp:178) on local variable 'l_new', /home/siyenga7/FPGA/attention_int8.cpp:170.
Resolution: For help on HLS 200-880 see docs.xilinx.com/access/sources/dita/topic?Doc_Version=2023.2%20English&url=ug1448-hls-guidance&resourceid=200-880.html
INFO: [HLS 200-1470] Pipelining result : Target II = 1, Final II = 5, Depth = 67, loop 'VITIS_LOOP_174_14'
INFO: [SCHED 204-11] Finished scheduling.
INFO: [HLS 200-111] Finished Scheduling: CPU user time: 0.32 seconds. CPU system time: 0.02 seconds. Elapsed time: 0.41 seconds; current allocated memory: 665.355 MB.
INFO: [BIND 205-100] Starting micro-architecture generation ...
INFO: [BIND 205-101] Performing variable lifetime analysis.
INFO: [BIND 205-101] Exploring resource sharing.
INFO: [BIND 205-101] Binding ...
INFO: [BIND 205-100] Finished micro-architecture generation.
INFO: [HLS 200-111] Finished Binding: CPU user time: 0.06 seconds. CPU system time: 0 seconds. Elapsed time: 0.1 seconds; current allocated memory: 665.383 MB.
INFO: [HLS 200-10] ----------------------------------------------------------------
INFO: [HLS 200-42] -- Implementing module 'attention_int8_kernel_Pipeline_VITIS_LOOP_182_15' 
INFO: [HLS 200-10] ----------------------------------------------------------------
INFO: [SCHED 204-11] Starting scheduling ...
INFO: [SCHED 204-61] Pipelining loop 'VITIS_LOOP_182_15'.
INFO: [HLS 200-1470] Pipelining result : Target II = 1, Final II = 1, Depth = 471, loop 'VITIS_LOOP_182_15'
INFO: [SCHED 204-11] Finished scheduling.
INFO: [HLS 200-111] Finished Scheduling: CPU user time: 226.34 seconds. CPU system time: 0.05 seconds. Elapsed time: 227.48 seconds; current allocated memory: 746.680 MB.
INFO: [BIND 205-100] Starting micro-architecture generation ...
INFO: [BIND 205-101] Performing variable lifetime analysis.
INFO: [BIND 205-101] Exploring resource sharing.
INFO: [BIND 205-101] Binding ...
INFO: [BIND 205-100] Finished micro-architecture generation.
INFO: [HLS 200-111] Finished Binding: CPU user time: 7.65 seconds. CPU system time: 0.04 seconds. Elapsed time: 7.85 seconds; current allocated memory: 758.441 MB.
INFO: [HLS 200-10] ----------------------------------------------------------------
INFO: [HLS 200-42] -- Implementing module 'attention_int8_kernel_Pipeline_VITIS_LOOP_196_17_VITIS_LOOP_198_18' 
INFO: [HLS 200-10] ----------------------------------------------------------------
INFO: [SCHED 204-11] Starting scheduling ...
INFO: [SCHED 204-61] Pipelining loop 'VITIS_LOOP_196_17_VITIS_LOOP_198_18'.
INFO: [HLS 200-1470] Pipelining result : Target II = 1, Final II = 1, Depth = 24, loop 'VITIS_LOOP_196_17_VITIS_LOOP_198_18'
WARNING: [HLS 200-871] Estimated clock period (8.491 ns) exceeds the target (target clock period: 10.000 ns, clock uncertainty: 2.700 ns, effective delay budget: 7.300 ns).
Resolution: For help on HLS 200-871 see docs.xilinx.com/access/sources/dita/topic?Doc_Version=2023.2%20English&url=ug1448-hls-guidance&resourceid=200-871.html
WARNING: [HLS 200-1016] The critical path in module 'attention_int8_kernel_Pipeline_VITIS_LOOP_196_17_VITIS_LOOP_198_18' consists of the following:
	'store' operation 0 bit ('d_write_ln198', /home/siyenga7/FPGA/attention_int8.cpp:198) of constant 0 on local variable 'd', /home/siyenga7/FPGA/attention_int8.cpp:198 [147]  (1.610 ns)
	'load' operation 8 bit ('d_load', /home/siyenga7/FPGA/attention_int8.cpp:198) on local variable 'd', /home/siyenga7/FPGA/attention_int8.cpp:198 [156]  (0.000 ns)
	'icmp' operation 1 bit ('icmp_ln198', /home/siyenga7/FPGA/attention_int8.cpp:198) [162]  (2.115 ns)
	'select' operation 8 bit ('select_ln196', /home/siyenga7/FPGA/attention_int8.cpp:196) [163]  (1.041 ns)
	'add' operation 8 bit ('add_ln198', /home/siyenga7/FPGA/attention_int8.cpp:198) [203]  (2.115 ns)
	'store' operation 0 bit ('d_write_ln198', /home/siyenga7/FPGA/attention_int8.cpp:198) of variable 'add_ln198', /home/siyenga7/FPGA/attention_int8.cpp:198 on local variable 'd', /home/siyenga7/FPGA/attention_int8.cpp:198 [206]  (1.610 ns)

Resolution: For help on HLS 200-1016 see docs.xilinx.com/access/sources/dita/topic?Doc_Version=2023.2%20English&url=ug1448-hls-guidance&resourceid=200-1016.html
INFO: [SCHED 204-11] Finished scheduling.
INFO: [HLS 200-111] Finished Scheduling: CPU user time: 0.91 seconds. CPU system time: 0.08 seconds. Elapsed time: 1.18 seconds; current allocated memory: 764.012 MB.
INFO: [BIND 205-100] Starting micro-architecture generation ...
INFO: [BIND 205-101] Performing variable lifetime analysis.
INFO: [BIND 205-101] Exploring resource sharing.
INFO: [BIND 205-101] Binding ...
INFO: [BIND 205-100] Finished micro-architecture generation.
INFO: [HLS 200-111] Finished Binding: CPU user time: 0.02 seconds. CPU system time: 0.01 seconds. Elapsed time: 0.06 seconds; current allocated memory: 764.012 MB.
INFO: [HLS 200-10] ----------------------------------------------------------------
INFO: [HLS 200-42] -- Implementing module 'attention_int8_kernel' 
INFO: [HLS 200-10] ----------------------------------------------------------------
INFO: [SCHED 204-11] Starting scheduling ...
INFO: [SCHED 204-11] Finished scheduling.
INFO: [HLS 200-111] Finished Scheduling: CPU user time: 153.74 seconds. CPU system time: 0.15 seconds. Elapsed time: 154.7 seconds; current allocated memory: 972.555 MB.
INFO: [BIND 205-100] Starting micro-architecture generation ...
INFO: [BIND 205-101] Performing variable lifetime analysis.
INFO: [BIND 205-101] Exploring resource sharing.
INFO: [BIND 205-101] Binding ...
INFO: [BIND 205-100] Finished micro-architecture generation.
INFO: [HLS 200-111] Finished Binding: CPU user time: 26.81 seconds. CPU system time: 0.07 seconds. Elapsed time: 27.21 seconds; current allocated memory: 972.555 MB.
INFO: [HLS 200-10] ----------------------------------------------------------------
INFO: [HLS 200-10] -- Generating RTL for module 'attention_int8_kernel_Pipeline_VITIS_LOOP_101_3_VITIS_LOOP_102_4' 
INFO: [HLS 200-10] ----------------------------------------------------------------
INFO: [HLS 200-1030] Apply Unified Pipeline Control on module 'attention_int8_kernel_Pipeline_VITIS_LOOP_101_3_VITIS_LOOP_102_4' pipeline 'VITIS_LOOP_101_3_VITIS_LOOP_102_4' pipeline type 'loop pipeline'
WARNING: [RTGEN 206-101] Setting dangling out port 'attention_int8_kernel_Pipeline_VITIS_LOOP_101_3_VITIS_LOOP_102_4/m_axi_gmem0_ARVALID' to 0.
WARNING: [RTGEN 206-101] Setting dangling out port 'attention_int8_kernel_Pipeline_VITIS_LOOP_101_3_VITIS_LOOP_102_4/m_axi_gmem0_ARADDR' to 0.
WARNING: [RTGEN 206-101] Setting dangling out port 'attention_int8_kernel_Pipeline_VITIS_LOOP_101_3_VITIS_LOOP_102_4/m_axi_gmem0_ARID' to 0.
WARNING: [RTGEN 206-101] Setting dangling out port 'attention_int8_kernel_Pipeline_VITIS_LOOP_101_3_VITIS_LOOP_102_4/m_axi_gmem0_ARLEN' to 0.
WARNING: [RTGEN 206-101] Setting dangling out port 'attention_int8_kernel_Pipeline_VITIS_LOOP_101_3_VITIS_LOOP_102_4/m_axi_gmem0_ARSIZE' to 0.
WARNING: [RTGEN 206-101] Setting dangling out port 'attention_int8_kernel_Pipeline_VITIS_LOOP_101_3_VITIS_LOOP_102_4/m_axi_gmem0_ARBURST' to 0.
WARNING: [RTGEN 206-101] Setting dangling out port 'attention_int8_kernel_Pipeline_VITIS_LOOP_101_3_VITIS_LOOP_102_4/m_axi_gmem0_ARLOCK' to 0.
WARNING: [RTGEN 206-101] Setting dangling out port 'attention_int8_kernel_Pipeline_VITIS_LOOP_101_3_VITIS_LOOP_102_4/m_axi_gmem0_ARCACHE' to 0.
WARNING: [RTGEN 206-101] Setting dangling out port 'attention_int8_kernel_Pipeline_VITIS_LOOP_101_3_VITIS_LOOP_102_4/m_axi_gmem0_ARPROT' to 0.
WARNING: [RTGEN 206-101] Setting dangling out port 'attention_int8_kernel_Pipeline_VITIS_LOOP_101_3_VITIS_LOOP_102_4/m_axi_gmem0_ARQOS' to 0.
WARNING: [RTGEN 206-101] Setting dangling out port 'attention_int8_kernel_Pipeline_VITIS_LOOP_101_3_VITIS_LOOP_102_4/m_axi_gmem0_ARREGION' to 0.
WARNING: [RTGEN 206-101] Setting dangling out port 'attention_int8_kernel_Pipeline_VITIS_LOOP_101_3_VITIS_LOOP_102_4/m_axi_gmem0_ARUSER' to 0.
INFO: [RTGEN 206-100] Finished creating RTL model for 'attention_int8_kernel_Pipeline_VITIS_LOOP_101_3_VITIS_LOOP_102_4'.
INFO: [HLS 200-111] Finished Creating RTL model: CPU user time: 2.06 seconds. CPU system time: 0.11 seconds. Elapsed time: 2.56 seconds; current allocated memory: 972.555 MB.
INFO: [HLS 200-10] ----------------------------------------------------------------
INFO: [HLS 200-10] -- Generating RTL for module 'attention_int8_kernel_Pipeline_VITIS_LOOP_109_5' 
INFO: [HLS 200-10] ----------------------------------------------------------------
INFO: [RTGEN 206-100] Finished creating RTL model for 'attention_int8_kernel_Pipeline_VITIS_LOOP_109_5'.
INFO: [HLS 200-111] Finished Creating RTL model: CPU user time: 0.17 seconds. CPU system time: 0.03 seconds. Elapsed time: 0.28 seconds; current allocated memory: 972.555 MB.
INFO: [HLS 200-10] ----------------------------------------------------------------
INFO: [HLS 200-10] -- Generating RTL for module 'attention_int8_kernel_Pipeline_VITIS_LOOP_131_8_VITIS_LOOP_132_9' 
INFO: [HLS 200-10] ----------------------------------------------------------------
INFO: [HLS 200-1030] Apply Unified Pipeline Control on module 'attention_int8_kernel_Pipeline_VITIS_LOOP_131_8_VITIS_LOOP_132_9' pipeline 'VITIS_LOOP_131_8_VITIS_LOOP_132_9' pipeline type 'loop pipeline'
WARNING: [RTGEN 206-101] Setting dangling out port 'attention_int8_kernel_Pipeline_VITIS_LOOP_131_8_VITIS_LOOP_132_9/m_axi_gmem1_ARVALID' to 0.
WARNING: [RTGEN 206-101] Setting dangling out port 'attention_int8_kernel_Pipeline_VITIS_LOOP_131_8_VITIS_LOOP_132_9/m_axi_gmem1_ARADDR' to 0.
WARNING: [RTGEN 206-101] Setting dangling out port 'attention_int8_kernel_Pipeline_VITIS_LOOP_131_8_VITIS_LOOP_132_9/m_axi_gmem1_ARID' to 0.
WARNING: [RTGEN 206-101] Setting dangling out port 'attention_int8_kernel_Pipeline_VITIS_LOOP_131_8_VITIS_LOOP_132_9/m_axi_gmem1_ARLEN' to 0.
WARNING: [RTGEN 206-101] Setting dangling out port 'attention_int8_kernel_Pipeline_VITIS_LOOP_131_8_VITIS_LOOP_132_9/m_axi_gmem1_ARSIZE' to 0.
WARNING: [RTGEN 206-101] Setting dangling out port 'attention_int8_kernel_Pipeline_VITIS_LOOP_131_8_VITIS_LOOP_132_9/m_axi_gmem1_ARBURST' to 0.
WARNING: [RTGEN 206-101] Setting dangling out port 'attention_int8_kernel_Pipeline_VITIS_LOOP_131_8_VITIS_LOOP_132_9/m_axi_gmem1_ARLOCK' to 0.
WARNING: [RTGEN 206-101] Setting dangling out port 'attention_int8_kernel_Pipeline_VITIS_LOOP_131_8_VITIS_LOOP_132_9/m_axi_gmem1_ARCACHE' to 0.
WARNING: [RTGEN 206-101] Setting dangling out port 'attention_int8_kernel_Pipeline_VITIS_LOOP_131_8_VITIS_LOOP_132_9/m_axi_gmem1_ARPROT' to 0.
WARNING: [RTGEN 206-101] Setting dangling out port 'attention_int8_kernel_Pipeline_VITIS_LOOP_131_8_VITIS_LOOP_132_9/m_axi_gmem1_ARQOS' to 0.
WARNING: [RTGEN 206-101] Setting dangling out port 'attention_int8_kernel_Pipeline_VITIS_LOOP_131_8_VITIS_LOOP_132_9/m_axi_gmem1_ARREGION' to 0.
WARNING: [RTGEN 206-101] Setting dangling out port 'attention_int8_kernel_Pipeline_VITIS_LOOP_131_8_VITIS_LOOP_132_9/m_axi_gmem1_ARUSER' to 0.
WARNING: [RTGEN 206-101] Setting dangling out port 'attention_int8_kernel_Pipeline_VITIS_LOOP_131_8_VITIS_LOOP_132_9/m_axi_gmem2_ARVALID' to 0.
WARNING: [RTGEN 206-101] Setting dangling out port 'attention_int8_kernel_Pipeline_VITIS_LOOP_131_8_VITIS_LOOP_132_9/m_axi_gmem2_ARADDR' to 0.
WARNING: [RTGEN 206-101] Setting dangling out port 'attention_int8_kernel_Pipeline_VITIS_LOOP_131_8_VITIS_LOOP_132_9/m_axi_gmem2_ARID' to 0.
WARNING: [RTGEN 206-101] Setting dangling out port 'attention_int8_kernel_Pipeline_VITIS_LOOP_131_8_VITIS_LOOP_132_9/m_axi_gmem2_ARLEN' to 0.
WARNING: [RTGEN 206-101] Setting dangling out port 'attention_int8_kernel_Pipeline_VITIS_LOOP_131_8_VITIS_LOOP_132_9/m_axi_gmem2_ARSIZE' to 0.
WARNING: [RTGEN 206-101] Setting dangling out port 'attention_int8_kernel_Pipeline_VITIS_LOOP_131_8_VITIS_LOOP_132_9/m_axi_gmem2_ARBURST' to 0.
WARNING: [RTGEN 206-101] Setting dangling out port 'attention_int8_kernel_Pipeline_VITIS_LOOP_131_8_VITIS_LOOP_132_9/m_axi_gmem2_ARLOCK' to 0.
WARNING: [RTGEN 206-101] Setting dangling out port 'attention_int8_kernel_Pipeline_VITIS_LOOP_131_8_VITIS_LOOP_132_9/m_axi_gmem2_ARCACHE' to 0.
WARNING: [RTGEN 206-101] Setting dangling out port 'attention_int8_kernel_Pipeline_VITIS_LOOP_131_8_VITIS_LOOP_132_9/m_axi_gmem2_ARPROT' to 0.
WARNING: [RTGEN 206-101] Setting dangling out port 'attention_int8_kernel_Pipeline_VITIS_LOOP_131_8_VITIS_LOOP_132_9/m_axi_gmem2_ARQOS' to 0.
WARNING: [RTGEN 206-101] Setting dangling out port 'attention_int8_kernel_Pipeline_VITIS_LOOP_131_8_VITIS_LOOP_132_9/m_axi_gmem2_ARREGION' to 0.
WARNING: [RTGEN 206-101] Setting dangling out port 'attention_int8_kernel_Pipeline_VITIS_LOOP_131_8_VITIS_LOOP_132_9/m_axi_gmem2_ARUSER' to 0.
INFO: [RTGEN 206-100] Finished creating RTL model for 'attention_int8_kernel_Pipeline_VITIS_LOOP_131_8_VITIS_LOOP_132_9'.
INFO: [HLS 200-111] Finished Creating RTL model: CPU user time: 0.23 seconds. CPU system time: 0.02 seconds. Elapsed time: 0.42 seconds; current allocated memory: 972.555 MB.
INFO: [HLS 200-10] ----------------------------------------------------------------
INFO: [HLS 200-10] -- Generating RTL for module 'attention_int8_kernel_Pipeline_VITIS_LOOP_149_11' 
INFO: [HLS 200-10] ----------------------------------------------------------------
INFO: [HLS 200-1030] Apply Unified Pipeline Control on module 'attention_int8_kernel_Pipeline_VITIS_LOOP_149_11' pipeline 'VITIS_LOOP_149_11' pipeline type 'loop pipeline'
INFO: [RTGEN 206-100] Generating core module 'fcmp_32ns_32ns_1_2_no_dsp_1': 1 instance(s).
INFO: [RTGEN 206-100] Generating core module 'fmul_32ns_32ns_32_4_max_dsp_1': 1 instance(s).
INFO: [RTGEN 206-100] Generating core module 'mac_muladd_8s_8s_16s_17_4_1': 64 instance(s).
INFO: [RTGEN 206-100] Generating core module 'mul_8s_8s_16_1_1': 64 instance(s).
INFO: [RTGEN 206-100] Generating core module 'sitofp_32s_32_6_no_dsp_1': 1 instance(s).
INFO: [RTGEN 206-100] Finished creating RTL model for 'attention_int8_kernel_Pipeline_VITIS_LOOP_149_11'.
INFO: [HLS 200-111] Finished Creating RTL model: CPU user time: 0.48 seconds. CPU system time: 0.04 seconds. Elapsed time: 0.64 seconds; current allocated memory: 988.422 MB.
INFO: [HLS 200-10] ----------------------------------------------------------------
INFO: [HLS 200-10] -- Generating RTL for module 'attention_int8_kernel_Pipeline_VITIS_LOOP_174_14' 
INFO: [HLS 200-10] ----------------------------------------------------------------
INFO: [HLS 200-1030] Apply Unified Pipeline Control on module 'attention_int8_kernel_Pipeline_VITIS_LOOP_174_14' pipeline 'VITIS_LOOP_174_14' pipeline type 'loop pipeline'
INFO: [RTGEN 206-100] Generating core module 'fadd_32ns_32ns_32_6_no_dsp_1': 1 instance(s).
INFO: [RTGEN 206-100] Generating core module 'faddfsub_32ns_32ns_32_7_full_dsp_1': 1 instance(s).
INFO: [RTGEN 206-100] Generating core module 'fcmp_32ns_32ns_1_2_no_dsp_1': 1 instance(s).
INFO: [RTGEN 206-100] Generating core module 'fdiv_32ns_32ns_32_16_no_dsp_1': 1 instance(s).
INFO: [RTGEN 206-100] Generating core module 'fmul_32ns_32ns_32_4_max_dsp_1': 1 instance(s).
INFO: [RTGEN 206-100] Generating core module 'sitofp_32ns_32_6_no_dsp_1': 1 instance(s).
INFO: [RTGEN 206-100] Generating core module 'sparsemux_17_3_32_1_1': 1 instance(s).
INFO: [RTGEN 206-100] Finished creating RTL model for 'attention_int8_kernel_Pipeline_VITIS_LOOP_174_14'.
INFO: [RTMG 210-279] Implementing memory 'attention_int8_kernel_attention_int8_kernel_Pipeline_VITIS_LOOP_174_14_fast_expflut_ROM_1P_BRAM_1R' using block ROMs.
INFO: [RTMG 210-279] Implementing memory 'attention_int8_kernel_attention_int8_kernel_Pipeline_VITIS_LOOP_174_14_fast_expflut_1_ROM_1P_BRAM_1R' using block ROMs.
INFO: [HLS 200-111] Finished Creating RTL model: CPU user time: 0.47 seconds. CPU system time: 0.06 seconds. Elapsed time: 0.7 seconds; current allocated memory: 1010.512 MB.
INFO: [HLS 200-10] ----------------------------------------------------------------
INFO: [HLS 200-10] -- Generating RTL for module 'attention_int8_kernel_Pipeline_VITIS_LOOP_182_15' 
INFO: [HLS 200-10] ----------------------------------------------------------------
INFO: [HLS 200-1030] Apply Unified Pipeline Control on module 'attention_int8_kernel_Pipeline_VITIS_LOOP_182_15' pipeline 'VITIS_LOOP_182_15' pipeline type 'loop pipeline'
INFO: [RTGEN 206-104] Estimated max fanout for 'attention_int8_kernel_Pipeline_VITIS_LOOP_182_15' is 16603 from HDL expression: (1'b0 == ap_block_pp0_stage0_11001)
INFO: [RTGEN 206-100] Generating core module 'fadd_32ns_32ns_32_7_full_dsp_1': 64 instance(s).
INFO: [RTGEN 206-100] Generating core module 'faddfsub_32ns_32ns_32_7_full_dsp_1': 1 instance(s).
INFO: [RTGEN 206-100] Generating core module 'fmul_32ns_32ns_32_4_max_dsp_1': 129 instance(s).
INFO: [RTGEN 206-100] Generating core module 'sitofp_32s_32_6_no_dsp_1': 64 instance(s).
INFO: [RTGEN 206-100] Generating core module 'sparsemux_17_3_32_1_1': 1 instance(s).
INFO: [RTGEN 206-100] Generating core module 'sparsemux_257_7_8_1_1': 64 instance(s).
INFO: [RTGEN 206-100] Finished creating RTL model for 'attention_int8_kernel_Pipeline_VITIS_LOOP_182_15'.
INFO: [HLS 200-111] Finished Creating RTL model: CPU user time: 213.98 seconds. CPU system time: 2.33 seconds. Elapsed time: 217.63 seconds; current allocated memory: 4.327 GB.
INFO: [HLS 200-10] ----------------------------------------------------------------
INFO: [HLS 200-10] -- Generating RTL for module 'attention_int8_kernel_Pipeline_VITIS_LOOP_196_17_VITIS_LOOP_198_18' 
INFO: [HLS 200-10] ----------------------------------------------------------------
INFO: [HLS 200-1030] Apply Unified Pipeline Control on module 'attention_int8_kernel_Pipeline_VITIS_LOOP_196_17_VITIS_LOOP_198_18' pipeline 'VITIS_LOOP_196_17_VITIS_LOOP_198_18' pipeline type 'loop pipeline'
WARNING: [RTGEN 206-101] Setting dangling out port 'attention_int8_kernel_Pipeline_VITIS_LOOP_196_17_VITIS_LOOP_198_18/m_axi_gmem3_AWVALID' to 0.
WARNING: [RTGEN 206-101] Setting dangling out port 'attention_int8_kernel_Pipeline_VITIS_LOOP_196_17_VITIS_LOOP_198_18/m_axi_gmem3_AWADDR' to 0.
WARNING: [RTGEN 206-101] Setting dangling out port 'attention_int8_kernel_Pipeline_VITIS_LOOP_196_17_VITIS_LOOP_198_18/m_axi_gmem3_AWID' to 0.
WARNING: [RTGEN 206-101] Setting dangling out port 'attention_int8_kernel_Pipeline_VITIS_LOOP_196_17_VITIS_LOOP_198_18/m_axi_gmem3_AWLEN' to 0.
WARNING: [RTGEN 206-101] Setting dangling out port 'attention_int8_kernel_Pipeline_VITIS_LOOP_196_17_VITIS_LOOP_198_18/m_axi_gmem3_AWSIZE' to 0.
WARNING: [RTGEN 206-101] Setting dangling out port 'attention_int8_kernel_Pipeline_VITIS_LOOP_196_17_VITIS_LOOP_198_18/m_axi_gmem3_AWBURST' to 0.
WARNING: [RTGEN 206-101] Setting dangling out port 'attention_int8_kernel_Pipeline_VITIS_LOOP_196_17_VITIS_LOOP_198_18/m_axi_gmem3_AWLOCK' to 0.
WARNING: [RTGEN 206-101] Setting dangling out port 'attention_int8_kernel_Pipeline_VITIS_LOOP_196_17_VITIS_LOOP_198_18/m_axi_gmem3_AWCACHE' to 0.
WARNING: [RTGEN 206-101] Setting dangling out port 'attention_int8_kernel_Pipeline_VITIS_LOOP_196_17_VITIS_LOOP_198_18/m_axi_gmem3_AWPROT' to 0.
WARNING: [RTGEN 206-101] Setting dangling out port 'attention_int8_kernel_Pipeline_VITIS_LOOP_196_17_VITIS_LOOP_198_18/m_axi_gmem3_AWQOS' to 0.
WARNING: [RTGEN 206-101] Setting dangling out port 'attention_int8_kernel_Pipeline_VITIS_LOOP_196_17_VITIS_LOOP_198_18/m_axi_gmem3_AWREGION' to 0.
WARNING: [RTGEN 206-101] Setting dangling out port 'attention_int8_kernel_Pipeline_VITIS_LOOP_196_17_VITIS_LOOP_198_18/m_axi_gmem3_AWUSER' to 0.
WARNING: [RTGEN 206-101] Setting dangling out port 'attention_int8_kernel_Pipeline_VITIS_LOOP_196_17_VITIS_LOOP_198_18/m_axi_gmem3_BREADY' to 0.
INFO: [RTGEN 206-100] Generating core module 'fcmp_32ns_32ns_1_2_no_dsp_1': 1 instance(s).
INFO: [RTGEN 206-100] Generating core module 'fdiv_32ns_32ns_32_16_no_dsp_1': 1 instance(s).
INFO: [RTGEN 206-100] Generating core module 'fmul_32ns_32ns_32_4_max_dsp_1': 1 instance(s).
INFO: [RTGEN 206-100] Generating core module 'sparsemux_129_6_32_1_1': 1 instance(s).
INFO: [RTGEN 206-100] Generating core module 'sparsemux_17_3_32_1_1': 1 instance(s).
INFO: [RTGEN 206-100] Generating core module 'sptohp_32ns_16_2_no_dsp_1': 1 instance(s).
INFO: [RTGEN 206-100] Finished creating RTL model for 'attention_int8_kernel_Pipeline_VITIS_LOOP_196_17_VITIS_LOOP_198_18'.
INFO: [HLS 200-111] Finished Creating RTL model: CPU user time: 4.66 seconds. CPU system time: 0.26 seconds. Elapsed time: 5.48 seconds; current allocated memory: 4.338 GB.
INFO: [HLS 200-10] ----------------------------------------------------------------
INFO: [HLS 200-10] -- Generating RTL for module 'attention_int8_kernel' 
INFO: [HLS 200-10] ----------------------------------------------------------------
WARNING: [RTGEN 206-101] Design contains AXI ports. Reset is fixed to synchronous and active low.
INFO: [RTGEN 206-500] Setting interface mode on port 'attention_int8_kernel/gmem0' to 'm_axi'.
INFO: [RTGEN 206-500] Setting interface mode on port 'attention_int8_kernel/gmem1' to 'm_axi'.
INFO: [RTGEN 206-500] Setting interface mode on port 'attention_int8_kernel/gmem2' to 'm_axi'.
INFO: [RTGEN 206-500] Setting interface mode on port 'attention_int8_kernel/gmem3' to 'm_axi'.
INFO: [RTGEN 206-500] Setting interface mode on port 'attention_int8_kernel/Q_in' to 's_axilite & ap_none'.
INFO: [RTGEN 206-500] Setting interface mode on port 'attention_int8_kernel/K_in' to 's_axilite & ap_none'.
INFO: [RTGEN 206-500] Setting interface mode on port 'attention_int8_kernel/V_in' to 's_axilite & ap_none'.
INFO: [RTGEN 206-500] Setting interface mode on port 'attention_int8_kernel/O_out' to 's_axilite & ap_none'.
INFO: [RTGEN 206-500] Setting interface mode on port 'attention_int8_kernel/q_scale' to 's_axilite & ap_none'.
INFO: [RTGEN 206-500] Setting interface mode on port 'attention_int8_kernel/v_scale' to 's_axilite & ap_none'.
INFO: [RTGEN 206-500] Setting interface mode on function 'attention_int8_kernel' to 's_axilite & ap_ctrl_hs'.
INFO: [RTGEN 206-100] Bundling port 'Q_in', 'K_in', 'V_in', 'O_out', 'q_scale', 'v_scale' to AXI-Lite port control.
INFO: [RTGEN 206-104] Estimated max fanout for 'attention_int8_kernel' is 6151 from HDL expression: (1'b1 == ap_CS_fsm_state59)
INFO: [RTGEN 206-100] Generating core module 'faddfsub_32ns_32ns_32_7_full_dsp_1': 1 instance(s).
INFO: [RTGEN 206-100] Generating core module 'fcmp_32ns_32ns_1_2_no_dsp_1': 1 instance(s).
INFO: [RTGEN 206-100] Generating core module 'fdiv_32ns_32ns_32_16_no_dsp_1': 1 instance(s).
INFO: [RTGEN 206-100] Generating core module 'fmul_32ns_32ns_32_4_max_dsp_1': 3 instance(s).
INFO: [RTGEN 206-100] Generating core module 'sitofp_32ns_32_6_no_dsp_1': 1 instance(s).
INFO: [RTGEN 206-100] Generating core module 'sparsemux_129_6_32_1_1': 3 instance(s).
INFO: [RTGEN 206-100] Finished creating RTL model for 'attention_int8_kernel'.
INFO: [RTMG 210-278] Implementing memory 'attention_int8_kernel_Q_tile_RAM_AUTO_1R1W' using auto RAMs.
INFO: [RTMG 210-278] Implementing memory 'attention_int8_kernel_O_tile_RAM_AUTO_1R1W' using auto RAMs.
INFO: [RTMG 210-278] Implementing memory 'attention_int8_kernel_V_tile_RAM_AUTO_1R1W' using auto RAMs.
INFO: [RTMG 210-278] Implementing memory 'attention_int8_kernel_scores_RAM_AUTO_1R1W' using auto RAMs.
INFO: [HLS 200-111] Finished Creating RTL model: CPU user time: 4.33 seconds. CPU system time: 0.04 seconds. Elapsed time: 4.81 seconds; current allocated memory: 4.364 GB.
INFO: [HLS 200-111] Finished Generating all RTL models: CPU user time: 7.24 seconds. CPU system time: 0.52 seconds. Elapsed time: 9.55 seconds; current allocated memory: 4.597 GB.
INFO: [HLS 200-1603] Design has inferred MAXI bursts and missed bursts, see Vitis HLS GUI synthesis summary report for detailed information.
INFO: [HLS 200-111] Finished Updating report files: CPU user time: 6.29 seconds. CPU system time: 0.07 seconds. Elapsed time: 6.64 seconds; current allocated memory: 4.639 GB.
INFO: [VHDL 208-304] Generating VHDL RTL for attention_int8_kernel.
INFO: [VLOG 209-307] Generating Verilog RTL for attention_int8_kernel.
INFO: [HLS 200-790] **** Loop Constraint Status: All loop constraints were NOT satisfied.
INFO: [HLS 200-789] **** Estimated Fmax: 117.77 MHz
INFO: [HLS 200-111] Finished Command csynth_design CPU user time: 807.57 seconds. CPU system time: 6.58 seconds. Elapsed time: 828.07 seconds; current allocated memory: 4.419 GB.
INFO: [HLS 200-1510] Running: close_project 
INFO: [HLS 200-112] Total CPU user time: 811.72 seconds. Total CPU system time: 7.08 seconds. Total elapsed time: 835.06 seconds; peak allocated memory: 4.639 GB.
INFO: [Common 17-206] Exiting vitis_hls at Sat Apr 25 15:54:16 2026...
INFO: [v++ 60-791] Total elapsed time: 0h 13m 59s
