INFO: [v++ 60-1548] Creating build summary session with primary output /home/siyenga7/FPGA/hls_component/attention_int8_kernel/attention_int8_kernel.hlscompile_summary, at Sat Apr 25 16:03:52 2026
INFO: [v++ 82-31] Launching vitis_hls: vitis_hls -nolog -run csynth -work_dir /home/siyenga7/FPGA/hls_component/attention_int8_kernel -config /home/siyenga7/FPGA/hls_component/hls_config.cfg -cmdlineconfig /home/siyenga7/FPGA/hls_component/attention_int8_kernel/hls/config.cmdline

****** Vitis HLS - High-Level Synthesis from C, C++ and OpenCL v2023.2 (64-bit)
  **** SW Build 4023990 on Oct 11 2023
  **** IP Build 4028589 on Sat Oct 14 00:45:43 MDT 2023
  **** SharedData Build 4025554 on Tue Oct 10 17:18:54 MDT 2023
    ** Copyright 1986-2022 Xilinx, Inc. All Rights Reserved.
    ** Copyright 2022-2023 Advanced Micro Devices, Inc. All Rights Reserved.

source /packages/apps/fpga/Vitis_HLS/2023.2/scripts/vitis_hls/hls.tcl -notrace
INFO: [HLS 200-10] Running '/packages/apps/fpga/Vitis_HLS/2023.2/bin/unwrapped/lnx64.o/vitis_hls'
INFO: [HLS 200-10] For user 'siyenga7' on host 'sc008' (Linux_x86_64 version 4.18.0-553.77.1.el8_10.x86_64) on Sat Apr 25 16:03:53 MST 2026
INFO: [HLS 200-10] In directory '/home/siyenga7/FPGA/hls_component'
INFO: [HLS 200-1909] Reading HLS ini file /home/siyenga7/FPGA/hls_component/hls_config.cfg
INFO: [HLS 200-1909] Reading HLS ini file /home/siyenga7/FPGA/hls_component/attention_int8_kernel/hls/config.cmdline
INFO: [HLS 200-2005] Using work_dir /home/siyenga7/FPGA/hls_component/attention_int8_kernel 
INFO: [HLS 200-1510] Running: open_project /home/siyenga7/FPGA/hls_component/attention_int8_kernel -diskless 
INFO: [HLS 200-1510] Running: open_solution hls 
INFO: [HLS 200-1505] Using default flow_target 'vivado'
Resolution: For help on HLS 200-1505 see docs.xilinx.com/access/sources/dita/topic?Doc_Version=2023.2%20English&url=ug1448-hls-guidance&resourceid=200-1505.html
INFO: [HLS 200-1510] Running: apply_ini /home/siyenga7/FPGA/hls_component/hls_config.cfg 
INFO: [HLS 200-1909] Reading HLS ini file /home/siyenga7/FPGA/hls_component/hls_config.cfg
INFO: [HLS 200-1465] Applying ini 'syn.file=/home/siyenga7/FPGA/attention_int8.cpp' at /home/siyenga7/FPGA/hls_component/hls_config.cfg(7)
INFO: [HLS 200-10] Adding design file '/home/siyenga7/FPGA/attention_int8.cpp' to the project
INFO: [HLS 200-1465] Applying ini 'syn.file=/home/siyenga7/FPGA/attention_top.h' at /home/siyenga7/FPGA/hls_component/hls_config.cfg(8)
INFO: [HLS 200-10] Adding design file '/home/siyenga7/FPGA/attention_top.h' to the project
INFO: [HLS 200-1465] Applying ini 'syn.top=attention_int8_kernel' at /home/siyenga7/FPGA/hls_component/hls_config.cfg(9)
INFO: [HLS 200-1465] Applying ini 'flow_target=vivado' at /home/siyenga7/FPGA/hls_component/hls_config.cfg(4)
INFO: [HLS 200-1505] Using flow_target 'vivado'
Resolution: For help on HLS 200-1505 see docs.xilinx.com/access/sources/dita/topic?Doc_Version=2023.2%20English&url=ug1448-hls-guidance&resourceid=200-1505.html
INFO: [HLS 200-1465] Applying ini 'part=xc7a200tsbg484-1' at /home/siyenga7/FPGA/hls_component/hls_config.cfg(1)
INFO: [HLS 200-1611] Setting target device to 'xc7a200t-sbg484-1'
INFO: [HLS 200-1465] Applying ini 'clock=10' at /home/siyenga7/FPGA/hls_component/hls_config.cfg(10)
INFO: [SYN 201-201] Setting up clock 'default' with a period of 10ns.
INFO: [HLS 200-1465] Applying ini 'package.output.format=ip_catalog' at /home/siyenga7/FPGA/hls_component/hls_config.cfg(5)
INFO: [HLS 200-1510] Running: apply_ini /home/siyenga7/FPGA/hls_component/attention_int8_kernel/hls/config.cmdline 
INFO: [HLS 200-1909] Reading HLS ini file /home/siyenga7/FPGA/hls_component/attention_int8_kernel/hls/config.cmdline
INFO: [HLS 200-1510] Running: csynth_design 
INFO: [HLS 200-111] Finished File checks and directory preparation: CPU user time: 0.07 seconds. CPU system time: 0.01 seconds. Elapsed time: 0.1 seconds; current allocated memory: 224.562 MB.
INFO: [HLS 200-10] Analyzing design file '/home/siyenga7/FPGA/attention_int8.cpp' ... 
INFO: [HLS 200-111] Finished Source Code Analysis and Preprocessing: CPU user time: 18.68 seconds. CPU system time: 1.44 seconds. Elapsed time: 20.63 seconds; current allocated memory: 231.941 MB.
INFO: [HLS 200-777] Using interface defaults for 'Vivado' flow target.
INFO: [HLS 200-1995] There were 4,918 instructions in the design after the 'Compile/Link' phase of compilation. See the Design Size Report for more details: /home/siyenga7/FPGA/hls_component/attention_int8_kernel/hls/syn/report/csynth_design_size.rpt
INFO: [HLS 200-1995] There were 3,146 instructions in the design after the 'Unroll/Inline (step 1)' phase of compilation. See the Design Size Report for more details: /home/siyenga7/FPGA/hls_component/attention_int8_kernel/hls/syn/report/csynth_design_size.rpt
INFO: [HLS 200-1995] There were 2,704 instructions in the design after the 'Unroll/Inline (step 2)' phase of compilation. See the Design Size Report for more details: /home/siyenga7/FPGA/hls_component/attention_int8_kernel/hls/syn/report/csynth_design_size.rpt
INFO: [HLS 200-1995] There were 2,677 instructions in the design after the 'Unroll/Inline (step 3)' phase of compilation. See the Design Size Report for more details: /home/siyenga7/FPGA/hls_component/attention_int8_kernel/hls/syn/report/csynth_design_size.rpt
INFO: [HLS 200-1995] There were 2,621 instructions in the design after the 'Unroll/Inline (step 4)' phase of compilation. See the Design Size Report for more details: /home/siyenga7/FPGA/hls_component/attention_int8_kernel/hls/syn/report/csynth_design_size.rpt
INFO: [HLS 200-1995] There were 43,263 instructions in the design after the 'Array/Struct (step 1)' phase of compilation. See the Design Size Report for more details: /home/siyenga7/FPGA/hls_component/attention_int8_kernel/hls/syn/report/csynth_design_size.rpt
INFO: [HLS 200-1995] There were 8,277 instructions in the design after the 'Array/Struct (step 2)' phase of compilation. See the Design Size Report for more details: /home/siyenga7/FPGA/hls_component/attention_int8_kernel/hls/syn/report/csynth_design_size.rpt
INFO: [HLS 200-1995] There were 8,277 instructions in the design after the 'Array/Struct (step 3)' phase of compilation. See the Design Size Report for more details: /home/siyenga7/FPGA/hls_component/attention_int8_kernel/hls/syn/report/csynth_design_size.rpt
INFO: [HLS 200-1995] There were 8,270 instructions in the design after the 'Array/Struct (step 4)' phase of compilation. See the Design Size Report for more details: /home/siyenga7/FPGA/hls_component/attention_int8_kernel/hls/syn/report/csynth_design_size.rpt
INFO: [HLS 200-1995] There were 8,217 instructions in the design after the 'Array/Struct (step 5)' phase of compilation. See the Design Size Report for more details: /home/siyenga7/FPGA/hls_component/attention_int8_kernel/hls/syn/report/csynth_design_size.rpt
INFO: [HLS 200-1995] There were 7,958 instructions in the design after the 'Performance' phase of compilation. See the Design Size Report for more details: /home/siyenga7/FPGA/hls_component/attention_int8_kernel/hls/syn/report/csynth_design_size.rpt
INFO: [HLS 200-1995] There were 7,958 instructions in the design after the 'Performance (step 2)' phase of compilation. See the Design Size Report for more details: /home/siyenga7/FPGA/hls_component/attention_int8_kernel/hls/syn/report/csynth_design_size.rpt
INFO: [HLS 200-1995] There were 49,398 instructions in the design after the 'Performance (step 3)' phase of compilation. See the Design Size Report for more details: /home/siyenga7/FPGA/hls_component/attention_int8_kernel/hls/syn/report/csynth_design_size.rpt
INFO: [HLS 200-1995] There were 16,087 instructions in the design after the 'Performance (step 4)' phase of compilation. See the Design Size Report for more details: /home/siyenga7/FPGA/hls_component/attention_int8_kernel/hls/syn/report/csynth_design_size.rpt
INFO: [HLS 200-1995] There were 16,095 instructions in the design after the 'HW Transforms (step 1)' phase of compilation. See the Design Size Report for more details: /home/siyenga7/FPGA/hls_component/attention_int8_kernel/hls/syn/report/csynth_design_size.rpt
INFO: [HLS 200-1995] There were 13,718 instructions in the design after the 'HW Transforms (step 2)' phase of compilation. See the Design Size Report for more details: /home/siyenga7/FPGA/hls_component/attention_int8_kernel/hls/syn/report/csynth_design_size.rpt
INFO: [HLS 214-131] Inlining function 'fast_expf(float)' into 'attention_int8_kernel' (/home/siyenga7/FPGA/attention_int8.cpp:162:13)
INFO: [HLS 214-131] Inlining function 'fast_expf(float)' into 'attention_int8_kernel' (/home/siyenga7/FPGA/attention_int8.cpp:154:47)
INFO: [HLS 214-291] Loop 'VITIS_LOOP_103_6' is marked as complete unroll implied by the pipeline pragma (/home/siyenga7/FPGA/attention_int8.cpp:103:35)
INFO: [HLS 214-291] Loop 'VITIS_LOOP_139_12' is marked as complete unroll implied by the pipeline pragma (/home/siyenga7/FPGA/attention_int8.cpp:139:44)
INFO: [HLS 214-291] Loop 'VITIS_LOOP_179_17' is marked as complete unroll implied by the pipeline pragma (/home/siyenga7/FPGA/attention_int8.cpp:179:44)
INFO: [HLS 214-186] Unrolling loop 'VITIS_LOOP_103_6' (/home/siyenga7/FPGA/attention_int8.cpp:103:35) in function 'attention_int8_kernel' completely with a factor of 128 (/home/siyenga7/FPGA/attention_int8.cpp:57:0)
INFO: [HLS 214-186] Unrolling loop 'VITIS_LOOP_139_12' (/home/siyenga7/FPGA/attention_int8.cpp:139:44) in function 'attention_int8_kernel' completely with a factor of 128 (/home/siyenga7/FPGA/attention_int8.cpp:57:0)
INFO: [HLS 214-186] Unrolling loop 'VITIS_LOOP_168_15' (/home/siyenga7/FPGA/attention_int8.cpp:168:40) in function 'attention_int8_kernel' completely with a factor of 64 (/home/siyenga7/FPGA/attention_int8.cpp:57:0)
INFO: [HLS 214-186] Unrolling loop 'VITIS_LOOP_179_17' (/home/siyenga7/FPGA/attention_int8.cpp:179:44) in function 'attention_int8_kernel' completely with a factor of 64 (/home/siyenga7/FPGA/attention_int8.cpp:57:0)
INFO: [HLS 214-178] Inlining function 'fp_struct<float>::fp_struct(float)' into 'int generic_cast_IEEE754<int, (ap_q_mode)6, float>(float, bool, hls::enable_if<std::numeric_limits<int>::is_signed, bool>::type)' (/wrk/ci/prod/2023.2/hls_product/continuous/689/2023.2/src/shared/hls/clib/hlsmath/include/FloatingPoint/hls_case_IEEE754.h:12:0)
INFO: [HLS 214-178] Inlining function 'fp_struct<float>::mantissa() const' into 'int generic_cast_IEEE754<int, (ap_q_mode)6, float>(float, bool, hls::enable_if<std::numeric_limits<int>::is_signed, bool>::type)' (/wrk/ci/prod/2023.2/hls_product/continuous/689/2023.2/src/shared/hls/clib/hlsmath/include/FloatingPoint/hls_case_IEEE754.h:12:0)
INFO: [HLS 214-178] Inlining function 'fp_struct<float>::expv() const' into 'int generic_cast_IEEE754<int, (ap_q_mode)6, float>(float, bool, hls::enable_if<std::numeric_limits<int>::is_signed, bool>::type)' (/wrk/ci/prod/2023.2/hls_product/continuous/689/2023.2/src/shared/hls/clib/hlsmath/include/FloatingPoint/hls_case_IEEE754.h:12:0)
INFO: [HLS 214-178] Inlining function 'fp_struct<float>::__signbit() const' into 'int generic_cast_IEEE754<int, (ap_q_mode)6, float>(float, bool, hls::enable_if<std::numeric_limits<int>::is_signed, bool>::type)' (/wrk/ci/prod/2023.2/hls_product/continuous/689/2023.2/src/shared/hls/clib/hlsmath/include/FloatingPoint/hls_case_IEEE754.h:12:0)
INFO: [HLS 214-178] Inlining function 'int generic_cast_IEEE754<int, (ap_q_mode)6, float>(float, bool, hls::enable_if<std::numeric_limits<int>::is_signed, bool>::type)' into 'int generic_cast_IEEE754<int, float>(float, bool)' (/wrk/ci/prod/2023.2/hls_product/continuous/689/2023.2/src/shared/hls/clib/hlsmath/include/FloatingPoint/hls_case_IEEE754.h:116:0)
INFO: [HLS 214-178] Inlining function 'int generic_cast_IEEE754<int, float>(float, bool)' into '__hls_fptosi_float_i32' (/wrk/ci/prod/2023.2/hls_product/continuous/689/2023.2/src/shared/hls/clib/hlsmath/src/lib_floatconversion.cpp:51:0)
INFO: [HLS 214-178] Inlining function '__hls_fptosi_float_i32' into 'attention_int8_kernel' (/home/siyenga7/FPGA/attention_int8.cpp:57:0)
INFO: [HLS 214-248] Applying array_partition to 'Q_tile': Complete partitioning on dimension 2. (/home/siyenga7/FPGA/attention_int8.cpp:80:17)
INFO: [HLS 214-248] Applying array_partition to 'O_tile': Cyclic partitioning with factor 8 on dimension 2. (/home/siyenga7/FPGA/attention_int8.cpp:81:19)
INFO: [HLS 214-248] Applying array_partition to 'm_state': Complete partitioning on dimension 1. (/home/siyenga7/FPGA/attention_int8.cpp:82:19)
INFO: [HLS 214-248] Applying array_partition to 'l_state': Complete partitioning on dimension 1. (/home/siyenga7/FPGA/attention_int8.cpp:83:19)
INFO: [HLS 214-248] Applying array_partition to 'K_tile': Complete partitioning on dimension 2. (/home/siyenga7/FPGA/attention_int8.cpp:112:21)
INFO: [HLS 214-248] Applying array_partition to 'V_tile': Cyclic partitioning with factor 8 on dimension 2. (/home/siyenga7/FPGA/attention_int8.cpp:113:21)
INFO: [HLS 214-248] Applying array_partition to 'scores': Cyclic partitioning with factor 8 on dimension 2. (/home/siyenga7/FPGA/attention_int8.cpp:128:23)
INFO: [HLS 214-248] Applying array_partition to 'row_max': Complete partitioning on dimension 1. (/home/siyenga7/FPGA/attention_int8.cpp:129:23)
INFO: [HLS 214-248] Applying array_partition to 'P_row': Complete partitioning on dimension 1. (/home/siyenga7/FPGA/attention_int8.cpp:156:27)
INFO: [HLS 214-270] Inferring pragma 'array_partition type=cyclic factor=2 dim=1' for array 'fast_expf(float)::lut' due to pipeline pragma (/home/siyenga7/FPGA/attention_int8.cpp:161:9)
INFO: [HLS 214-270] Inferring pragma 'array_partition type=complete dim=1' for array 'V_tile_0' due to pipeline pragma (/home/siyenga7/FPGA/attention_int8.cpp:177:9)
INFO: [HLS 214-270] Inferring pragma 'array_partition type=complete dim=1' for array 'V_tile_1' due to pipeline pragma (/home/siyenga7/FPGA/attention_int8.cpp:177:9)
INFO: [HLS 214-270] Inferring pragma 'array_partition type=complete dim=1' for array 'V_tile_2' due to pipeline pragma (/home/siyenga7/FPGA/attention_int8.cpp:177:9)
INFO: [HLS 214-270] Inferring pragma 'array_partition type=complete dim=1' for array 'V_tile_3' due to pipeline pragma (/home/siyenga7/FPGA/attention_int8.cpp:177:9)
INFO: [HLS 214-270] Inferring pragma 'array_partition type=complete dim=1' for array 'V_tile_4' due to pipeline pragma (/home/siyenga7/FPGA/attention_int8.cpp:177:9)
INFO: [HLS 214-270] Inferring pragma 'array_partition type=complete dim=1' for array 'V_tile_5' due to pipeline pragma (/home/siyenga7/FPGA/attention_int8.cpp:177:9)
INFO: [HLS 214-270] Inferring pragma 'array_partition type=complete dim=1' for array 'V_tile_6' due to pipeline pragma (/home/siyenga7/FPGA/attention_int8.cpp:177:9)
INFO: [HLS 214-270] Inferring pragma 'array_partition type=complete dim=1' for array 'V_tile_7' due to pipeline pragma (/home/siyenga7/FPGA/attention_int8.cpp:177:9)
INFO: [HLS 214-248] Applying array_partition to '_ZZL9fast_expffE3lut': Cyclic partitioning with factor 2 on dimension 1. (/home/siyenga7/FPGA/attention_int8.cpp:31:0)
INFO: [HLS 214-248] Applying array_partition to 'V_tile_0': Complete partitioning on dimension 1. (/home/siyenga7/FPGA/attention_int8.cpp:113:21)
INFO: [HLS 214-248] Applying array_partition to 'V_tile_1': Complete partitioning on dimension 1. (/home/siyenga7/FPGA/attention_int8.cpp:113:21)
INFO: [HLS 214-248] Applying array_partition to 'V_tile_2': Complete partitioning on dimension 1. (/home/siyenga7/FPGA/attention_int8.cpp:113:21)
INFO: [HLS 214-248] Applying array_partition to 'V_tile_3': Complete partitioning on dimension 1. (/home/siyenga7/FPGA/attention_int8.cpp:113:21)
INFO: [HLS 214-248] Applying array_partition to 'V_tile_4': Complete partitioning on dimension 1. (/home/siyenga7/FPGA/attention_int8.cpp:113:21)
INFO: [HLS 214-248] Applying array_partition to 'V_tile_5': Complete partitioning on dimension 1. (/home/siyenga7/FPGA/attention_int8.cpp:113:21)
INFO: [HLS 214-248] Applying array_partition to 'V_tile_6': Complete partitioning on dimension 1. (/home/siyenga7/FPGA/attention_int8.cpp:113:21)
INFO: [HLS 214-248] Applying array_partition to 'V_tile_7': Complete partitioning on dimension 1. (/home/siyenga7/FPGA/attention_int8.cpp:113:21)
INFO: [HLS 214-115] Multiple burst reads of length 4194304 and bit width 8 in loop 'VITIS_LOOP_70_1'(/home/siyenga7/FPGA/attention_int8.cpp:70:19) has been inferred on bundle 'gmem0'. These burst requests might be further partitioned into multiple requests during RTL generation, based on max_read_burst_length or max_write_burst_length settings. (/home/siyenga7/FPGA/attention_int8.cpp:70:19)
INFO: [HLS 214-115] Multiple burst writes of length 4194304 and bit width 16 in loop 'VITIS_LOOP_70_1'(/home/siyenga7/FPGA/attention_int8.cpp:70:19) has been inferred on bundle 'gmem3'. These burst requests might be further partitioned into multiple requests during RTL generation, based on max_read_burst_length or max_write_burst_length settings. (/home/siyenga7/FPGA/attention_int8.cpp:70:19)
INFO: [HLS 214-115] Multiple burst reads of length 8192 and bit width 8 in loop 'VITIS_LOOP_119_8'(/home/siyenga7/FPGA/attention_int8.cpp:119:20) has been inferred on bundle 'gmem1'. These burst requests might be further partitioned into multiple requests during RTL generation, based on max_read_burst_length or max_write_burst_length settings. (/home/siyenga7/FPGA/attention_int8.cpp:119:20)
INFO: [HLS 214-115] Multiple burst reads of length 8192 and bit width 8 in loop 'VITIS_LOOP_119_8'(/home/siyenga7/FPGA/attention_int8.cpp:119:20) has been inferred on bundle 'gmem2'. These burst requests might be further partitioned into multiple requests during RTL generation, based on max_read_burst_length or max_write_burst_length settings. (/home/siyenga7/FPGA/attention_int8.cpp:119:20)
INFO: [HLS 200-111] Finished Compiling Optimization and Transform: CPU user time: 12.9 seconds. CPU system time: 0.64 seconds. Elapsed time: 17.71 seconds; current allocated memory: 233.105 MB.
INFO: [HLS 200-111] Finished Checking Pragmas: CPU user time: 0 seconds. CPU system time: 0 seconds. Elapsed time: 0 seconds; current allocated memory: 233.105 MB.
INFO: [HLS 200-10] Starting code transformations ...
INFO: [HLS 200-111] Finished Standard Transforms: CPU user time: 1.1 seconds. CPU system time: 0.01 seconds. Elapsed time: 1.14 seconds; current allocated memory: 259.469 MB.
INFO: [HLS 200-10] Checking synthesizability ...
INFO: [HLS 200-111] Finished Checking Synthesizability: CPU user time: 0.84 seconds. CPU system time: 0.01 seconds. Elapsed time: 0.86 seconds; current allocated memory: 266.422 MB.
INFO: [XFORM 203-401] Performing if-conversion on hyperblock from (/home/siyenga7/FPGA/attention_int8.cpp:161:9) to (/home/siyenga7/FPGA/attention_int8.cpp:162:11) in function 'attention_int8_kernel'... converting 3 basic blocks.
INFO: [XFORM 203-401] Performing if-conversion on hyperblock from (/home/siyenga7/FPGA/attention_int8.cpp:82:19) to (/home/siyenga7/FPGA/attention_int8.cpp:160:21) in function 'attention_int8_kernel'... converting 3 basic blocks.
INFO: [XFORM 203-11] Balancing expressions in function 'attention_int8_kernel' (/home/siyenga7/FPGA/attention_int8.cpp:15:38)...127 expression(s) balanced.
INFO: [HLS 200-111] Finished Loop, function and other optimizations: CPU user time: 4.74 seconds. CPU system time: 0.05 seconds. Elapsed time: 4.84 seconds; current allocated memory: 339.348 MB.
INFO: [HLS 200-2061] Successfully converted nested loops 'VITIS_LOOP_91_3'(/home/siyenga7/FPGA/attention_int8.cpp:91:19) and 'VITIS_LOOP_92_4'(/home/siyenga7/FPGA/attention_int8.cpp:92:34) in function 'attention_int8_kernel' into perfectly nested loops.
INFO: [HLS 200-2061] Successfully converted nested loops 'VITIS_LOOP_119_8'(/home/siyenga7/FPGA/attention_int8.cpp:119:20) and 'VITIS_LOOP_120_9'(/home/siyenga7/FPGA/attention_int8.cpp:120:39) in function 'attention_int8_kernel' into perfectly nested loops.
INFO: [HLS 200-2061] Successfully converted nested loops 'VITIS_LOOP_190_18'(/home/siyenga7/FPGA/attention_int8.cpp:190:32) and 'VITIS_LOOP_192_19'(/home/siyenga7/FPGA/attention_int8.cpp:192:36) in function 'attention_int8_kernel' into perfectly nested loops.
INFO: [XFORM 203-541] Flattening a loop nest 'VITIS_LOOP_91_3' (/home/siyenga7/FPGA/attention_int8.cpp:91:19) in function 'attention_int8_kernel'.
INFO: [XFORM 203-541] Flattening a loop nest 'VITIS_LOOP_119_8' (/home/siyenga7/FPGA/attention_int8.cpp:119:20) in function 'attention_int8_kernel'.
WARNING: [HLS 200-960] Cannot flatten loop 'VITIS_LOOP_134_10' (/home/siyenga7/FPGA/attention_int8.cpp:134:21) in function 'attention_int8_kernel' the outer loop is not a perfect loop because there is nontrivial logic before entering the inner loop.
Resolution: For help on HLS 200-960 see docs.xilinx.com/access/sources/dita/topic?Doc_Version=2023.2%20English&url=ug1448-hls-guidance&resourceid=200-960.html
INFO: [XFORM 203-541] Flattening a loop nest 'VITIS_LOOP_190_18' (/home/siyenga7/FPGA/attention_int8.cpp:190:32) in function 'attention_int8_kernel'.
INFO: [XFORM 203-541] Flattening a loop nest 'VITIS_LOOP_70_1' (/home/siyenga7/FPGA/attention_int8.cpp:70:19) in function 'attention_int8_kernel'.
INFO: [HLS 200-111] Finished Architecture Synthesis: CPU user time: 5.63 seconds. CPU system time: 0.05 seconds. Elapsed time: 5.76 seconds; current allocated memory: 455.695 MB.
INFO: [HLS 200-10] Starting hardware synthesis ...
INFO: [HLS 200-10] Synthesizing 'attention_int8_kernel' ...
INFO: [HLS 200-10] ----------------------------------------------------------------
INFO: [HLS 200-42] -- Implementing module 'attention_int8_kernel_Pipeline_VITIS_LOOP_91_3_VITIS_LOOP_92_4' 
INFO: [HLS 200-10] ----------------------------------------------------------------
INFO: [SCHED 204-11] Starting scheduling ...
INFO: [SCHED 204-61] Pipelining loop 'VITIS_LOOP_91_3_VITIS_LOOP_92_4'.
INFO: [HLS 200-1470] Pipelining result : Target II = 1, Final II = 1, Depth = 3, loop 'VITIS_LOOP_91_3_VITIS_LOOP_92_4'
INFO: [SCHED 204-11] Finished scheduling.
INFO: [HLS 200-111] Finished Scheduling: CPU user time: 0.85 seconds. CPU system time: 0.07 seconds. Elapsed time: 0.97 seconds; current allocated memory: 477.883 MB.
INFO: [BIND 205-100] Starting micro-architecture generation ...
INFO: [BIND 205-101] Performing variable lifetime analysis.
INFO: [BIND 205-101] Exploring resource sharing.
INFO: [BIND 205-101] Binding ...
INFO: [BIND 205-100] Finished micro-architecture generation.
INFO: [HLS 200-111] Finished Binding: CPU user time: 0.05 seconds. CPU system time: 0.01 seconds. Elapsed time: 0.09 seconds; current allocated memory: 492.020 MB.
INFO: [HLS 200-10] ----------------------------------------------------------------
INFO: [HLS 200-42] -- Implementing module 'attention_int8_kernel_Pipeline_VITIS_LOOP_99_5' 
INFO: [HLS 200-10] ----------------------------------------------------------------
INFO: [SCHED 204-11] Starting scheduling ...
INFO: [SCHED 204-61] Pipelining loop 'VITIS_LOOP_99_5'.
WARNING: [HLS 200-885] The II Violation in module 'attention_int8_kernel_Pipeline_VITIS_LOOP_99_5' (loop 'VITIS_LOOP_99_5'): Unable to schedule 'store' operation 0 bit ('O_tile_addr_1_write_ln105', /home/siyenga7/FPGA/attention_int8.cpp:105) of constant 0 on array 'O_tile' due to limited memory ports (II = 1). Please consider using a memory core with more ports or partitioning the array 'O_tile'.
Resolution: For help on HLS 200-885 see docs.xilinx.com/access/sources/dita/topic?Doc_Version=2023.2%20English&url=ug1448-hls-guidance&resourceid=200-885.html
WARNING: [HLS 200-885] The II Violation in module 'attention_int8_kernel_Pipeline_VITIS_LOOP_99_5' (loop 'VITIS_LOOP_99_5'): Unable to schedule 'store' operation 0 bit ('O_tile_addr_3_write_ln105', /home/siyenga7/FPGA/attention_int8.cpp:105) of constant 0 on array 'O_tile' due to limited memory ports (II = 2). Please consider using a memory core with more ports or partitioning the array 'O_tile'.
Resolution: For help on HLS 200-885 see docs.xilinx.com/access/sources/dita/topic?Doc_Version=2023.2%20English&url=ug1448-hls-guidance&resourceid=200-885.html
WARNING: [HLS 200-885] The II Violation in module 'attention_int8_kernel_Pipeline_VITIS_LOOP_99_5' (loop 'VITIS_LOOP_99_5'): Unable to schedule 'store' operation 0 bit ('O_tile_addr_5_write_ln105', /home/siyenga7/FPGA/attention_int8.cpp:105) of constant 0 on array 'O_tile' due to limited memory ports (II = 3). Please consider using a memory core with more ports or partitioning the array 'O_tile'.
Resolution: For help on HLS 200-885 see docs.xilinx.com/access/sources/dita/topic?Doc_Version=2023.2%20English&url=ug1448-hls-guidance&resourceid=200-885.html
WARNING: [HLS 200-885] The II Violation in module 'attention_int8_kernel_Pipeline_VITIS_LOOP_99_5' (loop 'VITIS_LOOP_99_5'): Unable to schedule 'store' operation 0 bit ('O_tile_addr_7_write_ln105', /home/siyenga7/FPGA/attention_int8.cpp:105) of constant 0 on array 'O_tile' due to limited memory ports (II = 4). Please consider using a memory core with more ports or partitioning the array 'O_tile'.
Resolution: For help on HLS 200-885 see docs.xilinx.com/access/sources/dita/topic?Doc_Version=2023.2%20English&url=ug1448-hls-guidance&resourceid=200-885.html
WARNING: [HLS 200-885] The II Violation in module 'attention_int8_kernel_Pipeline_VITIS_LOOP_99_5' (loop 'VITIS_LOOP_99_5'): Unable to schedule 'store' operation 0 bit ('O_tile_addr_13_write_ln105', /home/siyenga7/FPGA/attention_int8.cpp:105) of constant 0 on array 'O_tile' due to limited memory ports (II = 7). Please consider using a memory core with more ports or partitioning the array 'O_tile'.
Resolution: For help on HLS 200-885 see docs.xilinx.com/access/sources/dita/topic?Doc_Version=2023.2%20English&url=ug1448-hls-guidance&resourceid=200-885.html
INFO: [HLS 200-1470] Pipelining result : Target II = 1, Final II = 8, Depth = 8, loop 'VITIS_LOOP_99_5'
INFO: [SCHED 204-11] Finished scheduling.
INFO: [HLS 200-111] Finished Scheduling: CPU user time: 0.22 seconds. CPU system time: 0 seconds. Elapsed time: 0.29 seconds; current allocated memory: 492.020 MB.
INFO: [BIND 205-100] Starting micro-architecture generation ...
INFO: [BIND 205-101] Performing variable lifetime analysis.
INFO: [BIND 205-101] Exploring resource sharing.
INFO: [BIND 205-101] Binding ...
INFO: [BIND 205-100] Finished micro-architecture generation.
INFO: [HLS 200-111] Finished Binding: CPU user time: 0.03 seconds. CPU system time: 0.01 seconds. Elapsed time: 0.07 seconds; current allocated memory: 492.020 MB.
INFO: [HLS 200-10] ----------------------------------------------------------------
INFO: [HLS 200-42] -- Implementing module 'attention_int8_kernel_Pipeline_VITIS_LOOP_119_8_VITIS_LOOP_120_9' 
INFO: [HLS 200-10] ----------------------------------------------------------------
INFO: [SCHED 204-11] Starting scheduling ...
INFO: [SCHED 204-61] Pipelining loop 'VITIS_LOOP_119_8_VITIS_LOOP_120_9'.
INFO: [HLS 200-1470] Pipelining result : Target II = 1, Final II = 1, Depth = 3, loop 'VITIS_LOOP_119_8_VITIS_LOOP_120_9'
WARNING: [HLS 200-871] Estimated clock period (8.491 ns) exceeds the target (target clock period: 10.000 ns, clock uncertainty: 2.700 ns, effective delay budget: 7.300 ns).
Resolution: For help on HLS 200-871 see docs.xilinx.com/access/sources/dita/topic?Doc_Version=2023.2%20English&url=ug1448-hls-guidance&resourceid=200-871.html
WARNING: [HLS 200-1016] The critical path in module 'attention_int8_kernel_Pipeline_VITIS_LOOP_119_8_VITIS_LOOP_120_9' consists of the following:
	'store' operation 0 bit ('d_write_ln120', /home/siyenga7/FPGA/attention_int8.cpp:120) of constant 0 on local variable 'd', /home/siyenga7/FPGA/attention_int8.cpp:120 [654]  (1.610 ns)
	'load' operation 8 bit ('d_load', /home/siyenga7/FPGA/attention_int8.cpp:120) on local variable 'd', /home/siyenga7/FPGA/attention_int8.cpp:120 [664]  (0.000 ns)
	'icmp' operation 1 bit ('icmp_ln120', /home/siyenga7/FPGA/attention_int8.cpp:120) [671]  (2.115 ns)
	'select' operation 8 bit ('select_ln119', /home/siyenga7/FPGA/attention_int8.cpp:119) [672]  (1.041 ns)
	'add' operation 8 bit ('add_ln120', /home/siyenga7/FPGA/attention_int8.cpp:120) [3279]  (2.115 ns)
	'store' operation 0 bit ('d_write_ln120', /home/siyenga7/FPGA/attention_int8.cpp:120) of variable 'add_ln120', /home/siyenga7/FPGA/attention_int8.cpp:120 on local variable 'd', /home/siyenga7/FPGA/attention_int8.cpp:120 [3282]  (1.610 ns)

Resolution: For help on HLS 200-1016 see docs.xilinx.com/access/sources/dita/topic?Doc_Version=2023.2%20English&url=ug1448-hls-guidance&resourceid=200-1016.html
INFO: [SCHED 204-11] Finished scheduling.
INFO: [HLS 200-111] Finished Scheduling: CPU user time: 1.94 seconds. CPU system time: 0.01 seconds. Elapsed time: 2.01 seconds; current allocated memory: 521.195 MB.
INFO: [BIND 205-100] Starting micro-architecture generation ...
INFO: [BIND 205-101] Performing variable lifetime analysis.
INFO: [BIND 205-101] Exploring resource sharing.
INFO: [BIND 205-101] Binding ...
INFO: [BIND 205-100] Finished micro-architecture generation.
INFO: [HLS 200-111] Finished Binding: CPU user time: 0.2 seconds. CPU system time: 0.02 seconds. Elapsed time: 0.27 seconds; current allocated memory: 521.195 MB.
INFO: [HLS 200-10] ----------------------------------------------------------------
INFO: [HLS 200-42] -- Implementing module 'attention_int8_kernel_Pipeline_VITIS_LOOP_136_11' 
INFO: [HLS 200-10] ----------------------------------------------------------------
INFO: [SCHED 204-11] Starting scheduling ...
INFO: [HLS 200-486] Changing DSP latency (root=add_ln141_120) to 3 in order to utilize available DSP registers.
INFO: [HLS 200-486] Changing DSP latency (root=add_ln141_119) to 3 in order to utilize available DSP registers.
INFO: [HLS 200-486] Changing DSP latency (root=add_ln141_117) to 3 in order to utilize available DSP registers.
INFO: [HLS 200-486] Changing DSP latency (root=add_ln141_116) to 3 in order to utilize available DSP registers.
INFO: [HLS 200-486] Changing DSP latency (root=add_ln141_113) to 3 in order to utilize available DSP registers.
INFO: [HLS 200-486] Changing DSP latency (root=add_ln141_112) to 3 in order to utilize available DSP registers.
INFO: [HLS 200-486] Changing DSP latency (root=add_ln141_110) to 3 in order to utilize available DSP registers.
INFO: [HLS 200-486] Changing DSP latency (root=add_ln141_109) to 3 in order to utilize available DSP registers.
INFO: [HLS 200-486] Changing DSP latency (root=add_ln141_105) to 3 in order to utilize available DSP registers.
INFO: [HLS 200-486] Changing DSP latency (root=add_ln141_104) to 3 in order to utilize available DSP registers.
INFO: [HLS 200-486] Changing DSP latency (root=add_ln141_102) to 3 in order to utilize available DSP registers.
INFO: [HLS 200-486] Changing DSP latency (root=add_ln141_101) to 3 in order to utilize available DSP registers.
INFO: [HLS 200-486] Changing DSP latency (root=add_ln141_98) to 3 in order to utilize available DSP registers.
INFO: [HLS 200-486] Changing DSP latency (root=add_ln141_97) to 3 in order to utilize available DSP registers.
INFO: [HLS 200-486] Changing DSP latency (root=add_ln141_95) to 3 in order to utilize available DSP registers.
INFO: [HLS 200-486] Changing DSP latency (root=add_ln141_94) to 3 in order to utilize available DSP registers.
INFO: [HLS 200-486] Changing DSP latency (root=add_ln141_89) to 3 in order to utilize available DSP registers.
INFO: [HLS 200-486] Changing DSP latency (root=add_ln141_88) to 3 in order to utilize available DSP registers.
INFO: [HLS 200-486] Changing DSP latency (root=add_ln141_86) to 3 in order to utilize available DSP registers.
INFO: [HLS 200-486] Changing DSP latency (root=add_ln141_85) to 3 in order to utilize available DSP registers.
INFO: [HLS 200-486] Changing DSP latency (root=add_ln141_82) to 3 in order to utilize available DSP registers.
INFO: [HLS 200-486] Changing DSP latency (root=add_ln141_81) to 3 in order to utilize available DSP registers.
INFO: [HLS 200-486] Changing DSP latency (root=add_ln141_79) to 3 in order to utilize available DSP registers.
INFO: [HLS 200-486] Changing DSP latency (root=add_ln141_78) to 3 in order to utilize available DSP registers.
INFO: [HLS 200-486] Changing DSP latency (root=add_ln141_74) to 3 in order to utilize available DSP registers.
INFO: [HLS 200-486] Changing DSP latency (root=add_ln141_73) to 3 in order to utilize available DSP registers.
INFO: [HLS 200-486] Changing DSP latency (root=add_ln141_71) to 3 in order to utilize available DSP registers.
INFO: [HLS 200-486] Changing DSP latency (root=add_ln141_70) to 3 in order to utilize available DSP registers.
INFO: [HLS 200-486] Changing DSP latency (root=add_ln141_67) to 3 in order to utilize available DSP registers.
INFO: [HLS 200-486] Changing DSP latency (root=add_ln141_66) to 3 in order to utilize available DSP registers.
INFO: [HLS 200-486] Changing DSP latency (root=add_ln141_64) to 3 in order to utilize available DSP registers.
INFO: [HLS 200-486] Changing DSP latency (root=add_ln141_63) to 3 in order to utilize available DSP registers.
INFO: [HLS 200-486] Changing DSP latency (root=add_ln141_57) to 3 in order to utilize available DSP registers.
INFO: [HLS 200-486] Changing DSP latency (root=add_ln141_56) to 3 in order to utilize available DSP registers.
INFO: [HLS 200-486] Changing DSP latency (root=add_ln141_54) to 3 in order to utilize available DSP registers.
INFO: [HLS 200-486] Changing DSP latency (root=add_ln141_53) to 3 in order to utilize available DSP registers.
INFO: [HLS 200-486] Changing DSP latency (root=add_ln141_50) to 3 in order to utilize available DSP registers.
INFO: [HLS 200-486] Changing DSP latency (root=add_ln141_49) to 3 in order to utilize available DSP registers.
INFO: [HLS 200-486] Changing DSP latency (root=add_ln141_47) to 3 in order to utilize available DSP registers.
INFO: [HLS 200-486] Changing DSP latency (root=add_ln141_46) to 3 in order to utilize available DSP registers.
INFO: [HLS 200-486] Changing DSP latency (root=add_ln141_42) to 3 in order to utilize available DSP registers.
INFO: [HLS 200-486] Changing DSP latency (root=add_ln141_41) to 3 in order to utilize available DSP registers.
INFO: [HLS 200-486] Changing DSP latency (root=add_ln141_39) to 3 in order to utilize available DSP registers.
INFO: [HLS 200-486] Changing DSP latency (root=add_ln141_38) to 3 in order to utilize available DSP registers.
INFO: [HLS 200-486] Changing DSP latency (root=add_ln141_35) to 3 in order to utilize available DSP registers.
INFO: [HLS 200-486] Changing DSP latency (root=add_ln141_34) to 3 in order to utilize available DSP registers.
INFO: [HLS 200-486] Changing DSP latency (root=add_ln141_32) to 3 in order to utilize available DSP registers.
INFO: [HLS 200-486] Changing DSP latency (root=add_ln141_31) to 3 in order to utilize available DSP registers.
INFO: [HLS 200-486] Changing DSP latency (root=add_ln141_26) to 3 in order to utilize available DSP registers.
INFO: [HLS 200-486] Changing DSP latency (root=add_ln141_25) to 3 in order to utilize available DSP registers.
INFO: [HLS 200-486] Changing DSP latency (root=add_ln141_23) to 3 in order to utilize available DSP registers.
INFO: [HLS 200-486] Changing DSP latency (root=add_ln141_22) to 3 in order to utilize available DSP registers.
INFO: [HLS 200-486] Changing DSP latency (root=add_ln141_19) to 3 in order to utilize available DSP registers.
INFO: [HLS 200-486] Changing DSP latency (root=add_ln141_18) to 3 in order to utilize available DSP registers.
INFO: [HLS 200-486] Changing DSP latency (root=add_ln141_16) to 3 in order to utilize available DSP registers.
INFO: [HLS 200-486] Changing DSP latency (root=add_ln141_15) to 3 in order to utilize available DSP registers.
INFO: [HLS 200-486] Changing DSP latency (root=add_ln141_11) to 3 in order to utilize available DSP registers.
INFO: [HLS 200-486] Changing DSP latency (root=add_ln141_10) to 3 in order to utilize available DSP registers.
INFO: [HLS 200-486] Changing DSP latency (root=add_ln141_8) to 3 in order to utilize available DSP registers.
INFO: [HLS 200-486] Changing DSP latency (root=add_ln141_7) to 3 in order to utilize available DSP registers.
INFO: [HLS 200-486] Changing DSP latency (root=add_ln141_4) to 3 in order to utilize available DSP registers.
INFO: [HLS 200-486] Changing DSP latency (root=add_ln141_3) to 3 in order to utilize available DSP registers.
INFO: [HLS 200-486] Changing DSP latency (root=add_ln141_1) to 3 in order to utilize available DSP registers.
INFO: [HLS 200-486] Changing DSP latency (root=add_ln141) to 3 in order to utilize available DSP registers.
INFO: [SCHED 204-61] Pipelining loop 'VITIS_LOOP_136_11'.
INFO: [HLS 200-1470] Pipelining result : Target II = 1, Final II = 1, Depth = 19, loop 'VITIS_LOOP_136_11'
WARNING: [HLS 200-871] Estimated clock period (8.479 ns) exceeds the target (target clock period: 10.000 ns, clock uncertainty: 2.700 ns, effective delay budget: 7.300 ns).
Resolution: For help on HLS 200-871 see docs.xilinx.com/access/sources/dita/topic?Doc_Version=2023.2%20English&url=ug1448-hls-guidance&resourceid=200-871.html
WARNING: [HLS 200-1016] The critical path in module 'attention_int8_kernel_Pipeline_VITIS_LOOP_136_11' consists of the following:
	'fcmp' operation 1 bit ('tmp_76', /home/siyenga7/FPGA/attention_int8.cpp:146) [1497]  (5.095 ns)
	'and' operation 1 bit ('and_ln146', /home/siyenga7/FPGA/attention_int8.cpp:146) [1498]  (0.000 ns)
	'and' operation 1 bit ('and_ln146_1', /home/siyenga7/FPGA/attention_int8.cpp:146) [1499]  (0.978 ns)
	'select' operation 32 bit ('rmax', /home/siyenga7/FPGA/attention_int8.cpp:146) [1500]  (0.796 ns)
	'store' operation 0 bit ('rmax_write_ln135', /home/siyenga7/FPGA/attention_int8.cpp:135) of variable 'rmax', /home/siyenga7/FPGA/attention_int8.cpp:146 on local variable 'rmax', /home/siyenga7/FPGA/attention_int8.cpp:135 [1502]  (1.610 ns)

Resolution: For help on HLS 200-1016 see docs.xilinx.com/access/sources/dita/topic?Doc_Version=2023.2%20English&url=ug1448-hls-guidance&resourceid=200-1016.html
INFO: [SCHED 204-11] Finished scheduling.
INFO: [HLS 200-111] Finished Scheduling: CPU user time: 1.05 seconds. CPU system time: 0.02 seconds. Elapsed time: 1.38 seconds; current allocated memory: 521.195 MB.
INFO: [BIND 205-100] Starting micro-architecture generation ...
INFO: [BIND 205-101] Performing variable lifetime analysis.
INFO: [BIND 205-101] Exploring resource sharing.
INFO: [BIND 205-101] Binding ...
INFO: [BIND 205-100] Finished micro-architecture generation.
INFO: [HLS 200-111] Finished Binding: CPU user time: 0.17 seconds. CPU system time: 0 seconds. Elapsed time: 0.22 seconds; current allocated memory: 521.195 MB.
INFO: [HLS 200-10] ----------------------------------------------------------------
INFO: [HLS 200-42] -- Implementing module 'attention_int8_kernel_Pipeline_VITIS_LOOP_160_14' 
INFO: [HLS 200-10] ----------------------------------------------------------------
INFO: [SCHED 204-11] Starting scheduling ...
INFO: [SCHED 204-61] Pipelining loop 'VITIS_LOOP_160_14'.
WARNING: [HLS 200-882] User specified resource constraint cannot be honored The memory core ROM_1P_BRAM has insufficient ports to support accesses to array 'fast_expflut' (II = 1)..
Resolution: For help on HLS 200-882 see docs.xilinx.com/access/sources/dita/topic?Doc_Version=2023.2%20English&url=ug1448-hls-guidance&resourceid=200-882.html
INFO: [HLS 200-1470] Pipelining result : Target II = 1, Final II = 2, Depth = 62, loop 'VITIS_LOOP_160_14'
INFO: [SCHED 204-11] Finished scheduling.
INFO: [HLS 200-111] Finished Scheduling: CPU user time: 0.26 seconds. CPU system time: 0.01 seconds. Elapsed time: 0.32 seconds; current allocated memory: 521.195 MB.
INFO: [BIND 205-100] Starting micro-architecture generation ...
INFO: [BIND 205-101] Performing variable lifetime analysis.
INFO: [BIND 205-101] Exploring resource sharing.
INFO: [BIND 205-101] Binding ...
INFO: [BIND 205-100] Finished micro-architecture generation.
INFO: [HLS 200-111] Finished Binding: CPU user time: 0.05 seconds. CPU system time: 0 seconds. Elapsed time: 0.09 seconds; current allocated memory: 521.195 MB.
INFO: [HLS 200-10] ----------------------------------------------------------------
INFO: [HLS 200-42] -- Implementing module 'attention_int8_kernel_Pipeline_VITIS_LOOP_176_16' 
INFO: [HLS 200-10] ----------------------------------------------------------------
INFO: [SCHED 204-11] Starting scheduling ...
INFO: [SCHED 204-61] Pipelining loop 'VITIS_LOOP_176_16'.
INFO: [HLS 200-1470] Pipelining result : Target II = 1, Final II = 1, Depth = 472, loop 'VITIS_LOOP_176_16'
INFO: [SCHED 204-11] Finished scheduling.
INFO: [HLS 200-111] Finished Scheduling: CPU user time: 2.56 seconds. CPU system time: 0.02 seconds. Elapsed time: 2.64 seconds; current allocated memory: 530.539 MB.
INFO: [BIND 205-100] Starting micro-architecture generation ...
INFO: [BIND 205-101] Performing variable lifetime analysis.
INFO: [BIND 205-101] Exploring resource sharing.
INFO: [BIND 205-101] Binding ...
INFO: [BIND 205-100] Finished micro-architecture generation.
INFO: [HLS 200-111] Finished Binding: CPU user time: 0.45 seconds. CPU system time: 0.01 seconds. Elapsed time: 0.53 seconds; current allocated memory: 535.488 MB.
INFO: [HLS 200-10] ----------------------------------------------------------------
INFO: [HLS 200-42] -- Implementing module 'attention_int8_kernel_Pipeline_VITIS_LOOP_190_18_VITIS_LOOP_192_19' 
INFO: [HLS 200-10] ----------------------------------------------------------------
INFO: [SCHED 204-11] Starting scheduling ...
INFO: [SCHED 204-61] Pipelining loop 'VITIS_LOOP_190_18_VITIS_LOOP_192_19'.
INFO: [HLS 200-1470] Pipelining result : Target II = 1, Final II = 1, Depth = 24, loop 'VITIS_LOOP_190_18_VITIS_LOOP_192_19'
WARNING: [HLS 200-871] Estimated clock period (8.491 ns) exceeds the target (target clock period: 10.000 ns, clock uncertainty: 2.700 ns, effective delay budget: 7.300 ns).
Resolution: For help on HLS 200-871 see docs.xilinx.com/access/sources/dita/topic?Doc_Version=2023.2%20English&url=ug1448-hls-guidance&resourceid=200-871.html
WARNING: [HLS 200-1016] The critical path in module 'attention_int8_kernel_Pipeline_VITIS_LOOP_190_18_VITIS_LOOP_192_19' consists of the following:
	'store' operation 0 bit ('d_write_ln192', /home/siyenga7/FPGA/attention_int8.cpp:192) of constant 0 on local variable 'd', /home/siyenga7/FPGA/attention_int8.cpp:192 [147]  (1.610 ns)
	'load' operation 8 bit ('d_load', /home/siyenga7/FPGA/attention_int8.cpp:192) on local variable 'd', /home/siyenga7/FPGA/attention_int8.cpp:192 [156]  (0.000 ns)
	'icmp' operation 1 bit ('icmp_ln192', /home/siyenga7/FPGA/attention_int8.cpp:192) [162]  (2.115 ns)
	'select' operation 8 bit ('select_ln190', /home/siyenga7/FPGA/attention_int8.cpp:190) [163]  (1.041 ns)
	'add' operation 8 bit ('add_ln192', /home/siyenga7/FPGA/attention_int8.cpp:192) [203]  (2.115 ns)
	'store' operation 0 bit ('d_write_ln192', /home/siyenga7/FPGA/attention_int8.cpp:192) of variable 'add_ln192', /home/siyenga7/FPGA/attention_int8.cpp:192 on local variable 'd', /home/siyenga7/FPGA/attention_int8.cpp:192 [206]  (1.610 ns)

Resolution: For help on HLS 200-1016 see docs.xilinx.com/access/sources/dita/topic?Doc_Version=2023.2%20English&url=ug1448-hls-guidance&resourceid=200-1016.html
INFO: [SCHED 204-11] Finished scheduling.
INFO: [HLS 200-111] Finished Scheduling: CPU user time: 0.24 seconds. CPU system time: 0.02 seconds. Elapsed time: 0.34 seconds; current allocated memory: 538.000 MB.
INFO: [BIND 205-100] Starting micro-architecture generation ...
INFO: [BIND 205-101] Performing variable lifetime analysis.
INFO: [BIND 205-101] Exploring resource sharing.
INFO: [BIND 205-101] Binding ...
INFO: [BIND 205-100] Finished micro-architecture generation.
INFO: [HLS 200-111] Finished Binding: CPU user time: 0.03 seconds. CPU system time: 0 seconds. Elapsed time: 0.06 seconds; current allocated memory: 538.000 MB.
INFO: [HLS 200-10] ----------------------------------------------------------------
INFO: [HLS 200-42] -- Implementing module 'attention_int8_kernel' 
INFO: [HLS 200-10] ----------------------------------------------------------------
INFO: [SCHED 204-11] Starting scheduling ...
INFO: [SCHED 204-11] Finished scheduling.
INFO: [HLS 200-111] Finished Scheduling: CPU user time: 14.03 seconds. CPU system time: 0.05 seconds. Elapsed time: 14.2 seconds; current allocated memory: 622.602 MB.
INFO: [BIND 205-100] Starting micro-architecture generation ...
INFO: [BIND 205-101] Performing variable lifetime analysis.
INFO: [BIND 205-101] Exploring resource sharing.
INFO: [BIND 205-101] Binding ...
INFO: [BIND 205-100] Finished micro-architecture generation.
INFO: [HLS 200-111] Finished Binding: CPU user time: 2.85 seconds. CPU system time: 0.02 seconds. Elapsed time: 2.96 seconds; current allocated memory: 622.602 MB.
INFO: [HLS 200-10] ----------------------------------------------------------------
INFO: [HLS 200-10] -- Generating RTL for module 'attention_int8_kernel_Pipeline_VITIS_LOOP_91_3_VITIS_LOOP_92_4' 
INFO: [HLS 200-10] ----------------------------------------------------------------
INFO: [HLS 200-1030] Apply Unified Pipeline Control on module 'attention_int8_kernel_Pipeline_VITIS_LOOP_91_3_VITIS_LOOP_92_4' pipeline 'VITIS_LOOP_91_3_VITIS_LOOP_92_4' pipeline type 'loop pipeline'
WARNING: [RTGEN 206-101] Setting dangling out port 'attention_int8_kernel_Pipeline_VITIS_LOOP_91_3_VITIS_LOOP_92_4/m_axi_gmem0_ARVALID' to 0.
WARNING: [RTGEN 206-101] Setting dangling out port 'attention_int8_kernel_Pipeline_VITIS_LOOP_91_3_VITIS_LOOP_92_4/m_axi_gmem0_ARADDR' to 0.
WARNING: [RTGEN 206-101] Setting dangling out port 'attention_int8_kernel_Pipeline_VITIS_LOOP_91_3_VITIS_LOOP_92_4/m_axi_gmem0_ARID' to 0.
WARNING: [RTGEN 206-101] Setting dangling out port 'attention_int8_kernel_Pipeline_VITIS_LOOP_91_3_VITIS_LOOP_92_4/m_axi_gmem0_ARLEN' to 0.
WARNING: [RTGEN 206-101] Setting dangling out port 'attention_int8_kernel_Pipeline_VITIS_LOOP_91_3_VITIS_LOOP_92_4/m_axi_gmem0_ARSIZE' to 0.
WARNING: [RTGEN 206-101] Setting dangling out port 'attention_int8_kernel_Pipeline_VITIS_LOOP_91_3_VITIS_LOOP_92_4/m_axi_gmem0_ARBURST' to 0.
WARNING: [RTGEN 206-101] Setting dangling out port 'attention_int8_kernel_Pipeline_VITIS_LOOP_91_3_VITIS_LOOP_92_4/m_axi_gmem0_ARLOCK' to 0.
WARNING: [RTGEN 206-101] Setting dangling out port 'attention_int8_kernel_Pipeline_VITIS_LOOP_91_3_VITIS_LOOP_92_4/m_axi_gmem0_ARCACHE' to 0.
WARNING: [RTGEN 206-101] Setting dangling out port 'attention_int8_kernel_Pipeline_VITIS_LOOP_91_3_VITIS_LOOP_92_4/m_axi_gmem0_ARPROT' to 0.
WARNING: [RTGEN 206-101] Setting dangling out port 'attention_int8_kernel_Pipeline_VITIS_LOOP_91_3_VITIS_LOOP_92_4/m_axi_gmem0_ARQOS' to 0.
WARNING: [RTGEN 206-101] Setting dangling out port 'attention_int8_kernel_Pipeline_VITIS_LOOP_91_3_VITIS_LOOP_92_4/m_axi_gmem0_ARREGION' to 0.
WARNING: [RTGEN 206-101] Setting dangling out port 'attention_int8_kernel_Pipeline_VITIS_LOOP_91_3_VITIS_LOOP_92_4/m_axi_gmem0_ARUSER' to 0.
INFO: [RTGEN 206-100] Finished creating RTL model for 'attention_int8_kernel_Pipeline_VITIS_LOOP_91_3_VITIS_LOOP_92_4'.
INFO: [HLS 200-111] Finished Creating RTL model: CPU user time: 0.67 seconds. CPU system time: 0.03 seconds. Elapsed time: 0.88 seconds; current allocated memory: 622.602 MB.
INFO: [HLS 200-10] ----------------------------------------------------------------
INFO: [HLS 200-10] -- Generating RTL for module 'attention_int8_kernel_Pipeline_VITIS_LOOP_99_5' 
INFO: [HLS 200-10] ----------------------------------------------------------------
INFO: [RTGEN 206-100] Finished creating RTL model for 'attention_int8_kernel_Pipeline_VITIS_LOOP_99_5'.
INFO: [HLS 200-111] Finished Creating RTL model: CPU user time: 0.19 seconds. CPU system time: 0.02 seconds. Elapsed time: 0.29 seconds; current allocated memory: 622.602 MB.
INFO: [HLS 200-10] ----------------------------------------------------------------
INFO: [HLS 200-10] -- Generating RTL for module 'attention_int8_kernel_Pipeline_VITIS_LOOP_119_8_VITIS_LOOP_120_9' 
INFO: [HLS 200-10] ----------------------------------------------------------------
INFO: [HLS 200-1030] Apply Unified Pipeline Control on module 'attention_int8_kernel_Pipeline_VITIS_LOOP_119_8_VITIS_LOOP_120_9' pipeline 'VITIS_LOOP_119_8_VITIS_LOOP_120_9' pipeline type 'loop pipeline'
WARNING: [RTGEN 206-101] Setting dangling out port 'attention_int8_kernel_Pipeline_VITIS_LOOP_119_8_VITIS_LOOP_120_9/m_axi_gmem1_ARVALID' to 0.
WARNING: [RTGEN 206-101] Setting dangling out port 'attention_int8_kernel_Pipeline_VITIS_LOOP_119_8_VITIS_LOOP_120_9/m_axi_gmem1_ARADDR' to 0.
WARNING: [RTGEN 206-101] Setting dangling out port 'attention_int8_kernel_Pipeline_VITIS_LOOP_119_8_VITIS_LOOP_120_9/m_axi_gmem1_ARID' to 0.
WARNING: [RTGEN 206-101] Setting dangling out port 'attention_int8_kernel_Pipeline_VITIS_LOOP_119_8_VITIS_LOOP_120_9/m_axi_gmem1_ARLEN' to 0.
WARNING: [RTGEN 206-101] Setting dangling out port 'attention_int8_kernel_Pipeline_VITIS_LOOP_119_8_VITIS_LOOP_120_9/m_axi_gmem1_ARSIZE' to 0.
WARNING: [RTGEN 206-101] Setting dangling out port 'attention_int8_kernel_Pipeline_VITIS_LOOP_119_8_VITIS_LOOP_120_9/m_axi_gmem1_ARBURST' to 0.
WARNING: [RTGEN 206-101] Setting dangling out port 'attention_int8_kernel_Pipeline_VITIS_LOOP_119_8_VITIS_LOOP_120_9/m_axi_gmem1_ARLOCK' to 0.
WARNING: [RTGEN 206-101] Setting dangling out port 'attention_int8_kernel_Pipeline_VITIS_LOOP_119_8_VITIS_LOOP_120_9/m_axi_gmem1_ARCACHE' to 0.
WARNING: [RTGEN 206-101] Setting dangling out port 'attention_int8_kernel_Pipeline_VITIS_LOOP_119_8_VITIS_LOOP_120_9/m_axi_gmem1_ARPROT' to 0.
WARNING: [RTGEN 206-101] Setting dangling out port 'attention_int8_kernel_Pipeline_VITIS_LOOP_119_8_VITIS_LOOP_120_9/m_axi_gmem1_ARQOS' to 0.
WARNING: [RTGEN 206-101] Setting dangling out port 'attention_int8_kernel_Pipeline_VITIS_LOOP_119_8_VITIS_LOOP_120_9/m_axi_gmem1_ARREGION' to 0.
WARNING: [RTGEN 206-101] Setting dangling out port 'attention_int8_kernel_Pipeline_VITIS_LOOP_119_8_VITIS_LOOP_120_9/m_axi_gmem1_ARUSER' to 0.
WARNING: [RTGEN 206-101] Setting dangling out port 'attention_int8_kernel_Pipeline_VITIS_LOOP_119_8_VITIS_LOOP_120_9/m_axi_gmem2_ARVALID' to 0.
WARNING: [RTGEN 206-101] Setting dangling out port 'attention_int8_kernel_Pipeline_VITIS_LOOP_119_8_VITIS_LOOP_120_9/m_axi_gmem2_ARADDR' to 0.
WARNING: [RTGEN 206-101] Setting dangling out port 'attention_int8_kernel_Pipeline_VITIS_LOOP_119_8_VITIS_LOOP_120_9/m_axi_gmem2_ARID' to 0.
WARNING: [RTGEN 206-101] Setting dangling out port 'attention_int8_kernel_Pipeline_VITIS_LOOP_119_8_VITIS_LOOP_120_9/m_axi_gmem2_ARLEN' to 0.
WARNING: [RTGEN 206-101] Setting dangling out port 'attention_int8_kernel_Pipeline_VITIS_LOOP_119_8_VITIS_LOOP_120_9/m_axi_gmem2_ARSIZE' to 0.
WARNING: [RTGEN 206-101] Setting dangling out port 'attention_int8_kernel_Pipeline_VITIS_LOOP_119_8_VITIS_LOOP_120_9/m_axi_gmem2_ARBURST' to 0.
WARNING: [RTGEN 206-101] Setting dangling out port 'attention_int8_kernel_Pipeline_VITIS_LOOP_119_8_VITIS_LOOP_120_9/m_axi_gmem2_ARLOCK' to 0.
WARNING: [RTGEN 206-101] Setting dangling out port 'attention_int8_kernel_Pipeline_VITIS_LOOP_119_8_VITIS_LOOP_120_9/m_axi_gmem2_ARCACHE' to 0.
WARNING: [RTGEN 206-101] Setting dangling out port 'attention_int8_kernel_Pipeline_VITIS_LOOP_119_8_VITIS_LOOP_120_9/m_axi_gmem2_ARPROT' to 0.
WARNING: [RTGEN 206-101] Setting dangling out port 'attention_int8_kernel_Pipeline_VITIS_LOOP_119_8_VITIS_LOOP_120_9/m_axi_gmem2_ARQOS' to 0.
WARNING: [RTGEN 206-101] Setting dangling out port 'attention_int8_kernel_Pipeline_VITIS_LOOP_119_8_VITIS_LOOP_120_9/m_axi_gmem2_ARREGION' to 0.
WARNING: [RTGEN 206-101] Setting dangling out port 'attention_int8_kernel_Pipeline_VITIS_LOOP_119_8_VITIS_LOOP_120_9/m_axi_gmem2_ARUSER' to 0.
INFO: [RTGEN 206-104] Estimated max fanout for 'attention_int8_kernel_Pipeline_VITIS_LOOP_119_8_VITIS_LOOP_120_9' is 7936 from HDL expression: ((ap_enable_reg_pp0_iter2 == 1'b1) & (1'b0 == ap_block_pp0_stage0))
INFO: [RTGEN 206-100] Finished creating RTL model for 'attention_int8_kernel_Pipeline_VITIS_LOOP_119_8_VITIS_LOOP_120_9'.
INFO: [HLS 200-111] Finished Creating RTL model: CPU user time: 0.38 seconds. CPU system time: 0.02 seconds. Elapsed time: 0.6 seconds; current allocated memory: 622.602 MB.
INFO: [HLS 200-10] ----------------------------------------------------------------
INFO: [HLS 200-10] -- Generating RTL for module 'attention_int8_kernel_Pipeline_VITIS_LOOP_136_11' 
INFO: [HLS 200-10] ----------------------------------------------------------------
INFO: [HLS 200-1030] Apply Unified Pipeline Control on module 'attention_int8_kernel_Pipeline_VITIS_LOOP_136_11' pipeline 'VITIS_LOOP_136_11' pipeline type 'loop pipeline'
INFO: [RTGEN 206-100] Generating core module 'fcmp_32ns_32ns_1_2_no_dsp_1': 1 instance(s).
INFO: [RTGEN 206-100] Generating core module 'fmul_32ns_32ns_32_4_max_dsp_1': 1 instance(s).
INFO: [RTGEN 206-100] Generating core module 'mac_muladd_8s_8s_16s_17_4_1': 64 instance(s).
INFO: [RTGEN 206-100] Generating core module 'mul_8s_8s_16_1_1': 64 instance(s).
INFO: [RTGEN 206-100] Generating core module 'sitofp_32s_32_6_no_dsp_1': 1 instance(s).
INFO: [RTGEN 206-100] Finished creating RTL model for 'attention_int8_kernel_Pipeline_VITIS_LOOP_136_11'.
INFO: [HLS 200-111] Finished Creating RTL model: CPU user time: 0.86 seconds. CPU system time: 0.09 seconds. Elapsed time: 1.18 seconds; current allocated memory: 657.164 MB.
INFO: [HLS 200-10] ----------------------------------------------------------------
INFO: [HLS 200-10] -- Generating RTL for module 'attention_int8_kernel_Pipeline_VITIS_LOOP_160_14' 
INFO: [HLS 200-10] ----------------------------------------------------------------
INFO: [HLS 200-1030] Apply Unified Pipeline Control on module 'attention_int8_kernel_Pipeline_VITIS_LOOP_160_14' pipeline 'VITIS_LOOP_160_14' pipeline type 'loop pipeline'
INFO: [RTGEN 206-100] Generating core module 'faddfsub_32ns_32ns_32_7_full_dsp_1': 2 instance(s).
INFO: [RTGEN 206-100] Generating core module 'fcmp_32ns_32ns_1_2_no_dsp_1': 1 instance(s).
INFO: [RTGEN 206-100] Generating core module 'fdiv_32ns_32ns_32_16_no_dsp_1': 1 instance(s).
INFO: [RTGEN 206-100] Generating core module 'fmul_32ns_32ns_32_4_max_dsp_1': 1 instance(s).
INFO: [RTGEN 206-100] Generating core module 'sitofp_32ns_32_6_no_dsp_1': 1 instance(s).
INFO: [RTGEN 206-100] Generating core module 'sparsemux_17_3_32_1_1': 1 instance(s).
INFO: [RTGEN 206-100] Finished creating RTL model for 'attention_int8_kernel_Pipeline_VITIS_LOOP_160_14'.
INFO: [RTMG 210-279] Implementing memory 'attention_int8_kernel_attention_int8_kernel_Pipeline_VITIS_LOOP_160_14_fast_expflut_ROM_1P_BRAM_1R' using block ROMs.
INFO: [RTMG 210-279] Implementing memory 'attention_int8_kernel_attention_int8_kernel_Pipeline_VITIS_LOOP_160_14_fast_expflut_1_ROM_1P_BRAM_1R' using block ROMs.
INFO: [HLS 200-111] Finished Creating RTL model: CPU user time: 0.49 seconds. CPU system time: 0.07 seconds. Elapsed time: 0.77 seconds; current allocated memory: 681.879 MB.
INFO: [HLS 200-10] ----------------------------------------------------------------
INFO: [HLS 200-10] -- Generating RTL for module 'attention_int8_kernel_Pipeline_VITIS_LOOP_176_16' 
INFO: [HLS 200-10] ----------------------------------------------------------------
INFO: [HLS 200-1030] Apply Unified Pipeline Control on module 'attention_int8_kernel_Pipeline_VITIS_LOOP_176_16' pipeline 'VITIS_LOOP_176_16' pipeline type 'loop pipeline'
INFO: [RTGEN 206-104] Estimated max fanout for 'attention_int8_kernel_Pipeline_VITIS_LOOP_176_16' is 41627 from HDL expression: (1'b0 == ap_block_pp0_stage0_11001)
INFO: [RTGEN 206-100] Generating core module 'fadd_32ns_32ns_32_7_full_dsp_1': 63 instance(s).
INFO: [RTGEN 206-100] Generating core module 'faddfsub_32ns_32ns_32_7_full_dsp_1': 2 instance(s).
INFO: [RTGEN 206-100] Generating core module 'fmul_32ns_32ns_32_4_max_dsp_1': 129 instance(s).
INFO: [RTGEN 206-100] Generating core module 'sitofp_32s_32_6_no_dsp_1': 64 instance(s).
INFO: [RTGEN 206-100] Generating core module 'sparsemux_17_3_32_1_1': 1 instance(s).
INFO: [RTGEN 206-100] Generating core module 'sparsemux_17_3_8_1_1': 64 instance(s).
INFO: [RTGEN 206-100] Finished creating RTL model for 'attention_int8_kernel_Pipeline_VITIS_LOOP_176_16'.
INFO: [HLS 200-111] Finished Creating RTL model: CPU user time: 1.58 seconds. CPU system time: 0.06 seconds. Elapsed time: 1.83 seconds; current allocated memory: 763.148 MB.
INFO: [HLS 200-10] ----------------------------------------------------------------
INFO: [HLS 200-10] -- Generating RTL for module 'attention_int8_kernel_Pipeline_VITIS_LOOP_190_18_VITIS_LOOP_192_19' 
INFO: [HLS 200-10] ----------------------------------------------------------------
INFO: [HLS 200-1030] Apply Unified Pipeline Control on module 'attention_int8_kernel_Pipeline_VITIS_LOOP_190_18_VITIS_LOOP_192_19' pipeline 'VITIS_LOOP_190_18_VITIS_LOOP_192_19' pipeline type 'loop pipeline'
WARNING: [RTGEN 206-101] Setting dangling out port 'attention_int8_kernel_Pipeline_VITIS_LOOP_190_18_VITIS_LOOP_192_19/m_axi_gmem3_AWVALID' to 0.
WARNING: [RTGEN 206-101] Setting dangling out port 'attention_int8_kernel_Pipeline_VITIS_LOOP_190_18_VITIS_LOOP_192_19/m_axi_gmem3_AWADDR' to 0.
WARNING: [RTGEN 206-101] Setting dangling out port 'attention_int8_kernel_Pipeline_VITIS_LOOP_190_18_VITIS_LOOP_192_19/m_axi_gmem3_AWID' to 0.
WARNING: [RTGEN 206-101] Setting dangling out port 'attention_int8_kernel_Pipeline_VITIS_LOOP_190_18_VITIS_LOOP_192_19/m_axi_gmem3_AWLEN' to 0.
WARNING: [RTGEN 206-101] Setting dangling out port 'attention_int8_kernel_Pipeline_VITIS_LOOP_190_18_VITIS_LOOP_192_19/m_axi_gmem3_AWSIZE' to 0.
WARNING: [RTGEN 206-101] Setting dangling out port 'attention_int8_kernel_Pipeline_VITIS_LOOP_190_18_VITIS_LOOP_192_19/m_axi_gmem3_AWBURST' to 0.
WARNING: [RTGEN 206-101] Setting dangling out port 'attention_int8_kernel_Pipeline_VITIS_LOOP_190_18_VITIS_LOOP_192_19/m_axi_gmem3_AWLOCK' to 0.
WARNING: [RTGEN 206-101] Setting dangling out port 'attention_int8_kernel_Pipeline_VITIS_LOOP_190_18_VITIS_LOOP_192_19/m_axi_gmem3_AWCACHE' to 0.
WARNING: [RTGEN 206-101] Setting dangling out port 'attention_int8_kernel_Pipeline_VITIS_LOOP_190_18_VITIS_LOOP_192_19/m_axi_gmem3_AWPROT' to 0.
WARNING: [RTGEN 206-101] Setting dangling out port 'attention_int8_kernel_Pipeline_VITIS_LOOP_190_18_VITIS_LOOP_192_19/m_axi_gmem3_AWQOS' to 0.
WARNING: [RTGEN 206-101] Setting dangling out port 'attention_int8_kernel_Pipeline_VITIS_LOOP_190_18_VITIS_LOOP_192_19/m_axi_gmem3_AWREGION' to 0.
WARNING: [RTGEN 206-101] Setting dangling out port 'attention_int8_kernel_Pipeline_VITIS_LOOP_190_18_VITIS_LOOP_192_19/m_axi_gmem3_AWUSER' to 0.
WARNING: [RTGEN 206-101] Setting dangling out port 'attention_int8_kernel_Pipeline_VITIS_LOOP_190_18_VITIS_LOOP_192_19/m_axi_gmem3_BREADY' to 0.
INFO: [RTGEN 206-100] Generating core module 'fcmp_32ns_32ns_1_2_no_dsp_1': 1 instance(s).
INFO: [RTGEN 206-100] Generating core module 'fdiv_32ns_32ns_32_16_no_dsp_1': 1 instance(s).
INFO: [RTGEN 206-100] Generating core module 'fmul_32ns_32ns_32_4_max_dsp_1': 1 instance(s).
INFO: [RTGEN 206-100] Generating core module 'sparsemux_129_6_32_1_1': 1 instance(s).
INFO: [RTGEN 206-100] Generating core module 'sparsemux_17_3_32_1_1': 1 instance(s).
INFO: [RTGEN 206-100] Generating core module 'sptohp_32ns_16_2_no_dsp_1': 1 instance(s).
INFO: [RTGEN 206-100] Finished creating RTL model for 'attention_int8_kernel_Pipeline_VITIS_LOOP_190_18_VITIS_LOOP_192_19'.
INFO: [HLS 200-111] Finished Creating RTL model: CPU user time: 0.91 seconds. CPU system time: 0.09 seconds. Elapsed time: 1.29 seconds; current allocated memory: 791.910 MB.
INFO: [HLS 200-10] ----------------------------------------------------------------
INFO: [HLS 200-10] -- Generating RTL for module 'attention_int8_kernel' 
INFO: [HLS 200-10] ----------------------------------------------------------------
WARNING: [RTGEN 206-101] Design contains AXI ports. Reset is fixed to synchronous and active low.
INFO: [RTGEN 206-500] Setting interface mode on port 'attention_int8_kernel/gmem0' to 'm_axi'.
INFO: [RTGEN 206-500] Setting interface mode on port 'attention_int8_kernel/gmem1' to 'm_axi'.
INFO: [RTGEN 206-500] Setting interface mode on port 'attention_int8_kernel/gmem2' to 'm_axi'.
INFO: [RTGEN 206-500] Setting interface mode on port 'attention_int8_kernel/gmem3' to 'm_axi'.
INFO: [RTGEN 206-500] Setting interface mode on port 'attention_int8_kernel/Q_in' to 's_axilite & ap_none'.
INFO: [RTGEN 206-500] Setting interface mode on port 'attention_int8_kernel/K_in' to 's_axilite & ap_none'.
INFO: [RTGEN 206-500] Setting interface mode on port 'attention_int8_kernel/V_in' to 's_axilite & ap_none'.
INFO: [RTGEN 206-500] Setting interface mode on port 'attention_int8_kernel/O_out' to 's_axilite & ap_none'.
INFO: [RTGEN 206-500] Setting interface mode on port 'attention_int8_kernel/q_scale' to 's_axilite & ap_none'.
INFO: [RTGEN 206-500] Setting interface mode on port 'attention_int8_kernel/v_scale' to 's_axilite & ap_none'.
INFO: [RTGEN 206-500] Setting interface mode on function 'attention_int8_kernel' to 's_axilite & ap_ctrl_hs'.
INFO: [RTGEN 206-100] Bundling port 'Q_in', 'K_in', 'V_in', 'O_out', 'q_scale', 'v_scale' to AXI-Lite port control.
INFO: [RTGEN 206-100] Generating core module 'faddfsub_32ns_32ns_32_7_full_dsp_1': 2 instance(s).
INFO: [RTGEN 206-100] Generating core module 'fcmp_32ns_32ns_1_2_no_dsp_1': 1 instance(s).
INFO: [RTGEN 206-100] Generating core module 'fdiv_32ns_32ns_32_16_no_dsp_1': 1 instance(s).
INFO: [RTGEN 206-100] Generating core module 'fmul_32ns_32ns_32_4_max_dsp_1': 1 instance(s).
INFO: [RTGEN 206-100] Generating core module 'sitofp_32ns_32_6_no_dsp_1': 1 instance(s).
INFO: [RTGEN 206-100] Generating core module 'sparsemux_129_6_32_1_1': 3 instance(s).
INFO: [RTGEN 206-100] Finished creating RTL model for 'attention_int8_kernel'.
INFO: [RTMG 210-278] Implementing memory 'attention_int8_kernel_Q_tile_RAM_AUTO_1R1W' using auto RAMs.
INFO: [RTMG 210-278] Implementing memory 'attention_int8_kernel_O_tile_RAM_AUTO_1R1W' using auto RAMs.
INFO: [RTMG 210-278] Implementing memory 'attention_int8_kernel_V_tile_RAM_AUTO_1R1W' using auto RAMs.
INFO: [RTMG 210-278] Implementing memory 'attention_int8_kernel_scores_RAM_AUTO_1R1W' using auto RAMs.
INFO: [HLS 200-111] Finished Creating RTL model: CPU user time: 2 seconds. CPU system time: 0.08 seconds. Elapsed time: 2.49 seconds; current allocated memory: 877.871 MB.
INFO: [HLS 200-111] Finished Generating all RTL models: CPU user time: 2.25 seconds. CPU system time: 0.33 seconds. Elapsed time: 4.13 seconds; current allocated memory: 966.117 MB.
INFO: [HLS 200-1603] Design has inferred MAXI bursts and missed bursts, see Vitis HLS GUI synthesis summary report for detailed information.
INFO: [HLS 200-111] Finished Updating report files: CPU user time: 4.12 seconds. CPU system time: 0.07 seconds. Elapsed time: 4.44 seconds; current allocated memory: 998.246 MB.
INFO: [VHDL 208-304] Generating VHDL RTL for attention_int8_kernel.
INFO: [VLOG 209-307] Generating Verilog RTL for attention_int8_kernel.
INFO: [HLS 200-790] **** Loop Constraint Status: All loop constraints were NOT satisfied.
INFO: [HLS 200-789] **** Estimated Fmax: 117.77 MHz
INFO: [HLS 200-111] Finished Command csynth_design CPU user time: 82.41 seconds. CPU system time: 3.34 seconds. Elapsed time: 95.62 seconds; current allocated memory: 773.684 MB.
INFO: [HLS 200-1510] Running: close_project 
INFO: [HLS 200-112] Total CPU user time: 84.14 seconds. Total CPU system time: 3.86 seconds. Total elapsed time: 101.53 seconds; peak allocated memory: 998.246 MB.
INFO: [Common 17-206] Exiting vitis_hls at Sat Apr 25 16:05:34 2026...
INFO: [v++ 60-791] Total elapsed time: 0h 1m 45s
