INFO: [v++ 60-1548] Creating build summary session with primary output /home/siyenga7/FPGA/hls_component/attention_int8_kernel/attention_int8_kernel.hlscompile_summary, at Sat Apr 25 16:32:39 2026
INFO: [v++ 82-31] Launching vitis_hls: vitis_hls -nolog -run csynth -work_dir /home/siyenga7/FPGA/hls_component/attention_int8_kernel -config /home/siyenga7/FPGA/hls_component/hls_config.cfg -cmdlineconfig /home/siyenga7/FPGA/hls_component/attention_int8_kernel/hls/config.cmdline

****** Vitis HLS - High-Level Synthesis from C, C++ and OpenCL v2023.2 (64-bit)
  **** SW Build 4023990 on Oct 11 2023
  **** IP Build 4028589 on Sat Oct 14 00:45:43 MDT 2023
  **** SharedData Build 4025554 on Tue Oct 10 17:18:54 MDT 2023
    ** Copyright 1986-2022 Xilinx, Inc. All Rights Reserved.
    ** Copyright 2022-2023 Advanced Micro Devices, Inc. All Rights Reserved.

source /packages/apps/fpga/Vitis_HLS/2023.2/scripts/vitis_hls/hls.tcl -notrace
INFO: [HLS 200-10] Running '/packages/apps/fpga/Vitis_HLS/2023.2/bin/unwrapped/lnx64.o/vitis_hls'
INFO: [HLS 200-10] For user 'siyenga7' on host 'sc008' (Linux_x86_64 version 4.18.0-553.77.1.el8_10.x86_64) on Sat Apr 25 16:32:41 MST 2026
INFO: [HLS 200-10] In directory '/home/siyenga7/FPGA/hls_component'
INFO: [HLS 200-1909] Reading HLS ini file /home/siyenga7/FPGA/hls_component/hls_config.cfg
INFO: [HLS 200-1909] Reading HLS ini file /home/siyenga7/FPGA/hls_component/attention_int8_kernel/hls/config.cmdline
INFO: [HLS 200-2005] Using work_dir /home/siyenga7/FPGA/hls_component/attention_int8_kernel 
INFO: [HLS 200-1510] Running: open_project /home/siyenga7/FPGA/hls_component/attention_int8_kernel -diskless 
INFO: [HLS 200-1510] Running: open_solution hls 
INFO: [HLS 200-1505] Using default flow_target 'vivado'
Resolution: For help on HLS 200-1505 see docs.xilinx.com/access/sources/dita/topic?Doc_Version=2023.2%20English&url=ug1448-hls-guidance&resourceid=200-1505.html
INFO: [HLS 200-1510] Running: apply_ini /home/siyenga7/FPGA/hls_component/hls_config.cfg 
INFO: [HLS 200-1909] Reading HLS ini file /home/siyenga7/FPGA/hls_component/hls_config.cfg
INFO: [HLS 200-1465] Applying ini 'syn.file=/home/siyenga7/FPGA/attention_int8.cpp' at /home/siyenga7/FPGA/hls_component/hls_config.cfg(7)
INFO: [HLS 200-10] Adding design file '/home/siyenga7/FPGA/attention_int8.cpp' to the project
INFO: [HLS 200-1465] Applying ini 'syn.file=/home/siyenga7/FPGA/attention_top.h' at /home/siyenga7/FPGA/hls_component/hls_config.cfg(8)
INFO: [HLS 200-10] Adding design file '/home/siyenga7/FPGA/attention_top.h' to the project
INFO: [HLS 200-1465] Applying ini 'syn.top=attention_int8_kernel' at /home/siyenga7/FPGA/hls_component/hls_config.cfg(9)
INFO: [HLS 200-1465] Applying ini 'flow_target=vivado' at /home/siyenga7/FPGA/hls_component/hls_config.cfg(4)
INFO: [HLS 200-1505] Using flow_target 'vivado'
Resolution: For help on HLS 200-1505 see docs.xilinx.com/access/sources/dita/topic?Doc_Version=2023.2%20English&url=ug1448-hls-guidance&resourceid=200-1505.html
INFO: [HLS 200-1465] Applying ini 'part=xc7a200tsbg484-1' at /home/siyenga7/FPGA/hls_component/hls_config.cfg(1)
INFO: [HLS 200-1611] Setting target device to 'xc7a200t-sbg484-1'
INFO: [HLS 200-1465] Applying ini 'clock=10' at /home/siyenga7/FPGA/hls_component/hls_config.cfg(10)
INFO: [SYN 201-201] Setting up clock 'default' with a period of 10ns.
INFO: [HLS 200-1465] Applying ini 'package.output.format=ip_catalog' at /home/siyenga7/FPGA/hls_component/hls_config.cfg(5)
INFO: [HLS 200-1510] Running: apply_ini /home/siyenga7/FPGA/hls_component/attention_int8_kernel/hls/config.cmdline 
INFO: [HLS 200-1909] Reading HLS ini file /home/siyenga7/FPGA/hls_component/attention_int8_kernel/hls/config.cmdline
INFO: [HLS 200-1510] Running: csynth_design 
INFO: [HLS 200-111] Finished File checks and directory preparation: CPU user time: 0.07 seconds. CPU system time: 0.01 seconds. Elapsed time: 0.09 seconds; current allocated memory: 224.562 MB.
INFO: [HLS 200-10] Analyzing design file '/home/siyenga7/FPGA/attention_int8.cpp' ... 
INFO: [HLS 200-111] Finished Source Code Analysis and Preprocessing: CPU user time: 18.86 seconds. CPU system time: 1.56 seconds. Elapsed time: 20.95 seconds; current allocated memory: 231.980 MB.
INFO: [HLS 200-777] Using interface defaults for 'Vivado' flow target.
INFO: [HLS 200-1995] There were 4,920 instructions in the design after the 'Compile/Link' phase of compilation. See the Design Size Report for more details: /home/siyenga7/FPGA/hls_component/attention_int8_kernel/hls/syn/report/csynth_design_size.rpt
INFO: [HLS 200-1995] There were 3,148 instructions in the design after the 'Unroll/Inline (step 1)' phase of compilation. See the Design Size Report for more details: /home/siyenga7/FPGA/hls_component/attention_int8_kernel/hls/syn/report/csynth_design_size.rpt
INFO: [HLS 200-1995] There were 2,706 instructions in the design after the 'Unroll/Inline (step 2)' phase of compilation. See the Design Size Report for more details: /home/siyenga7/FPGA/hls_component/attention_int8_kernel/hls/syn/report/csynth_design_size.rpt
INFO: [HLS 200-1995] There were 2,679 instructions in the design after the 'Unroll/Inline (step 3)' phase of compilation. See the Design Size Report for more details: /home/siyenga7/FPGA/hls_component/attention_int8_kernel/hls/syn/report/csynth_design_size.rpt
INFO: [HLS 200-1995] There were 2,623 instructions in the design after the 'Unroll/Inline (step 4)' phase of compilation. See the Design Size Report for more details: /home/siyenga7/FPGA/hls_component/attention_int8_kernel/hls/syn/report/csynth_design_size.rpt
INFO: [HLS 200-1995] There were 43,525 instructions in the design after the 'Array/Struct (step 1)' phase of compilation. See the Design Size Report for more details: /home/siyenga7/FPGA/hls_component/attention_int8_kernel/hls/syn/report/csynth_design_size.rpt
INFO: [HLS 200-1995] There were 8,269 instructions in the design after the 'Array/Struct (step 2)' phase of compilation. See the Design Size Report for more details: /home/siyenga7/FPGA/hls_component/attention_int8_kernel/hls/syn/report/csynth_design_size.rpt
INFO: [HLS 200-1995] There were 8,269 instructions in the design after the 'Array/Struct (step 3)' phase of compilation. See the Design Size Report for more details: /home/siyenga7/FPGA/hls_component/attention_int8_kernel/hls/syn/report/csynth_design_size.rpt
INFO: [HLS 200-1995] There were 8,262 instructions in the design after the 'Array/Struct (step 4)' phase of compilation. See the Design Size Report for more details: /home/siyenga7/FPGA/hls_component/attention_int8_kernel/hls/syn/report/csynth_design_size.rpt
INFO: [HLS 200-1995] There were 8,209 instructions in the design after the 'Array/Struct (step 5)' phase of compilation. See the Design Size Report for more details: /home/siyenga7/FPGA/hls_component/attention_int8_kernel/hls/syn/report/csynth_design_size.rpt
INFO: [HLS 200-1995] There were 7,950 instructions in the design after the 'Performance' phase of compilation. See the Design Size Report for more details: /home/siyenga7/FPGA/hls_component/attention_int8_kernel/hls/syn/report/csynth_design_size.rpt
INFO: [HLS 200-1995] There were 7,950 instructions in the design after the 'Performance (step 2)' phase of compilation. See the Design Size Report for more details: /home/siyenga7/FPGA/hls_component/attention_int8_kernel/hls/syn/report/csynth_design_size.rpt
INFO: [HLS 200-1995] There were 49,350 instructions in the design after the 'Performance (step 3)' phase of compilation. See the Design Size Report for more details: /home/siyenga7/FPGA/hls_component/attention_int8_kernel/hls/syn/report/csynth_design_size.rpt
INFO: [HLS 200-1995] There were 16,055 instructions in the design after the 'Performance (step 4)' phase of compilation. See the Design Size Report for more details: /home/siyenga7/FPGA/hls_component/attention_int8_kernel/hls/syn/report/csynth_design_size.rpt
INFO: [HLS 200-1995] There were 16,063 instructions in the design after the 'HW Transforms (step 1)' phase of compilation. See the Design Size Report for more details: /home/siyenga7/FPGA/hls_component/attention_int8_kernel/hls/syn/report/csynth_design_size.rpt
INFO: [HLS 200-1995] There were 13,686 instructions in the design after the 'HW Transforms (step 2)' phase of compilation. See the Design Size Report for more details: /home/siyenga7/FPGA/hls_component/attention_int8_kernel/hls/syn/report/csynth_design_size.rpt
INFO: [HLS 214-131] Inlining function 'fast_expf(float)' into 'attention_int8_kernel' (/home/siyenga7/FPGA/attention_int8.cpp:170:13)
INFO: [HLS 214-131] Inlining function 'fast_expf(float)' into 'attention_int8_kernel' (/home/siyenga7/FPGA/attention_int8.cpp:163:47)
INFO: [HLS 214-291] Loop 'VITIS_LOOP_112_6' is marked as complete unroll implied by the pipeline pragma (/home/siyenga7/FPGA/attention_int8.cpp:112:35)
INFO: [HLS 214-291] Loop 'VITIS_LOOP_149_12' is marked as complete unroll implied by the pipeline pragma (/home/siyenga7/FPGA/attention_int8.cpp:149:44)
INFO: [HLS 214-291] Loop 'VITIS_LOOP_183_17' is marked as complete unroll implied by the pipeline pragma (/home/siyenga7/FPGA/attention_int8.cpp:183:44)
INFO: [HLS 214-186] Unrolling loop 'VITIS_LOOP_112_6' (/home/siyenga7/FPGA/attention_int8.cpp:112:35) in function 'attention_int8_kernel' completely with a factor of 128 (/home/siyenga7/FPGA/attention_int8.cpp:64:0)
INFO: [HLS 214-186] Unrolling loop 'VITIS_LOOP_149_12' (/home/siyenga7/FPGA/attention_int8.cpp:149:44) in function 'attention_int8_kernel' completely with a factor of 128 (/home/siyenga7/FPGA/attention_int8.cpp:64:0)
INFO: [HLS 214-186] Unrolling loop 'VITIS_LOOP_174_15' (/home/siyenga7/FPGA/attention_int8.cpp:174:40) in function 'attention_int8_kernel' completely with a factor of 64 (/home/siyenga7/FPGA/attention_int8.cpp:64:0)
INFO: [HLS 214-186] Unrolling loop 'VITIS_LOOP_183_17' (/home/siyenga7/FPGA/attention_int8.cpp:183:44) in function 'attention_int8_kernel' completely with a factor of 64 (/home/siyenga7/FPGA/attention_int8.cpp:64:0)
INFO: [HLS 214-178] Inlining function 'fp_struct<float>::fp_struct(float)' into 'int generic_cast_IEEE754<int, (ap_q_mode)6, float>(float, bool, hls::enable_if<std::numeric_limits<int>::is_signed, bool>::type)' (/wrk/ci/prod/2023.2/hls_product/continuous/689/2023.2/src/shared/hls/clib/hlsmath/include/FloatingPoint/hls_case_IEEE754.h:12:0)
INFO: [HLS 214-178] Inlining function 'fp_struct<float>::mantissa() const' into 'int generic_cast_IEEE754<int, (ap_q_mode)6, float>(float, bool, hls::enable_if<std::numeric_limits<int>::is_signed, bool>::type)' (/wrk/ci/prod/2023.2/hls_product/continuous/689/2023.2/src/shared/hls/clib/hlsmath/include/FloatingPoint/hls_case_IEEE754.h:12:0)
INFO: [HLS 214-178] Inlining function 'fp_struct<float>::expv() const' into 'int generic_cast_IEEE754<int, (ap_q_mode)6, float>(float, bool, hls::enable_if<std::numeric_limits<int>::is_signed, bool>::type)' (/wrk/ci/prod/2023.2/hls_product/continuous/689/2023.2/src/shared/hls/clib/hlsmath/include/FloatingPoint/hls_case_IEEE754.h:12:0)
INFO: [HLS 214-178] Inlining function 'fp_struct<float>::__signbit() const' into 'int generic_cast_IEEE754<int, (ap_q_mode)6, float>(float, bool, hls::enable_if<std::numeric_limits<int>::is_signed, bool>::type)' (/wrk/ci/prod/2023.2/hls_product/continuous/689/2023.2/src/shared/hls/clib/hlsmath/include/FloatingPoint/hls_case_IEEE754.h:12:0)
INFO: [HLS 214-178] Inlining function 'int generic_cast_IEEE754<int, (ap_q_mode)6, float>(float, bool, hls::enable_if<std::numeric_limits<int>::is_signed, bool>::type)' into 'int generic_cast_IEEE754<int, float>(float, bool)' (/wrk/ci/prod/2023.2/hls_product/continuous/689/2023.2/src/shared/hls/clib/hlsmath/include/FloatingPoint/hls_case_IEEE754.h:116:0)
INFO: [HLS 214-178] Inlining function 'int generic_cast_IEEE754<int, float>(float, bool)' into '__hls_fptosi_float_i32' (/wrk/ci/prod/2023.2/hls_product/continuous/689/2023.2/src/shared/hls/clib/hlsmath/src/lib_floatconversion.cpp:51:0)
INFO: [HLS 214-178] Inlining function '__hls_fptosi_float_i32' into 'attention_int8_kernel' (/home/siyenga7/FPGA/attention_int8.cpp:64:0)
INFO: [HLS 214-248] Applying array_partition to '_ZZL9fast_expffE3lut': Complete partitioning on dimension 1. (/home/siyenga7/FPGA/attention_int8.cpp:37:0)
INFO: [HLS 214-248] Applying array_partition to 'Q_tile': Complete partitioning on dimension 2. (/home/siyenga7/FPGA/attention_int8.cpp:91:17)
INFO: [HLS 214-248] Applying array_partition to 'O_tile': Cyclic partitioning with factor 8 on dimension 2. (/home/siyenga7/FPGA/attention_int8.cpp:92:19)
INFO: [HLS 214-248] Applying array_partition to 'm_state': Complete partitioning on dimension 1. (/home/siyenga7/FPGA/attention_int8.cpp:93:19)
INFO: [HLS 214-248] Applying array_partition to 'l_state': Complete partitioning on dimension 1. (/home/siyenga7/FPGA/attention_int8.cpp:94:19)
INFO: [HLS 214-248] Applying array_partition to 'K_tile': Complete partitioning on dimension 2. (/home/siyenga7/FPGA/attention_int8.cpp:121:21)
INFO: [HLS 214-248] Applying array_partition to 'V_tile': Cyclic partitioning with factor 8 on dimension 2. (/home/siyenga7/FPGA/attention_int8.cpp:122:21)
INFO: [HLS 214-248] Applying array_partition to 'scores': Cyclic partitioning with factor 8 on dimension 2. (/home/siyenga7/FPGA/attention_int8.cpp:138:23)
INFO: [HLS 214-248] Applying array_partition to 'row_max': Complete partitioning on dimension 1. (/home/siyenga7/FPGA/attention_int8.cpp:139:23)
INFO: [HLS 214-248] Applying array_partition to 'P_row': Complete partitioning on dimension 1. (/home/siyenga7/FPGA/attention_int8.cpp:165:27)
INFO: [HLS 214-270] Inferring pragma 'array_partition type=complete dim=1' for array 'V_tile_0' due to pipeline pragma (/home/siyenga7/FPGA/attention_int8.cpp:181:9)
INFO: [HLS 214-270] Inferring pragma 'array_partition type=complete dim=1' for array 'V_tile_1' due to pipeline pragma (/home/siyenga7/FPGA/attention_int8.cpp:181:9)
INFO: [HLS 214-270] Inferring pragma 'array_partition type=complete dim=1' for array 'V_tile_2' due to pipeline pragma (/home/siyenga7/FPGA/attention_int8.cpp:181:9)
INFO: [HLS 214-270] Inferring pragma 'array_partition type=complete dim=1' for array 'V_tile_3' due to pipeline pragma (/home/siyenga7/FPGA/attention_int8.cpp:181:9)
INFO: [HLS 214-270] Inferring pragma 'array_partition type=complete dim=1' for array 'V_tile_4' due to pipeline pragma (/home/siyenga7/FPGA/attention_int8.cpp:181:9)
INFO: [HLS 214-270] Inferring pragma 'array_partition type=complete dim=1' for array 'V_tile_5' due to pipeline pragma (/home/siyenga7/FPGA/attention_int8.cpp:181:9)
INFO: [HLS 214-270] Inferring pragma 'array_partition type=complete dim=1' for array 'V_tile_6' due to pipeline pragma (/home/siyenga7/FPGA/attention_int8.cpp:181:9)
INFO: [HLS 214-270] Inferring pragma 'array_partition type=complete dim=1' for array 'V_tile_7' due to pipeline pragma (/home/siyenga7/FPGA/attention_int8.cpp:181:9)
INFO: [HLS 214-248] Applying array_partition to 'V_tile_0': Complete partitioning on dimension 1. (/home/siyenga7/FPGA/attention_int8.cpp:122:21)
INFO: [HLS 214-248] Applying array_partition to 'V_tile_1': Complete partitioning on dimension 1. (/home/siyenga7/FPGA/attention_int8.cpp:122:21)
INFO: [HLS 214-248] Applying array_partition to 'V_tile_2': Complete partitioning on dimension 1. (/home/siyenga7/FPGA/attention_int8.cpp:122:21)
INFO: [HLS 214-248] Applying array_partition to 'V_tile_3': Complete partitioning on dimension 1. (/home/siyenga7/FPGA/attention_int8.cpp:122:21)
INFO: [HLS 214-248] Applying array_partition to 'V_tile_4': Complete partitioning on dimension 1. (/home/siyenga7/FPGA/attention_int8.cpp:122:21)
INFO: [HLS 214-248] Applying array_partition to 'V_tile_5': Complete partitioning on dimension 1. (/home/siyenga7/FPGA/attention_int8.cpp:122:21)
INFO: [HLS 214-248] Applying array_partition to 'V_tile_6': Complete partitioning on dimension 1. (/home/siyenga7/FPGA/attention_int8.cpp:122:21)
INFO: [HLS 214-248] Applying array_partition to 'V_tile_7': Complete partitioning on dimension 1. (/home/siyenga7/FPGA/attention_int8.cpp:122:21)
INFO: [HLS 214-115] Multiple burst reads of length 4194304 and bit width 8 in loop 'VITIS_LOOP_81_1'(/home/siyenga7/FPGA/attention_int8.cpp:81:19) has been inferred on bundle 'gmem0'. These burst requests might be further partitioned into multiple requests during RTL generation, based on max_read_burst_length or max_write_burst_length settings. (/home/siyenga7/FPGA/attention_int8.cpp:81:19)
INFO: [HLS 214-115] Multiple burst writes of length 4194304 and bit width 16 in loop 'VITIS_LOOP_81_1'(/home/siyenga7/FPGA/attention_int8.cpp:81:19) has been inferred on bundle 'gmem3'. These burst requests might be further partitioned into multiple requests during RTL generation, based on max_read_burst_length or max_write_burst_length settings. (/home/siyenga7/FPGA/attention_int8.cpp:81:19)
INFO: [HLS 214-115] Multiple burst reads of length 8192 and bit width 8 in loop 'VITIS_LOOP_130_8'(/home/siyenga7/FPGA/attention_int8.cpp:130:20) has been inferred on bundle 'gmem1'. These burst requests might be further partitioned into multiple requests during RTL generation, based on max_read_burst_length or max_write_burst_length settings. (/home/siyenga7/FPGA/attention_int8.cpp:130:20)
INFO: [HLS 214-115] Multiple burst reads of length 8192 and bit width 8 in loop 'VITIS_LOOP_130_8'(/home/siyenga7/FPGA/attention_int8.cpp:130:20) has been inferred on bundle 'gmem2'. These burst requests might be further partitioned into multiple requests during RTL generation, based on max_read_burst_length or max_write_burst_length settings. (/home/siyenga7/FPGA/attention_int8.cpp:130:20)
INFO: [HLS 200-111] Finished Compiling Optimization and Transform: CPU user time: 12.95 seconds. CPU system time: 0.64 seconds. Elapsed time: 17.8 seconds; current allocated memory: 233.160 MB.
INFO: [HLS 200-111] Finished Checking Pragmas: CPU user time: 0 seconds. CPU system time: 0 seconds. Elapsed time: 0 seconds; current allocated memory: 233.160 MB.
INFO: [HLS 200-10] Starting code transformations ...
INFO: [HLS 200-111] Finished Standard Transforms: CPU user time: 1.11 seconds. CPU system time: 0.01 seconds. Elapsed time: 1.15 seconds; current allocated memory: 259.512 MB.
INFO: [HLS 200-10] Checking synthesizability ...
INFO: [HLS 200-111] Finished Checking Synthesizability: CPU user time: 0.86 seconds. CPU system time: 0.01 seconds. Elapsed time: 0.88 seconds; current allocated memory: 266.484 MB.
INFO: [XFORM 203-401] Performing if-conversion on hyperblock from (/home/siyenga7/FPGA/attention_int8.cpp:169:9) to (/home/siyenga7/FPGA/attention_int8.cpp:170:11) in function 'attention_int8_kernel'... converting 3 basic blocks.
INFO: [XFORM 203-401] Performing if-conversion on hyperblock from (/home/siyenga7/FPGA/attention_int8.cpp:93:19) to (/home/siyenga7/FPGA/attention_int8.cpp:168:21) in function 'attention_int8_kernel'... converting 3 basic blocks.
INFO: [XFORM 203-11] Balancing expressions in function 'attention_int8_kernel' (/home/siyenga7/FPGA/attention_int8.cpp:15:38)...127 expression(s) balanced.
INFO: [HLS 200-111] Finished Loop, function and other optimizations: CPU user time: 4.91 seconds. CPU system time: 0.05 seconds. Elapsed time: 5.02 seconds; current allocated memory: 339.195 MB.
INFO: [HLS 200-2061] Successfully converted nested loops 'VITIS_LOOP_101_3'(/home/siyenga7/FPGA/attention_int8.cpp:101:20) and 'VITIS_LOOP_102_4'(/home/siyenga7/FPGA/attention_int8.cpp:102:35) in function 'attention_int8_kernel' into perfectly nested loops.
INFO: [HLS 200-2061] Successfully converted nested loops 'VITIS_LOOP_130_8'(/home/siyenga7/FPGA/attention_int8.cpp:130:20) and 'VITIS_LOOP_131_9'(/home/siyenga7/FPGA/attention_int8.cpp:131:39) in function 'attention_int8_kernel' into perfectly nested loops.
INFO: [HLS 200-2061] Successfully converted nested loops 'VITIS_LOOP_193_18'(/home/siyenga7/FPGA/attention_int8.cpp:193:32) and 'VITIS_LOOP_195_19'(/home/siyenga7/FPGA/attention_int8.cpp:195:36) in function 'attention_int8_kernel' into perfectly nested loops.
INFO: [XFORM 203-541] Flattening a loop nest 'VITIS_LOOP_101_3' (/home/siyenga7/FPGA/attention_int8.cpp:101:20) in function 'attention_int8_kernel'.
INFO: [XFORM 203-541] Flattening a loop nest 'VITIS_LOOP_130_8' (/home/siyenga7/FPGA/attention_int8.cpp:130:20) in function 'attention_int8_kernel'.
WARNING: [HLS 200-960] Cannot flatten loop 'VITIS_LOOP_144_10' (/home/siyenga7/FPGA/attention_int8.cpp:144:21) in function 'attention_int8_kernel' the outer loop is not a perfect loop because there is nontrivial logic before entering the inner loop.
Resolution: For help on HLS 200-960 see docs.xilinx.com/access/sources/dita/topic?Doc_Version=2023.2%20English&url=ug1448-hls-guidance&resourceid=200-960.html
INFO: [XFORM 203-541] Flattening a loop nest 'VITIS_LOOP_193_18' (/home/siyenga7/FPGA/attention_int8.cpp:193:32) in function 'attention_int8_kernel'.
INFO: [XFORM 203-541] Flattening a loop nest 'VITIS_LOOP_81_1' (/home/siyenga7/FPGA/attention_int8.cpp:81:19) in function 'attention_int8_kernel'.
INFO: [HLS 200-111] Finished Architecture Synthesis: CPU user time: 5.93 seconds. CPU system time: 0.06 seconds. Elapsed time: 6.06 seconds; current allocated memory: 456.125 MB.
INFO: [HLS 200-10] Starting hardware synthesis ...
INFO: [HLS 200-10] Synthesizing 'attention_int8_kernel' ...
INFO: [HLS 200-10] ----------------------------------------------------------------
INFO: [HLS 200-42] -- Implementing module 'attention_int8_kernel_Pipeline_VITIS_LOOP_101_3_VITIS_LOOP_102_4' 
INFO: [HLS 200-10] ----------------------------------------------------------------
INFO: [SCHED 204-11] Starting scheduling ...
INFO: [SCHED 204-61] Pipelining loop 'VITIS_LOOP_101_3_VITIS_LOOP_102_4'.
INFO: [HLS 200-1470] Pipelining result : Target II = 1, Final II = 1, Depth = 3, loop 'VITIS_LOOP_101_3_VITIS_LOOP_102_4'
INFO: [SCHED 204-11] Finished scheduling.
INFO: [HLS 200-111] Finished Scheduling: CPU user time: 0.88 seconds. CPU system time: 0.05 seconds. Elapsed time: 1.02 seconds; current allocated memory: 478.305 MB.
INFO: [BIND 205-100] Starting micro-architecture generation ...
INFO: [BIND 205-101] Performing variable lifetime analysis.
INFO: [BIND 205-101] Exploring resource sharing.
INFO: [BIND 205-101] Binding ...
INFO: [BIND 205-100] Finished micro-architecture generation.
INFO: [HLS 200-111] Finished Binding: CPU user time: 0.09 seconds. CPU system time: 0.02 seconds. Elapsed time: 0.13 seconds; current allocated memory: 492.449 MB.
INFO: [HLS 200-10] ----------------------------------------------------------------
INFO: [HLS 200-42] -- Implementing module 'attention_int8_kernel_Pipeline_VITIS_LOOP_108_5' 
INFO: [HLS 200-10] ----------------------------------------------------------------
INFO: [SCHED 204-11] Starting scheduling ...
INFO: [SCHED 204-61] Pipelining loop 'VITIS_LOOP_108_5'.
WARNING: [HLS 200-885] The II Violation in module 'attention_int8_kernel_Pipeline_VITIS_LOOP_108_5' (loop 'VITIS_LOOP_108_5'): Unable to schedule 'store' operation 0 bit ('O_tile_addr_1_write_ln114', /home/siyenga7/FPGA/attention_int8.cpp:114) of constant 0 on array 'O_tile' due to limited memory ports (II = 1). Please consider using a memory core with more ports or partitioning the array 'O_tile'.
Resolution: For help on HLS 200-885 see docs.xilinx.com/access/sources/dita/topic?Doc_Version=2023.2%20English&url=ug1448-hls-guidance&resourceid=200-885.html
WARNING: [HLS 200-885] The II Violation in module 'attention_int8_kernel_Pipeline_VITIS_LOOP_108_5' (loop 'VITIS_LOOP_108_5'): Unable to schedule 'store' operation 0 bit ('O_tile_addr_3_write_ln114', /home/siyenga7/FPGA/attention_int8.cpp:114) of constant 0 on array 'O_tile' due to limited memory ports (II = 2). Please consider using a memory core with more ports or partitioning the array 'O_tile'.
Resolution: For help on HLS 200-885 see docs.xilinx.com/access/sources/dita/topic?Doc_Version=2023.2%20English&url=ug1448-hls-guidance&resourceid=200-885.html
WARNING: [HLS 200-885] The II Violation in module 'attention_int8_kernel_Pipeline_VITIS_LOOP_108_5' (loop 'VITIS_LOOP_108_5'): Unable to schedule 'store' operation 0 bit ('O_tile_addr_5_write_ln114', /home/siyenga7/FPGA/attention_int8.cpp:114) of constant 0 on array 'O_tile' due to limited memory ports (II = 3). Please consider using a memory core with more ports or partitioning the array 'O_tile'.
Resolution: For help on HLS 200-885 see docs.xilinx.com/access/sources/dita/topic?Doc_Version=2023.2%20English&url=ug1448-hls-guidance&resourceid=200-885.html
WARNING: [HLS 200-885] The II Violation in module 'attention_int8_kernel_Pipeline_VITIS_LOOP_108_5' (loop 'VITIS_LOOP_108_5'): Unable to schedule 'store' operation 0 bit ('O_tile_addr_7_write_ln114', /home/siyenga7/FPGA/attention_int8.cpp:114) of constant 0 on array 'O_tile' due to limited memory ports (II = 4). Please consider using a memory core with more ports or partitioning the array 'O_tile'.
Resolution: For help on HLS 200-885 see docs.xilinx.com/access/sources/dita/topic?Doc_Version=2023.2%20English&url=ug1448-hls-guidance&resourceid=200-885.html
WARNING: [HLS 200-885] The II Violation in module 'attention_int8_kernel_Pipeline_VITIS_LOOP_108_5' (loop 'VITIS_LOOP_108_5'): Unable to schedule 'store' operation 0 bit ('O_tile_addr_13_write_ln114', /home/siyenga7/FPGA/attention_int8.cpp:114) of constant 0 on array 'O_tile' due to limited memory ports (II = 7). Please consider using a memory core with more ports or partitioning the array 'O_tile'.
Resolution: For help on HLS 200-885 see docs.xilinx.com/access/sources/dita/topic?Doc_Version=2023.2%20English&url=ug1448-hls-guidance&resourceid=200-885.html
INFO: [HLS 200-1470] Pipelining result : Target II = 1, Final II = 8, Depth = 8, loop 'VITIS_LOOP_108_5'
INFO: [SCHED 204-11] Finished scheduling.
INFO: [HLS 200-111] Finished Scheduling: CPU user time: 0.25 seconds. CPU system time: 0 seconds. Elapsed time: 0.33 seconds; current allocated memory: 492.449 MB.
INFO: [BIND 205-100] Starting micro-architecture generation ...
INFO: [BIND 205-101] Performing variable lifetime analysis.
INFO: [BIND 205-101] Exploring resource sharing.
INFO: [BIND 205-101] Binding ...
INFO: [BIND 205-100] Finished micro-architecture generation.
INFO: [HLS 200-111] Finished Binding: CPU user time: 0.03 seconds. CPU system time: 0.01 seconds. Elapsed time: 0.07 seconds; current allocated memory: 492.449 MB.
INFO: [HLS 200-10] ----------------------------------------------------------------
INFO: [HLS 200-42] -- Implementing module 'attention_int8_kernel_Pipeline_VITIS_LOOP_130_8_VITIS_LOOP_131_9' 
INFO: [HLS 200-10] ----------------------------------------------------------------
INFO: [SCHED 204-11] Starting scheduling ...
INFO: [SCHED 204-61] Pipelining loop 'VITIS_LOOP_130_8_VITIS_LOOP_131_9'.
INFO: [HLS 200-1470] Pipelining result : Target II = 1, Final II = 1, Depth = 3, loop 'VITIS_LOOP_130_8_VITIS_LOOP_131_9'
WARNING: [HLS 200-871] Estimated clock period (8.491 ns) exceeds the target (target clock period: 10.000 ns, clock uncertainty: 2.700 ns, effective delay budget: 7.300 ns).
Resolution: For help on HLS 200-871 see docs.xilinx.com/access/sources/dita/topic?Doc_Version=2023.2%20English&url=ug1448-hls-guidance&resourceid=200-871.html
WARNING: [HLS 200-1016] The critical path in module 'attention_int8_kernel_Pipeline_VITIS_LOOP_130_8_VITIS_LOOP_131_9' consists of the following:
	'store' operation 0 bit ('d_write_ln131', /home/siyenga7/FPGA/attention_int8.cpp:131) of constant 0 on local variable 'd', /home/siyenga7/FPGA/attention_int8.cpp:131 [654]  (1.610 ns)
	'load' operation 8 bit ('d_load', /home/siyenga7/FPGA/attention_int8.cpp:131) on local variable 'd', /home/siyenga7/FPGA/attention_int8.cpp:131 [664]  (0.000 ns)
	'icmp' operation 1 bit ('icmp_ln131', /home/siyenga7/FPGA/attention_int8.cpp:131) [671]  (2.115 ns)
	'select' operation 8 bit ('select_ln130', /home/siyenga7/FPGA/attention_int8.cpp:130) [672]  (1.041 ns)
	'add' operation 8 bit ('add_ln131', /home/siyenga7/FPGA/attention_int8.cpp:131) [3279]  (2.115 ns)
	'store' operation 0 bit ('d_write_ln131', /home/siyenga7/FPGA/attention_int8.cpp:131) of variable 'add_ln131', /home/siyenga7/FPGA/attention_int8.cpp:131 on local variable 'd', /home/siyenga7/FPGA/attention_int8.cpp:131 [3282]  (1.610 ns)

Resolution: For help on HLS 200-1016 see docs.xilinx.com/access/sources/dita/topic?Doc_Version=2023.2%20English&url=ug1448-hls-guidance&resourceid=200-1016.html
INFO: [SCHED 204-11] Finished scheduling.
INFO: [HLS 200-111] Finished Scheduling: CPU user time: 2.24 seconds. CPU system time: 0.02 seconds. Elapsed time: 2.31 seconds; current allocated memory: 521.863 MB.
INFO: [BIND 205-100] Starting micro-architecture generation ...
INFO: [BIND 205-101] Performing variable lifetime analysis.
INFO: [BIND 205-101] Exploring resource sharing.
INFO: [BIND 205-101] Binding ...
INFO: [BIND 205-100] Finished micro-architecture generation.
INFO: [HLS 200-111] Finished Binding: CPU user time: 0.3 seconds. CPU system time: 0.01 seconds. Elapsed time: 0.36 seconds; current allocated memory: 521.863 MB.
INFO: [HLS 200-10] ----------------------------------------------------------------
INFO: [HLS 200-42] -- Implementing module 'attention_int8_kernel_Pipeline_VITIS_LOOP_146_11' 
INFO: [HLS 200-10] ----------------------------------------------------------------
INFO: [SCHED 204-11] Starting scheduling ...
INFO: [HLS 200-486] Changing DSP latency (root=add_ln151_120) to 3 in order to utilize available DSP registers.
INFO: [HLS 200-486] Changing DSP latency (root=add_ln151_119) to 3 in order to utilize available DSP registers.
INFO: [HLS 200-486] Changing DSP latency (root=add_ln151_117) to 3 in order to utilize available DSP registers.
INFO: [HLS 200-486] Changing DSP latency (root=add_ln151_116) to 3 in order to utilize available DSP registers.
INFO: [HLS 200-486] Changing DSP latency (root=add_ln151_113) to 3 in order to utilize available DSP registers.
INFO: [HLS 200-486] Changing DSP latency (root=add_ln151_112) to 3 in order to utilize available DSP registers.
INFO: [HLS 200-486] Changing DSP latency (root=add_ln151_110) to 3 in order to utilize available DSP registers.
INFO: [HLS 200-486] Changing DSP latency (root=add_ln151_109) to 3 in order to utilize available DSP registers.
INFO: [HLS 200-486] Changing DSP latency (root=add_ln151_105) to 3 in order to utilize available DSP registers.
INFO: [HLS 200-486] Changing DSP latency (root=add_ln151_104) to 3 in order to utilize available DSP registers.
INFO: [HLS 200-486] Changing DSP latency (root=add_ln151_102) to 3 in order to utilize available DSP registers.
INFO: [HLS 200-486] Changing DSP latency (root=add_ln151_101) to 3 in order to utilize available DSP registers.
INFO: [HLS 200-486] Changing DSP latency (root=add_ln151_98) to 3 in order to utilize available DSP registers.
INFO: [HLS 200-486] Changing DSP latency (root=add_ln151_97) to 3 in order to utilize available DSP registers.
INFO: [HLS 200-486] Changing DSP latency (root=add_ln151_95) to 3 in order to utilize available DSP registers.
INFO: [HLS 200-486] Changing DSP latency (root=add_ln151_94) to 3 in order to utilize available DSP registers.
INFO: [HLS 200-486] Changing DSP latency (root=add_ln151_89) to 3 in order to utilize available DSP registers.
INFO: [HLS 200-486] Changing DSP latency (root=add_ln151_88) to 3 in order to utilize available DSP registers.
INFO: [HLS 200-486] Changing DSP latency (root=add_ln151_86) to 3 in order to utilize available DSP registers.
INFO: [HLS 200-486] Changing DSP latency (root=add_ln151_85) to 3 in order to utilize available DSP registers.
INFO: [HLS 200-486] Changing DSP latency (root=add_ln151_82) to 3 in order to utilize available DSP registers.
INFO: [HLS 200-486] Changing DSP latency (root=add_ln151_81) to 3 in order to utilize available DSP registers.
INFO: [HLS 200-486] Changing DSP latency (root=add_ln151_79) to 3 in order to utilize available DSP registers.
INFO: [HLS 200-486] Changing DSP latency (root=add_ln151_78) to 3 in order to utilize available DSP registers.
INFO: [HLS 200-486] Changing DSP latency (root=add_ln151_74) to 3 in order to utilize available DSP registers.
INFO: [HLS 200-486] Changing DSP latency (root=add_ln151_73) to 3 in order to utilize available DSP registers.
INFO: [HLS 200-486] Changing DSP latency (root=add_ln151_71) to 3 in order to utilize available DSP registers.
INFO: [HLS 200-486] Changing DSP latency (root=add_ln151_70) to 3 in order to utilize available DSP registers.
INFO: [HLS 200-486] Changing DSP latency (root=add_ln151_67) to 3 in order to utilize available DSP registers.
INFO: [HLS 200-486] Changing DSP latency (root=add_ln151_66) to 3 in order to utilize available DSP registers.
INFO: [HLS 200-486] Changing DSP latency (root=add_ln151_64) to 3 in order to utilize available DSP registers.
INFO: [HLS 200-486] Changing DSP latency (root=add_ln151_63) to 3 in order to utilize available DSP registers.
INFO: [HLS 200-486] Changing DSP latency (root=add_ln151_57) to 3 in order to utilize available DSP registers.
INFO: [HLS 200-486] Changing DSP latency (root=add_ln151_56) to 3 in order to utilize available DSP registers.
INFO: [HLS 200-486] Changing DSP latency (root=add_ln151_54) to 3 in order to utilize available DSP registers.
INFO: [HLS 200-486] Changing DSP latency (root=add_ln151_53) to 3 in order to utilize available DSP registers.
INFO: [HLS 200-486] Changing DSP latency (root=add_ln151_50) to 3 in order to utilize available DSP registers.
INFO: [HLS 200-486] Changing DSP latency (root=add_ln151_49) to 3 in order to utilize available DSP registers.
INFO: [HLS 200-486] Changing DSP latency (root=add_ln151_47) to 3 in order to utilize available DSP registers.
INFO: [HLS 200-486] Changing DSP latency (root=add_ln151_46) to 3 in order to utilize available DSP registers.
INFO: [HLS 200-486] Changing DSP latency (root=add_ln151_42) to 3 in order to utilize available DSP registers.
INFO: [HLS 200-486] Changing DSP latency (root=add_ln151_41) to 3 in order to utilize available DSP registers.
INFO: [HLS 200-486] Changing DSP latency (root=add_ln151_39) to 3 in order to utilize available DSP registers.
INFO: [HLS 200-486] Changing DSP latency (root=add_ln151_38) to 3 in order to utilize available DSP registers.
INFO: [HLS 200-486] Changing DSP latency (root=add_ln151_35) to 3 in order to utilize available DSP registers.
INFO: [HLS 200-486] Changing DSP latency (root=add_ln151_34) to 3 in order to utilize available DSP registers.
INFO: [HLS 200-486] Changing DSP latency (root=add_ln151_32) to 3 in order to utilize available DSP registers.
INFO: [HLS 200-486] Changing DSP latency (root=add_ln151_31) to 3 in order to utilize available DSP registers.
INFO: [HLS 200-486] Changing DSP latency (root=add_ln151_26) to 3 in order to utilize available DSP registers.
INFO: [HLS 200-486] Changing DSP latency (root=add_ln151_25) to 3 in order to utilize available DSP registers.
INFO: [HLS 200-486] Changing DSP latency (root=add_ln151_23) to 3 in order to utilize available DSP registers.
INFO: [HLS 200-486] Changing DSP latency (root=add_ln151_22) to 3 in order to utilize available DSP registers.
INFO: [HLS 200-486] Changing DSP latency (root=add_ln151_19) to 3 in order to utilize available DSP registers.
INFO: [HLS 200-486] Changing DSP latency (root=add_ln151_18) to 3 in order to utilize available DSP registers.
INFO: [HLS 200-486] Changing DSP latency (root=add_ln151_16) to 3 in order to utilize available DSP registers.
INFO: [HLS 200-486] Changing DSP latency (root=add_ln151_15) to 3 in order to utilize available DSP registers.
INFO: [HLS 200-486] Changing DSP latency (root=add_ln151_11) to 3 in order to utilize available DSP registers.
INFO: [HLS 200-486] Changing DSP latency (root=add_ln151_10) to 3 in order to utilize available DSP registers.
INFO: [HLS 200-486] Changing DSP latency (root=add_ln151_8) to 3 in order to utilize available DSP registers.
INFO: [HLS 200-486] Changing DSP latency (root=add_ln151_7) to 3 in order to utilize available DSP registers.
INFO: [HLS 200-486] Changing DSP latency (root=add_ln151_4) to 3 in order to utilize available DSP registers.
INFO: [HLS 200-486] Changing DSP latency (root=add_ln151_3) to 3 in order to utilize available DSP registers.
INFO: [HLS 200-486] Changing DSP latency (root=add_ln151_1) to 3 in order to utilize available DSP registers.
INFO: [HLS 200-486] Changing DSP latency (root=add_ln151) to 3 in order to utilize available DSP registers.
INFO: [SCHED 204-61] Pipelining loop 'VITIS_LOOP_146_11'.
INFO: [HLS 200-1470] Pipelining result : Target II = 1, Final II = 1, Depth = 19, loop 'VITIS_LOOP_146_11'
WARNING: [HLS 200-871] Estimated clock period (8.479 ns) exceeds the target (target clock period: 10.000 ns, clock uncertainty: 2.700 ns, effective delay budget: 7.300 ns).
Resolution: For help on HLS 200-871 see docs.xilinx.com/access/sources/dita/topic?Doc_Version=2023.2%20English&url=ug1448-hls-guidance&resourceid=200-871.html
WARNING: [HLS 200-1016] The critical path in module 'attention_int8_kernel_Pipeline_VITIS_LOOP_146_11' consists of the following:
	'fcmp' operation 1 bit ('tmp_76', /home/siyenga7/FPGA/attention_int8.cpp:156) [1497]  (5.095 ns)
	'and' operation 1 bit ('and_ln156', /home/siyenga7/FPGA/attention_int8.cpp:156) [1498]  (0.000 ns)
	'and' operation 1 bit ('and_ln156_1', /home/siyenga7/FPGA/attention_int8.cpp:156) [1499]  (0.978 ns)
	'select' operation 32 bit ('rmax', /home/siyenga7/FPGA/attention_int8.cpp:156) [1500]  (0.796 ns)
	'store' operation 0 bit ('rmax_write_ln145', /home/siyenga7/FPGA/attention_int8.cpp:145) of variable 'rmax', /home/siyenga7/FPGA/attention_int8.cpp:156 on local variable 'rmax', /home/siyenga7/FPGA/attention_int8.cpp:145 [1502]  (1.610 ns)

Resolution: For help on HLS 200-1016 see docs.xilinx.com/access/sources/dita/topic?Doc_Version=2023.2%20English&url=ug1448-hls-guidance&resourceid=200-1016.html
INFO: [SCHED 204-11] Finished scheduling.
INFO: [HLS 200-111] Finished Scheduling: CPU user time: 1.28 seconds. CPU system time: 0.04 seconds. Elapsed time: 1.64 seconds; current allocated memory: 521.863 MB.
INFO: [BIND 205-100] Starting micro-architecture generation ...
INFO: [BIND 205-101] Performing variable lifetime analysis.
INFO: [BIND 205-101] Exploring resource sharing.
INFO: [BIND 205-101] Binding ...
INFO: [BIND 205-100] Finished micro-architecture generation.
INFO: [HLS 200-111] Finished Binding: CPU user time: 0.36 seconds. CPU system time: 0.01 seconds. Elapsed time: 0.42 seconds; current allocated memory: 521.863 MB.
INFO: [HLS 200-10] ----------------------------------------------------------------
INFO: [HLS 200-42] -- Implementing module 'attention_int8_kernel_Pipeline_VITIS_LOOP_168_14' 
INFO: [HLS 200-10] ----------------------------------------------------------------
INFO: [SCHED 204-11] Starting scheduling ...
INFO: [SCHED 204-61] Pipelining loop 'VITIS_LOOP_168_14'.
INFO: [HLS 200-1470] Pipelining result : Target II = 1, Final II = 1, Depth = 60, loop 'VITIS_LOOP_168_14'
INFO: [SCHED 204-11] Finished scheduling.
INFO: [HLS 200-111] Finished Scheduling: CPU user time: 0.48 seconds. CPU system time: 0.02 seconds. Elapsed time: 0.56 seconds; current allocated memory: 521.863 MB.
INFO: [BIND 205-100] Starting micro-architecture generation ...
INFO: [BIND 205-101] Performing variable lifetime analysis.
INFO: [BIND 205-101] Exploring resource sharing.
INFO: [BIND 205-101] Binding ...
INFO: [BIND 205-100] Finished micro-architecture generation.
INFO: [HLS 200-111] Finished Binding: CPU user time: 0.08 seconds. CPU system time: 0.01 seconds. Elapsed time: 0.14 seconds; current allocated memory: 521.863 MB.
INFO: [HLS 200-10] ----------------------------------------------------------------
INFO: [HLS 200-42] -- Implementing module 'attention_int8_kernel_Pipeline_VITIS_LOOP_180_16' 
INFO: [HLS 200-10] ----------------------------------------------------------------
INFO: [SCHED 204-11] Starting scheduling ...
INFO: [SCHED 204-61] Pipelining loop 'VITIS_LOOP_180_16'.
INFO: [HLS 200-1470] Pipelining result : Target II = 1, Final II = 1, Depth = 472, loop 'VITIS_LOOP_180_16'
INFO: [SCHED 204-11] Finished scheduling.
INFO: [HLS 200-111] Finished Scheduling: CPU user time: 3.5 seconds. CPU system time: 0.01 seconds. Elapsed time: 3.58 seconds; current allocated memory: 529.883 MB.
INFO: [BIND 205-100] Starting micro-architecture generation ...
INFO: [BIND 205-101] Performing variable lifetime analysis.
INFO: [BIND 205-101] Exploring resource sharing.
INFO: [BIND 205-101] Binding ...
INFO: [BIND 205-100] Finished micro-architecture generation.
INFO: [HLS 200-111] Finished Binding: CPU user time: 0.48 seconds. CPU system time: 0.01 seconds. Elapsed time: 0.55 seconds; current allocated memory: 534.809 MB.
INFO: [HLS 200-10] ----------------------------------------------------------------
INFO: [HLS 200-42] -- Implementing module 'attention_int8_kernel_Pipeline_VITIS_LOOP_193_18_VITIS_LOOP_195_19' 
INFO: [HLS 200-10] ----------------------------------------------------------------
INFO: [SCHED 204-11] Starting scheduling ...
INFO: [SCHED 204-61] Pipelining loop 'VITIS_LOOP_193_18_VITIS_LOOP_195_19'.
INFO: [HLS 200-1470] Pipelining result : Target II = 1, Final II = 1, Depth = 24, loop 'VITIS_LOOP_193_18_VITIS_LOOP_195_19'
WARNING: [HLS 200-871] Estimated clock period (8.491 ns) exceeds the target (target clock period: 10.000 ns, clock uncertainty: 2.700 ns, effective delay budget: 7.300 ns).
Resolution: For help on HLS 200-871 see docs.xilinx.com/access/sources/dita/topic?Doc_Version=2023.2%20English&url=ug1448-hls-guidance&resourceid=200-871.html
WARNING: [HLS 200-1016] The critical path in module 'attention_int8_kernel_Pipeline_VITIS_LOOP_193_18_VITIS_LOOP_195_19' consists of the following:
	'store' operation 0 bit ('d_write_ln195', /home/siyenga7/FPGA/attention_int8.cpp:195) of constant 0 on local variable 'd', /home/siyenga7/FPGA/attention_int8.cpp:195 [147]  (1.610 ns)
	'load' operation 8 bit ('d_load', /home/siyenga7/FPGA/attention_int8.cpp:195) on local variable 'd', /home/siyenga7/FPGA/attention_int8.cpp:195 [156]  (0.000 ns)
	'icmp' operation 1 bit ('icmp_ln195', /home/siyenga7/FPGA/attention_int8.cpp:195) [162]  (2.115 ns)
	'select' operation 8 bit ('select_ln193', /home/siyenga7/FPGA/attention_int8.cpp:193) [163]  (1.041 ns)
	'add' operation 8 bit ('add_ln195', /home/siyenga7/FPGA/attention_int8.cpp:195) [203]  (2.115 ns)
	'store' operation 0 bit ('d_write_ln195', /home/siyenga7/FPGA/attention_int8.cpp:195) of variable 'add_ln195', /home/siyenga7/FPGA/attention_int8.cpp:195 on local variable 'd', /home/siyenga7/FPGA/attention_int8.cpp:195 [206]  (1.610 ns)

Resolution: For help on HLS 200-1016 see docs.xilinx.com/access/sources/dita/topic?Doc_Version=2023.2%20English&url=ug1448-hls-guidance&resourceid=200-1016.html
INFO: [SCHED 204-11] Finished scheduling.
INFO: [HLS 200-111] Finished Scheduling: CPU user time: 0.28 seconds. CPU system time: 0.02 seconds. Elapsed time: 0.38 seconds; current allocated memory: 537.316 MB.
INFO: [BIND 205-100] Starting micro-architecture generation ...
INFO: [BIND 205-101] Performing variable lifetime analysis.
INFO: [BIND 205-101] Exploring resource sharing.
INFO: [BIND 205-101] Binding ...
INFO: [BIND 205-100] Finished micro-architecture generation.
INFO: [HLS 200-111] Finished Binding: CPU user time: 0.05 seconds. CPU system time: 0 seconds. Elapsed time: 0.09 seconds; current allocated memory: 537.316 MB.
INFO: [HLS 200-10] ----------------------------------------------------------------
INFO: [HLS 200-42] -- Implementing module 'attention_int8_kernel' 
INFO: [HLS 200-10] ----------------------------------------------------------------
INFO: [SCHED 204-11] Starting scheduling ...
INFO: [SCHED 204-11] Finished scheduling.
INFO: [HLS 200-111] Finished Scheduling: CPU user time: 14.22 seconds. CPU system time: 0.05 seconds. Elapsed time: 14.4 seconds; current allocated memory: 623.254 MB.
INFO: [BIND 205-100] Starting micro-architecture generation ...
INFO: [BIND 205-101] Performing variable lifetime analysis.
INFO: [BIND 205-101] Exploring resource sharing.
INFO: [BIND 205-101] Binding ...
INFO: [BIND 205-100] Starting global binding ...
INFO: [BIND 205-100] Starting global binding ...
INFO: [BIND 205-100] Starting global binding ...
INFO: [BIND 205-100] Finished micro-architecture generation.
INFO: [HLS 200-111] Finished Binding: CPU user time: 3.01 seconds. CPU system time: 0.02 seconds. Elapsed time: 3.14 seconds; current allocated memory: 623.254 MB.
INFO: [HLS 200-10] ----------------------------------------------------------------
INFO: [HLS 200-10] -- Generating RTL for module 'attention_int8_kernel_Pipeline_VITIS_LOOP_101_3_VITIS_LOOP_102_4' 
INFO: [HLS 200-10] ----------------------------------------------------------------
INFO: [HLS 200-1030] Apply Unified Pipeline Control on module 'attention_int8_kernel_Pipeline_VITIS_LOOP_101_3_VITIS_LOOP_102_4' pipeline 'VITIS_LOOP_101_3_VITIS_LOOP_102_4' pipeline type 'loop pipeline'
WARNING: [RTGEN 206-101] Setting dangling out port 'attention_int8_kernel_Pipeline_VITIS_LOOP_101_3_VITIS_LOOP_102_4/m_axi_gmem0_ARVALID' to 0.
WARNING: [RTGEN 206-101] Setting dangling out port 'attention_int8_kernel_Pipeline_VITIS_LOOP_101_3_VITIS_LOOP_102_4/m_axi_gmem0_ARADDR' to 0.
WARNING: [RTGEN 206-101] Setting dangling out port 'attention_int8_kernel_Pipeline_VITIS_LOOP_101_3_VITIS_LOOP_102_4/m_axi_gmem0_ARID' to 0.
WARNING: [RTGEN 206-101] Setting dangling out port 'attention_int8_kernel_Pipeline_VITIS_LOOP_101_3_VITIS_LOOP_102_4/m_axi_gmem0_ARLEN' to 0.
WARNING: [RTGEN 206-101] Setting dangling out port 'attention_int8_kernel_Pipeline_VITIS_LOOP_101_3_VITIS_LOOP_102_4/m_axi_gmem0_ARSIZE' to 0.
WARNING: [RTGEN 206-101] Setting dangling out port 'attention_int8_kernel_Pipeline_VITIS_LOOP_101_3_VITIS_LOOP_102_4/m_axi_gmem0_ARBURST' to 0.
WARNING: [RTGEN 206-101] Setting dangling out port 'attention_int8_kernel_Pipeline_VITIS_LOOP_101_3_VITIS_LOOP_102_4/m_axi_gmem0_ARLOCK' to 0.
WARNING: [RTGEN 206-101] Setting dangling out port 'attention_int8_kernel_Pipeline_VITIS_LOOP_101_3_VITIS_LOOP_102_4/m_axi_gmem0_ARCACHE' to 0.
WARNING: [RTGEN 206-101] Setting dangling out port 'attention_int8_kernel_Pipeline_VITIS_LOOP_101_3_VITIS_LOOP_102_4/m_axi_gmem0_ARPROT' to 0.
WARNING: [RTGEN 206-101] Setting dangling out port 'attention_int8_kernel_Pipeline_VITIS_LOOP_101_3_VITIS_LOOP_102_4/m_axi_gmem0_ARQOS' to 0.
WARNING: [RTGEN 206-101] Setting dangling out port 'attention_int8_kernel_Pipeline_VITIS_LOOP_101_3_VITIS_LOOP_102_4/m_axi_gmem0_ARREGION' to 0.
WARNING: [RTGEN 206-101] Setting dangling out port 'attention_int8_kernel_Pipeline_VITIS_LOOP_101_3_VITIS_LOOP_102_4/m_axi_gmem0_ARUSER' to 0.
INFO: [RTGEN 206-100] Finished creating RTL model for 'attention_int8_kernel_Pipeline_VITIS_LOOP_101_3_VITIS_LOOP_102_4'.
INFO: [HLS 200-111] Finished Creating RTL model: CPU user time: 0.69 seconds. CPU system time: 0.03 seconds. Elapsed time: 0.86 seconds; current allocated memory: 623.254 MB.
INFO: [HLS 200-10] ----------------------------------------------------------------
INFO: [HLS 200-10] -- Generating RTL for module 'attention_int8_kernel_Pipeline_VITIS_LOOP_108_5' 
INFO: [HLS 200-10] ----------------------------------------------------------------
INFO: [RTGEN 206-100] Finished creating RTL model for 'attention_int8_kernel_Pipeline_VITIS_LOOP_108_5'.
INFO: [HLS 200-111] Finished Creating RTL model: CPU user time: 0.18 seconds. CPU system time: 0.02 seconds. Elapsed time: 0.27 seconds; current allocated memory: 623.254 MB.
INFO: [HLS 200-10] ----------------------------------------------------------------
INFO: [HLS 200-10] -- Generating RTL for module 'attention_int8_kernel_Pipeline_VITIS_LOOP_130_8_VITIS_LOOP_131_9' 
INFO: [HLS 200-10] ----------------------------------------------------------------
INFO: [HLS 200-1030] Apply Unified Pipeline Control on module 'attention_int8_kernel_Pipeline_VITIS_LOOP_130_8_VITIS_LOOP_131_9' pipeline 'VITIS_LOOP_130_8_VITIS_LOOP_131_9' pipeline type 'loop pipeline'
WARNING: [RTGEN 206-101] Setting dangling out port 'attention_int8_kernel_Pipeline_VITIS_LOOP_130_8_VITIS_LOOP_131_9/m_axi_gmem1_ARVALID' to 0.
WARNING: [RTGEN 206-101] Setting dangling out port 'attention_int8_kernel_Pipeline_VITIS_LOOP_130_8_VITIS_LOOP_131_9/m_axi_gmem1_ARADDR' to 0.
WARNING: [RTGEN 206-101] Setting dangling out port 'attention_int8_kernel_Pipeline_VITIS_LOOP_130_8_VITIS_LOOP_131_9/m_axi_gmem1_ARID' to 0.
WARNING: [RTGEN 206-101] Setting dangling out port 'attention_int8_kernel_Pipeline_VITIS_LOOP_130_8_VITIS_LOOP_131_9/m_axi_gmem1_ARLEN' to 0.
WARNING: [RTGEN 206-101] Setting dangling out port 'attention_int8_kernel_Pipeline_VITIS_LOOP_130_8_VITIS_LOOP_131_9/m_axi_gmem1_ARSIZE' to 0.
WARNING: [RTGEN 206-101] Setting dangling out port 'attention_int8_kernel_Pipeline_VITIS_LOOP_130_8_VITIS_LOOP_131_9/m_axi_gmem1_ARBURST' to 0.
WARNING: [RTGEN 206-101] Setting dangling out port 'attention_int8_kernel_Pipeline_VITIS_LOOP_130_8_VITIS_LOOP_131_9/m_axi_gmem1_ARLOCK' to 0.
WARNING: [RTGEN 206-101] Setting dangling out port 'attention_int8_kernel_Pipeline_VITIS_LOOP_130_8_VITIS_LOOP_131_9/m_axi_gmem1_ARCACHE' to 0.
WARNING: [RTGEN 206-101] Setting dangling out port 'attention_int8_kernel_Pipeline_VITIS_LOOP_130_8_VITIS_LOOP_131_9/m_axi_gmem1_ARPROT' to 0.
WARNING: [RTGEN 206-101] Setting dangling out port 'attention_int8_kernel_Pipeline_VITIS_LOOP_130_8_VITIS_LOOP_131_9/m_axi_gmem1_ARQOS' to 0.
WARNING: [RTGEN 206-101] Setting dangling out port 'attention_int8_kernel_Pipeline_VITIS_LOOP_130_8_VITIS_LOOP_131_9/m_axi_gmem1_ARREGION' to 0.
WARNING: [RTGEN 206-101] Setting dangling out port 'attention_int8_kernel_Pipeline_VITIS_LOOP_130_8_VITIS_LOOP_131_9/m_axi_gmem1_ARUSER' to 0.
WARNING: [RTGEN 206-101] Setting dangling out port 'attention_int8_kernel_Pipeline_VITIS_LOOP_130_8_VITIS_LOOP_131_9/m_axi_gmem2_ARVALID' to 0.
WARNING: [RTGEN 206-101] Setting dangling out port 'attention_int8_kernel_Pipeline_VITIS_LOOP_130_8_VITIS_LOOP_131_9/m_axi_gmem2_ARADDR' to 0.
WARNING: [RTGEN 206-101] Setting dangling out port 'attention_int8_kernel_Pipeline_VITIS_LOOP_130_8_VITIS_LOOP_131_9/m_axi_gmem2_ARID' to 0.
WARNING: [RTGEN 206-101] Setting dangling out port 'attention_int8_kernel_Pipeline_VITIS_LOOP_130_8_VITIS_LOOP_131_9/m_axi_gmem2_ARLEN' to 0.
WARNING: [RTGEN 206-101] Setting dangling out port 'attention_int8_kernel_Pipeline_VITIS_LOOP_130_8_VITIS_LOOP_131_9/m_axi_gmem2_ARSIZE' to 0.
WARNING: [RTGEN 206-101] Setting dangling out port 'attention_int8_kernel_Pipeline_VITIS_LOOP_130_8_VITIS_LOOP_131_9/m_axi_gmem2_ARBURST' to 0.
WARNING: [RTGEN 206-101] Setting dangling out port 'attention_int8_kernel_Pipeline_VITIS_LOOP_130_8_VITIS_LOOP_131_9/m_axi_gmem2_ARLOCK' to 0.
WARNING: [RTGEN 206-101] Setting dangling out port 'attention_int8_kernel_Pipeline_VITIS_LOOP_130_8_VITIS_LOOP_131_9/m_axi_gmem2_ARCACHE' to 0.
WARNING: [RTGEN 206-101] Setting dangling out port 'attention_int8_kernel_Pipeline_VITIS_LOOP_130_8_VITIS_LOOP_131_9/m_axi_gmem2_ARPROT' to 0.
WARNING: [RTGEN 206-101] Setting dangling out port 'attention_int8_kernel_Pipeline_VITIS_LOOP_130_8_VITIS_LOOP_131_9/m_axi_gmem2_ARQOS' to 0.
WARNING: [RTGEN 206-101] Setting dangling out port 'attention_int8_kernel_Pipeline_VITIS_LOOP_130_8_VITIS_LOOP_131_9/m_axi_gmem2_ARREGION' to 0.
WARNING: [RTGEN 206-101] Setting dangling out port 'attention_int8_kernel_Pipeline_VITIS_LOOP_130_8_VITIS_LOOP_131_9/m_axi_gmem2_ARUSER' to 0.
INFO: [RTGEN 206-104] Estimated max fanout for 'attention_int8_kernel_Pipeline_VITIS_LOOP_130_8_VITIS_LOOP_131_9' is 7936 from HDL expression: ((ap_enable_reg_pp0_iter2 == 1'b1) & (1'b0 == ap_block_pp0_stage0))
INFO: [RTGEN 206-100] Finished creating RTL model for 'attention_int8_kernel_Pipeline_VITIS_LOOP_130_8_VITIS_LOOP_131_9'.
INFO: [HLS 200-111] Finished Creating RTL model: CPU user time: 0.38 seconds. CPU system time: 0.02 seconds. Elapsed time: 0.56 seconds; current allocated memory: 623.254 MB.
INFO: [HLS 200-10] ----------------------------------------------------------------
INFO: [HLS 200-10] -- Generating RTL for module 'attention_int8_kernel_Pipeline_VITIS_LOOP_146_11' 
INFO: [HLS 200-10] ----------------------------------------------------------------
INFO: [HLS 200-1030] Apply Unified Pipeline Control on module 'attention_int8_kernel_Pipeline_VITIS_LOOP_146_11' pipeline 'VITIS_LOOP_146_11' pipeline type 'loop pipeline'
INFO: [RTGEN 206-100] Generating core module 'fcmp_32ns_32ns_1_2_no_dsp_1': 1 instance(s).
INFO: [RTGEN 206-100] Generating core module 'fmul_32ns_32ns_32_4_max_dsp_1': 1 instance(s).
INFO: [RTGEN 206-100] Generating core module 'mac_muladd_8s_8s_16s_17_4_1': 64 instance(s).
INFO: [RTGEN 206-100] Generating core module 'mul_8s_8s_16_1_1': 64 instance(s).
INFO: [RTGEN 206-100] Generating core module 'sitofp_32s_32_6_no_dsp_1': 1 instance(s).
INFO: [RTGEN 206-100] Finished creating RTL model for 'attention_int8_kernel_Pipeline_VITIS_LOOP_146_11'.
INFO: [HLS 200-111] Finished Creating RTL model: CPU user time: 0.83 seconds. CPU system time: 0.1 seconds. Elapsed time: 1.11 seconds; current allocated memory: 657.789 MB.
INFO: [HLS 200-10] ----------------------------------------------------------------
INFO: [HLS 200-10] -- Generating RTL for module 'attention_int8_kernel_Pipeline_VITIS_LOOP_168_14' 
INFO: [HLS 200-10] ----------------------------------------------------------------
INFO: [HLS 200-1030] Apply Unified Pipeline Control on module 'attention_int8_kernel_Pipeline_VITIS_LOOP_168_14' pipeline 'VITIS_LOOP_168_14' pipeline type 'loop pipeline'
INFO: [RTGEN 206-100] Generating core module 'fadd_32ns_32ns_32_7_full_dsp_1': 1 instance(s).
INFO: [RTGEN 206-100] Generating core module 'faddfsub_32ns_32ns_32_7_full_dsp_1': 3 instance(s).
INFO: [RTGEN 206-100] Generating core module 'fcmp_32ns_32ns_1_2_no_dsp_1': 2 instance(s).
INFO: [RTGEN 206-100] Generating core module 'fdiv_32ns_32ns_32_16_no_dsp_1': 1 instance(s).
INFO: [RTGEN 206-100] Generating core module 'fmul_32ns_32ns_32_4_max_dsp_1': 2 instance(s).
INFO: [RTGEN 206-100] Generating core module 'sitofp_32ns_32_6_no_dsp_1': 1 instance(s).
INFO: [RTGEN 206-100] Generating core module 'sparsemux_131_7_32_1_1': 2 instance(s).
INFO: [RTGEN 206-100] Generating core module 'sparsemux_17_3_32_1_1': 1 instance(s).
INFO: [RTGEN 206-100] Finished creating RTL model for 'attention_int8_kernel_Pipeline_VITIS_LOOP_168_14'.
INFO: [HLS 200-111] Finished Creating RTL model: CPU user time: 0.56 seconds. CPU system time: 0.05 seconds. Elapsed time: 0.76 seconds; current allocated memory: 686.293 MB.
INFO: [HLS 200-10] ----------------------------------------------------------------
INFO: [HLS 200-10] -- Generating RTL for module 'attention_int8_kernel_Pipeline_VITIS_LOOP_180_16' 
INFO: [HLS 200-10] ----------------------------------------------------------------
INFO: [HLS 200-1030] Apply Unified Pipeline Control on module 'attention_int8_kernel_Pipeline_VITIS_LOOP_180_16' pipeline 'VITIS_LOOP_180_16' pipeline type 'loop pipeline'
INFO: [RTGEN 206-104] Estimated max fanout for 'attention_int8_kernel_Pipeline_VITIS_LOOP_180_16' is 41627 from HDL expression: (1'b0 == ap_block_pp0_stage0_11001)
INFO: [RTGEN 206-100] Generating core module 'fadd_32ns_32ns_32_7_full_dsp_1': 61 instance(s).
INFO: [RTGEN 206-100] Generating core module 'faddfsub_32ns_32ns_32_7_full_dsp_1': 4 instance(s).
INFO: [RTGEN 206-100] Generating core module 'fmul_32ns_32ns_32_4_max_dsp_1': 129 instance(s).
INFO: [RTGEN 206-100] Generating core module 'sitofp_32s_32_6_no_dsp_1': 64 instance(s).
INFO: [RTGEN 206-100] Generating core module 'sparsemux_17_3_32_1_1': 1 instance(s).
INFO: [RTGEN 206-100] Generating core module 'sparsemux_17_3_8_1_1': 64 instance(s).
INFO: [RTGEN 206-100] Finished creating RTL model for 'attention_int8_kernel_Pipeline_VITIS_LOOP_180_16'.
INFO: [HLS 200-111] Finished Creating RTL model: CPU user time: 1.55 seconds. CPU system time: 0.07 seconds. Elapsed time: 1.75 seconds; current allocated memory: 768.020 MB.
INFO: [HLS 200-10] ----------------------------------------------------------------
INFO: [HLS 200-10] -- Generating RTL for module 'attention_int8_kernel_Pipeline_VITIS_LOOP_193_18_VITIS_LOOP_195_19' 
INFO: [HLS 200-10] ----------------------------------------------------------------
INFO: [HLS 200-1030] Apply Unified Pipeline Control on module 'attention_int8_kernel_Pipeline_VITIS_LOOP_193_18_VITIS_LOOP_195_19' pipeline 'VITIS_LOOP_193_18_VITIS_LOOP_195_19' pipeline type 'loop pipeline'
WARNING: [RTGEN 206-101] Setting dangling out port 'attention_int8_kernel_Pipeline_VITIS_LOOP_193_18_VITIS_LOOP_195_19/m_axi_gmem3_AWVALID' to 0.
WARNING: [RTGEN 206-101] Setting dangling out port 'attention_int8_kernel_Pipeline_VITIS_LOOP_193_18_VITIS_LOOP_195_19/m_axi_gmem3_AWADDR' to 0.
WARNING: [RTGEN 206-101] Setting dangling out port 'attention_int8_kernel_Pipeline_VITIS_LOOP_193_18_VITIS_LOOP_195_19/m_axi_gmem3_AWID' to 0.
WARNING: [RTGEN 206-101] Setting dangling out port 'attention_int8_kernel_Pipeline_VITIS_LOOP_193_18_VITIS_LOOP_195_19/m_axi_gmem3_AWLEN' to 0.
WARNING: [RTGEN 206-101] Setting dangling out port 'attention_int8_kernel_Pipeline_VITIS_LOOP_193_18_VITIS_LOOP_195_19/m_axi_gmem3_AWSIZE' to 0.
WARNING: [RTGEN 206-101] Setting dangling out port 'attention_int8_kernel_Pipeline_VITIS_LOOP_193_18_VITIS_LOOP_195_19/m_axi_gmem3_AWBURST' to 0.
WARNING: [RTGEN 206-101] Setting dangling out port 'attention_int8_kernel_Pipeline_VITIS_LOOP_193_18_VITIS_LOOP_195_19/m_axi_gmem3_AWLOCK' to 0.
WARNING: [RTGEN 206-101] Setting dangling out port 'attention_int8_kernel_Pipeline_VITIS_LOOP_193_18_VITIS_LOOP_195_19/m_axi_gmem3_AWCACHE' to 0.
WARNING: [RTGEN 206-101] Setting dangling out port 'attention_int8_kernel_Pipeline_VITIS_LOOP_193_18_VITIS_LOOP_195_19/m_axi_gmem3_AWPROT' to 0.
WARNING: [RTGEN 206-101] Setting dangling out port 'attention_int8_kernel_Pipeline_VITIS_LOOP_193_18_VITIS_LOOP_195_19/m_axi_gmem3_AWQOS' to 0.
WARNING: [RTGEN 206-101] Setting dangling out port 'attention_int8_kernel_Pipeline_VITIS_LOOP_193_18_VITIS_LOOP_195_19/m_axi_gmem3_AWREGION' to 0.
WARNING: [RTGEN 206-101] Setting dangling out port 'attention_int8_kernel_Pipeline_VITIS_LOOP_193_18_VITIS_LOOP_195_19/m_axi_gmem3_AWUSER' to 0.
WARNING: [RTGEN 206-101] Setting dangling out port 'attention_int8_kernel_Pipeline_VITIS_LOOP_193_18_VITIS_LOOP_195_19/m_axi_gmem3_BREADY' to 0.
INFO: [RTGEN 206-100] Generating core module 'fcmp_32ns_32ns_1_2_no_dsp_1': 1 instance(s).
INFO: [RTGEN 206-100] Generating core module 'fdiv_32ns_32ns_32_16_no_dsp_1': 1 instance(s).
INFO: [RTGEN 206-100] Generating core module 'fmul_32ns_32ns_32_4_max_dsp_1': 1 instance(s).
INFO: [RTGEN 206-100] Generating core module 'sparsemux_129_6_32_1_1': 1 instance(s).
INFO: [RTGEN 206-100] Generating core module 'sparsemux_17_3_32_1_1': 1 instance(s).
INFO: [RTGEN 206-100] Generating core module 'sptohp_32ns_16_2_no_dsp_1': 1 instance(s).
INFO: [RTGEN 206-100] Finished creating RTL model for 'attention_int8_kernel_Pipeline_VITIS_LOOP_193_18_VITIS_LOOP_195_19'.
INFO: [HLS 200-111] Finished Creating RTL model: CPU user time: 0.88 seconds. CPU system time: 0.08 seconds. Elapsed time: 1.2 seconds; current allocated memory: 796.648 MB.
INFO: [HLS 200-10] ----------------------------------------------------------------
INFO: [HLS 200-10] -- Generating RTL for module 'attention_int8_kernel' 
INFO: [HLS 200-10] ----------------------------------------------------------------
WARNING: [RTGEN 206-101] Design contains AXI ports. Reset is fixed to synchronous and active low.
INFO: [RTGEN 206-500] Setting interface mode on port 'attention_int8_kernel/gmem0' to 'm_axi'.
INFO: [RTGEN 206-500] Setting interface mode on port 'attention_int8_kernel/gmem1' to 'm_axi'.
INFO: [RTGEN 206-500] Setting interface mode on port 'attention_int8_kernel/gmem2' to 'm_axi'.
INFO: [RTGEN 206-500] Setting interface mode on port 'attention_int8_kernel/gmem3' to 'm_axi'.
INFO: [RTGEN 206-500] Setting interface mode on port 'attention_int8_kernel/Q_in' to 's_axilite & ap_none'.
INFO: [RTGEN 206-500] Setting interface mode on port 'attention_int8_kernel/K_in' to 's_axilite & ap_none'.
INFO: [RTGEN 206-500] Setting interface mode on port 'attention_int8_kernel/V_in' to 's_axilite & ap_none'.
INFO: [RTGEN 206-500] Setting interface mode on port 'attention_int8_kernel/O_out' to 's_axilite & ap_none'.
INFO: [RTGEN 206-500] Setting interface mode on port 'attention_int8_kernel/q_scale' to 's_axilite & ap_none'.
INFO: [RTGEN 206-500] Setting interface mode on port 'attention_int8_kernel/v_scale' to 's_axilite & ap_none'.
INFO: [RTGEN 206-500] Setting interface mode on function 'attention_int8_kernel' to 's_axilite & ap_ctrl_hs'.
INFO: [RTGEN 206-100] Bundling port 'Q_in', 'K_in', 'V_in', 'O_out', 'q_scale', 'v_scale' to AXI-Lite port control.
INFO: [RTGEN 206-104] Estimated max fanout for 'attention_int8_kernel' is 5348 from HDL expression: (1'b1 == ap_CS_fsm_state489)
INFO: [RTGEN 206-100] Generating core module 'fadd_32ns_32ns_32_7_full_dsp_1': 29 instance(s).
INFO: [RTGEN 206-100] Generating core module 'faddfsub_32ns_32ns_32_7_full_dsp_1': 4 instance(s).
INFO: [RTGEN 206-100] Generating core module 'fcmp_32ns_32ns_1_2_no_dsp_1': 1 instance(s).
INFO: [RTGEN 206-100] Generating core module 'fdiv_32ns_32ns_32_16_no_dsp_1': 1 instance(s).
INFO: [RTGEN 206-100] Generating core module 'fmul_32ns_32ns_32_4_max_dsp_1': 3 instance(s).
INFO: [RTGEN 206-100] Generating core module 'sitofp_32ns_32_6_no_dsp_1': 1 instance(s).
INFO: [RTGEN 206-100] Generating core module 'sparsemux_129_6_32_1_1': 3 instance(s).
INFO: [RTGEN 206-100] Generating core module 'sparsemux_131_7_32_1_1': 2 instance(s).
INFO: [RTGEN 206-100] Finished creating RTL model for 'attention_int8_kernel'.
INFO: [RTMG 210-278] Implementing memory 'attention_int8_kernel_Q_tile_RAM_AUTO_1R1W' using auto RAMs.
INFO: [RTMG 210-278] Implementing memory 'attention_int8_kernel_O_tile_RAM_AUTO_1R1W' using auto RAMs.
INFO: [RTMG 210-278] Implementing memory 'attention_int8_kernel_V_tile_RAM_AUTO_1R1W' using auto RAMs.
INFO: [RTMG 210-278] Implementing memory 'attention_int8_kernel_scores_RAM_AUTO_1R1W' using auto RAMs.
INFO: [HLS 200-111] Finished Creating RTL model: CPU user time: 1.96 seconds. CPU system time: 0.08 seconds. Elapsed time: 2.41 seconds; current allocated memory: 884.082 MB.
INFO: [HLS 200-111] Finished Generating all RTL models: CPU user time: 2.24 seconds. CPU system time: 0.26 seconds. Elapsed time: 3.68 seconds; current allocated memory: 973.355 MB.
INFO: [HLS 200-1603] Design has inferred MAXI bursts and missed bursts, see Vitis HLS GUI synthesis summary report for detailed information.
INFO: [HLS 200-111] Finished Updating report files: CPU user time: 4.05 seconds. CPU system time: 0.07 seconds. Elapsed time: 4.37 seconds; current allocated memory: 1005.039 MB.
INFO: [VHDL 208-304] Generating VHDL RTL for attention_int8_kernel.
INFO: [VLOG 209-307] Generating Verilog RTL for attention_int8_kernel.
INFO: [HLS 200-790] **** Loop Constraint Status: All loop constraints were NOT satisfied.
INFO: [HLS 200-789] **** Estimated Fmax: 117.77 MHz
INFO: [HLS 200-111] Finished Command csynth_design CPU user time: 85.6 seconds. CPU system time: 3.45 seconds. Elapsed time: 98.26 seconds; current allocated memory: 780.477 MB.
INFO: [HLS 200-1510] Running: close_project 
INFO: [HLS 200-112] Total CPU user time: 87.33 seconds. Total CPU system time: 3.85 seconds. Total elapsed time: 101.61 seconds; peak allocated memory: 1005.039 MB.
INFO: [Common 17-206] Exiting vitis_hls at Sat Apr 25 16:34:22 2026...
INFO: [v++ 60-791] Total elapsed time: 0h 1m 45s
