INFO: [vitis-run 60-1548] Creating build summary session with primary output /home/siyenga7/FPGA/hls_component/attention_int8_kernel/attention_int8_kernel.hlsrun_impl_summary, at Sat Apr 25 15:05:36 2026
INFO: [vitis-run 82-31] Launching vitis_hls: vitis_hls -nolog -run vivado -work_dir /home/siyenga7/FPGA/hls_component/attention_int8_kernel -config /home/siyenga7/FPGA/hls_component/hls_config.cfg -cmdlineconfig /home/siyenga7/FPGA/hls_component/attention_int8_kernel/hls/config.cmdline

****** Vitis HLS - High-Level Synthesis from C, C++ and OpenCL v2023.2 (64-bit)
  **** SW Build 4023990 on Oct 11 2023
  **** IP Build 4028589 on Sat Oct 14 00:45:43 MDT 2023
  **** SharedData Build 4025554 on Tue Oct 10 17:18:54 MDT 2023
    ** Copyright 1986-2022 Xilinx, Inc. All Rights Reserved.
    ** Copyright 2022-2023 Advanced Micro Devices, Inc. All Rights Reserved.

source /packages/apps/fpga/Vitis_HLS/2023.2/scripts/vitis_hls/hls.tcl -notrace
INFO: [HLS 200-10] Running '/packages/apps/fpga/Vitis_HLS/2023.2/bin/unwrapped/lnx64.o/vitis_hls'
INFO: [HLS 200-10] For user 'siyenga7' on host 'sc008' (Linux_x86_64 version 4.18.0-553.77.1.el8_10.x86_64) on Sat Apr 25 15:05:38 MST 2026
INFO: [HLS 200-10] In directory '/home/siyenga7/FPGA/hls_component'
INFO: [HLS 200-1909] Reading HLS ini file /home/siyenga7/FPGA/hls_component/hls_config.cfg
INFO: [HLS 200-1909] Reading HLS ini file /home/siyenga7/FPGA/hls_component/attention_int8_kernel/hls/config.cmdline
INFO: [HLS 200-2005] Using work_dir /home/siyenga7/FPGA/hls_component/attention_int8_kernel 
INFO: [HLS 200-1510] Running: open_project /home/siyenga7/FPGA/hls_component/attention_int8_kernel -diskless 
INFO: [HLS 200-1510] Running: open_solution hls 
INFO: [HLS 200-1505] Using default flow_target 'vivado'
Resolution: For help on HLS 200-1505 see docs.xilinx.com/access/sources/dita/topic?Doc_Version=2023.2%20English&url=ug1448-hls-guidance&resourceid=200-1505.html
INFO: [HLS 200-1510] Running: apply_ini /home/siyenga7/FPGA/hls_component/hls_config.cfg 
INFO: [HLS 200-1909] Reading HLS ini file /home/siyenga7/FPGA/hls_component/hls_config.cfg
INFO: [HLS 200-1465] Applying ini 'syn.file=/home/siyenga7/FPGA/attention_int8.cpp' at /home/siyenga7/FPGA/hls_component/hls_config.cfg(7)
INFO: [HLS 200-10] Adding design file '/home/siyenga7/FPGA/attention_int8.cpp' to the project
INFO: [HLS 200-1465] Applying ini 'syn.file=/home/siyenga7/FPGA/attention_top.h' at /home/siyenga7/FPGA/hls_component/hls_config.cfg(8)
INFO: [HLS 200-10] Adding design file '/home/siyenga7/FPGA/attention_top.h' to the project
INFO: [HLS 200-1465] Applying ini 'syn.top=attention_int8_kernel' at /home/siyenga7/FPGA/hls_component/hls_config.cfg(9)
INFO: [HLS 200-1465] Applying ini 'flow_target=vivado' at /home/siyenga7/FPGA/hls_component/hls_config.cfg(4)
INFO: [HLS 200-1505] Using flow_target 'vivado'
Resolution: For help on HLS 200-1505 see docs.xilinx.com/access/sources/dita/topic?Doc_Version=2023.2%20English&url=ug1448-hls-guidance&resourceid=200-1505.html
INFO: [HLS 200-1465] Applying ini 'part=xc7a200tsbg484-1' at /home/siyenga7/FPGA/hls_component/hls_config.cfg(1)
INFO: [HLS 200-1611] Setting target device to 'xc7a200t-sbg484-1'
INFO: [HLS 200-1465] Applying ini 'clock=10' at /home/siyenga7/FPGA/hls_component/hls_config.cfg(10)
INFO: [SYN 201-201] Setting up clock 'default' with a period of 10ns.
INFO: [HLS 200-1465] Applying ini 'package.output.format=ip_catalog' at /home/siyenga7/FPGA/hls_component/hls_config.cfg(5)
INFO: [HLS 200-1510] Running: apply_ini /home/siyenga7/FPGA/hls_component/attention_int8_kernel/hls/config.cmdline 
INFO: [HLS 200-1909] Reading HLS ini file /home/siyenga7/FPGA/hls_component/attention_int8_kernel/hls/config.cmdline
INFO: [HLS 200-1510] Running: export_design -flow impl 
INFO: [IMPL 213-8] Exporting RTL as a Vivado IP.

****** Vivado v2023.2 (64-bit)
  **** SW Build 4029153 on Fri Oct 13 20:13:54 MDT 2023
  **** IP Build 4028589 on Sat Oct 14 00:45:43 MDT 2023
  **** SharedData Build 4025554 on Tue Oct 10 17:18:54 MDT 2023
    ** Copyright 1986-2022 Xilinx, Inc. All Rights Reserved.
    ** Copyright 2022-2023 Advanced Micro Devices, Inc. All Rights Reserved.

ERROR: [Common 17-577] Internal error:  "parts/xilinx/devint/vault/", not found under data area.

Could not load library 'librdi_coretasks' needed by 'core', please check installation.
    while executing
"error "$result\nCould not load library '$library' needed by '$feature', please check installation.""
    (procedure "rdi::load_library" line 4)
    invoked from within
"rdi::load_library core librdi_coretasks"
    (file "/packages/apps/fpga/Vivado/2023.2/lib/scripts/rdi/features/core/core.tcl" line 6)
ERROR: [Common 17-217] Failed to load feature 'core'.
INFO: [Common 17-206] Exiting Vivado at Sat Apr 25 15:06:11 2026...
ERROR: [IMPL 213-28] Failed to generate IP.
INFO: [HLS 200-111] Finished Command export_design CPU user time: 5.44 seconds. CPU system time: 0.9 seconds. Elapsed time: 30.68 seconds; current allocated memory: 9.391 MB.
INFO: [HLS 200-1510] Running: close_project 
ERROR: 
INFO: [HLS 200-112] Total CPU user time: 6.93 seconds. Total CPU system time: 1.31 seconds. Total elapsed time: 33.8 seconds; peak allocated memory: 233.887 MB.
INFO: [Common 17-206] Exiting vitis_hls at Sat Apr 25 15:06:11 2026...
