Sat Apr 25 15:03:46 2026: Running xcd server. This server was built by gradle.
Sat Apr 25 15:03:46 2026: Server was asked to start on port: '46201'
Sat Apr 25 15:03:46 2026: Server is using token UUID: '32d0406c-66ea-41d8-94f5-421cd68b3b09'
Sat Apr 25 15:03:46 2026: SESSION_MGR: creating session with session uuid: '6d04a3e9-ade5-4ab9-8d63-1f78fcd2ec76' and name 'default'
Sat Apr 25 15:03:46 2026: Attempting to start server on port '46201'
Sat Apr 25 15:03:46 2026: XCD main fifo: created main fifo '/tmp/xcdmain32d0406c-66ea-41d8-94f5-421cd68b3b09', fd read = 12
Sat Apr 25 15:03:46 2026: Running Dispatch Server
Sat Apr 25 15:03:46 2026: Version 2.2.0
Sat Apr 25 15:03:48 2026: Dispatch Server: Accepted socket connection from client
Sat Apr 25 15:03:48 2026: Starting Socket connection
Sat Apr 25 15:03:48 2026: EXCHANGE_TOKEN received, server token: 32d0406c-66ea-41d8-94f5-421cd68b3b09, passed token: 32d0406c-66ea-41d8-94f5-421cd68b3b09
Sat Apr 25 15:03:48 2026: DISPATCH_HANDLER: Adding handler from function makeHandler in library libxv_system_diagram
Sat Apr 25 15:03:48 2026: SESSION_MGR: creating session with session uuid: 'b2962a89-70e8-4874-9122-c07107401390' and name 'v++_compile_attention_int8_kernel'
Sat Apr 25 15:03:48 2026: KERNEL_SVC: creating session with uuid: 'b2962a89-70e8-4874-9122-c07107401390' and name 'v++_compile_attention_int8_kernel'
Sat Apr 25 15:03:48 2026: GUIDANCE_SMGR: creating guidance session with uuid: 'b2962a89-70e8-4874-9122-c07107401390' and name 'v++_compile_attention_int8_kernel'
Sat Apr 25 15:03:48 2026: SYSTEM_DIAGRAM: creating session with uuid: 'b2962a89-70e8-4874-9122-c07107401390' and name 'v++_compile_attention_int8_kernel'
Sat Apr 25 15:04:02 2026: Dispatch Server: Accepted socket connection from client
Sat Apr 25 15:04:02 2026: Starting Socket connection
Sat Apr 25 15:05:14 2026: SESSION_MGR: closing session for UUID 'b2962a89-70e8-4874-9122-c07107401390' with name 'v++_compile_attention_int8_kernel'
Sat Apr 25 15:05:14 2026: KERNEL_SVC: closing session for UUID 'b2962a89-70e8-4874-9122-c07107401390' with name 'v++_compile_attention_int8_kernel'
Sat Apr 25 15:05:14 2026: GUIDANCE_SMGR: closing session for UUID 'b2962a89-70e8-4874-9122-c07107401390' with name 'v++_compile_attention_int8_kernel'
Sat Apr 25 15:05:14 2026: SYSTEM_DIAGRAM: closing session for UUID 'b2962a89-70e8-4874-9122-c07107401390' with name 'v++_compile_attention_int8_kernel'
Sat Apr 25 15:05:14 2026: STOP_SERVER received, server token: 32d0406c-66ea-41d8-94f5-421cd68b3b09, passed token: 32d0406c-66ea-41d8-94f5-421cd68b3b09
Sat Apr 25 15:05:14 2026: Socket received request to stop server.
Sat Apr 25 15:05:14 2026: Dispatch Server: do_await_stop
Sat Apr 25 15:05:14 2026: Dispatch Server: stopping mainFifo_
Sat Apr 25 15:05:14 2026: XCD main fifo: Stopping
Sat Apr 25 15:05:14 2026: XCD main fifo: do_read error code: Operation canceled
Sat Apr 25 15:05:14 2026: XCD main fifo: bytes_transferred: 0
Sat Apr 25 15:05:14 2026: SERVER: destructor for server bound to port 46201
Sat Apr 25 15:05:14 2026: XCD main fifo: Good unlink of /tmp/xcdmain32d0406c-66ea-41d8-94f5-421cd68b3b09
Sat Apr 25 15:05:14 2026: Server exiting with status 0.
Sat Apr 25 15:05:14 2026: Closing log file.
Sat Apr 25 15:05:35 2026: Running xcd server. This server was built by gradle.
Sat Apr 25 15:05:35 2026: Server was asked to start on port: '41949'
Sat Apr 25 15:05:35 2026: Server is using token UUID: 'ae1a4274-c966-4fde-ba19-0670c7058bb4'
Sat Apr 25 15:05:35 2026: SESSION_MGR: creating session with session uuid: '6d04a3e9-ade5-4ab9-8d63-1f78fcd2ec76' and name 'default'
Sat Apr 25 15:05:35 2026: Attempting to start server on port '41949'
Sat Apr 25 15:05:35 2026: XCD main fifo: created main fifo '/tmp/xcdmainae1a4274-c966-4fde-ba19-0670c7058bb4', fd read = 13
Sat Apr 25 15:05:35 2026: Running Dispatch Server
Sat Apr 25 15:05:35 2026: Version 2.2.0
Sat Apr 25 15:05:36 2026: Dispatch Server: Accepted socket connection from client
Sat Apr 25 15:05:36 2026: Starting Socket connection
Sat Apr 25 15:05:36 2026: EXCHANGE_TOKEN received, server token: ae1a4274-c966-4fde-ba19-0670c7058bb4, passed token: ae1a4274-c966-4fde-ba19-0670c7058bb4
Sat Apr 25 15:05:36 2026: DISPATCH_HANDLER: Adding handler from function makeHandler in library libxv_system_diagram
Sat Apr 25 15:05:36 2026: SESSION_MGR: creating session with session uuid: '6f73c0e2-d6fa-4d06-b2ca-14e05aa2c47e' and name 'vitis-run_compile_attention_int8_kernel'
Sat Apr 25 15:05:36 2026: KERNEL_SVC: creating session with uuid: '6f73c0e2-d6fa-4d06-b2ca-14e05aa2c47e' and name 'vitis-run_compile_attention_int8_kernel'
Sat Apr 25 15:05:36 2026: GUIDANCE_SMGR: creating guidance session with uuid: '6f73c0e2-d6fa-4d06-b2ca-14e05aa2c47e' and name 'vitis-run_compile_attention_int8_kernel'
Sat Apr 25 15:05:36 2026: SYSTEM_DIAGRAM: creating session with uuid: '6f73c0e2-d6fa-4d06-b2ca-14e05aa2c47e' and name 'vitis-run_compile_attention_int8_kernel'
Sat Apr 25 15:05:41 2026: Dispatch Server: Accepted socket connection from client
Sat Apr 25 15:05:41 2026: Starting Socket connection
Sat Apr 25 15:06:11 2026: SESSION_MGR: closing session for UUID '6f73c0e2-d6fa-4d06-b2ca-14e05aa2c47e' with name 'vitis-run_compile_attention_int8_kernel'
Sat Apr 25 15:06:11 2026: KERNEL_SVC: closing session for UUID '6f73c0e2-d6fa-4d06-b2ca-14e05aa2c47e' with name 'vitis-run_compile_attention_int8_kernel'
Sat Apr 25 15:06:11 2026: GUIDANCE_SMGR: closing session for UUID '6f73c0e2-d6fa-4d06-b2ca-14e05aa2c47e' with name 'vitis-run_compile_attention_int8_kernel'
Sat Apr 25 15:06:11 2026: SYSTEM_DIAGRAM: closing session for UUID '6f73c0e2-d6fa-4d06-b2ca-14e05aa2c47e' with name 'vitis-run_compile_attention_int8_kernel'
Sat Apr 25 15:06:11 2026: STOP_SERVER received, server token: ae1a4274-c966-4fde-ba19-0670c7058bb4, passed token: ae1a4274-c966-4fde-ba19-0670c7058bb4
Sat Apr 25 15:06:11 2026: Socket received request to stop server.
Sat Apr 25 15:06:11 2026: Dispatch Server: do_await_stop
Sat Apr 25 15:06:11 2026: Dispatch Server: stopping mainFifo_
Sat Apr 25 15:06:11 2026: XCD main fifo: Stopping
Sat Apr 25 15:06:11 2026: XCD main fifo: do_read error code: Operation canceled
Sat Apr 25 15:06:11 2026: XCD main fifo: bytes_transferred: 0
Sat Apr 25 15:06:11 2026: SERVER: destructor for server bound to port 41949
Sat Apr 25 15:06:11 2026: XCD main fifo: Good unlink of /tmp/xcdmainae1a4274-c966-4fde-ba19-0670c7058bb4
Sat Apr 25 15:06:11 2026: Server exiting with status 0.
Sat Apr 25 15:06:11 2026: Closing log file.
Sat Apr 25 15:40:18 2026: Running xcd server. This server was built by gradle.
Sat Apr 25 15:40:18 2026: Server was asked to start on port: '41609'
Sat Apr 25 15:40:18 2026: Server is using token UUID: '53a2f241-dbb2-4596-958c-1c034826f074'
Sat Apr 25 15:40:18 2026: SESSION_MGR: creating session with session uuid: '6d04a3e9-ade5-4ab9-8d63-1f78fcd2ec76' and name 'default'
Sat Apr 25 15:40:18 2026: Attempting to start server on port '41609'
Sat Apr 25 15:40:18 2026: XCD main fifo: created main fifo '/tmp/xcdmain53a2f241-dbb2-4596-958c-1c034826f074', fd read = 13
Sat Apr 25 15:40:18 2026: Running Dispatch Server
Sat Apr 25 15:40:18 2026: Version 2.2.0
Sat Apr 25 15:40:20 2026: Dispatch Server: Accepted socket connection from client
Sat Apr 25 15:40:20 2026: Starting Socket connection
Sat Apr 25 15:40:20 2026: EXCHANGE_TOKEN received, server token: 53a2f241-dbb2-4596-958c-1c034826f074, passed token: 53a2f241-dbb2-4596-958c-1c034826f074
Sat Apr 25 15:40:20 2026: DISPATCH_HANDLER: Adding handler from function makeHandler in library libxv_system_diagram
Sat Apr 25 15:40:20 2026: SESSION_MGR: creating session with session uuid: 'ba87d44f-8fe0-4158-9d4c-73595b0763f0' and name 'v++_compile_attention_int8_kernel'
Sat Apr 25 15:40:20 2026: KERNEL_SVC: creating session with uuid: 'ba87d44f-8fe0-4158-9d4c-73595b0763f0' and name 'v++_compile_attention_int8_kernel'
Sat Apr 25 15:40:20 2026: GUIDANCE_SMGR: creating guidance session with uuid: 'ba87d44f-8fe0-4158-9d4c-73595b0763f0' and name 'v++_compile_attention_int8_kernel'
Sat Apr 25 15:40:20 2026: SYSTEM_DIAGRAM: creating session with uuid: 'ba87d44f-8fe0-4158-9d4c-73595b0763f0' and name 'v++_compile_attention_int8_kernel'
Sat Apr 25 15:40:25 2026: Dispatch Server: Accepted socket connection from client
Sat Apr 25 15:40:25 2026: Starting Socket connection
Sat Apr 25 15:54:17 2026: SESSION_MGR: closing session for UUID 'ba87d44f-8fe0-4158-9d4c-73595b0763f0' with name 'v++_compile_attention_int8_kernel'
Sat Apr 25 15:54:17 2026: KERNEL_SVC: closing session for UUID 'ba87d44f-8fe0-4158-9d4c-73595b0763f0' with name 'v++_compile_attention_int8_kernel'
Sat Apr 25 15:54:17 2026: GUIDANCE_SMGR: closing session for UUID 'ba87d44f-8fe0-4158-9d4c-73595b0763f0' with name 'v++_compile_attention_int8_kernel'
Sat Apr 25 15:54:17 2026: SYSTEM_DIAGRAM: closing session for UUID 'ba87d44f-8fe0-4158-9d4c-73595b0763f0' with name 'v++_compile_attention_int8_kernel'
Sat Apr 25 15:54:17 2026: STOP_SERVER received, server token: 53a2f241-dbb2-4596-958c-1c034826f074, passed token: 53a2f241-dbb2-4596-958c-1c034826f074
Sat Apr 25 15:54:17 2026: Socket received request to stop server.
Sat Apr 25 15:54:17 2026: Dispatch Server: do_await_stop
Sat Apr 25 15:54:17 2026: Dispatch Server: stopping mainFifo_
Sat Apr 25 15:54:17 2026: XCD main fifo: Stopping
Sat Apr 25 15:54:17 2026: XCD main fifo: do_read error code: Operation canceled
Sat Apr 25 15:54:17 2026: XCD main fifo: bytes_transferred: 0
Sat Apr 25 15:54:17 2026: SERVER: destructor for server bound to port 41609
Sat Apr 25 15:54:17 2026: XCD main fifo: Good unlink of /tmp/xcdmain53a2f241-dbb2-4596-958c-1c034826f074
Sat Apr 25 15:54:17 2026: Server exiting with status 0.
Sat Apr 25 15:54:17 2026: Closing log file.
Sat Apr 25 16:03:50 2026: Running xcd server. This server was built by gradle.
Sat Apr 25 16:03:50 2026: Server was asked to start on port: '45337'
Sat Apr 25 16:03:50 2026: Server is using token UUID: 'f80f6eab-9fcc-4621-9cd0-f1ad4e8b7567'
Sat Apr 25 16:03:50 2026: SESSION_MGR: creating session with session uuid: '6d04a3e9-ade5-4ab9-8d63-1f78fcd2ec76' and name 'default'
Sat Apr 25 16:03:50 2026: Attempting to start server on port '45337'
Sat Apr 25 16:03:50 2026: XCD main fifo: created main fifo '/tmp/xcdmainf80f6eab-9fcc-4621-9cd0-f1ad4e8b7567', fd read = 13
Sat Apr 25 16:03:50 2026: Running Dispatch Server
Sat Apr 25 16:03:50 2026: Version 2.2.0
Sat Apr 25 16:03:51 2026: Dispatch Server: Accepted socket connection from client
Sat Apr 25 16:03:51 2026: Starting Socket connection
Sat Apr 25 16:03:51 2026: EXCHANGE_TOKEN received, server token: f80f6eab-9fcc-4621-9cd0-f1ad4e8b7567, passed token: f80f6eab-9fcc-4621-9cd0-f1ad4e8b7567
Sat Apr 25 16:03:52 2026: DISPATCH_HANDLER: Adding handler from function makeHandler in library libxv_system_diagram
Sat Apr 25 16:03:52 2026: SESSION_MGR: creating session with session uuid: '7db1e209-fd91-4d3e-989e-460d2e1044f7' and name 'v++_compile_attention_int8_kernel'
Sat Apr 25 16:03:52 2026: KERNEL_SVC: creating session with uuid: '7db1e209-fd91-4d3e-989e-460d2e1044f7' and name 'v++_compile_attention_int8_kernel'
Sat Apr 25 16:03:52 2026: GUIDANCE_SMGR: creating guidance session with uuid: '7db1e209-fd91-4d3e-989e-460d2e1044f7' and name 'v++_compile_attention_int8_kernel'
Sat Apr 25 16:03:52 2026: SYSTEM_DIAGRAM: creating session with uuid: '7db1e209-fd91-4d3e-989e-460d2e1044f7' and name 'v++_compile_attention_int8_kernel'
Sat Apr 25 16:03:58 2026: Dispatch Server: Accepted socket connection from client
Sat Apr 25 16:03:58 2026: Starting Socket connection
Sat Apr 25 16:05:34 2026: SESSION_MGR: closing session for UUID '7db1e209-fd91-4d3e-989e-460d2e1044f7' with name 'v++_compile_attention_int8_kernel'
Sat Apr 25 16:05:34 2026: KERNEL_SVC: closing session for UUID '7db1e209-fd91-4d3e-989e-460d2e1044f7' with name 'v++_compile_attention_int8_kernel'
Sat Apr 25 16:05:34 2026: GUIDANCE_SMGR: closing session for UUID '7db1e209-fd91-4d3e-989e-460d2e1044f7' with name 'v++_compile_attention_int8_kernel'
Sat Apr 25 16:05:34 2026: SYSTEM_DIAGRAM: closing session for UUID '7db1e209-fd91-4d3e-989e-460d2e1044f7' with name 'v++_compile_attention_int8_kernel'
Sat Apr 25 16:05:34 2026: STOP_SERVER received, server token: f80f6eab-9fcc-4621-9cd0-f1ad4e8b7567, passed token: f80f6eab-9fcc-4621-9cd0-f1ad4e8b7567
Sat Apr 25 16:05:34 2026: Socket received request to stop server.
Sat Apr 25 16:05:34 2026: Dispatch Server: do_await_stop
Sat Apr 25 16:05:34 2026: Dispatch Server: stopping mainFifo_
Sat Apr 25 16:05:34 2026: XCD main fifo: Stopping
Sat Apr 25 16:05:34 2026: XCD main fifo: do_read error code: Operation canceled
Sat Apr 25 16:05:34 2026: XCD main fifo: bytes_transferred: 0
Sat Apr 25 16:05:34 2026: SERVER: destructor for server bound to port 45337
Sat Apr 25 16:05:34 2026: XCD main fifo: Good unlink of /tmp/xcdmainf80f6eab-9fcc-4621-9cd0-f1ad4e8b7567
Sat Apr 25 16:05:34 2026: Server exiting with status 0.
Sat Apr 25 16:05:34 2026: Closing log file.
Sat Apr 25 16:09:03 2026: Running xcd server. This server was built by gradle.
Sat Apr 25 16:09:03 2026: Server was asked to start on port: '35603'
Sat Apr 25 16:09:03 2026: Server is using token UUID: 'd74ff420-c2ca-4637-8303-0a00cc503b42'
Sat Apr 25 16:09:03 2026: SESSION_MGR: creating session with session uuid: '6d04a3e9-ade5-4ab9-8d63-1f78fcd2ec76' and name 'default'
Sat Apr 25 16:09:03 2026: Attempting to start server on port '35603'
Sat Apr 25 16:09:03 2026: XCD main fifo: created main fifo '/tmp/xcdmaind74ff420-c2ca-4637-8303-0a00cc503b42', fd read = 13
Sat Apr 25 16:09:03 2026: Running Dispatch Server
Sat Apr 25 16:09:03 2026: Version 2.2.0
Sat Apr 25 16:09:05 2026: Dispatch Server: Accepted socket connection from client
Sat Apr 25 16:09:05 2026: Starting Socket connection
Sat Apr 25 16:09:05 2026: EXCHANGE_TOKEN received, server token: d74ff420-c2ca-4637-8303-0a00cc503b42, passed token: d74ff420-c2ca-4637-8303-0a00cc503b42
Sat Apr 25 16:09:05 2026: DISPATCH_HANDLER: Adding handler from function makeHandler in library libxv_system_diagram
Sat Apr 25 16:09:05 2026: SESSION_MGR: creating session with session uuid: 'fcc93f48-a811-4b6b-8379-b7afff20cd15' and name 'v++_compile_attention_int8_kernel'
Sat Apr 25 16:09:05 2026: KERNEL_SVC: creating session with uuid: 'fcc93f48-a811-4b6b-8379-b7afff20cd15' and name 'v++_compile_attention_int8_kernel'
Sat Apr 25 16:09:05 2026: GUIDANCE_SMGR: creating guidance session with uuid: 'fcc93f48-a811-4b6b-8379-b7afff20cd15' and name 'v++_compile_attention_int8_kernel'
Sat Apr 25 16:09:05 2026: SYSTEM_DIAGRAM: creating session with uuid: 'fcc93f48-a811-4b6b-8379-b7afff20cd15' and name 'v++_compile_attention_int8_kernel'
Sat Apr 25 16:09:10 2026: Dispatch Server: Accepted socket connection from client
Sat Apr 25 16:09:10 2026: Starting Socket connection
Sat Apr 25 16:10:29 2026: SESSION_MGR: closing session for UUID 'fcc93f48-a811-4b6b-8379-b7afff20cd15' with name 'v++_compile_attention_int8_kernel'
Sat Apr 25 16:10:29 2026: KERNEL_SVC: closing session for UUID 'fcc93f48-a811-4b6b-8379-b7afff20cd15' with name 'v++_compile_attention_int8_kernel'
Sat Apr 25 16:10:29 2026: GUIDANCE_SMGR: closing session for UUID 'fcc93f48-a811-4b6b-8379-b7afff20cd15' with name 'v++_compile_attention_int8_kernel'
Sat Apr 25 16:10:29 2026: SYSTEM_DIAGRAM: closing session for UUID 'fcc93f48-a811-4b6b-8379-b7afff20cd15' with name 'v++_compile_attention_int8_kernel'
Sat Apr 25 16:10:29 2026: STOP_SERVER received, server token: d74ff420-c2ca-4637-8303-0a00cc503b42, passed token: d74ff420-c2ca-4637-8303-0a00cc503b42
Sat Apr 25 16:10:29 2026: Socket received request to stop server.
Sat Apr 25 16:10:29 2026: Dispatch Server: do_await_stop
Sat Apr 25 16:10:29 2026: Dispatch Server: stopping mainFifo_
Sat Apr 25 16:10:29 2026: XCD main fifo: Stopping
Sat Apr 25 16:10:29 2026: XCD main fifo: do_read error code: Operation canceled
Sat Apr 25 16:10:29 2026: XCD main fifo: bytes_transferred: 0
Sat Apr 25 16:10:29 2026: SERVER: destructor for server bound to port 35603
Sat Apr 25 16:10:29 2026: XCD main fifo: Good unlink of /tmp/xcdmaind74ff420-c2ca-4637-8303-0a00cc503b42
Sat Apr 25 16:10:29 2026: Server exiting with status 0.
Sat Apr 25 16:10:29 2026: Closing log file.
Sat Apr 25 16:11:26 2026: Running xcd server. This server was built by gradle.
Sat Apr 25 16:11:26 2026: Server was asked to start on port: '39469'
Sat Apr 25 16:11:26 2026: Server is using token UUID: '72199a0b-3163-4a9c-a477-52795132016a'
Sat Apr 25 16:11:26 2026: SESSION_MGR: creating session with session uuid: '6d04a3e9-ade5-4ab9-8d63-1f78fcd2ec76' and name 'default'
Sat Apr 25 16:11:26 2026: Attempting to start server on port '39469'
Sat Apr 25 16:11:26 2026: XCD main fifo: created main fifo '/tmp/xcdmain72199a0b-3163-4a9c-a477-52795132016a', fd read = 13
Sat Apr 25 16:11:26 2026: Running Dispatch Server
Sat Apr 25 16:11:26 2026: Version 2.2.0
Sat Apr 25 16:11:27 2026: Dispatch Server: Accepted socket connection from client
Sat Apr 25 16:11:27 2026: Starting Socket connection
Sat Apr 25 16:11:27 2026: EXCHANGE_TOKEN received, server token: 72199a0b-3163-4a9c-a477-52795132016a, passed token: 72199a0b-3163-4a9c-a477-52795132016a
Sat Apr 25 16:11:27 2026: DISPATCH_HANDLER: Adding handler from function makeHandler in library libxv_system_diagram
Sat Apr 25 16:11:27 2026: SESSION_MGR: creating session with session uuid: 'f956fdc3-6387-4d1f-a4f3-40544b2d2d3e' and name 'v++_compile_attention_int8_kernel'
Sat Apr 25 16:11:27 2026: KERNEL_SVC: creating session with uuid: 'f956fdc3-6387-4d1f-a4f3-40544b2d2d3e' and name 'v++_compile_attention_int8_kernel'
Sat Apr 25 16:11:27 2026: GUIDANCE_SMGR: creating guidance session with uuid: 'f956fdc3-6387-4d1f-a4f3-40544b2d2d3e' and name 'v++_compile_attention_int8_kernel'
Sat Apr 25 16:11:27 2026: SYSTEM_DIAGRAM: creating session with uuid: 'f956fdc3-6387-4d1f-a4f3-40544b2d2d3e' and name 'v++_compile_attention_int8_kernel'
Sat Apr 25 16:11:33 2026: Dispatch Server: Accepted socket connection from client
Sat Apr 25 16:11:33 2026: Starting Socket connection
Sat Apr 25 16:12:54 2026: SESSION_MGR: closing session for UUID 'f956fdc3-6387-4d1f-a4f3-40544b2d2d3e' with name 'v++_compile_attention_int8_kernel'
Sat Apr 25 16:12:54 2026: KERNEL_SVC: closing session for UUID 'f956fdc3-6387-4d1f-a4f3-40544b2d2d3e' with name 'v++_compile_attention_int8_kernel'
Sat Apr 25 16:12:54 2026: GUIDANCE_SMGR: closing session for UUID 'f956fdc3-6387-4d1f-a4f3-40544b2d2d3e' with name 'v++_compile_attention_int8_kernel'
Sat Apr 25 16:12:54 2026: SYSTEM_DIAGRAM: closing session for UUID 'f956fdc3-6387-4d1f-a4f3-40544b2d2d3e' with name 'v++_compile_attention_int8_kernel'
Sat Apr 25 16:12:54 2026: STOP_SERVER received, server token: 72199a0b-3163-4a9c-a477-52795132016a, passed token: 72199a0b-3163-4a9c-a477-52795132016a
Sat Apr 25 16:12:54 2026: Socket received request to stop server.
Sat Apr 25 16:12:54 2026: Dispatch Server: do_await_stop
Sat Apr 25 16:12:54 2026: Dispatch Server: stopping mainFifo_
Sat Apr 25 16:12:54 2026: XCD main fifo: Stopping
Sat Apr 25 16:12:54 2026: XCD main fifo: do_read error code: Operation canceled
Sat Apr 25 16:12:54 2026: XCD main fifo: bytes_transferred: 0
Sat Apr 25 16:12:54 2026: SERVER: destructor for server bound to port 39469
Sat Apr 25 16:12:54 2026: XCD main fifo: Good unlink of /tmp/xcdmain72199a0b-3163-4a9c-a477-52795132016a
Sat Apr 25 16:12:54 2026: Server exiting with status 0.
Sat Apr 25 16:12:54 2026: Closing log file.
Sat Apr 25 16:23:01 2026: Running xcd server. This server was built by gradle.
Sat Apr 25 16:23:01 2026: Server was asked to start on port: '37181'
Sat Apr 25 16:23:01 2026: Server is using token UUID: '5c1b2db8-f185-450d-9e61-e0cacc1ebca8'
Sat Apr 25 16:23:01 2026: SESSION_MGR: creating session with session uuid: '6d04a3e9-ade5-4ab9-8d63-1f78fcd2ec76' and name 'default'
Sat Apr 25 16:23:01 2026: Attempting to start server on port '37181'
Sat Apr 25 16:23:01 2026: XCD main fifo: created main fifo '/tmp/xcdmain5c1b2db8-f185-450d-9e61-e0cacc1ebca8', fd read = 13
Sat Apr 25 16:23:01 2026: Running Dispatch Server
Sat Apr 25 16:23:01 2026: Version 2.2.0
Sat Apr 25 16:23:03 2026: Dispatch Server: Accepted socket connection from client
Sat Apr 25 16:23:03 2026: Starting Socket connection
Sat Apr 25 16:23:03 2026: EXCHANGE_TOKEN received, server token: 5c1b2db8-f185-450d-9e61-e0cacc1ebca8, passed token: 5c1b2db8-f185-450d-9e61-e0cacc1ebca8
Sat Apr 25 16:23:03 2026: DISPATCH_HANDLER: Adding handler from function makeHandler in library libxv_system_diagram
Sat Apr 25 16:23:03 2026: SESSION_MGR: creating session with session uuid: '794719e6-a020-4bdd-8d27-8e6978fbd521' and name 'v++_compile_attention_int8_kernel'
Sat Apr 25 16:23:03 2026: KERNEL_SVC: creating session with uuid: '794719e6-a020-4bdd-8d27-8e6978fbd521' and name 'v++_compile_attention_int8_kernel'
Sat Apr 25 16:23:03 2026: GUIDANCE_SMGR: creating guidance session with uuid: '794719e6-a020-4bdd-8d27-8e6978fbd521' and name 'v++_compile_attention_int8_kernel'
Sat Apr 25 16:23:03 2026: SYSTEM_DIAGRAM: creating session with uuid: '794719e6-a020-4bdd-8d27-8e6978fbd521' and name 'v++_compile_attention_int8_kernel'
Sat Apr 25 16:23:08 2026: Dispatch Server: Accepted socket connection from client
Sat Apr 25 16:23:08 2026: Starting Socket connection
Sat Apr 25 16:29:37 2026: SESSION_MGR: closing session for UUID '794719e6-a020-4bdd-8d27-8e6978fbd521' with name 'v++_compile_attention_int8_kernel'
Sat Apr 25 16:29:37 2026: KERNEL_SVC: closing session for UUID '794719e6-a020-4bdd-8d27-8e6978fbd521' with name 'v++_compile_attention_int8_kernel'
Sat Apr 25 16:29:37 2026: GUIDANCE_SMGR: closing session for UUID '794719e6-a020-4bdd-8d27-8e6978fbd521' with name 'v++_compile_attention_int8_kernel'
Sat Apr 25 16:29:37 2026: SYSTEM_DIAGRAM: closing session for UUID '794719e6-a020-4bdd-8d27-8e6978fbd521' with name 'v++_compile_attention_int8_kernel'
Sat Apr 25 16:29:37 2026: STOP_SERVER received, server token: 5c1b2db8-f185-450d-9e61-e0cacc1ebca8, passed token: 5c1b2db8-f185-450d-9e61-e0cacc1ebca8
Sat Apr 25 16:29:37 2026: Socket received request to stop server.
Sat Apr 25 16:29:37 2026: Dispatch Server: do_await_stop
Sat Apr 25 16:29:37 2026: Dispatch Server: stopping mainFifo_
Sat Apr 25 16:29:37 2026: XCD main fifo: Stopping
Sat Apr 25 16:29:37 2026: XCD main fifo: do_read error code: Operation canceled
Sat Apr 25 16:29:37 2026: XCD main fifo: bytes_transferred: 0
Sat Apr 25 16:29:37 2026: SERVER: destructor for server bound to port 37181
Sat Apr 25 16:29:37 2026: XCD main fifo: Good unlink of /tmp/xcdmain5c1b2db8-f185-450d-9e61-e0cacc1ebca8
Sat Apr 25 16:29:37 2026: Server exiting with status 0.
Sat Apr 25 16:29:37 2026: Closing log file.
Sat Apr 25 16:32:37 2026: Running xcd server. This server was built by gradle.
Sat Apr 25 16:32:37 2026: Server was asked to start on port: '41005'
Sat Apr 25 16:32:37 2026: Server is using token UUID: '3c40a8bf-5c94-44f0-b5f7-1f646482eb82'
Sat Apr 25 16:32:37 2026: SESSION_MGR: creating session with session uuid: '6d04a3e9-ade5-4ab9-8d63-1f78fcd2ec76' and name 'default'
Sat Apr 25 16:32:37 2026: Attempting to start server on port '41005'
Sat Apr 25 16:32:37 2026: XCD main fifo: created main fifo '/tmp/xcdmain3c40a8bf-5c94-44f0-b5f7-1f646482eb82', fd read = 13
Sat Apr 25 16:32:37 2026: Running Dispatch Server
Sat Apr 25 16:32:37 2026: Version 2.2.0
Sat Apr 25 16:32:39 2026: Dispatch Server: Accepted socket connection from client
Sat Apr 25 16:32:39 2026: Starting Socket connection
Sat Apr 25 16:32:39 2026: EXCHANGE_TOKEN received, server token: 3c40a8bf-5c94-44f0-b5f7-1f646482eb82, passed token: 3c40a8bf-5c94-44f0-b5f7-1f646482eb82
Sat Apr 25 16:32:39 2026: DISPATCH_HANDLER: Adding handler from function makeHandler in library libxv_system_diagram
Sat Apr 25 16:32:39 2026: SESSION_MGR: creating session with session uuid: 'fe6e399a-e732-4d9c-92af-a66cbdb021f7' and name 'v++_compile_attention_int8_kernel'
Sat Apr 25 16:32:39 2026: KERNEL_SVC: creating session with uuid: 'fe6e399a-e732-4d9c-92af-a66cbdb021f7' and name 'v++_compile_attention_int8_kernel'
Sat Apr 25 16:32:39 2026: GUIDANCE_SMGR: creating guidance session with uuid: 'fe6e399a-e732-4d9c-92af-a66cbdb021f7' and name 'v++_compile_attention_int8_kernel'
Sat Apr 25 16:32:39 2026: SYSTEM_DIAGRAM: creating session with uuid: 'fe6e399a-e732-4d9c-92af-a66cbdb021f7' and name 'v++_compile_attention_int8_kernel'
Sat Apr 25 16:32:43 2026: Dispatch Server: Accepted socket connection from client
Sat Apr 25 16:32:43 2026: Starting Socket connection
Sat Apr 25 16:34:22 2026: SESSION_MGR: closing session for UUID 'fe6e399a-e732-4d9c-92af-a66cbdb021f7' with name 'v++_compile_attention_int8_kernel'
Sat Apr 25 16:34:22 2026: KERNEL_SVC: closing session for UUID 'fe6e399a-e732-4d9c-92af-a66cbdb021f7' with name 'v++_compile_attention_int8_kernel'
Sat Apr 25 16:34:22 2026: GUIDANCE_SMGR: closing session for UUID 'fe6e399a-e732-4d9c-92af-a66cbdb021f7' with name 'v++_compile_attention_int8_kernel'
Sat Apr 25 16:34:22 2026: SYSTEM_DIAGRAM: closing session for UUID 'fe6e399a-e732-4d9c-92af-a66cbdb021f7' with name 'v++_compile_attention_int8_kernel'
Sat Apr 25 16:34:22 2026: STOP_SERVER received, server token: 3c40a8bf-5c94-44f0-b5f7-1f646482eb82, passed token: 3c40a8bf-5c94-44f0-b5f7-1f646482eb82
Sat Apr 25 16:34:22 2026: Socket received request to stop server.
Sat Apr 25 16:34:22 2026: Dispatch Server: do_await_stop
Sat Apr 25 16:34:22 2026: Dispatch Server: stopping mainFifo_
Sat Apr 25 16:34:22 2026: XCD main fifo: Stopping
Sat Apr 25 16:34:22 2026: XCD main fifo: do_read error code: Operation canceled
Sat Apr 25 16:34:22 2026: XCD main fifo: bytes_transferred: 0
Sat Apr 25 16:34:22 2026: SERVER: destructor for server bound to port 41005
Sat Apr 25 16:34:22 2026: XCD main fifo: Good unlink of /tmp/xcdmain3c40a8bf-5c94-44f0-b5f7-1f646482eb82
Sat Apr 25 16:34:22 2026: Server exiting with status 0.
Sat Apr 25 16:34:22 2026: Closing log file.
Sat Apr 25 19:12:58 2026: Running xcd server. This server was built by gradle.
Sat Apr 25 19:12:58 2026: Server was asked to start on port: '34127'
Sat Apr 25 19:12:58 2026: Server is using token UUID: 'f3f4a46a-c666-4976-921c-3c8423bc64ea'
Sat Apr 25 19:12:58 2026: SESSION_MGR: creating session with session uuid: '6d04a3e9-ade5-4ab9-8d63-1f78fcd2ec76' and name 'default'
Sat Apr 25 19:12:58 2026: Attempting to start server on port '34127'
Sat Apr 25 19:12:58 2026: XCD main fifo: created main fifo '/tmp/xcdmainf3f4a46a-c666-4976-921c-3c8423bc64ea', fd read = 12
Sat Apr 25 19:12:58 2026: Running Dispatch Server
Sat Apr 25 19:12:58 2026: Version 2.2.0
Sat Apr 25 19:12:59 2026: Dispatch Server: Accepted socket connection from client
Sat Apr 25 19:12:59 2026: Starting Socket connection
Sat Apr 25 19:12:59 2026: EXCHANGE_TOKEN received, server token: f3f4a46a-c666-4976-921c-3c8423bc64ea, passed token: f3f4a46a-c666-4976-921c-3c8423bc64ea
Sat Apr 25 19:13:00 2026: DISPATCH_HANDLER: Adding handler from function makeHandler in library libxv_system_diagram
Sat Apr 25 19:13:00 2026: SESSION_MGR: creating session with session uuid: 'bd802e9d-bad2-4942-b5f0-be159c1aa71e' and name 'vitis-run_compile_attention_int8_kernel'
Sat Apr 25 19:13:00 2026: KERNEL_SVC: creating session with uuid: 'bd802e9d-bad2-4942-b5f0-be159c1aa71e' and name 'vitis-run_compile_attention_int8_kernel'
Sat Apr 25 19:13:00 2026: GUIDANCE_SMGR: creating guidance session with uuid: 'bd802e9d-bad2-4942-b5f0-be159c1aa71e' and name 'vitis-run_compile_attention_int8_kernel'
Sat Apr 25 19:13:00 2026: SYSTEM_DIAGRAM: creating session with uuid: 'bd802e9d-bad2-4942-b5f0-be159c1aa71e' and name 'vitis-run_compile_attention_int8_kernel'
Sat Apr 25 19:13:00 2026: SESSION_MGR: closing session for UUID 'bd802e9d-bad2-4942-b5f0-be159c1aa71e' with name 'vitis-run_compile_attention_int8_kernel'
Sat Apr 25 19:13:00 2026: KERNEL_SVC: closing session for UUID 'bd802e9d-bad2-4942-b5f0-be159c1aa71e' with name 'vitis-run_compile_attention_int8_kernel'
Sat Apr 25 19:13:00 2026: GUIDANCE_SMGR: closing session for UUID 'bd802e9d-bad2-4942-b5f0-be159c1aa71e' with name 'vitis-run_compile_attention_int8_kernel'
Sat Apr 25 19:13:00 2026: SYSTEM_DIAGRAM: closing session for UUID 'bd802e9d-bad2-4942-b5f0-be159c1aa71e' with name 'vitis-run_compile_attention_int8_kernel'
Sat Apr 25 19:13:00 2026: STOP_SERVER received, server token: f3f4a46a-c666-4976-921c-3c8423bc64ea, passed token: f3f4a46a-c666-4976-921c-3c8423bc64ea
Sat Apr 25 19:13:00 2026: Socket received request to stop server.
Sat Apr 25 19:13:00 2026: Dispatch Server: do_await_stop
Sat Apr 25 19:13:00 2026: Dispatch Server: stopping mainFifo_
Sat Apr 25 19:13:00 2026: XCD main fifo: Stopping
Sat Apr 25 19:13:00 2026: XCD main fifo: do_read error code: Operation canceled
Sat Apr 25 19:13:00 2026: XCD main fifo: bytes_transferred: 0
Sat Apr 25 19:13:00 2026: SERVER: destructor for server bound to port 34127
Sat Apr 25 19:13:00 2026: XCD main fifo: Good unlink of /tmp/xcdmainf3f4a46a-c666-4976-921c-3c8423bc64ea
Sat Apr 25 19:13:00 2026: Server exiting with status 0.
Sat Apr 25 19:13:00 2026: Closing log file.
Sat Apr 25 19:13:57 2026: Running xcd server. This server was built by gradle.
Sat Apr 25 19:13:57 2026: Server was asked to start on port: '39423'
Sat Apr 25 19:13:57 2026: Server is using token UUID: '90147a6d-df21-4ab2-83c9-a1626f35f383'
Sat Apr 25 19:13:57 2026: SESSION_MGR: creating session with session uuid: '6d04a3e9-ade5-4ab9-8d63-1f78fcd2ec76' and name 'default'
Sat Apr 25 19:13:57 2026: Attempting to start server on port '39423'
Sat Apr 25 19:13:57 2026: XCD main fifo: created main fifo '/tmp/xcdmain90147a6d-df21-4ab2-83c9-a1626f35f383', fd read = 13
Sat Apr 25 19:13:57 2026: Running Dispatch Server
Sat Apr 25 19:13:57 2026: Version 2.2.0
Sat Apr 25 19:13:58 2026: Dispatch Server: Accepted socket connection from client
Sat Apr 25 19:13:58 2026: Starting Socket connection
Sat Apr 25 19:13:58 2026: EXCHANGE_TOKEN received, server token: 90147a6d-df21-4ab2-83c9-a1626f35f383, passed token: 90147a6d-df21-4ab2-83c9-a1626f35f383
Sat Apr 25 19:13:58 2026: DISPATCH_HANDLER: Adding handler from function makeHandler in library libxv_system_diagram
Sat Apr 25 19:13:58 2026: SESSION_MGR: creating session with session uuid: '2484baf8-a7f4-41db-a8a6-0b1c9fdf0a39' and name 'vitis-run_compile_attention_int8_kernel'
Sat Apr 25 19:13:58 2026: KERNEL_SVC: creating session with uuid: '2484baf8-a7f4-41db-a8a6-0b1c9fdf0a39' and name 'vitis-run_compile_attention_int8_kernel'
Sat Apr 25 19:13:58 2026: GUIDANCE_SMGR: creating guidance session with uuid: '2484baf8-a7f4-41db-a8a6-0b1c9fdf0a39' and name 'vitis-run_compile_attention_int8_kernel'
Sat Apr 25 19:13:58 2026: SYSTEM_DIAGRAM: creating session with uuid: '2484baf8-a7f4-41db-a8a6-0b1c9fdf0a39' and name 'vitis-run_compile_attention_int8_kernel'
Sat Apr 25 19:13:59 2026: SESSION_MGR: closing session for UUID '2484baf8-a7f4-41db-a8a6-0b1c9fdf0a39' with name 'vitis-run_compile_attention_int8_kernel'
Sat Apr 25 19:13:59 2026: KERNEL_SVC: closing session for UUID '2484baf8-a7f4-41db-a8a6-0b1c9fdf0a39' with name 'vitis-run_compile_attention_int8_kernel'
Sat Apr 25 19:13:59 2026: GUIDANCE_SMGR: closing session for UUID '2484baf8-a7f4-41db-a8a6-0b1c9fdf0a39' with name 'vitis-run_compile_attention_int8_kernel'
Sat Apr 25 19:13:59 2026: SYSTEM_DIAGRAM: closing session for UUID '2484baf8-a7f4-41db-a8a6-0b1c9fdf0a39' with name 'vitis-run_compile_attention_int8_kernel'
Sat Apr 25 19:13:59 2026: STOP_SERVER received, server token: 90147a6d-df21-4ab2-83c9-a1626f35f383, passed token: 90147a6d-df21-4ab2-83c9-a1626f35f383
Sat Apr 25 19:13:59 2026: Socket received request to stop server.
Sat Apr 25 19:13:59 2026: Dispatch Server: do_await_stop
Sat Apr 25 19:13:59 2026: Dispatch Server: stopping mainFifo_
Sat Apr 25 19:13:59 2026: XCD main fifo: Stopping
Sat Apr 25 19:13:59 2026: XCD main fifo: do_read error code: Operation canceled
Sat Apr 25 19:13:59 2026: XCD main fifo: bytes_transferred: 0
Sat Apr 25 19:13:59 2026: SERVER: destructor for server bound to port 39423
Sat Apr 25 19:13:59 2026: XCD main fifo: Good unlink of /tmp/xcdmain90147a6d-df21-4ab2-83c9-a1626f35f383
Sat Apr 25 19:13:59 2026: Server exiting with status 0.
Sat Apr 25 19:13:59 2026: Closing log file.
