Vivado Simulator v2022.1
Copyright 1986-1999, 2001-2022 Xilinx, Inc. All Rights Reserved.
Running: /packages/apps/fpga/Vivado/2022.1/bin/unwrapped/lnx64.o/xelab xil_defaultlib.apatb_attention_int8_kernel_top glbl -Oenable_linking_all_libraries -prj attention_int8_kernel.prj -L smartconnect_v1_0 -L axi_protocol_checker_v1_1_12 -L axi_protocol_checker_v1_1_13 -L axis_protocol_checker_v1_1_11 -L axis_protocol_checker_v1_1_12 -L xil_defaultlib -L unisims_ver -L xpm -L floating_point_v7_0_20 -L floating_point_v7_1_14 --lib ieee_proposed=./ieee_proposed -s attention_int8_kernel 
Multi-threading is on. Using 126 slave threads.
INFO: [VRFC 10-2263] Analyzing SystemVerilog file "/home/siyenga7/FPGA/hls_cosim_project/solution_cosim/sim/verilog/ip/xil_defaultlib/attention_int8_kernel_sitofp_32ns_32_6_no_dsp_1_ip.v" into library xil_defaultlib
INFO: [VRFC 10-311] analyzing module attention_int8_kernel_sitofp_32ns_32_6_no_dsp_1_ip
INFO: [VRFC 10-2263] Analyzing SystemVerilog file "/home/siyenga7/FPGA/hls_cosim_project/solution_cosim/sim/verilog/ip/xil_defaultlib/attention_int8_kernel_faddfsub_32ns_32ns_32_7_full_dsp_1_ip.v" into library xil_defaultlib
INFO: [VRFC 10-311] analyzing module attention_int8_kernel_faddfsub_32ns_32ns_32_7_full_dsp_1_ip
INFO: [VRFC 10-2263] Analyzing SystemVerilog file "/home/siyenga7/FPGA/hls_cosim_project/solution_cosim/sim/verilog/ip/xil_defaultlib/attention_int8_kernel_fmul_32ns_32ns_32_4_max_dsp_1_ip.v" into library xil_defaultlib
INFO: [VRFC 10-311] analyzing module attention_int8_kernel_fmul_32ns_32ns_32_4_max_dsp_1_ip
INFO: [VRFC 10-2263] Analyzing SystemVerilog file "/home/siyenga7/FPGA/hls_cosim_project/solution_cosim/sim/verilog/ip/xil_defaultlib/attention_int8_kernel_fcmp_32ns_32ns_1_2_no_dsp_1_ip.v" into library xil_defaultlib
INFO: [VRFC 10-311] analyzing module attention_int8_kernel_fcmp_32ns_32ns_1_2_no_dsp_1_ip
INFO: [VRFC 10-2263] Analyzing SystemVerilog file "/home/siyenga7/FPGA/hls_cosim_project/solution_cosim/sim/verilog/ip/xil_defaultlib/attention_int8_kernel_fsub_32ns_32ns_32_7_full_dsp_1_ip.v" into library xil_defaultlib
INFO: [VRFC 10-311] analyzing module attention_int8_kernel_fsub_32ns_32ns_32_7_full_dsp_1_ip
INFO: [VRFC 10-2263] Analyzing SystemVerilog file "/home/siyenga7/FPGA/hls_cosim_project/solution_cosim/sim/verilog/ip/xil_defaultlib/attention_int8_kernel_fadd_32ns_32ns_32_6_no_dsp_1_ip.v" into library xil_defaultlib
INFO: [VRFC 10-311] analyzing module attention_int8_kernel_fadd_32ns_32ns_32_6_no_dsp_1_ip
INFO: [VRFC 10-2263] Analyzing SystemVerilog file "/home/siyenga7/FPGA/hls_cosim_project/solution_cosim/sim/verilog/ip/xil_defaultlib/attention_int8_kernel_fadd_32ns_32ns_32_7_full_dsp_1_ip.v" into library xil_defaultlib
INFO: [VRFC 10-311] analyzing module attention_int8_kernel_fadd_32ns_32ns_32_7_full_dsp_1_ip
INFO: [VRFC 10-2263] Analyzing SystemVerilog file "/home/siyenga7/FPGA/hls_cosim_project/solution_cosim/sim/verilog/ip/xil_defaultlib/attention_int8_kernel_sptohp_32ns_16_2_no_dsp_1_ip.v" into library xil_defaultlib
INFO: [VRFC 10-311] analyzing module attention_int8_kernel_sptohp_32ns_16_2_no_dsp_1_ip
INFO: [VRFC 10-2263] Analyzing SystemVerilog file "/home/siyenga7/FPGA/hls_cosim_project/solution_cosim/sim/verilog/ip/xil_defaultlib/attention_int8_kernel_sitofp_32s_32_6_no_dsp_1_ip.v" into library xil_defaultlib
INFO: [VRFC 10-311] analyzing module attention_int8_kernel_sitofp_32s_32_6_no_dsp_1_ip
INFO: [VRFC 10-2263] Analyzing SystemVerilog file "/home/siyenga7/FPGA/hls_cosim_project/solution_cosim/sim/verilog/ip/xil_defaultlib/attention_int8_kernel_fdiv_32ns_32ns_32_16_no_dsp_1_ip.v" into library xil_defaultlib
INFO: [VRFC 10-311] analyzing module attention_int8_kernel_fdiv_32ns_32ns_32_16_no_dsp_1_ip
INFO: [VRFC 10-2263] Analyzing SystemVerilog file "/home/siyenga7/FPGA/hls_cosim_project/solution_cosim/sim/verilog/glbl.v" into library work
INFO: [VRFC 10-311] analyzing module glbl
INFO: [VRFC 10-2263] Analyzing SystemVerilog file "/home/siyenga7/FPGA/hls_cosim_project/solution_cosim/sim/verilog/AESL_axi_master_gmem3.v" into library xil_defaultlib
INFO: [VRFC 10-311] analyzing module AESL_axi_master_gmem3
INFO: [VRFC 10-2263] Analyzing SystemVerilog file "/home/siyenga7/FPGA/hls_cosim_project/solution_cosim/sim/verilog/attention_int8_kernel_mux_84_32_1_1.v" into library xil_defaultlib
INFO: [VRFC 10-311] analyzing module attention_int8_kernel_mux_84_32_1_1
INFO: [VRFC 10-2263] Analyzing SystemVerilog file "/home/siyenga7/FPGA/hls_cosim_project/solution_cosim/sim/verilog/attention_int8_kernel.autotb.v" into library xil_defaultlib
INFO: [VRFC 10-311] analyzing module apatb_attention_int8_kernel_top
INFO: [VRFC 10-2263] Analyzing SystemVerilog file "/home/siyenga7/FPGA/hls_cosim_project/solution_cosim/sim/verilog/attention_int8_kernel_faddfsub_32ns_32ns_32_7_full_dsp_1.v" into library xil_defaultlib
INFO: [VRFC 10-311] analyzing module attention_int8_kernel_faddfsub_32ns_32ns_32_7_full_dsp_1
INFO: [VRFC 10-2263] Analyzing SystemVerilog file "/home/siyenga7/FPGA/hls_cosim_project/solution_cosim/sim/verilog/attention_int8_kernel_fadd_32ns_32ns_32_7_full_dsp_1.v" into library xil_defaultlib
INFO: [VRFC 10-311] analyzing module attention_int8_kernel_fadd_32ns_32ns_32_7_full_dsp_1
INFO: [VRFC 10-2263] Analyzing SystemVerilog file "/home/siyenga7/FPGA/hls_cosim_project/solution_cosim/sim/verilog/attention_int8_kernel_fmul_32ns_32ns_32_4_max_dsp_1.v" into library xil_defaultlib
INFO: [VRFC 10-311] analyzing module attention_int8_kernel_fmul_32ns_32ns_32_4_max_dsp_1
INFO: [VRFC 10-2263] Analyzing SystemVerilog file "/home/siyenga7/FPGA/hls_cosim_project/solution_cosim/sim/verilog/attention_int8_kernel_Q_tile_V_RAM_AUTO_1R1W.v" into library xil_defaultlib
INFO: [VRFC 10-311] analyzing module attention_int8_kernel_Q_tile_V_RAM_AUTO_1R1W
INFO: [VRFC 10-2263] Analyzing SystemVerilog file "/home/siyenga7/FPGA/hls_cosim_project/solution_cosim/sim/verilog/attention_int8_kernel_mux_83_32_1_1.v" into library xil_defaultlib
INFO: [VRFC 10-311] analyzing module attention_int8_kernel_mux_83_32_1_1
INFO: [VRFC 10-2263] Analyzing SystemVerilog file "/home/siyenga7/FPGA/hls_cosim_project/solution_cosim/sim/verilog/attention_int8_kernel_gmem2_m_axi.v" into library xil_defaultlib
INFO: [VRFC 10-311] analyzing module attention_int8_kernel_gmem2_m_axi
INFO: [VRFC 10-311] analyzing module attention_int8_kernel_gmem2_m_axi_load
INFO: [VRFC 10-311] analyzing module attention_int8_kernel_gmem2_m_axi_store
INFO: [VRFC 10-311] analyzing module attention_int8_kernel_gmem2_m_axi_flushManager
INFO: [VRFC 10-311] analyzing module attention_int8_kernel_gmem2_m_axi_read
INFO: [VRFC 10-311] analyzing module attention_int8_kernel_gmem2_m_axi_write
INFO: [VRFC 10-311] analyzing module attention_int8_kernel_gmem2_m_axi_throttle
INFO: [VRFC 10-311] analyzing module attention_int8_kernel_gmem2_m_axi_reg_slice
INFO: [VRFC 10-311] analyzing module attention_int8_kernel_gmem2_m_axi_fifo
INFO: [VRFC 10-311] analyzing module attention_int8_kernel_gmem2_m_axi_srl
INFO: [VRFC 10-311] analyzing module attention_int8_kernel_gmem2_m_axi_mem
INFO: [VRFC 10-2263] Analyzing SystemVerilog file "/home/siyenga7/FPGA/hls_cosim_project/solution_cosim/sim/verilog/attention_int8_kernel_fsub_32ns_32ns_32_7_full_dsp_1.v" into library xil_defaultlib
INFO: [VRFC 10-311] analyzing module attention_int8_kernel_fsub_32ns_32ns_32_7_full_dsp_1
INFO: [VRFC 10-2263] Analyzing SystemVerilog file "/home/siyenga7/FPGA/hls_cosim_project/solution_cosim/sim/verilog/attention_int8_kernel_mux_1287_32_1_1.v" into library xil_defaultlib
INFO: [VRFC 10-311] analyzing module attention_int8_kernel_mux_1287_32_1_1
INFO: [VRFC 10-2263] Analyzing SystemVerilog file "/home/siyenga7/FPGA/hls_cosim_project/solution_cosim/sim/verilog/attention_int8_kernel_sptohp_32ns_16_2_no_dsp_1.v" into library xil_defaultlib
INFO: [VRFC 10-311] analyzing module attention_int8_kernel_sptohp_32ns_16_2_no_dsp_1
INFO: [VRFC 10-2263] Analyzing SystemVerilog file "/home/siyenga7/FPGA/hls_cosim_project/solution_cosim/sim/verilog/attention_int8_kernel_mux_83_8_1_1.v" into library xil_defaultlib
INFO: [VRFC 10-311] analyzing module attention_int8_kernel_mux_83_8_1_1
INFO: [VRFC 10-2263] Analyzing SystemVerilog file "/home/siyenga7/FPGA/hls_cosim_project/solution_cosim/sim/verilog/attention_int8_kernel_K_tile_V_RAM_AUTO_1R1W.v" into library xil_defaultlib
INFO: [VRFC 10-311] analyzing module attention_int8_kernel_K_tile_V_RAM_AUTO_1R1W
INFO: [VRFC 10-2263] Analyzing SystemVerilog file "/home/siyenga7/FPGA/hls_cosim_project/solution_cosim/sim/verilog/attention_int8_kernel_mac_muladd_8s_8s_16s_17_4_1.v" into library xil_defaultlib
INFO: [VRFC 10-311] analyzing module attention_int8_kernel_mac_muladd_8s_8s_16s_17_4_1_DSP48_0
INFO: [VRFC 10-311] analyzing module attention_int8_kernel_mac_muladd_8s_8s_16s_17_4_1
INFO: [VRFC 10-2263] Analyzing SystemVerilog file "/home/siyenga7/FPGA/hls_cosim_project/solution_cosim/sim/verilog/attention_int8_kernel_attention_int8_kernel_Pipeline_VITIS_LOOP_146_11.v" into library xil_defaultlib
INFO: [VRFC 10-311] analyzing module attention_int8_kernel_attention_int8_kernel_Pipeline_VITIS_LOOP_146_11
INFO: [VRFC 10-2263] Analyzing SystemVerilog file "/home/siyenga7/FPGA/hls_cosim_project/solution_cosim/sim/verilog/attention_int8_kernel_gmem1_m_axi.v" into library xil_defaultlib
INFO: [VRFC 10-311] analyzing module attention_int8_kernel_gmem1_m_axi
INFO: [VRFC 10-311] analyzing module attention_int8_kernel_gmem1_m_axi_load
INFO: [VRFC 10-311] analyzing module attention_int8_kernel_gmem1_m_axi_store
INFO: [VRFC 10-311] analyzing module attention_int8_kernel_gmem1_m_axi_flushManager
INFO: [VRFC 10-311] analyzing module attention_int8_kernel_gmem1_m_axi_read
INFO: [VRFC 10-311] analyzing module attention_int8_kernel_gmem1_m_axi_write
INFO: [VRFC 10-311] analyzing module attention_int8_kernel_gmem1_m_axi_throttle
INFO: [VRFC 10-311] analyzing module attention_int8_kernel_gmem1_m_axi_reg_slice
INFO: [VRFC 10-311] analyzing module attention_int8_kernel_gmem1_m_axi_fifo
INFO: [VRFC 10-311] analyzing module attention_int8_kernel_gmem1_m_axi_srl
INFO: [VRFC 10-311] analyzing module attention_int8_kernel_gmem1_m_axi_mem
INFO: [VRFC 10-2263] Analyzing SystemVerilog file "/home/siyenga7/FPGA/hls_cosim_project/solution_cosim/sim/verilog/attention_int8_kernel_flow_control_loop_pipe_sequential_init.v" into library xil_defaultlib
INFO: [VRFC 10-311] analyzing module attention_int8_kernel_flow_control_loop_pipe_sequential_init
INFO: [VRFC 10-2263] Analyzing SystemVerilog file "/home/siyenga7/FPGA/hls_cosim_project/solution_cosim/sim/verilog/attention_int8_kernel_sitofp_32s_32_6_no_dsp_1.v" into library xil_defaultlib
INFO: [VRFC 10-311] analyzing module attention_int8_kernel_sitofp_32s_32_6_no_dsp_1
INFO: [VRFC 10-2263] Analyzing SystemVerilog file "/home/siyenga7/FPGA/hls_cosim_project/solution_cosim/sim/verilog/attention_int8_kernel_attention_int8_kernel_Pipeline_VITIS_LOOP_108_5.v" into library xil_defaultlib
INFO: [VRFC 10-311] analyzing module attention_int8_kernel_attention_int8_kernel_Pipeline_VITIS_LOOP_108_5
INFO: [VRFC 10-2263] Analyzing SystemVerilog file "/home/siyenga7/FPGA/hls_cosim_project/solution_cosim/sim/verilog/attention_int8_kernel_attention_int8_kernel_Pipeline_VITIS_LOOP_101_3_VITIS_LOOP_102_4.v" into library xil_defaultlib
INFO: [VRFC 10-311] analyzing module attention_int8_kernel_attention_int8_kernel_Pipeline_VITIS_LOOP_101_3_VITIS_LOOP_102_4
INFO: [VRFC 10-2263] Analyzing SystemVerilog file "/home/siyenga7/FPGA/hls_cosim_project/solution_cosim/sim/verilog/attention_int8_kernel_attention_int8_kernel_Pipeline_VITIS_LOOP_130_8_VITIS_LOOP_131_9.v" into library xil_defaultlib
INFO: [VRFC 10-311] analyzing module attention_int8_kernel_attention_int8_kernel_Pipeline_VITIS_LOOP_130_8_VITIS_LOOP_131_9
INFO: [VRFC 10-2263] Analyzing SystemVerilog file "/home/siyenga7/FPGA/hls_cosim_project/solution_cosim/sim/verilog/attention_int8_kernel_fcmp_32ns_32ns_1_2_no_dsp_1.v" into library xil_defaultlib
INFO: [VRFC 10-311] analyzing module attention_int8_kernel_fcmp_32ns_32ns_1_2_no_dsp_1
INFO: [VRFC 10-2263] Analyzing SystemVerilog file "/home/siyenga7/FPGA/hls_cosim_project/solution_cosim/sim/verilog/attention_int8_kernel_mul_8s_8s_16_1_1.v" into library xil_defaultlib
INFO: [VRFC 10-311] analyzing module attention_int8_kernel_mul_8s_8s_16_1_1
INFO: [VRFC 10-2263] Analyzing SystemVerilog file "/home/siyenga7/FPGA/hls_cosim_project/solution_cosim/sim/verilog/attention_int8_kernel.v" into library xil_defaultlib
INFO: [VRFC 10-311] analyzing module attention_int8_kernel
INFO: [VRFC 10-2263] Analyzing SystemVerilog file "/home/siyenga7/FPGA/hls_cosim_project/solution_cosim/sim/verilog/attention_int8_kernel_attention_int8_kernel_Pipeline_VITIS_LOOP_168_14.v" into library xil_defaultlib
INFO: [VRFC 10-311] analyzing module attention_int8_kernel_attention_int8_kernel_Pipeline_VITIS_LOOP_168_14
INFO: [VRFC 10-2263] Analyzing SystemVerilog file "/home/siyenga7/FPGA/hls_cosim_project/solution_cosim/sim/verilog/attention_int8_kernel_scores_RAM_AUTO_1R1W.v" into library xil_defaultlib
INFO: [VRFC 10-311] analyzing module attention_int8_kernel_scores_RAM_AUTO_1R1W
INFO: [VRFC 10-2263] Analyzing SystemVerilog file "/home/siyenga7/FPGA/hls_cosim_project/solution_cosim/sim/verilog/AESL_axi_master_gmem1.v" into library xil_defaultlib
INFO: [VRFC 10-311] analyzing module AESL_axi_master_gmem1
INFO: [VRFC 10-2263] Analyzing SystemVerilog file "/home/siyenga7/FPGA/hls_cosim_project/solution_cosim/sim/verilog/AESL_axi_slave_control.v" into library xil_defaultlib
INFO: [VRFC 10-311] analyzing module AESL_axi_slave_control
INFO: [VRFC 10-2263] Analyzing SystemVerilog file "/home/siyenga7/FPGA/hls_cosim_project/solution_cosim/sim/verilog/attention_int8_kernel_attention_int8_kernel_Pipeline_VITIS_LOOP_180_16.v" into library xil_defaultlib
INFO: [VRFC 10-311] analyzing module attention_int8_kernel_attention_int8_kernel_Pipeline_VITIS_LOOP_180_16
INFO: [VRFC 10-2263] Analyzing SystemVerilog file "/home/siyenga7/FPGA/hls_cosim_project/solution_cosim/sim/verilog/AESL_axi_master_gmem0.v" into library xil_defaultlib
INFO: [VRFC 10-311] analyzing module AESL_axi_master_gmem0
INFO: [VRFC 10-2263] Analyzing SystemVerilog file "/home/siyenga7/FPGA/hls_cosim_project/solution_cosim/sim/verilog/attention_int8_kernel_O_tile_RAM_AUTO_1R1W.v" into library xil_defaultlib
INFO: [VRFC 10-311] analyzing module attention_int8_kernel_O_tile_RAM_AUTO_1R1W
INFO: [VRFC 10-2263] Analyzing SystemVerilog file "/home/siyenga7/FPGA/hls_cosim_project/solution_cosim/sim/verilog/attention_int8_kernel_gmem3_m_axi.v" into library xil_defaultlib
INFO: [VRFC 10-311] analyzing module attention_int8_kernel_gmem3_m_axi
INFO: [VRFC 10-311] analyzing module attention_int8_kernel_gmem3_m_axi_load
INFO: [VRFC 10-311] analyzing module attention_int8_kernel_gmem3_m_axi_store
INFO: [VRFC 10-311] analyzing module attention_int8_kernel_gmem3_m_axi_flushManager
INFO: [VRFC 10-311] analyzing module attention_int8_kernel_gmem3_m_axi_read
INFO: [VRFC 10-311] analyzing module attention_int8_kernel_gmem3_m_axi_write
INFO: [VRFC 10-311] analyzing module attention_int8_kernel_gmem3_m_axi_throttle
INFO: [VRFC 10-311] analyzing module attention_int8_kernel_gmem3_m_axi_reg_slice
INFO: [VRFC 10-311] analyzing module attention_int8_kernel_gmem3_m_axi_fifo
INFO: [VRFC 10-311] analyzing module attention_int8_kernel_gmem3_m_axi_srl
INFO: [VRFC 10-311] analyzing module attention_int8_kernel_gmem3_m_axi_mem
INFO: [VRFC 10-2263] Analyzing SystemVerilog file "/home/siyenga7/FPGA/hls_cosim_project/solution_cosim/sim/verilog/attention_int8_kernel_gmem0_m_axi.v" into library xil_defaultlib
INFO: [VRFC 10-311] analyzing module attention_int8_kernel_gmem0_m_axi
INFO: [VRFC 10-311] analyzing module attention_int8_kernel_gmem0_m_axi_load
INFO: [VRFC 10-311] analyzing module attention_int8_kernel_gmem0_m_axi_store
INFO: [VRFC 10-311] analyzing module attention_int8_kernel_gmem0_m_axi_flushManager
INFO: [VRFC 10-311] analyzing module attention_int8_kernel_gmem0_m_axi_read
INFO: [VRFC 10-311] analyzing module attention_int8_kernel_gmem0_m_axi_write
INFO: [VRFC 10-311] analyzing module attention_int8_kernel_gmem0_m_axi_throttle
INFO: [VRFC 10-311] analyzing module attention_int8_kernel_gmem0_m_axi_reg_slice
INFO: [VRFC 10-311] analyzing module attention_int8_kernel_gmem0_m_axi_fifo
INFO: [VRFC 10-311] analyzing module attention_int8_kernel_gmem0_m_axi_srl
INFO: [VRFC 10-311] analyzing module attention_int8_kernel_gmem0_m_axi_mem
INFO: [VRFC 10-2263] Analyzing SystemVerilog file "/home/siyenga7/FPGA/hls_cosim_project/solution_cosim/sim/verilog/AESL_axi_master_gmem2.v" into library xil_defaultlib
INFO: [VRFC 10-311] analyzing module AESL_axi_master_gmem2
INFO: [VRFC 10-2263] Analyzing SystemVerilog file "/home/siyenga7/FPGA/hls_cosim_project/solution_cosim/sim/verilog/attention_int8_kernel_attention_int8_kernel_Pipeline_VITIS_LOOP_193_18_VITIS_LOOP_195_19.v" into library xil_defaultlib
INFO: [VRFC 10-311] analyzing module attention_int8_kernel_attention_int8_kernel_Pipeline_VITIS_LOOP_193_18_VITIS_LOOP_195_19
INFO: [VRFC 10-2263] Analyzing SystemVerilog file "/home/siyenga7/FPGA/hls_cosim_project/solution_cosim/sim/verilog/attention_int8_kernel_V_tile_V_RAM_1WNR_AUTO_1R1W.v" into library xil_defaultlib
INFO: [VRFC 10-311] analyzing module attention_int8_kernel_V_tile_V_RAM_1WNR_AUTO_1R1W
INFO: [VRFC 10-2263] Analyzing SystemVerilog file "/home/siyenga7/FPGA/hls_cosim_project/solution_cosim/sim/verilog/attention_int8_kernel_fadd_32ns_32ns_32_6_no_dsp_1.v" into library xil_defaultlib
INFO: [VRFC 10-311] analyzing module attention_int8_kernel_fadd_32ns_32ns_32_6_no_dsp_1
INFO: [VRFC 10-2263] Analyzing SystemVerilog file "/home/siyenga7/FPGA/hls_cosim_project/solution_cosim/sim/verilog/attention_int8_kernel_control_s_axi.v" into library xil_defaultlib
INFO: [VRFC 10-311] analyzing module attention_int8_kernel_control_s_axi
INFO: [VRFC 10-2263] Analyzing SystemVerilog file "/home/siyenga7/FPGA/hls_cosim_project/solution_cosim/sim/verilog/attention_int8_kernel_mux_6432_32_1_1.v" into library xil_defaultlib
INFO: [VRFC 10-311] analyzing module attention_int8_kernel_mux_6432_32_1_1
INFO: [VRFC 10-2263] Analyzing SystemVerilog file "/home/siyenga7/FPGA/hls_cosim_project/solution_cosim/sim/verilog/attention_int8_kernel_sitofp_32ns_32_6_no_dsp_1.v" into library xil_defaultlib
INFO: [VRFC 10-311] analyzing module attention_int8_kernel_sitofp_32ns_32_6_no_dsp_1
INFO: [VRFC 10-2263] Analyzing SystemVerilog file "/home/siyenga7/FPGA/hls_cosim_project/solution_cosim/sim/verilog/attention_int8_kernel_fdiv_32ns_32ns_32_16_no_dsp_1.v" into library xil_defaultlib
INFO: [VRFC 10-311] analyzing module attention_int8_kernel_fdiv_32ns_32ns_32_16_no_dsp_1
INFO: [VRFC 10-2263] Analyzing SystemVerilog file "/home/siyenga7/FPGA/hls_cosim_project/solution_cosim/sim/verilog/dataflow_monitor.sv" into library xil_defaultlib
INFO: [VRFC 10-311] analyzing module dataflow_monitor
Starting static elaboration
Pass Through NonSizing Optimizer
Completed static elaboration
Starting simulation data flow analysis
Completed simulation data flow analysis
Time Resolution for simulation is 1ps
Compiling package std.standard
Compiling package std.textio
Compiling package ieee.std_logic_1164
Compiling package floating_point_v7_1_14.floating_point_v7_1_14_viv_comp
Compiling package ieee.numeric_std
Compiling package xbip_utils_v3_0_10.xbip_utils_v3_0_10_pkg
Compiling package axi_utils_v2_0_6.axi_utils_v2_0_6_pkg
Compiling package floating_point_v7_1_14.floating_point_v7_1_14_consts
Compiling package ieee.math_real
Compiling package floating_point_v7_1_14.floating_point_v7_1_14_exp_table...
Compiling package mult_gen_v12_0_18.mult_gen_v12_0_18_pkg
Compiling package ieee.std_logic_arith
Compiling package ieee.std_logic_signed
Compiling package floating_point_v7_1_14.floating_point_v7_1_14_pkg
Compiling package floating_point_v7_1_14.flt_utils
Compiling package floating_point_v7_1_14.vt2mutils
Compiling package floating_point_v7_1_14.vt2mcomps
Compiling package unisim.vcomponents
Compiling package xbip_pipe_v3_0_6.xbip_pipe_v3_0_6_viv_comp
Compiling package ieee.vital_timing
Compiling package ieee.vital_primitives
Compiling package unisim.vpkg
Compiling package xil_defaultlib.$unit_dataflow_monitor_sv
Compiling module xil_defaultlib.attention_int8_kernel_Q_tile_V_R...
Compiling module xil_defaultlib.attention_int8_kernel_O_tile_RAM...
Compiling module xil_defaultlib.attention_int8_kernel_K_tile_V_R...
Compiling module xil_defaultlib.attention_int8_kernel_V_tile_V_R...
Compiling module xil_defaultlib.attention_int8_kernel_scores_RAM...
Compiling module xil_defaultlib.attention_int8_kernel_flow_contr...
Compiling module xil_defaultlib.attention_int8_kernel_attention_...
Compiling module xil_defaultlib.attention_int8_kernel_attention_...
Compiling module xil_defaultlib.attention_int8_kernel_attention_...
Compiling architecture muxcy_v of entity unisim.MUXCY [muxcy_default]
Compiling architecture xorcy_v of entity unisim.XORCY [xorcy_default]
Compiling architecture synth of entity xbip_pipe_v3_0_6.xbip_pipe_v3_0_6_viv [\xbip_pipe_v3_0_6_viv(c_has_ce=1...]
Compiling architecture rtl of entity floating_point_v7_1_14.delay [\delay(length=0)\]
Compiling architecture synth of entity xbip_pipe_v3_0_6.xbip_pipe_v3_0_6_viv [\xbip_pipe_v3_0_6_viv(c_has_ce=1...]
Compiling architecture rtl of entity floating_point_v7_1_14.delay [\delay(width=31,length=0)\]
Compiling architecture synth of entity xbip_pipe_v3_0_6.xbip_pipe_v3_0_6_viv [\xbip_pipe_v3_0_6_viv(c_latency=...]
Compiling architecture rtl of entity floating_point_v7_1_14.delay [\delay(width=32)\]
Compiling architecture struct of entity floating_point_v7_1_14.carry_chain [\carry_chain(c_xdevicefamily="ar...]
Compiling architecture synth of entity xbip_pipe_v3_0_6.xbip_pipe_v3_0_6_viv [\xbip_pipe_v3_0_6_viv(c_latency=...]
Compiling architecture rtl of entity floating_point_v7_1_14.delay [delay_default]
Compiling architecture synth of entity xbip_pipe_v3_0_6.xbip_pipe_v3_0_6_viv [\xbip_pipe_v3_0_6_viv(c_latency=...]
Compiling architecture rtl of entity floating_point_v7_1_14.delay [\delay(width=4)\]
Compiling architecture rtl of entity floating_point_v7_1_14.norm_zero_det [\norm_zero_det(data_width=7,norm...]
Compiling architecture synth of entity xbip_pipe_v3_0_6.xbip_pipe_v3_0_6_viv [\xbip_pipe_v3_0_6_viv(c_has_ce=1...]
Compiling architecture rtl of entity floating_point_v7_1_14.delay [\delay(width=4,length=0,fast_inp...]
Compiling architecture rtl of entity floating_point_v7_1_14.mux4 [\mux4(c_xdevicefamily="artix7",w...]
Compiling architecture synth of entity xbip_pipe_v3_0_6.xbip_pipe_v3_0_6_viv [\xbip_pipe_v3_0_6_viv(c_latency=...]
Compiling architecture rtl of entity floating_point_v7_1_14.delay [\delay(width=2)\]
Compiling architecture synth of entity xbip_pipe_v3_0_6.xbip_pipe_v3_0_6_viv [\xbip_pipe_v3_0_6_viv(c_latency=...]
Compiling architecture rtl of entity floating_point_v7_1_14.delay [\delay(fast_input=true)\]
Compiling architecture rtl of entity floating_point_v7_1_14.mux4 [\mux4(c_xdevicefamily="artix7",w...]
Compiling architecture fdre_v of entity unisim.FDRE [fdre_default]
Compiling architecture fde_v of entity unisim.FDE [fde_default]
Compiling architecture synth of entity xbip_pipe_v3_0_6.xbip_pipe_v3_0_6_viv [\xbip_pipe_v3_0_6_viv(c_has_ce=1...]
Compiling architecture rtl of entity floating_point_v7_1_14.delay [\delay(width=8,length=0,fast_inp...]
Compiling architecture struct of entity floating_point_v7_1_14.carry_chain [\carry_chain(c_xdevicefamily="ar...]
Compiling architecture rtl of entity floating_point_v7_1_14.lead_zero_encode [\lead_zero_encode(c_xdevicefamil...]
Compiling architecture synth of entity xbip_pipe_v3_0_6.xbip_pipe_v3_0_6_viv [\xbip_pipe_v3_0_6_viv(c_has_ce=1...]
Compiling architecture rtl of entity floating_point_v7_1_14.delay [\delay(width=32,length=0)\]
Compiling architecture rtl of entity floating_point_v7_1_14.shift_msb_first [\shift_msb_first(a_width=32,resu...]
Compiling architecture synth of entity xbip_pipe_v3_0_6.xbip_pipe_v3_0_6_viv [\xbip_pipe_v3_0_6_viv(c_has_ce=1...]
Compiling architecture rtl of entity floating_point_v7_1_14.delay [\delay(width=8,length=0)\]
Compiling architecture synth of entity xbip_pipe_v3_0_6.xbip_pipe_v3_0_6_viv [\xbip_pipe_v3_0_6_viv(c_has_ce=1...]
Compiling architecture rtl of entity floating_point_v7_1_14.delay [\delay(width=12,length=0)\]
Compiling architecture struct of entity floating_point_v7_1_14.carry_chain [\carry_chain(c_xdevicefamily="ar...]
Compiling architecture struct of entity floating_point_v7_1_14.carry_chain [\carry_chain(c_xdevicefamily="ar...]
Compiling architecture synth of entity xbip_pipe_v3_0_6.xbip_pipe_v3_0_6_viv [\xbip_pipe_v3_0_6_viv(c_has_ce=1...]
Compiling architecture rtl of entity floating_point_v7_1_14.delay [\delay(width=14,length=0)\]
Compiling architecture synth of entity xbip_pipe_v3_0_6.xbip_pipe_v3_0_6_viv [\xbip_pipe_v3_0_6_viv(c_has_ce=1...]
Compiling architecture rtl of entity floating_point_v7_1_14.delay [\delay(width=25,length=0)\]
Compiling architecture synth of entity xbip_pipe_v3_0_6.xbip_pipe_v3_0_6_viv [\xbip_pipe_v3_0_6_viv(c_has_ce=1...]
Compiling architecture rtl of entity floating_point_v7_1_14.delay [\delay(width=3,length=0)\]
Compiling architecture synth of entity xbip_pipe_v3_0_6.xbip_pipe_v3_0_6_viv [\xbip_pipe_v3_0_6_viv(c_has_ce=1...]
Compiling architecture rtl of entity floating_point_v7_1_14.delay [\delay(width=2,length=0)\]
Compiling architecture synth of entity xbip_pipe_v3_0_6.xbip_pipe_v3_0_6_viv [\xbip_pipe_v3_0_6_viv(c_has_ce=1...]
Compiling architecture rtl of entity floating_point_v7_1_14.delay [\delay(width=2,length=0,fast_inp...]
Compiling architecture struct of entity floating_point_v7_1_14.carry_chain [\carry_chain(c_xdevicefamily="ar...]
Compiling architecture rtl of entity floating_point_v7_1_14.flt_round_bit [\flt_round_bit(c_xdevicefamily="...]
Compiling architecture rtl of entity floating_point_v7_1_14.renorm_and_round_logic [\renorm_and_round_logic(c_xdevic...]
Compiling architecture synth of entity xbip_pipe_v3_0_6.xbip_pipe_v3_0_6_viv [\xbip_pipe_v3_0_6_viv(c_latency=...]
Compiling architecture rtl of entity floating_point_v7_1_14.delay [\delay(length=3)\]
Compiling architecture synth of entity floating_point_v7_1_14.fix_to_flt_conv_exp [\fix_to_flt_conv_exp(c_xdevicefa...]
Compiling architecture synth of entity floating_point_v7_1_14.flt_dec_op [\flt_dec_op(c_xdevicefamily="art...]
Compiling architecture struct of entity floating_point_v7_1_14.fix_to_flt_conv [\fix_to_flt_conv(c_xdevicefamily...]
Compiling module unisims_ver.x_lut1_mux2
Compiling module unisims_ver.LUT1
Compiling architecture synth of entity xbip_pipe_v3_0_6.xbip_pipe_v3_0_6_viv [\xbip_pipe_v3_0_6_viv(c_latency=...]
Compiling architecture xilinx of entity floating_point_v7_1_14.floating_point_v7_1_14_viv [\floating_point_v7_1_14_viv(c_xd...]
Compiling architecture xilinx of entity floating_point_v7_1_14.floating_point_v7_1_14 [\floating_point_v7_1_14(c_xdevic...]
Compiling module xil_defaultlib.attention_int8_kernel_sitofp_32s...
Compiling module xil_defaultlib.attention_int8_kernel_sitofp_32s...
Compiling module xil_defaultlib.attention_int8_kernel_mul_8s_8s_...
Compiling module xil_defaultlib.attention_int8_kernel_mac_muladd...
Compiling module xil_defaultlib.attention_int8_kernel_mac_muladd...
Compiling module xil_defaultlib.attention_int8_kernel_attention_...
Compiling architecture struct of entity floating_point_v7_1_14.carry_chain [\carry_chain(c_xdevicefamily="ar...]
Compiling architecture synth of entity floating_point_v7_1_14.compare_ne_im [\compare_ne_im(c_xdevicefamily="...]
Compiling architecture synth of entity xbip_pipe_v3_0_6.xbip_pipe_v3_0_6_viv [\xbip_pipe_v3_0_6_viv(c_has_ce=1...]
Compiling architecture rtl of entity floating_point_v7_1_14.delay [\delay(width=11,length=0)\]
Compiling architecture synth of entity xbip_pipe_v3_0_6.xbip_pipe_v3_0_6_viv [\xbip_pipe_v3_0_6_viv(c_has_ce=1...]
Compiling architecture rtl of entity floating_point_v7_1_14.delay [\delay(width=5,length=0,fast_inp...]
Compiling architecture struct of entity floating_point_v7_1_14.carry_chain [\carry_chain(c_xdevicefamily="ar...]
Compiling architecture synth of entity xbip_pipe_v3_0_6.xbip_pipe_v3_0_6_viv [\xbip_pipe_v3_0_6_viv(c_has_ce=1...]
Compiling architecture rtl of entity floating_point_v7_1_14.delay [\delay(width=6,length=0,fast_inp...]
Compiling architecture struct of entity floating_point_v7_1_14.carry_chain [\carry_chain(c_xdevicefamily="ar...]
Compiling architecture struct of entity floating_point_v7_1_14.carry_chain [\carry_chain(c_xdevicefamily="ar...]
Compiling architecture synth of entity xbip_pipe_v3_0_6.xbip_pipe_v3_0_6_viv [\xbip_pipe_v3_0_6_viv(c_has_ce=1...]
Compiling architecture rtl of entity floating_point_v7_1_14.delay [\delay(width=7,length=0)\]
Compiling architecture synth of entity xbip_pipe_v3_0_6.xbip_pipe_v3_0_6_viv [\xbip_pipe_v3_0_6_viv(c_has_ce=1...]
Compiling architecture rtl of entity floating_point_v7_1_14.delay [\delay(width=12,length=0,fast_in...]
Compiling architecture struct of entity floating_point_v7_1_14.carry_chain [\carry_chain(c_xdevicefamily="ar...]
Compiling architecture rtl of entity floating_point_v7_1_14.flt_round_bit [\flt_round_bit(c_xdevicefamily="...]
Compiling architecture rtl of entity floating_point_v7_1_14.renorm_and_round_logic [\renorm_and_round_logic(c_xdevic...]
Compiling architecture synth of entity xbip_pipe_v3_0_6.xbip_pipe_v3_0_6_viv [\xbip_pipe_v3_0_6_viv(c_has_ce=1...]
Compiling architecture rtl of entity floating_point_v7_1_14.delay [\delay(width=5,length=0)\]
Compiling architecture synth of entity xbip_pipe_v3_0_6.xbip_pipe_v3_0_6_viv [\xbip_pipe_v3_0_6_viv(c_has_ce=1...]
Compiling architecture rtl of entity floating_point_v7_1_14.delay [\delay(width=4,length=0)\]
Compiling architecture struct of entity floating_point_v7_1_14.carry_chain [\carry_chain(c_xdevicefamily="ki...]
Compiling architecture synth of entity floating_point_v7_1_14.compare_eq_im [\compare_eq_im(c_xdevicefamily="...]
Compiling architecture rtl of entity floating_point_v7_1_14.delay [\delay(length=0,fast_input=true)...]
Compiling architecture rtl of entity floating_point_v7_1_14.special_detect [\special_detect(a_fw=24,op_delay...]
Compiling architecture rtl of entity floating_point_v7_1_14.flt_to_flt_conv_exp [\flt_to_flt_conv_exp(r_w=16,r_ew...]
Compiling architecture synth of entity floating_point_v7_1_14.flt_dec_op [\flt_dec_op(c_xdevicefamily="art...]
Compiling architecture rtl of entity floating_point_v7_1_14.flt_to_flt_conv [\flt_to_flt_conv(c_xdevicefamily...]
Compiling architecture synth of entity xbip_pipe_v3_0_6.xbip_pipe_v3_0_6_viv [\xbip_pipe_v3_0_6_viv(c_has_ce=1...]
Compiling architecture synth of entity xbip_pipe_v3_0_6.xbip_pipe_v3_0_6_viv [\xbip_pipe_v3_0_6_viv(c_has_ce=1...]
Compiling architecture rtl of entity floating_point_v7_1_14.delay [\delay(width=16,length=0)\]
Compiling architecture xilinx of entity floating_point_v7_1_14.floating_point_v7_1_14_viv [\floating_point_v7_1_14_viv(c_xd...]
Compiling architecture xilinx of entity floating_point_v7_1_14.floating_point_v7_1_14 [\floating_point_v7_1_14(c_xdevic...]
Compiling module xil_defaultlib.attention_int8_kernel_sptohp_32n...
Compiling module xil_defaultlib.attention_int8_kernel_sptohp_32n...
Compiling module xil_defaultlib.attention_int8_kernel_mux_84_32_...
Compiling module xil_defaultlib.attention_int8_kernel_mux_83_32_...
Compiling module xil_defaultlib.attention_int8_kernel_attention_...
Compiling module xil_defaultlib.attention_int8_kernel_mux_1287_3...
Compiling module xil_defaultlib.attention_int8_kernel_mux_6432_3...
Compiling module xil_defaultlib.attention_int8_kernel_attention_...
Compiling architecture synth of entity xbip_pipe_v3_0_6.xbip_pipe_v3_0_6_viv [\xbip_pipe_v3_0_6_viv(c_has_ce=1...]
Compiling architecture rtl of entity floating_point_v7_1_14.delay [\delay(width=23,length=0)\]
Compiling architecture synth of entity xbip_pipe_v3_0_6.xbip_pipe_v3_0_6_viv [\xbip_pipe_v3_0_6_viv(c_latency=...]
Compiling architecture rtl of entity floating_point_v7_1_14.delay [\delay(width=16)\]
Compiling architecture muxf7_v of entity unisim.MUXF7 [muxf7_default]
Compiling architecture muxf8_v of entity unisim.MUXF8 [muxf8_default]
Compiling architecture struct of entity floating_point_v7_1_14.carry_chain [\carry_chain(c_xdevicefamily="ar...]
Compiling architecture synth of entity floating_point_v7_1_14.compare_eq_im [\compare_eq_im(c_xdevicefamily="...]
Compiling architecture rtl of entity floating_point_v7_1_14.zero_det_sel [\zero_det_sel(c_xdevicefamily="a...]
Compiling architecture synth of entity xbip_pipe_v3_0_6.xbip_pipe_v3_0_6_viv [\xbip_pipe_v3_0_6_viv(c_latency=...]
Compiling architecture rtl of entity floating_point_v7_1_14.delay [\delay(width=26)\]
Compiling architecture synth of entity xbip_pipe_v3_0_6.xbip_pipe_v3_0_6_viv [\xbip_pipe_v3_0_6_viv(c_has_ce=1...]
Compiling architecture rtl of entity floating_point_v7_1_14.delay [\delay(width=26,length=0)\]
Compiling architecture rtl of entity floating_point_v7_1_14.shift_msb_first [\shift_msb_first(a_width=25,resu...]
Compiling architecture rtl of entity floating_point_v7_1_14.alignment [\alignment(c_xdevicefamily="arti...]
Compiling architecture synth of entity xbip_pipe_v3_0_6.xbip_pipe_v3_0_6_viv [\xbip_pipe_v3_0_6_viv(c_latency=...]
Compiling architecture rtl of entity floating_point_v7_1_14.delay [\delay(width=13)\]
Compiling architecture struct of entity floating_point_v7_1_14.carry_chain [\carry_chain(c_xdevicefamily="ar...]
Compiling architecture struct of entity floating_point_v7_1_14.carry_chain [\carry_chain(c_xdevicefamily="ar...]
Compiling architecture synth of entity xbip_pipe_v3_0_6.xbip_pipe_v3_0_6_viv [\xbip_pipe_v3_0_6_viv(c_latency=...]
Compiling architecture rtl of entity floating_point_v7_1_14.delay [\delay(width=11)\]
Compiling architecture synth of entity xbip_pipe_v3_0_6.xbip_pipe_v3_0_6_viv [\xbip_pipe_v3_0_6_viv(c_has_ce=1...]
Compiling architecture rtl of entity floating_point_v7_1_14.delay [\delay(width=13,length=0)\]
Compiling architecture synth of entity xbip_pipe_v3_0_6.xbip_pipe_v3_0_6_viv [\xbip_pipe_v3_0_6_viv(c_latency=...]
Compiling architecture rtl of entity floating_point_v7_1_14.delay [\delay(width=14,fast_input=true)...]
Compiling architecture rtl of entity floating_point_v7_1_14.addsub_logic [\addsub_logic(c_xdevicefamily="a...]
Compiling architecture rtl of entity floating_point_v7_1_14.addsub [\addsub(c_xdevicefamily="artix7"...]
Compiling architecture rtl of entity floating_point_v7_1_14.align_add [\align_add(c_xdevicefamily="arti...]
Compiling architecture struct of entity floating_point_v7_1_14.carry_chain [\carry_chain(c_xdevicefamily="ar...]
Compiling architecture struct of entity floating_point_v7_1_14.carry_chain [\carry_chain(c_xdevicefamily="ar...]
Compiling architecture rtl of entity floating_point_v7_1_14.lead_zero_encode [\lead_zero_encode(c_xdevicefamil...]
Compiling architecture synth of entity xbip_pipe_v3_0_6.xbip_pipe_v3_0_6_viv [\xbip_pipe_v3_0_6_viv(c_has_ce=1...]
Compiling architecture rtl of entity floating_point_v7_1_14.delay [\delay(width=27,length=0)\]
Compiling architecture synth of entity xbip_pipe_v3_0_6.xbip_pipe_v3_0_6_viv [\xbip_pipe_v3_0_6_viv(c_latency=...]
Compiling architecture rtl of entity floating_point_v7_1_14.delay [\delay(width=27)\]
Compiling architecture rtl of entity floating_point_v7_1_14.shift_msb_first [\shift_msb_first(a_width=27,resu...]
Compiling architecture struct of entity floating_point_v7_1_14.carry_chain [\carry_chain(c_xdevicefamily="ar...]
Compiling architecture rtl of entity floating_point_v7_1_14.renorm_and_round_logic [\renorm_and_round_logic(c_xdevic...]
Compiling architecture rtl of entity floating_point_v7_1_14.norm_and_round_logic [\norm_and_round_logic(c_xdevicef...]
Compiling architecture struct of entity floating_point_v7_1_14.carry_chain [\carry_chain(c_xdevicefamily="ar...]
Compiling architecture synth of entity xbip_pipe_v3_0_6.xbip_pipe_v3_0_6_viv [\xbip_pipe_v3_0_6_viv(c_has_ce=1...]
Compiling architecture rtl of entity floating_point_v7_1_14.delay [\delay(width=9,length=0,fast_inp...]
Compiling architecture synth of entity xbip_pipe_v3_0_6.xbip_pipe_v3_0_6_viv [\xbip_pipe_v3_0_6_viv(c_latency=...]
Compiling architecture rtl of entity floating_point_v7_1_14.delay [\delay(width=9,length=3)\]
Compiling architecture struct of entity floating_point_v7_1_14.carry_chain [\carry_chain(c_xdevicefamily="ar...]
Compiling architecture synth of entity floating_point_v7_1_14.compare_eq_im [\compare_eq_im(c_xdevicefamily="...]
Compiling architecture rtl of entity floating_point_v7_1_14.special_detect [\special_detect(c_xdevicefamily=...]
Compiling architecture struct of entity floating_point_v7_1_14.carry_chain [\carry_chain(c_xdevicefamily="ar...]
Compiling architecture synth of entity floating_point_v7_1_14.compare_gt [\compare_gt(c_xdevicefamily="art...]
Compiling architecture synth of entity floating_point_v7_1_14.compare [\compare(c_xdevicefamily="artix7...]
Compiling architecture synth of entity xbip_pipe_v3_0_6.xbip_pipe_v3_0_6_viv [\xbip_pipe_v3_0_6_viv(c_has_ce=1...]
Compiling architecture rtl of entity floating_point_v7_1_14.delay [\delay(width=9,length=0)\]
Compiling architecture synth of entity xbip_pipe_v3_0_6.xbip_pipe_v3_0_6_viv [\xbip_pipe_v3_0_6_viv(c_latency=...]
Compiling architecture rtl of entity floating_point_v7_1_14.delay [\delay(width=2,length=3,fast_inp...]
Compiling architecture synth of entity xbip_pipe_v3_0_6.xbip_pipe_v3_0_6_viv [\xbip_pipe_v3_0_6_viv(c_latency=...]
Compiling architecture rtl of entity floating_point_v7_1_14.delay [\delay(length=3,fast_input=true)...]
Compiling architecture rtl of entity floating_point_v7_1_14.flt_add_exp [\flt_add_exp(c_xdevicefamily="ar...]
Compiling architecture synth of entity floating_point_v7_1_14.flt_dec_op [\flt_dec_op(c_xdevicefamily="art...]
Compiling architecture rtl of entity floating_point_v7_1_14.flt_add_logic [\flt_add_logic(c_xdevicefamily="...]
Compiling architecture rtl of entity floating_point_v7_1_14.flt_add [\flt_add(c_xdevicefamily="artix7...]
Compiling architecture xilinx of entity floating_point_v7_1_14.floating_point_v7_1_14_viv [\floating_point_v7_1_14_viv(c_xd...]
Compiling architecture xilinx of entity floating_point_v7_1_14.floating_point_v7_1_14 [\floating_point_v7_1_14(c_xdevic...]
Compiling module xil_defaultlib.attention_int8_kernel_fadd_32ns_...
Compiling module xil_defaultlib.attention_int8_kernel_fadd_32ns_...
Compiling architecture dsp48e1_v of entity unisim.DSP48E1 [\DSP48E1(acascreg=0,adreg=0,alum...]
Compiling architecture synth of entity xbip_pipe_v3_0_6.xbip_pipe_v3_0_6_viv [\xbip_pipe_v3_0_6_viv(c_has_ce=1...]
Compiling architecture rtl of entity floating_point_v7_1_14.delay [\delay(width=24,length=0)\]
Compiling architecture synth of entity xbip_pipe_v3_0_6.xbip_pipe_v3_0_6_viv [\xbip_pipe_v3_0_6_viv(c_has_ce=1...]
Compiling architecture rtl of entity floating_point_v7_1_14.delay [\delay(width=17,length=0)\]
Compiling architecture rtl of entity floating_point_v7_1_14.dsp48e1_wrapper [\dsp48e1_wrapper(a_width=24,b_wi...]
Compiling architecture dsp48e1_v of entity unisim.DSP48E1 [\DSP48E1(acascreg=0,adreg=0,alum...]
Compiling architecture synth of entity xbip_pipe_v3_0_6.xbip_pipe_v3_0_6_viv [\xbip_pipe_v3_0_6_viv(c_has_ce=1...]
Compiling architecture rtl of entity floating_point_v7_1_14.delay [\delay(width=48,length=0)\]
Compiling architecture rtl of entity floating_point_v7_1_14.dsp48e1_wrapper [\dsp48e1_wrapper(a_width=24,b_wi...]
Compiling architecture struct of entity floating_point_v7_1_14.fix_mult_dsp48e1_sgl [\fix_mult_dsp48e1_sgl(registers=...]
Compiling architecture rtl of entity floating_point_v7_1_14.fix_mult [\fix_mult(c_xdevicefamily="artix...]
Compiling architecture struct of entity floating_point_v7_1_14.carry_chain [\carry_chain(c_xdevicefamily="ar...]
Compiling architecture synth of entity xbip_pipe_v3_0_6.xbip_pipe_v3_0_6_viv [\xbip_pipe_v3_0_6_viv(c_latency=...]
Compiling architecture rtl of entity floating_point_v7_1_14.delay [\delay(width=2,fast_input=true)\]
Compiling architecture synth of entity xbip_pipe_v3_0_6.xbip_pipe_v3_0_6_viv [\xbip_pipe_v3_0_6_viv(c_latency=...]
Compiling architecture rtl of entity floating_point_v7_1_14.delay [\delay(width=4,fast_input=true)\]
Compiling architecture synth of entity xbip_pipe_v3_0_6.xbip_pipe_v3_0_6_viv [\xbip_pipe_v3_0_6_viv(c_latency=...]
Compiling architecture rtl of entity floating_point_v7_1_14.delay [\delay(width=8)\]
Compiling architecture synth of entity xbip_pipe_v3_0_6.xbip_pipe_v3_0_6_viv [\xbip_pipe_v3_0_6_viv(c_has_ce=1...]
Compiling architecture rtl of entity floating_point_v7_1_14.delay [\delay(width=3,length=0,fast_inp...]
Compiling architecture rtl of entity floating_point_v7_1_14.flt_mult_exp [\flt_mult_exp(c_xdevicefamily="a...]
Compiling architecture dsp48e1_v of entity unisim.DSP48E1 [\DSP48E1(acascreg=0,adreg=0,alum...]
Compiling architecture synth of entity xbip_pipe_v3_0_6.xbip_pipe_v3_0_6_viv [\xbip_pipe_v3_0_6_viv(c_has_ce=1...]
Compiling architecture rtl of entity floating_point_v7_1_14.delay [\delay(width=30,length=0)\]
Compiling architecture synth of entity xbip_pipe_v3_0_6.xbip_pipe_v3_0_6_viv [\xbip_pipe_v3_0_6_viv(c_has_ce=1...]
Compiling architecture rtl of entity floating_point_v7_1_14.delay [\delay(width=18,length=0)\]
Compiling architecture rtl of entity floating_point_v7_1_14.dsp48e1_wrapper [\dsp48e1_wrapper(a_width=30,b_wi...]
Compiling architecture struct of entity floating_point_v7_1_14.flt_round_dsp_opt_full [\flt_round_dsp_opt_full(c_xdevic...]
Compiling architecture rtl of entity floating_point_v7_1_14.flt_mult_round [\flt_mult_round(c_xdevicefamily=...]
Compiling architecture synth of entity floating_point_v7_1_14.flt_dec_op_lat [\flt_dec_op_lat(c_xdevicefamily=...]
Compiling architecture rtl of entity floating_point_v7_1_14.flt_mult [\flt_mult(c_xdevicefamily="artix...]
Compiling architecture synth of entity xbip_pipe_v3_0_6.xbip_pipe_v3_0_6_viv [\xbip_pipe_v3_0_6_viv(c_latency=...]
Compiling architecture xilinx of entity floating_point_v7_1_14.floating_point_v7_1_14_viv [\floating_point_v7_1_14_viv(c_xd...]
Compiling architecture xilinx of entity floating_point_v7_1_14.floating_point_v7_1_14 [\floating_point_v7_1_14(c_xdevic...]
Compiling module xil_defaultlib.attention_int8_kernel_fmul_32ns_...
Compiling module xil_defaultlib.attention_int8_kernel_fmul_32ns_...
Compiling module xil_defaultlib.attention_int8_kernel_mux_83_8_1...
Compiling module xil_defaultlib.attention_int8_kernel_attention_...
Compiling module xil_defaultlib.attention_int8_kernel_control_s_...
Compiling module xil_defaultlib.attention_int8_kernel_gmem0_m_ax...
Compiling module xil_defaultlib.attention_int8_kernel_gmem0_m_ax...
Compiling module xil_defaultlib.attention_int8_kernel_gmem0_m_ax...
Compiling module xil_defaultlib.attention_int8_kernel_gmem0_m_ax...
Compiling module xil_defaultlib.attention_int8_kernel_gmem0_m_ax...
Compiling module xil_defaultlib.attention_int8_kernel_gmem0_m_ax...
Compiling module xil_defaultlib.attention_int8_kernel_gmem0_m_ax...
Compiling module xil_defaultlib.attention_int8_kernel_gmem0_m_ax...
Compiling module xil_defaultlib.attention_int8_kernel_gmem0_m_ax...
Compiling module xil_defaultlib.attention_int8_kernel_gmem0_m_ax...
Compiling module xil_defaultlib.attention_int8_kernel_gmem0_m_ax...
Compiling module xil_defaultlib.attention_int8_kernel_gmem0_m_ax...
Compiling module xil_defaultlib.attention_int8_kernel_gmem0_m_ax...
Compiling module xil_defaultlib.attention_int8_kernel_gmem0_m_ax...
Compiling module xil_defaultlib.attention_int8_kernel_gmem0_m_ax...
Compiling module xil_defaultlib.attention_int8_kernel_gmem0_m_ax...
Compiling module xil_defaultlib.attention_int8_kernel_gmem0_m_ax...
Compiling module xil_defaultlib.attention_int8_kernel_gmem0_m_ax...
Compiling module xil_defaultlib.attention_int8_kernel_gmem0_m_ax...
Compiling module xil_defaultlib.attention_int8_kernel_gmem0_m_ax...
Compiling module xil_defaultlib.attention_int8_kernel_gmem0_m_ax...
Compiling module xil_defaultlib.attention_int8_kernel_gmem0_m_ax...
Compiling module xil_defaultlib.attention_int8_kernel_gmem0_m_ax...
Compiling module xil_defaultlib.attention_int8_kernel_gmem0_m_ax...
Compiling module xil_defaultlib.attention_int8_kernel_gmem0_m_ax...
Compiling module xil_defaultlib.attention_int8_kernel_gmem0_m_ax...
Compiling module xil_defaultlib.attention_int8_kernel_gmem0_m_ax...
Compiling module xil_defaultlib.attention_int8_kernel_gmem0_m_ax...
Compiling module xil_defaultlib.attention_int8_kernel_gmem0_m_ax...
Compiling module xil_defaultlib.attention_int8_kernel_gmem0_m_ax...
Compiling module xil_defaultlib.attention_int8_kernel_gmem1_m_ax...
Compiling module xil_defaultlib.attention_int8_kernel_gmem1_m_ax...
Compiling module xil_defaultlib.attention_int8_kernel_gmem1_m_ax...
Compiling module xil_defaultlib.attention_int8_kernel_gmem1_m_ax...
Compiling module xil_defaultlib.attention_int8_kernel_gmem1_m_ax...
Compiling module xil_defaultlib.attention_int8_kernel_gmem1_m_ax...
Compiling module xil_defaultlib.attention_int8_kernel_gmem1_m_ax...
Compiling module xil_defaultlib.attention_int8_kernel_gmem1_m_ax...
Compiling module xil_defaultlib.attention_int8_kernel_gmem1_m_ax...
Compiling module xil_defaultlib.attention_int8_kernel_gmem1_m_ax...
Compiling module xil_defaultlib.attention_int8_kernel_gmem1_m_ax...
Compiling module xil_defaultlib.attention_int8_kernel_gmem1_m_ax...
Compiling module xil_defaultlib.attention_int8_kernel_gmem1_m_ax...
Compiling module xil_defaultlib.attention_int8_kernel_gmem1_m_ax...
Compiling module xil_defaultlib.attention_int8_kernel_gmem1_m_ax...
Compiling module xil_defaultlib.attention_int8_kernel_gmem1_m_ax...
Compiling module xil_defaultlib.attention_int8_kernel_gmem1_m_ax...
Compiling module xil_defaultlib.attention_int8_kernel_gmem1_m_ax...
Compiling module xil_defaultlib.attention_int8_kernel_gmem1_m_ax...
Compiling module xil_defaultlib.attention_int8_kernel_gmem1_m_ax...
Compiling module xil_defaultlib.attention_int8_kernel_gmem1_m_ax...
Compiling module xil_defaultlib.attention_int8_kernel_gmem1_m_ax...
Compiling module xil_defaultlib.attention_int8_kernel_gmem1_m_ax...
Compiling module xil_defaultlib.attention_int8_kernel_gmem1_m_ax...
Compiling module xil_defaultlib.attention_int8_kernel_gmem1_m_ax...
Compiling module xil_defaultlib.attention_int8_kernel_gmem1_m_ax...
Compiling module xil_defaultlib.attention_int8_kernel_gmem1_m_ax...
Compiling module xil_defaultlib.attention_int8_kernel_gmem1_m_ax...
Compiling module xil_defaultlib.attention_int8_kernel_gmem1_m_ax...
Compiling module xil_defaultlib.attention_int8_kernel_gmem1_m_ax...
Compiling module xil_defaultlib.attention_int8_kernel_gmem2_m_ax...
Compiling module xil_defaultlib.attention_int8_kernel_gmem2_m_ax...
Compiling module xil_defaultlib.attention_int8_kernel_gmem2_m_ax...
Compiling module xil_defaultlib.attention_int8_kernel_gmem2_m_ax...
Compiling module xil_defaultlib.attention_int8_kernel_gmem2_m_ax...
Compiling module xil_defaultlib.attention_int8_kernel_gmem2_m_ax...
Compiling module xil_defaultlib.attention_int8_kernel_gmem2_m_ax...
Compiling module xil_defaultlib.attention_int8_kernel_gmem2_m_ax...
Compiling module xil_defaultlib.attention_int8_kernel_gmem2_m_ax...
Compiling module xil_defaultlib.attention_int8_kernel_gmem2_m_ax...
Compiling module xil_defaultlib.attention_int8_kernel_gmem2_m_ax...
Compiling module xil_defaultlib.attention_int8_kernel_gmem2_m_ax...
Compiling module xil_defaultlib.attention_int8_kernel_gmem2_m_ax...
Compiling module xil_defaultlib.attention_int8_kernel_gmem2_m_ax...
Compiling module xil_defaultlib.attention_int8_kernel_gmem2_m_ax...
Compiling module xil_defaultlib.attention_int8_kernel_gmem2_m_ax...
Compiling module xil_defaultlib.attention_int8_kernel_gmem2_m_ax...
Compiling module xil_defaultlib.attention_int8_kernel_gmem2_m_ax...
Compiling module xil_defaultlib.attention_int8_kernel_gmem2_m_ax...
Compiling module xil_defaultlib.attention_int8_kernel_gmem2_m_ax...
Compiling module xil_defaultlib.attention_int8_kernel_gmem2_m_ax...
Compiling module xil_defaultlib.attention_int8_kernel_gmem2_m_ax...
Compiling module xil_defaultlib.attention_int8_kernel_gmem2_m_ax...
Compiling module xil_defaultlib.attention_int8_kernel_gmem2_m_ax...
Compiling module xil_defaultlib.attention_int8_kernel_gmem2_m_ax...
Compiling module xil_defaultlib.attention_int8_kernel_gmem2_m_ax...
Compiling module xil_defaultlib.attention_int8_kernel_gmem2_m_ax...
Compiling module xil_defaultlib.attention_int8_kernel_gmem2_m_ax...
Compiling module xil_defaultlib.attention_int8_kernel_gmem2_m_ax...
Compiling module xil_defaultlib.attention_int8_kernel_gmem2_m_ax...
Compiling module xil_defaultlib.attention_int8_kernel_gmem3_m_ax...
Compiling module xil_defaultlib.attention_int8_kernel_gmem3_m_ax...
Compiling module xil_defaultlib.attention_int8_kernel_gmem3_m_ax...
Compiling module xil_defaultlib.attention_int8_kernel_gmem3_m_ax...
Compiling module xil_defaultlib.attention_int8_kernel_gmem3_m_ax...
Compiling module xil_defaultlib.attention_int8_kernel_gmem3_m_ax...
Compiling module xil_defaultlib.attention_int8_kernel_gmem3_m_ax...
Compiling module xil_defaultlib.attention_int8_kernel_gmem3_m_ax...
Compiling module xil_defaultlib.attention_int8_kernel_gmem3_m_ax...
Compiling module xil_defaultlib.attention_int8_kernel_gmem3_m_ax...
Compiling module xil_defaultlib.attention_int8_kernel_gmem3_m_ax...
Compiling module xil_defaultlib.attention_int8_kernel_gmem3_m_ax...
Compiling module xil_defaultlib.attention_int8_kernel_gmem3_m_ax...
Compiling module xil_defaultlib.attention_int8_kernel_gmem3_m_ax...
Compiling module xil_defaultlib.attention_int8_kernel_gmem3_m_ax...
Compiling module xil_defaultlib.attention_int8_kernel_gmem3_m_ax...
Compiling module xil_defaultlib.attention_int8_kernel_gmem3_m_ax...
Compiling module xil_defaultlib.attention_int8_kernel_gmem3_m_ax...
Compiling module xil_defaultlib.attention_int8_kernel_gmem3_m_ax...
Compiling module xil_defaultlib.attention_int8_kernel_gmem3_m_ax...
Compiling module xil_defaultlib.attention_int8_kernel_gmem3_m_ax...
Compiling module xil_defaultlib.attention_int8_kernel_gmem3_m_ax...
Compiling module xil_defaultlib.attention_int8_kernel_gmem3_m_ax...
Compiling module xil_defaultlib.attention_int8_kernel_gmem3_m_ax...
Compiling module xil_defaultlib.attention_int8_kernel_gmem3_m_ax...
Compiling module xil_defaultlib.attention_int8_kernel_gmem3_m_ax...
Compiling module xil_defaultlib.attention_int8_kernel_gmem3_m_ax...
Compiling module xil_defaultlib.attention_int8_kernel_gmem3_m_ax...
Compiling module xil_defaultlib.attention_int8_kernel_gmem3_m_ax...
Compiling module xil_defaultlib.attention_int8_kernel_gmem3_m_ax...
Compiling architecture struct of entity floating_point_v7_1_14.carry_chain [\carry_chain(c_xdevicefamily="ar...]
Compiling architecture synth of entity floating_point_v7_1_14.compare_eq_im [\compare_eq_im(c_xdevicefamily="...]
Compiling architecture struct of entity floating_point_v7_1_14.carry_chain [\carry_chain(c_xdevicefamily="ar...]
Compiling architecture synth of entity xbip_pipe_v3_0_6.xbip_pipe_v3_0_6_viv [\xbip_pipe_v3_0_6_viv(c_latency=...]
Compiling architecture rtl of entity floating_point_v7_1_14.delay [\delay(width=24,fast_input=true)...]
Compiling architecture dsp48e1_v of entity unisim.DSP48E1 [\DSP48E1(acascreg=0,alumodereg=0...]
Compiling architecture rtl of entity floating_point_v7_1_14.dsp48e1_wrapper [\dsp48e1_wrapper(c_part="xc7a200...]
Compiling architecture synth of entity xbip_pipe_v3_0_6.xbip_pipe_v3_0_6_viv [\xbip_pipe_v3_0_6_viv(c_latency=...]
Compiling architecture rtl of entity floating_point_v7_1_14.delay [\delay(length=2)\]
Compiling architecture synth of entity floating_point_v7_1_14.align_add_dsp48e1_sgl [\align_add_dsp48e1_sgl(c_xdevice...]
Compiling architecture lut5_v of entity unisim.LUT5 [\LUT5(init="00000000000000001111...]
Compiling architecture lut5_v of entity unisim.LUT5 [\LUT5(init="00000000000000000000...]
Compiling architecture rtl of entity floating_point_v7_1_14.lead_zero_encode_shift [\lead_zero_encode_shift(ab_fw=24...]
Compiling architecture lut6_v of entity unisim.LUT6 [\LUT6(init="11111110010101001011...]
Compiling architecture lut5_v of entity unisim.LUT5 [\LUT5(init="00010001010111110000...]
Compiling architecture lut5_v of entity unisim.LUT5 [\LUT5(init="11101110101000001111...]
Compiling architecture dsp48e1_v of entity unisim.DSP48E1 [\DSP48E1(adreg=0,alumodereg=0,ca...]
Compiling architecture rtl of entity floating_point_v7_1_14.dsp48e1_wrapper [\dsp48e1_wrapper(a_width=24,c_wi...]
Compiling architecture rtl of entity floating_point_v7_1_14.norm_and_round_dsp48e1_sgl [\norm_and_round_dsp48e1_sgl(c_mu...]
Compiling architecture lut5_v of entity unisim.LUT5 [\LUT5(init="10011001100110011001...]
Compiling architecture lut5_v of entity unisim.LUT5 [\LUT5(init="11111111000000001111...]
Compiling architecture synth of entity xbip_pipe_v3_0_6.xbip_pipe_v3_0_6_viv [\xbip_pipe_v3_0_6_viv(c_latency=...]
Compiling architecture rtl of entity floating_point_v7_1_14.delay [\delay(width=9,length=2)\]
Compiling architecture synth of entity xbip_pipe_v3_0_6.xbip_pipe_v3_0_6_viv [\xbip_pipe_v3_0_6_viv(c_latency=...]
Compiling architecture rtl of entity floating_point_v7_1_14.delay [\delay(width=10)\]
Compiling architecture struct of entity floating_point_v7_1_14.carry_chain [\carry_chain(c_xdevicefamily="ar...]
Compiling architecture synth of entity floating_point_v7_1_14.compare_eq_im [\compare_eq_im(c_xdevicefamily="...]
Compiling architecture rtl of entity floating_point_v7_1_14.special_detect [\special_detect(c_xdevicefamily=...]
Compiling architecture struct of entity floating_point_v7_1_14.carry_chain [\carry_chain(c_xdevicefamily="ar...]
Compiling architecture synth of entity floating_point_v7_1_14.compare_gt [\compare_gt(c_xdevicefamily="art...]
Compiling architecture synth of entity floating_point_v7_1_14.compare [\compare(c_xdevicefamily="artix7...]
Compiling architecture synth of entity xbip_pipe_v3_0_6.xbip_pipe_v3_0_6_viv [\xbip_pipe_v3_0_6_viv(c_latency=...]
Compiling architecture rtl of entity floating_point_v7_1_14.delay [\delay(width=9)\]
Compiling architecture rtl of entity floating_point_v7_1_14.flt_add_exp_sp [\flt_add_exp_sp(c_xdevicefamily=...]
Compiling architecture synth of entity xbip_pipe_v3_0_6.xbip_pipe_v3_0_6_viv [\xbip_pipe_v3_0_6_viv(c_latency=...]
Compiling architecture rtl of entity floating_point_v7_1_14.delay [\delay(width=23)\]
Compiling architecture rtl of entity floating_point_v7_1_14.flt_add_dsp [\flt_add_dsp(c_xdevicefamily="ar...]
Compiling architecture rtl of entity floating_point_v7_1_14.flt_add [\flt_add(c_xdevicefamily="artix7...]
Compiling architecture synth of entity xbip_pipe_v3_0_6.xbip_pipe_v3_0_6_viv [\xbip_pipe_v3_0_6_viv(c_latency=...]
Compiling architecture xilinx of entity floating_point_v7_1_14.floating_point_v7_1_14_viv [\floating_point_v7_1_14_viv(c_xd...]
Compiling architecture xilinx of entity floating_point_v7_1_14.floating_point_v7_1_14 [\floating_point_v7_1_14(c_xdevic...]
Compiling module xil_defaultlib.attention_int8_kernel_faddfsub_3...
Compiling module xil_defaultlib.attention_int8_kernel_faddfsub_3...
Compiling architecture rtl of entity floating_point_v7_1_14.flt_add [\flt_add(c_xdevicefamily="artix7...]
Compiling architecture xilinx of entity floating_point_v7_1_14.floating_point_v7_1_14_viv [\floating_point_v7_1_14_viv(c_xd...]
Compiling architecture xilinx of entity floating_point_v7_1_14.floating_point_v7_1_14 [\floating_point_v7_1_14(c_xdevic...]
Compiling module xil_defaultlib.attention_int8_kernel_fadd_32ns_...
Compiling module xil_defaultlib.attention_int8_kernel_fadd_32ns_...
Compiling architecture rtl of entity floating_point_v7_1_14.flt_add [\flt_add(c_xdevicefamily="artix7...]
Compiling architecture xilinx of entity floating_point_v7_1_14.floating_point_v7_1_14_viv [\floating_point_v7_1_14_viv(c_xd...]
Compiling architecture xilinx of entity floating_point_v7_1_14.floating_point_v7_1_14 [\floating_point_v7_1_14(c_xdevic...]
Compiling module xil_defaultlib.attention_int8_kernel_fsub_32ns_...
Compiling module xil_defaultlib.attention_int8_kernel_fsub_32ns_...
Compiling architecture synth of entity xbip_pipe_v3_0_6.xbip_pipe_v3_0_6_viv [\xbip_pipe_v3_0_6_viv(c_has_ce=1...]
Compiling architecture rtl of entity floating_point_v7_1_14.delay [\delay(width=25,length=0,fast_in...]
Compiling architecture struct of entity floating_point_v7_1_14.carry_chain [\carry_chain(c_xdevicefamily="ar...]
Compiling architecture synth of entity floating_point_v7_1_14.flt_div_mant_addsub [\flt_div_mant_addsub(c_xdevicefa...]
Compiling architecture synth of entity xbip_pipe_v3_0_6.xbip_pipe_v3_0_6_viv [\xbip_pipe_v3_0_6_viv(c_latency=...]
Compiling architecture rtl of entity floating_point_v7_1_14.delay [\delay(width=25,fast_input=true)...]
Compiling architecture struct of entity floating_point_v7_1_14.carry_chain [\carry_chain(c_xdevicefamily="ar...]
Compiling architecture synth of entity floating_point_v7_1_14.flt_div_mant_addsub [\flt_div_mant_addsub(c_xdevicefa...]
Compiling architecture virtex of entity floating_point_v7_1_14.flt_div_mant [\flt_div_mant(c_xdevicefamily="a...]
Compiling architecture synth of entity xbip_pipe_v3_0_6.xbip_pipe_v3_0_6_viv [\xbip_pipe_v3_0_6_viv(c_latency=...]
Compiling architecture rtl of entity floating_point_v7_1_14.delay [\delay(width=10,fast_input=true)...]
Compiling architecture rtl of entity floating_point_v7_1_14.special_detect [\special_detect(c_xdevicefamily=...]
Compiling architecture synth of entity xbip_pipe_v3_0_6.xbip_pipe_v3_0_6_viv [\xbip_pipe_v3_0_6_viv(c_latency=...]
Compiling architecture rtl of entity floating_point_v7_1_14.delay [\delay(length=13,fast_input=true...]
Compiling architecture synth of entity xbip_pipe_v3_0_6.xbip_pipe_v3_0_6_viv [\xbip_pipe_v3_0_6_viv(c_latency=...]
Compiling architecture rtl of entity floating_point_v7_1_14.delay [\delay(width=8,length=12)\]
Compiling architecture synth of entity xbip_pipe_v3_0_6.xbip_pipe_v3_0_6_viv [\xbip_pipe_v3_0_6_viv(c_latency=...]
Compiling architecture rtl of entity floating_point_v7_1_14.delay [\delay(length=12,fast_input=true...]
Compiling architecture synth of entity xbip_pipe_v3_0_6.xbip_pipe_v3_0_6_viv [\xbip_pipe_v3_0_6_viv(c_latency=...]
Compiling architecture rtl of entity floating_point_v7_1_14.delay [\delay(width=3,length=12,fast_in...]
Compiling architecture synth of entity xbip_pipe_v3_0_6.xbip_pipe_v3_0_6_viv [\xbip_pipe_v3_0_6_viv(c_latency=...]
Compiling architecture rtl of entity floating_point_v7_1_14.delay [\delay(width=4,length=12,fast_in...]
Compiling architecture rtl of entity floating_point_v7_1_14.flt_div_exp [\flt_div_exp(c_xdevicefamily="no...]
Compiling architecture struct of entity floating_point_v7_1_14.carry_chain [\carry_chain(c_xdevicefamily="ar...]
Compiling architecture rtl of entity floating_point_v7_1_14.renorm_and_round_logic [\renorm_and_round_logic(c_xdevic...]
Compiling architecture synth of entity floating_point_v7_1_14.flt_dec_op_lat [\flt_dec_op_lat(c_xdevicefamily=...]
Compiling architecture virtex of entity floating_point_v7_1_14.flt_div [\flt_div(c_xdevicefamily="artix7...]
Compiling architecture synth of entity xbip_pipe_v3_0_6.xbip_pipe_v3_0_6_viv [\xbip_pipe_v3_0_6_viv(c_latency=...]
Compiling architecture xilinx of entity floating_point_v7_1_14.floating_point_v7_1_14_viv [\floating_point_v7_1_14_viv(c_xd...]
Compiling architecture xilinx of entity floating_point_v7_1_14.floating_point_v7_1_14 [\floating_point_v7_1_14(c_xdevic...]
Compiling module xil_defaultlib.attention_int8_kernel_fdiv_32ns_...
Compiling module xil_defaultlib.attention_int8_kernel_fdiv_32ns_...
Compiling module xil_defaultlib.attention_int8_kernel_sitofp_32n...
Compiling module xil_defaultlib.attention_int8_kernel_sitofp_32n...
Compiling architecture synth of entity floating_point_v7_1_14.compare_eq_im [\compare_eq_im(c_xdevicefamily="...]
Compiling architecture synth of entity floating_point_v7_1_14.compare_ne_im [\compare_ne_im(c_xdevicefamily="...]
Compiling architecture synth of entity floating_point_v7_1_14.compare_eq_im [\compare_eq_im(c_xdevicefamily="...]
Compiling architecture struct of entity floating_point_v7_1_14.carry_chain [\carry_chain(c_xdevicefamily="ar...]
Compiling architecture synth of entity floating_point_v7_1_14.compare_eq [\compare_eq(c_xdevicefamily="art...]
Compiling architecture rtl of entity floating_point_v7_1_14.fp_cmp [\fp_cmp(c_xdevicefamily="artix7"...]
Compiling architecture xilinx of entity floating_point_v7_1_14.floating_point_v7_1_14_viv [\floating_point_v7_1_14_viv(c_xd...]
Compiling architecture xilinx of entity floating_point_v7_1_14.floating_point_v7_1_14 [\floating_point_v7_1_14(c_xdevic...]
Compiling module xil_defaultlib.attention_int8_kernel_fcmp_32ns_...
Compiling module xil_defaultlib.attention_int8_kernel_fcmp_32ns_...
Compiling module xil_defaultlib.attention_int8_kernel
Compiling module xil_defaultlib.AESL_axi_master_gmem0
Compiling module xil_defaultlib.AESL_axi_master_gmem1
Compiling module xil_defaultlib.AESL_axi_master_gmem2
Compiling module xil_defaultlib.AESL_axi_master_gmem3
Compiling module xil_defaultlib.AESL_axi_slave_control
Compiling module xil_defaultlib.nodf_module_intf
Compiling module xil_defaultlib.seq_loop_intf(FSM_WIDTH=991)
Compiling module xil_defaultlib.upc_loop_intf(FSM_WIDTH=1)
Compiling module xil_defaultlib.upc_loop_intf(FSM_WIDTH=10)
Compiling module xil_defaultlib.dataflow_monitor_1
Compiling module xil_defaultlib.apatb_attention_int8_kernel_top
Compiling module work.glbl
Built simulation snapshot attention_int8_kernel
