

================================================================
== Vitis HLS Report for 'attention_int8_kernel_Pipeline_VITIS_LOOP_193_18_VITIS_LOOP_195_19'
================================================================
* Date:           Sat Apr 25 16:34:11 2026

* Version:        2023.2 (Build 4023990 on Oct 11 2023)
* Project:        attention_int8_kernel
* Solution:       hls (Vivado IP Flow Target)
* Product family: artix7
* Target device:  xc7a200t-sbg484-1


================================================================
== Performance Estimates
================================================================
+ Timing: 
    * Summary: 
    +--------+----------+----------+------------+
    |  Clock |  Target  | Estimated| Uncertainty|
    +--------+----------+----------+------------+
    |ap_clk  |  10.00 ns|  8.491 ns|     2.70 ns|
    +--------+----------+----------+------------+

+ Latency: 
    * Summary: 
    +---------+---------+-----------+-----------+------+------+---------+
    |  Latency (cycles) |   Latency (absolute)  |   Interval  | Pipeline|
    |   min   |   max   |    min    |    max    |  min |  max |   Type  |
    +---------+---------+-----------+-----------+------+------+---------+
    |     8216|     8216|  82.160 us|  82.160 us|  8216|  8216|       no|
    +---------+---------+-----------+-----------+------+------+---------+

    + Detail: 
        * Instance: 
        N/A

        * Loop: 
        +---------------------------------------+---------+---------+----------+-----------+-----------+------+----------+
        |                                       |  Latency (cycles) | Iteration|  Initiation Interval  | Trip |          |
        |               Loop Name               |   min   |   max   |  Latency |  achieved |   target  | Count| Pipelined|
        +---------------------------------------+---------+---------+----------+-----------+-----------+------+----------+
        |- VITIS_LOOP_193_18_VITIS_LOOP_195_19  |     8214|     8214|        24|          1|          1|  8192|       yes|
        +---------------------------------------+---------+---------+----------+-----------+-----------+------+----------+



================================================================
== Utilization Estimates
================================================================
* Summary: 
+-----------------+---------+-----+--------+--------+-----+
|       Name      | BRAM_18K| DSP |   FF   |   LUT  | URAM|
+-----------------+---------+-----+--------+--------+-----+
|DSP              |        -|    -|       -|       -|    -|
|Expression       |        -|    -|       0|     188|    -|
|FIFO             |        -|    -|       -|       -|    -|
|Instance         |        -|    -|       0|     306|    -|
|Memory           |        -|    -|       -|       -|    -|
|Multiplexer      |        -|    -|       -|      81|    -|
|Register         |        -|    -|     620|     192|    -|
+-----------------+---------+-----+--------+--------+-----+
|Total            |        0|    0|     620|     767|    0|
+-----------------+---------+-----+--------+--------+-----+
|Available        |      730|  740|  269200|  134600|    0|
+-----------------+---------+-----+--------+--------+-----+
|Utilization (%)  |        0|    0|      ~0|      ~0|    0|
+-----------------+---------+-----+--------+--------+-----+

+ Detail: 
    * Instance: 
    +---------------------------------+---------------------------+---------+----+---+-----+-----+
    |             Instance            |           Module          | BRAM_18K| DSP| FF| LUT | URAM|
    +---------------------------------+---------------------------+---------+----+---+-----+-----+
    |sparsemux_129_6_32_1_1_U2191     |sparsemux_129_6_32_1_1     |        0|   0|  0|  273|    0|
    |sparsemux_17_3_32_1_1_U2192      |sparsemux_17_3_32_1_1      |        0|   0|  0|   33|    0|
    |sptohp_32ns_16_2_no_dsp_1_U2190  |sptohp_32ns_16_2_no_dsp_1  |        0|   0|  0|    0|    0|
    +---------------------------------+---------------------------+---------+----+---+-----+-----+
    |Total                            |                           |        0|   0|  0|  306|    0|
    +---------------------------------+---------------------------+---------+----+---+-----+-----+

    * DSP: 
    N/A

    * Memory: 
    N/A

    * FIFO: 
    N/A

    * Expression: 
    +---------------------------+----------+----+---+----+------------+------------+
    |       Variable Name       | Operation| DSP| FF| LUT| Bitwidth P0| Bitwidth P1|
    +---------------------------+----------+----+---+----+------------+------------+
    |add_ln193_1_fu_937_p2      |         +|   0|  0|  21|          14|           1|
    |add_ln193_fu_949_p2        |         +|   0|  0|  14|           7|           1|
    |add_ln195_fu_1259_p2       |         +|   0|  0|  15|           8|           1|
    |and_ln194_fu_1331_p2       |       and|   0|  0|   2|           1|           1|
    |ap_block_pp0_stage0_11001  |       and|   0|  0|   2|           1|           1|
    |icmp_ln193_fu_931_p2       |      icmp|   0|  0|  22|          14|          15|
    |icmp_ln194_1_fu_1303_p2    |      icmp|   0|  0|  30|          23|           1|
    |icmp_ln194_fu_1297_p2      |      icmp|   0|  0|  15|           8|           2|
    |icmp_ln195_fu_955_p2       |      icmp|   0|  0|  16|           8|           9|
    |or_ln194_fu_1327_p2        |        or|   0|  0|   2|           1|           1|
    |inv_l_fu_1336_p3           |    select|   0|  0|  32|           1|          32|
    |select_ln193_1_fu_969_p3   |    select|   0|  0|   7|           1|           7|
    |select_ln193_fu_961_p3     |    select|   0|  0|   8|           1|           1|
    |ap_enable_pp0              |       xor|   0|  0|   2|           1|           2|
    +---------------------------+----------+----+---+----+------------+------------+
    |Total                      |          |   0|  0| 188|          89|          75|
    +---------------------------+----------+----+---+----+------------+------------+

    * Multiplexer: 
    +----------------------------------------+----+-----------+-----+-----------+
    |                  Name                  | LUT| Input Size| Bits| Total Bits|
    +----------------------------------------+----+-----------+-----+-----------+
    |ap_done_int                             |   9|          2|    1|          2|
    |ap_enable_reg_pp0_iter1                 |   9|          2|    1|          2|
    |ap_sig_allocacmp_d_load                 |   9|          2|    8|         16|
    |ap_sig_allocacmp_i_load                 |   9|          2|    7|         14|
    |ap_sig_allocacmp_indvar_flatten13_load  |   9|          2|   14|         28|
    |d_fu_378                                |   9|          2|    8|         16|
    |gmem3_blk_n_W                           |   9|          2|    1|          2|
    |i_fu_382                                |   9|          2|    7|         14|
    |indvar_flatten13_fu_386                 |   9|          2|   14|         28|
    +----------------------------------------+----+-----------+-----+-----------+
    |Total                                   |  81|         18|   61|        122|
    +----------------------------------------+----+-----------+-----+-----------+

    * Register: 
    +-----------------------------------+----+----+-----+-----------+
    |                Name               | FF | LUT| Bits| Const Bits|
    +-----------------------------------+----+----+-----+-----------+
    |ap_CS_fsm                          |   1|   0|    1|          0|
    |ap_done_reg                        |   1|   0|    1|          0|
    |ap_enable_reg_pp0_iter1            |   1|   0|    1|          0|
    |ap_enable_reg_pp0_iter10           |   1|   0|    1|          0|
    |ap_enable_reg_pp0_iter11           |   1|   0|    1|          0|
    |ap_enable_reg_pp0_iter12           |   1|   0|    1|          0|
    |ap_enable_reg_pp0_iter13           |   1|   0|    1|          0|
    |ap_enable_reg_pp0_iter14           |   1|   0|    1|          0|
    |ap_enable_reg_pp0_iter15           |   1|   0|    1|          0|
    |ap_enable_reg_pp0_iter16           |   1|   0|    1|          0|
    |ap_enable_reg_pp0_iter17           |   1|   0|    1|          0|
    |ap_enable_reg_pp0_iter18           |   1|   0|    1|          0|
    |ap_enable_reg_pp0_iter19           |   1|   0|    1|          0|
    |ap_enable_reg_pp0_iter2            |   1|   0|    1|          0|
    |ap_enable_reg_pp0_iter20           |   1|   0|    1|          0|
    |ap_enable_reg_pp0_iter21           |   1|   0|    1|          0|
    |ap_enable_reg_pp0_iter22           |   1|   0|    1|          0|
    |ap_enable_reg_pp0_iter23           |   1|   0|    1|          0|
    |ap_enable_reg_pp0_iter3            |   1|   0|    1|          0|
    |ap_enable_reg_pp0_iter4            |   1|   0|    1|          0|
    |ap_enable_reg_pp0_iter5            |   1|   0|    1|          0|
    |ap_enable_reg_pp0_iter6            |   1|   0|    1|          0|
    |ap_enable_reg_pp0_iter7            |   1|   0|    1|          0|
    |ap_enable_reg_pp0_iter8            |   1|   0|    1|          0|
    |ap_enable_reg_pp0_iter9            |   1|   0|    1|          0|
    |ap_loop_exit_ready_pp0_iter10_reg  |   1|   0|    1|          0|
    |ap_loop_exit_ready_pp0_iter11_reg  |   1|   0|    1|          0|
    |ap_loop_exit_ready_pp0_iter12_reg  |   1|   0|    1|          0|
    |ap_loop_exit_ready_pp0_iter13_reg  |   1|   0|    1|          0|
    |ap_loop_exit_ready_pp0_iter14_reg  |   1|   0|    1|          0|
    |ap_loop_exit_ready_pp0_iter15_reg  |   1|   0|    1|          0|
    |ap_loop_exit_ready_pp0_iter16_reg  |   1|   0|    1|          0|
    |ap_loop_exit_ready_pp0_iter17_reg  |   1|   0|    1|          0|
    |ap_loop_exit_ready_pp0_iter18_reg  |   1|   0|    1|          0|
    |ap_loop_exit_ready_pp0_iter19_reg  |   1|   0|    1|          0|
    |ap_loop_exit_ready_pp0_iter1_reg   |   1|   0|    1|          0|
    |ap_loop_exit_ready_pp0_iter20_reg  |   1|   0|    1|          0|
    |ap_loop_exit_ready_pp0_iter21_reg  |   1|   0|    1|          0|
    |ap_loop_exit_ready_pp0_iter22_reg  |   1|   0|    1|          0|
    |ap_loop_exit_ready_pp0_iter2_reg   |   1|   0|    1|          0|
    |ap_loop_exit_ready_pp0_iter3_reg   |   1|   0|    1|          0|
    |ap_loop_exit_ready_pp0_iter4_reg   |   1|   0|    1|          0|
    |ap_loop_exit_ready_pp0_iter5_reg   |   1|   0|    1|          0|
    |ap_loop_exit_ready_pp0_iter6_reg   |   1|   0|    1|          0|
    |ap_loop_exit_ready_pp0_iter7_reg   |   1|   0|    1|          0|
    |ap_loop_exit_ready_pp0_iter8_reg   |   1|   0|    1|          0|
    |ap_loop_exit_ready_pp0_iter9_reg   |   1|   0|    1|          0|
    |conv1_reg_1515                     |  16|   0|   16|          0|
    |d_fu_378                           |   8|   0|    8|          0|
    |i_fu_382                           |   7|   0|    7|          0|
    |icmp_ln194_1_reg_1450              |   1|   0|    1|          0|
    |icmp_ln194_reg_1445                |   1|   0|    1|          0|
    |indvar_flatten13_fu_386            |  14|   0|   14|          0|
    |inv_l_reg_1500                     |  32|   0|   32|          0|
    |lshr_ln_reg_1440                   |   4|   0|    4|          0|
    |tmp_1_reg_1505                     |  32|   0|   32|          0|
    |tmp_2_reg_1455                     |   1|   0|    1|          0|
    |tmp_reg_1428                       |  32|   0|   32|          0|
    |trunc_ln193_reg_1423               |   6|   0|    6|          0|
    |trunc_ln195_reg_1435               |   3|   0|    3|          0|
    |v_reg_1510                         |  32|   0|   32|          0|
    |icmp_ln194_1_reg_1450              |  64|  32|    1|          0|
    |icmp_ln194_reg_1445                |  64|  32|    1|          0|
    |lshr_ln_reg_1440                   |  64|  32|    4|          0|
    |tmp_2_reg_1455                     |  64|  32|    1|          0|
    |trunc_ln193_reg_1423               |  64|  32|    6|          0|
    |trunc_ln195_reg_1435               |  64|  32|    3|          0|
    +-----------------------------------+----+----+-----+-----------+
    |Total                              | 620| 192|  252|          0|
    +-----------------------------------+----+----+-----+-----------+



================================================================
== Interface
================================================================
* Summary: 
+-----------------------+-----+-----+------------+--------------------------------------------------------------------+--------------+
|       RTL Ports       | Dir | Bits|  Protocol  |                            Source Object                           |    C Type    |
+-----------------------+-----+-----+------------+--------------------------------------------------------------------+--------------+
|ap_clk                 |   in|    1|  ap_ctrl_hs|  attention_int8_kernel_Pipeline_VITIS_LOOP_193_18_VITIS_LOOP_195_19|  return value|
|ap_rst                 |   in|    1|  ap_ctrl_hs|  attention_int8_kernel_Pipeline_VITIS_LOOP_193_18_VITIS_LOOP_195_19|  return value|
|ap_start               |   in|    1|  ap_ctrl_hs|  attention_int8_kernel_Pipeline_VITIS_LOOP_193_18_VITIS_LOOP_195_19|  return value|
|ap_done                |  out|    1|  ap_ctrl_hs|  attention_int8_kernel_Pipeline_VITIS_LOOP_193_18_VITIS_LOOP_195_19|  return value|
|ap_idle                |  out|    1|  ap_ctrl_hs|  attention_int8_kernel_Pipeline_VITIS_LOOP_193_18_VITIS_LOOP_195_19|  return value|
|ap_ready               |  out|    1|  ap_ctrl_hs|  attention_int8_kernel_Pipeline_VITIS_LOOP_193_18_VITIS_LOOP_195_19|  return value|
|grp_fu_49878_p_din0    |  out|   32|  ap_ctrl_hs|  attention_int8_kernel_Pipeline_VITIS_LOOP_193_18_VITIS_LOOP_195_19|  return value|
|grp_fu_49878_p_din1    |  out|   32|  ap_ctrl_hs|  attention_int8_kernel_Pipeline_VITIS_LOOP_193_18_VITIS_LOOP_195_19|  return value|
|grp_fu_49878_p_dout0   |   in|   32|  ap_ctrl_hs|  attention_int8_kernel_Pipeline_VITIS_LOOP_193_18_VITIS_LOOP_195_19|  return value|
|grp_fu_49878_p_ce      |  out|    1|  ap_ctrl_hs|  attention_int8_kernel_Pipeline_VITIS_LOOP_193_18_VITIS_LOOP_195_19|  return value|
|grp_fu_52808_p_din0    |  out|   32|  ap_ctrl_hs|  attention_int8_kernel_Pipeline_VITIS_LOOP_193_18_VITIS_LOOP_195_19|  return value|
|grp_fu_52808_p_din1    |  out|   32|  ap_ctrl_hs|  attention_int8_kernel_Pipeline_VITIS_LOOP_193_18_VITIS_LOOP_195_19|  return value|
|grp_fu_52808_p_dout0   |   in|   32|  ap_ctrl_hs|  attention_int8_kernel_Pipeline_VITIS_LOOP_193_18_VITIS_LOOP_195_19|  return value|
|grp_fu_52808_p_ce      |  out|    1|  ap_ctrl_hs|  attention_int8_kernel_Pipeline_VITIS_LOOP_193_18_VITIS_LOOP_195_19|  return value|
|grp_fu_52816_p_din0    |  out|   32|  ap_ctrl_hs|  attention_int8_kernel_Pipeline_VITIS_LOOP_193_18_VITIS_LOOP_195_19|  return value|
|grp_fu_52816_p_din1    |  out|   32|  ap_ctrl_hs|  attention_int8_kernel_Pipeline_VITIS_LOOP_193_18_VITIS_LOOP_195_19|  return value|
|grp_fu_52816_p_opcode  |  out|    5|  ap_ctrl_hs|  attention_int8_kernel_Pipeline_VITIS_LOOP_193_18_VITIS_LOOP_195_19|  return value|
|grp_fu_52816_p_dout0   |   in|    1|  ap_ctrl_hs|  attention_int8_kernel_Pipeline_VITIS_LOOP_193_18_VITIS_LOOP_195_19|  return value|
|grp_fu_52816_p_ce      |  out|    1|  ap_ctrl_hs|  attention_int8_kernel_Pipeline_VITIS_LOOP_193_18_VITIS_LOOP_195_19|  return value|
|m_axi_gmem3_AWVALID    |  out|    1|       m_axi|                                                               gmem3|       pointer|
|m_axi_gmem3_AWREADY    |   in|    1|       m_axi|                                                               gmem3|       pointer|
|m_axi_gmem3_AWADDR     |  out|   64|       m_axi|                                                               gmem3|       pointer|
|m_axi_gmem3_AWID       |  out|    1|       m_axi|                                                               gmem3|       pointer|
|m_axi_gmem3_AWLEN      |  out|   32|       m_axi|                                                               gmem3|       pointer|
|m_axi_gmem3_AWSIZE     |  out|    3|       m_axi|                                                               gmem3|       pointer|
|m_axi_gmem3_AWBURST    |  out|    2|       m_axi|                                                               gmem3|       pointer|
|m_axi_gmem3_AWLOCK     |  out|    2|       m_axi|                                                               gmem3|       pointer|
|m_axi_gmem3_AWCACHE    |  out|    4|       m_axi|                                                               gmem3|       pointer|
|m_axi_gmem3_AWPROT     |  out|    3|       m_axi|                                                               gmem3|       pointer|
|m_axi_gmem3_AWQOS      |  out|    4|       m_axi|                                                               gmem3|       pointer|
|m_axi_gmem3_AWREGION   |  out|    4|       m_axi|                                                               gmem3|       pointer|
|m_axi_gmem3_AWUSER     |  out|    1|       m_axi|                                                               gmem3|       pointer|
|m_axi_gmem3_WVALID     |  out|    1|       m_axi|                                                               gmem3|       pointer|
|m_axi_gmem3_WREADY     |   in|    1|       m_axi|                                                               gmem3|       pointer|
|m_axi_gmem3_WDATA      |  out|   16|       m_axi|                                                               gmem3|       pointer|
|m_axi_gmem3_WSTRB      |  out|    2|       m_axi|                                                               gmem3|       pointer|
|m_axi_gmem3_WLAST      |  out|    1|       m_axi|                                                               gmem3|       pointer|
|m_axi_gmem3_WID        |  out|    1|       m_axi|                                                               gmem3|       pointer|
|m_axi_gmem3_WUSER      |  out|    1|       m_axi|                                                               gmem3|       pointer|
|m_axi_gmem3_ARVALID    |  out|    1|       m_axi|                                                               gmem3|       pointer|
|m_axi_gmem3_ARREADY    |   in|    1|       m_axi|                                                               gmem3|       pointer|
|m_axi_gmem3_ARADDR     |  out|   64|       m_axi|                                                               gmem3|       pointer|
|m_axi_gmem3_ARID       |  out|    1|       m_axi|                                                               gmem3|       pointer|
|m_axi_gmem3_ARLEN      |  out|   32|       m_axi|                                                               gmem3|       pointer|
|m_axi_gmem3_ARSIZE     |  out|    3|       m_axi|                                                               gmem3|       pointer|
|m_axi_gmem3_ARBURST    |  out|    2|       m_axi|                                                               gmem3|       pointer|
|m_axi_gmem3_ARLOCK     |  out|    2|       m_axi|                                                               gmem3|       pointer|
|m_axi_gmem3_ARCACHE    |  out|    4|       m_axi|                                                               gmem3|       pointer|
|m_axi_gmem3_ARPROT     |  out|    3|       m_axi|                                                               gmem3|       pointer|
|m_axi_gmem3_ARQOS      |  out|    4|       m_axi|                                                               gmem3|       pointer|
|m_axi_gmem3_ARREGION   |  out|    4|       m_axi|                                                               gmem3|       pointer|
|m_axi_gmem3_ARUSER     |  out|    1|       m_axi|                                                               gmem3|       pointer|
|m_axi_gmem3_RVALID     |   in|    1|       m_axi|                                                               gmem3|       pointer|
|m_axi_gmem3_RREADY     |  out|    1|       m_axi|                                                               gmem3|       pointer|
|m_axi_gmem3_RDATA      |   in|   16|       m_axi|                                                               gmem3|       pointer|
|m_axi_gmem3_RLAST      |   in|    1|       m_axi|                                                               gmem3|       pointer|
|m_axi_gmem3_RID        |   in|    1|       m_axi|                                                               gmem3|       pointer|
|m_axi_gmem3_RFIFONUM   |   in|   10|       m_axi|                                                               gmem3|       pointer|
|m_axi_gmem3_RUSER      |   in|    1|       m_axi|                                                               gmem3|       pointer|
|m_axi_gmem3_RRESP      |   in|    2|       m_axi|                                                               gmem3|       pointer|
|m_axi_gmem3_BVALID     |   in|    1|       m_axi|                                                               gmem3|       pointer|
|m_axi_gmem3_BREADY     |  out|    1|       m_axi|                                                               gmem3|       pointer|
|m_axi_gmem3_BRESP      |   in|    2|       m_axi|                                                               gmem3|       pointer|
|m_axi_gmem3_BID        |   in|    1|       m_axi|                                                               gmem3|       pointer|
|m_axi_gmem3_BUSER      |   in|    1|       m_axi|                                                               gmem3|       pointer|
|sext_ln81              |   in|   63|     ap_none|                                                           sext_ln81|        scalar|
|l_state                |   in|   32|     ap_none|                                                             l_state|        scalar|
|l_state_1              |   in|   32|     ap_none|                                                           l_state_1|        scalar|
|l_state_2              |   in|   32|     ap_none|                                                           l_state_2|        scalar|
|l_state_3              |   in|   32|     ap_none|                                                           l_state_3|        scalar|
|l_state_4              |   in|   32|     ap_none|                                                           l_state_4|        scalar|
|l_state_5              |   in|   32|     ap_none|                                                           l_state_5|        scalar|
|l_state_6              |   in|   32|     ap_none|                                                           l_state_6|        scalar|
|l_state_7              |   in|   32|     ap_none|                                                           l_state_7|        scalar|
|l_state_8              |   in|   32|     ap_none|                                                           l_state_8|        scalar|
|l_state_9              |   in|   32|     ap_none|                                                           l_state_9|        scalar|
|l_state_10             |   in|   32|     ap_none|                                                          l_state_10|        scalar|
|l_state_11             |   in|   32|     ap_none|                                                          l_state_11|        scalar|
|l_state_12             |   in|   32|     ap_none|                                                          l_state_12|        scalar|
|l_state_13             |   in|   32|     ap_none|                                                          l_state_13|        scalar|
|l_state_14             |   in|   32|     ap_none|                                                          l_state_14|        scalar|
|l_state_15             |   in|   32|     ap_none|                                                          l_state_15|        scalar|
|l_state_16             |   in|   32|     ap_none|                                                          l_state_16|        scalar|
|l_state_17             |   in|   32|     ap_none|                                                          l_state_17|        scalar|
|l_state_18             |   in|   32|     ap_none|                                                          l_state_18|        scalar|
|l_state_19             |   in|   32|     ap_none|                                                          l_state_19|        scalar|
|l_state_20             |   in|   32|     ap_none|                                                          l_state_20|        scalar|
|l_state_21             |   in|   32|     ap_none|                                                          l_state_21|        scalar|
|l_state_22             |   in|   32|     ap_none|                                                          l_state_22|        scalar|
|l_state_23             |   in|   32|     ap_none|                                                          l_state_23|        scalar|
|l_state_24             |   in|   32|     ap_none|                                                          l_state_24|        scalar|
|l_state_25             |   in|   32|     ap_none|                                                          l_state_25|        scalar|
|l_state_26             |   in|   32|     ap_none|                                                          l_state_26|        scalar|
|l_state_27             |   in|   32|     ap_none|                                                          l_state_27|        scalar|
|l_state_28             |   in|   32|     ap_none|                                                          l_state_28|        scalar|
|l_state_29             |   in|   32|     ap_none|                                                          l_state_29|        scalar|
|l_state_30             |   in|   32|     ap_none|                                                          l_state_30|        scalar|
|l_state_31             |   in|   32|     ap_none|                                                          l_state_31|        scalar|
|l_state_32             |   in|   32|     ap_none|                                                          l_state_32|        scalar|
|l_state_33             |   in|   32|     ap_none|                                                          l_state_33|        scalar|
|l_state_34             |   in|   32|     ap_none|                                                          l_state_34|        scalar|
|l_state_35             |   in|   32|     ap_none|                                                          l_state_35|        scalar|
|l_state_36             |   in|   32|     ap_none|                                                          l_state_36|        scalar|
|l_state_37             |   in|   32|     ap_none|                                                          l_state_37|        scalar|
|l_state_38             |   in|   32|     ap_none|                                                          l_state_38|        scalar|
|l_state_39             |   in|   32|     ap_none|                                                          l_state_39|        scalar|
|l_state_40             |   in|   32|     ap_none|                                                          l_state_40|        scalar|
|l_state_41             |   in|   32|     ap_none|                                                          l_state_41|        scalar|
|l_state_42             |   in|   32|     ap_none|                                                          l_state_42|        scalar|
|l_state_43             |   in|   32|     ap_none|                                                          l_state_43|        scalar|
|l_state_44             |   in|   32|     ap_none|                                                          l_state_44|        scalar|
|l_state_45             |   in|   32|     ap_none|                                                          l_state_45|        scalar|
|l_state_46             |   in|   32|     ap_none|                                                          l_state_46|        scalar|
|l_state_47             |   in|   32|     ap_none|                                                          l_state_47|        scalar|
|l_state_48             |   in|   32|     ap_none|                                                          l_state_48|        scalar|
|l_state_49             |   in|   32|     ap_none|                                                          l_state_49|        scalar|
|l_state_50             |   in|   32|     ap_none|                                                          l_state_50|        scalar|
|l_state_51             |   in|   32|     ap_none|                                                          l_state_51|        scalar|
|l_state_52             |   in|   32|     ap_none|                                                          l_state_52|        scalar|
|l_state_53             |   in|   32|     ap_none|                                                          l_state_53|        scalar|
|l_state_54             |   in|   32|     ap_none|                                                          l_state_54|        scalar|
|l_state_55             |   in|   32|     ap_none|                                                          l_state_55|        scalar|
|l_state_56             |   in|   32|     ap_none|                                                          l_state_56|        scalar|
|l_state_57             |   in|   32|     ap_none|                                                          l_state_57|        scalar|
|l_state_58             |   in|   32|     ap_none|                                                          l_state_58|        scalar|
|l_state_59             |   in|   32|     ap_none|                                                          l_state_59|        scalar|
|l_state_60             |   in|   32|     ap_none|                                                          l_state_60|        scalar|
|l_state_61             |   in|   32|     ap_none|                                                          l_state_61|        scalar|
|l_state_62             |   in|   32|     ap_none|                                                          l_state_62|        scalar|
|l_state_63             |   in|   32|     ap_none|                                                          l_state_63|        scalar|
|O_tile_address0        |  out|   10|   ap_memory|                                                              O_tile|         array|
|O_tile_ce0             |  out|    1|   ap_memory|                                                              O_tile|         array|
|O_tile_q0              |   in|   32|   ap_memory|                                                              O_tile|         array|
|O_tile_1_address0      |  out|   10|   ap_memory|                                                            O_tile_1|         array|
|O_tile_1_ce0           |  out|    1|   ap_memory|                                                            O_tile_1|         array|
|O_tile_1_q0            |   in|   32|   ap_memory|                                                            O_tile_1|         array|
|O_tile_2_address0      |  out|   10|   ap_memory|                                                            O_tile_2|         array|
|O_tile_2_ce0           |  out|    1|   ap_memory|                                                            O_tile_2|         array|
|O_tile_2_q0            |   in|   32|   ap_memory|                                                            O_tile_2|         array|
|O_tile_3_address0      |  out|   10|   ap_memory|                                                            O_tile_3|         array|
|O_tile_3_ce0           |  out|    1|   ap_memory|                                                            O_tile_3|         array|
|O_tile_3_q0            |   in|   32|   ap_memory|                                                            O_tile_3|         array|
|O_tile_4_address0      |  out|   10|   ap_memory|                                                            O_tile_4|         array|
|O_tile_4_ce0           |  out|    1|   ap_memory|                                                            O_tile_4|         array|
|O_tile_4_q0            |   in|   32|   ap_memory|                                                            O_tile_4|         array|
|O_tile_5_address0      |  out|   10|   ap_memory|                                                            O_tile_5|         array|
|O_tile_5_ce0           |  out|    1|   ap_memory|                                                            O_tile_5|         array|
|O_tile_5_q0            |   in|   32|   ap_memory|                                                            O_tile_5|         array|
|O_tile_6_address0      |  out|   10|   ap_memory|                                                            O_tile_6|         array|
|O_tile_6_ce0           |  out|    1|   ap_memory|                                                            O_tile_6|         array|
|O_tile_6_q0            |   in|   32|   ap_memory|                                                            O_tile_6|         array|
|O_tile_7_address0      |  out|   10|   ap_memory|                                                            O_tile_7|         array|
|O_tile_7_ce0           |  out|    1|   ap_memory|                                                            O_tile_7|         array|
|O_tile_7_q0            |   in|   32|   ap_memory|                                                            O_tile_7|         array|
+-----------------------+-----+-----+------------+--------------------------------------------------------------------+--------------+

