

================================================================
== Vitis HLS Report for 'attention_int8_kernel_Pipeline_VITIS_LOOP_101_3_VITIS_LOOP_102_4'
================================================================
* Date:           Sat Apr 25 16:34:05 2026

* Version:        2023.2 (Build 4023990 on Oct 11 2023)
* Project:        attention_int8_kernel
* Solution:       hls (Vivado IP Flow Target)
* Product family: artix7
* Target device:  xc7a200t-sbg484-1


================================================================
== Performance Estimates
================================================================
+ Timing: 
    * Summary: 
    +--------+----------+----------+------------+
    |  Clock |  Target  | Estimated| Uncertainty|
    +--------+----------+----------+------------+
    |ap_clk  |  10.00 ns|  7.300 ns|     2.70 ns|
    +--------+----------+----------+------------+

+ Latency: 
    * Summary: 
    +---------+---------+-----------+-----------+------+------+---------+
    |  Latency (cycles) |   Latency (absolute)  |   Interval  | Pipeline|
    |   min   |   max   |    min    |    max    |  min |  max |   Type  |
    +---------+---------+-----------+-----------+------+------+---------+
    |     8195|     8195|  81.950 us|  81.950 us|  8195|  8195|       no|
    +---------+---------+-----------+-----------+------+------+---------+

    + Detail: 
        * Instance: 
        N/A

        * Loop: 
        +-------------------------------------+---------+---------+----------+-----------+-----------+------+----------+
        |                                     |  Latency (cycles) | Iteration|  Initiation Interval  | Trip |          |
        |              Loop Name              |   min   |   max   |  Latency |  achieved |   target  | Count| Pipelined|
        +-------------------------------------+---------+---------+----------+-----------+-----------+------+----------+
        |- VITIS_LOOP_101_3_VITIS_LOOP_102_4  |     8193|     8193|         3|          1|          1|  8192|       yes|
        +-------------------------------------+---------+---------+----------+-----------+-----------+------+----------+



================================================================
== Utilization Estimates
================================================================
* Summary: 
+-----------------+---------+-----+--------+--------+-----+
|       Name      | BRAM_18K| DSP |   FF   |   LUT  | URAM|
+-----------------+---------+-----+--------+--------+-----+
|DSP              |        -|    -|       -|       -|    -|
|Expression       |        -|    -|       0|     107|    -|
|FIFO             |        -|    -|       -|       -|    -|
|Instance         |        -|    -|       -|       -|    -|
|Memory           |        -|    -|       -|       -|    -|
|Multiplexer      |        -|    -|       -|      63|    -|
|Register         |        -|    -|      42|       -|    -|
+-----------------+---------+-----+--------+--------+-----+
|Total            |        0|    0|      42|     170|    0|
+-----------------+---------+-----+--------+--------+-----+
|Available        |      730|  740|  269200|  134600|    0|
+-----------------+---------+-----+--------+--------+-----+
|Utilization (%)  |        0|    0|      ~0|      ~0|    0|
+-----------------+---------+-----+--------+--------+-----+

+ Detail: 
    * Instance: 
    N/A

    * DSP: 
    N/A

    * Memory: 
    N/A

    * FIFO: 
    N/A

    * Expression: 
    +---------------------------+----------+----+---+----+------------+------------+
    |       Variable Name       | Operation| DSP| FF| LUT| Bitwidth P0| Bitwidth P1|
    +---------------------------+----------+----+---+----+------------+------------+
    |add_ln101_1_fu_2275_p2     |         +|   0|  0|  21|          14|           1|
    |add_ln101_fu_2298_p2       |         +|   0|  0|  14|           7|           1|
    |add_ln102_fu_2462_p2       |         +|   0|  0|  15|           8|           1|
    |ap_block_pp0_stage0_11001  |       and|   0|  0|   2|           1|           1|
    |icmp_ln101_fu_2269_p2      |      icmp|   0|  0|  22|          14|          15|
    |icmp_ln102_fu_2304_p2      |      icmp|   0|  0|  16|           8|           9|
    |select_ln101_1_fu_2318_p3  |    select|   0|  0|   7|           1|           7|
    |select_ln101_fu_2310_p3    |    select|   0|  0|   8|           1|           1|
    |ap_enable_pp0              |       xor|   0|  0|   2|           1|           2|
    +---------------------------+----------+----+---+----+------------+------------+
    |Total                      |          |   0|  0| 107|          55|          38|
    +---------------------------+----------+----+---+----+------------+------------+

    * Multiplexer: 
    +--------------------------------------+----+-----------+-----+-----------+
    |                 Name                 | LUT| Input Size| Bits| Total Bits|
    +--------------------------------------+----+-----------+-----+-----------+
    |ap_done_int                           |   9|          2|    1|          2|
    |ap_enable_reg_pp0_iter1               |   9|          2|    1|          2|
    |ap_sig_allocacmp_indvar_flatten_load  |   9|          2|   14|         28|
    |d_fu_564                              |   9|          2|    8|         16|
    |gmem0_blk_n_R                         |   9|          2|    1|          2|
    |i_fu_568                              |   9|          2|    7|         14|
    |indvar_flatten_fu_572                 |   9|          2|   14|         28|
    +--------------------------------------+----+-----------+-----+-----------+
    |Total                                 |  63|         14|   46|         92|
    +--------------------------------------+----+-----------+-----+-----------+

    * Register: 
    +----------------------------------+----+----+-----+-----------+
    |               Name               | FF | LUT| Bits| Const Bits|
    +----------------------------------+----+----+-----+-----------+
    |ap_CS_fsm                         |   1|   0|    1|          0|
    |ap_done_reg                       |   1|   0|    1|          0|
    |ap_enable_reg_pp0_iter1           |   1|   0|    1|          0|
    |ap_enable_reg_pp0_iter2           |   1|   0|    1|          0|
    |ap_loop_exit_ready_pp0_iter1_reg  |   1|   0|    1|          0|
    |d_fu_564                          |   8|   0|    8|          0|
    |gmem0_addr_read_reg_2508          |   8|   0|    8|          0|
    |i_fu_568                          |   7|   0|    7|          0|
    |indvar_flatten_fu_572             |  14|   0|   14|          0|
    +----------------------------------+----+----+-----+-----------+
    |Total                             |  42|   0|   42|          0|
    +----------------------------------+----+----+-----+-----------+



================================================================
== Interface
================================================================
* Summary: 
+----------------------+-----+-----+------------+------------------------------------------------------------------+--------------+
|       RTL Ports      | Dir | Bits|  Protocol  |                           Source Object                          |    C Type    |
+----------------------+-----+-----+------------+------------------------------------------------------------------+--------------+
|ap_clk                |   in|    1|  ap_ctrl_hs|  attention_int8_kernel_Pipeline_VITIS_LOOP_101_3_VITIS_LOOP_102_4|  return value|
|ap_rst                |   in|    1|  ap_ctrl_hs|  attention_int8_kernel_Pipeline_VITIS_LOOP_101_3_VITIS_LOOP_102_4|  return value|
|ap_start              |   in|    1|  ap_ctrl_hs|  attention_int8_kernel_Pipeline_VITIS_LOOP_101_3_VITIS_LOOP_102_4|  return value|
|ap_done               |  out|    1|  ap_ctrl_hs|  attention_int8_kernel_Pipeline_VITIS_LOOP_101_3_VITIS_LOOP_102_4|  return value|
|ap_idle               |  out|    1|  ap_ctrl_hs|  attention_int8_kernel_Pipeline_VITIS_LOOP_101_3_VITIS_LOOP_102_4|  return value|
|ap_ready              |  out|    1|  ap_ctrl_hs|  attention_int8_kernel_Pipeline_VITIS_LOOP_101_3_VITIS_LOOP_102_4|  return value|
|m_axi_gmem0_AWVALID   |  out|    1|       m_axi|                                                             gmem0|       pointer|
|m_axi_gmem0_AWREADY   |   in|    1|       m_axi|                                                             gmem0|       pointer|
|m_axi_gmem0_AWADDR    |  out|   64|       m_axi|                                                             gmem0|       pointer|
|m_axi_gmem0_AWID      |  out|    1|       m_axi|                                                             gmem0|       pointer|
|m_axi_gmem0_AWLEN     |  out|   32|       m_axi|                                                             gmem0|       pointer|
|m_axi_gmem0_AWSIZE    |  out|    3|       m_axi|                                                             gmem0|       pointer|
|m_axi_gmem0_AWBURST   |  out|    2|       m_axi|                                                             gmem0|       pointer|
|m_axi_gmem0_AWLOCK    |  out|    2|       m_axi|                                                             gmem0|       pointer|
|m_axi_gmem0_AWCACHE   |  out|    4|       m_axi|                                                             gmem0|       pointer|
|m_axi_gmem0_AWPROT    |  out|    3|       m_axi|                                                             gmem0|       pointer|
|m_axi_gmem0_AWQOS     |  out|    4|       m_axi|                                                             gmem0|       pointer|
|m_axi_gmem0_AWREGION  |  out|    4|       m_axi|                                                             gmem0|       pointer|
|m_axi_gmem0_AWUSER    |  out|    1|       m_axi|                                                             gmem0|       pointer|
|m_axi_gmem0_WVALID    |  out|    1|       m_axi|                                                             gmem0|       pointer|
|m_axi_gmem0_WREADY    |   in|    1|       m_axi|                                                             gmem0|       pointer|
|m_axi_gmem0_WDATA     |  out|    8|       m_axi|                                                             gmem0|       pointer|
|m_axi_gmem0_WSTRB     |  out|    1|       m_axi|                                                             gmem0|       pointer|
|m_axi_gmem0_WLAST     |  out|    1|       m_axi|                                                             gmem0|       pointer|
|m_axi_gmem0_WID       |  out|    1|       m_axi|                                                             gmem0|       pointer|
|m_axi_gmem0_WUSER     |  out|    1|       m_axi|                                                             gmem0|       pointer|
|m_axi_gmem0_ARVALID   |  out|    1|       m_axi|                                                             gmem0|       pointer|
|m_axi_gmem0_ARREADY   |   in|    1|       m_axi|                                                             gmem0|       pointer|
|m_axi_gmem0_ARADDR    |  out|   64|       m_axi|                                                             gmem0|       pointer|
|m_axi_gmem0_ARID      |  out|    1|       m_axi|                                                             gmem0|       pointer|
|m_axi_gmem0_ARLEN     |  out|   32|       m_axi|                                                             gmem0|       pointer|
|m_axi_gmem0_ARSIZE    |  out|    3|       m_axi|                                                             gmem0|       pointer|
|m_axi_gmem0_ARBURST   |  out|    2|       m_axi|                                                             gmem0|       pointer|
|m_axi_gmem0_ARLOCK    |  out|    2|       m_axi|                                                             gmem0|       pointer|
|m_axi_gmem0_ARCACHE   |  out|    4|       m_axi|                                                             gmem0|       pointer|
|m_axi_gmem0_ARPROT    |  out|    3|       m_axi|                                                             gmem0|       pointer|
|m_axi_gmem0_ARQOS     |  out|    4|       m_axi|                                                             gmem0|       pointer|
|m_axi_gmem0_ARREGION  |  out|    4|       m_axi|                                                             gmem0|       pointer|
|m_axi_gmem0_ARUSER    |  out|    1|       m_axi|                                                             gmem0|       pointer|
|m_axi_gmem0_RVALID    |   in|    1|       m_axi|                                                             gmem0|       pointer|
|m_axi_gmem0_RREADY    |  out|    1|       m_axi|                                                             gmem0|       pointer|
|m_axi_gmem0_RDATA     |   in|    8|       m_axi|                                                             gmem0|       pointer|
|m_axi_gmem0_RLAST     |   in|    1|       m_axi|                                                             gmem0|       pointer|
|m_axi_gmem0_RID       |   in|    1|       m_axi|                                                             gmem0|       pointer|
|m_axi_gmem0_RFIFONUM  |   in|   11|       m_axi|                                                             gmem0|       pointer|
|m_axi_gmem0_RUSER     |   in|    1|       m_axi|                                                             gmem0|       pointer|
|m_axi_gmem0_RRESP     |   in|    2|       m_axi|                                                             gmem0|       pointer|
|m_axi_gmem0_BVALID    |   in|    1|       m_axi|                                                             gmem0|       pointer|
|m_axi_gmem0_BREADY    |  out|    1|       m_axi|                                                             gmem0|       pointer|
|m_axi_gmem0_BRESP     |   in|    2|       m_axi|                                                             gmem0|       pointer|
|m_axi_gmem0_BID       |   in|    1|       m_axi|                                                             gmem0|       pointer|
|m_axi_gmem0_BUSER     |   in|    1|       m_axi|                                                             gmem0|       pointer|
|Q_in                  |   in|   64|     ap_none|                                                              Q_in|        scalar|
|Q_tile_address0       |  out|    6|   ap_memory|                                                            Q_tile|         array|
|Q_tile_ce0            |  out|    1|   ap_memory|                                                            Q_tile|         array|
|Q_tile_we0            |  out|    1|   ap_memory|                                                            Q_tile|         array|
|Q_tile_d0             |  out|    8|   ap_memory|                                                            Q_tile|         array|
|Q_tile_1_address0     |  out|    6|   ap_memory|                                                          Q_tile_1|         array|
|Q_tile_1_ce0          |  out|    1|   ap_memory|                                                          Q_tile_1|         array|
|Q_tile_1_we0          |  out|    1|   ap_memory|                                                          Q_tile_1|         array|
|Q_tile_1_d0           |  out|    8|   ap_memory|                                                          Q_tile_1|         array|
|Q_tile_2_address0     |  out|    6|   ap_memory|                                                          Q_tile_2|         array|
|Q_tile_2_ce0          |  out|    1|   ap_memory|                                                          Q_tile_2|         array|
|Q_tile_2_we0          |  out|    1|   ap_memory|                                                          Q_tile_2|         array|
|Q_tile_2_d0           |  out|    8|   ap_memory|                                                          Q_tile_2|         array|
|Q_tile_3_address0     |  out|    6|   ap_memory|                                                          Q_tile_3|         array|
|Q_tile_3_ce0          |  out|    1|   ap_memory|                                                          Q_tile_3|         array|
|Q_tile_3_we0          |  out|    1|   ap_memory|                                                          Q_tile_3|         array|
|Q_tile_3_d0           |  out|    8|   ap_memory|                                                          Q_tile_3|         array|
|Q_tile_4_address0     |  out|    6|   ap_memory|                                                          Q_tile_4|         array|
|Q_tile_4_ce0          |  out|    1|   ap_memory|                                                          Q_tile_4|         array|
|Q_tile_4_we0          |  out|    1|   ap_memory|                                                          Q_tile_4|         array|
|Q_tile_4_d0           |  out|    8|   ap_memory|                                                          Q_tile_4|         array|
|Q_tile_5_address0     |  out|    6|   ap_memory|                                                          Q_tile_5|         array|
|Q_tile_5_ce0          |  out|    1|   ap_memory|                                                          Q_tile_5|         array|
|Q_tile_5_we0          |  out|    1|   ap_memory|                                                          Q_tile_5|         array|
|Q_tile_5_d0           |  out|    8|   ap_memory|                                                          Q_tile_5|         array|
|Q_tile_6_address0     |  out|    6|   ap_memory|                                                          Q_tile_6|         array|
|Q_tile_6_ce0          |  out|    1|   ap_memory|                                                          Q_tile_6|         array|
|Q_tile_6_we0          |  out|    1|   ap_memory|                                                          Q_tile_6|         array|
|Q_tile_6_d0           |  out|    8|   ap_memory|                                                          Q_tile_6|         array|
|Q_tile_7_address0     |  out|    6|   ap_memory|                                                          Q_tile_7|         array|
|Q_tile_7_ce0          |  out|    1|   ap_memory|                                                          Q_tile_7|         array|
|Q_tile_7_we0          |  out|    1|   ap_memory|                                                          Q_tile_7|         array|
|Q_tile_7_d0           |  out|    8|   ap_memory|                                                          Q_tile_7|         array|
|Q_tile_8_address0     |  out|    6|   ap_memory|                                                          Q_tile_8|         array|
|Q_tile_8_ce0          |  out|    1|   ap_memory|                                                          Q_tile_8|         array|
|Q_tile_8_we0          |  out|    1|   ap_memory|                                                          Q_tile_8|         array|
|Q_tile_8_d0           |  out|    8|   ap_memory|                                                          Q_tile_8|         array|
|Q_tile_9_address0     |  out|    6|   ap_memory|                                                          Q_tile_9|         array|
|Q_tile_9_ce0          |  out|    1|   ap_memory|                                                          Q_tile_9|         array|
|Q_tile_9_we0          |  out|    1|   ap_memory|                                                          Q_tile_9|         array|
|Q_tile_9_d0           |  out|    8|   ap_memory|                                                          Q_tile_9|         array|
|Q_tile_10_address0    |  out|    6|   ap_memory|                                                         Q_tile_10|         array|
|Q_tile_10_ce0         |  out|    1|   ap_memory|                                                         Q_tile_10|         array|
|Q_tile_10_we0         |  out|    1|   ap_memory|                                                         Q_tile_10|         array|
|Q_tile_10_d0          |  out|    8|   ap_memory|                                                         Q_tile_10|         array|
|Q_tile_11_address0    |  out|    6|   ap_memory|                                                         Q_tile_11|         array|
|Q_tile_11_ce0         |  out|    1|   ap_memory|                                                         Q_tile_11|         array|
|Q_tile_11_we0         |  out|    1|   ap_memory|                                                         Q_tile_11|         array|
|Q_tile_11_d0          |  out|    8|   ap_memory|                                                         Q_tile_11|         array|
|Q_tile_12_address0    |  out|    6|   ap_memory|                                                         Q_tile_12|         array|
|Q_tile_12_ce0         |  out|    1|   ap_memory|                                                         Q_tile_12|         array|
|Q_tile_12_we0         |  out|    1|   ap_memory|                                                         Q_tile_12|         array|
|Q_tile_12_d0          |  out|    8|   ap_memory|                                                         Q_tile_12|         array|
|Q_tile_13_address0    |  out|    6|   ap_memory|                                                         Q_tile_13|         array|
|Q_tile_13_ce0         |  out|    1|   ap_memory|                                                         Q_tile_13|         array|
|Q_tile_13_we0         |  out|    1|   ap_memory|                                                         Q_tile_13|         array|
|Q_tile_13_d0          |  out|    8|   ap_memory|                                                         Q_tile_13|         array|
|Q_tile_14_address0    |  out|    6|   ap_memory|                                                         Q_tile_14|         array|
|Q_tile_14_ce0         |  out|    1|   ap_memory|                                                         Q_tile_14|         array|
|Q_tile_14_we0         |  out|    1|   ap_memory|                                                         Q_tile_14|         array|
|Q_tile_14_d0          |  out|    8|   ap_memory|                                                         Q_tile_14|         array|
|Q_tile_15_address0    |  out|    6|   ap_memory|                                                         Q_tile_15|         array|
|Q_tile_15_ce0         |  out|    1|   ap_memory|                                                         Q_tile_15|         array|
|Q_tile_15_we0         |  out|    1|   ap_memory|                                                         Q_tile_15|         array|
|Q_tile_15_d0          |  out|    8|   ap_memory|                                                         Q_tile_15|         array|
|Q_tile_16_address0    |  out|    6|   ap_memory|                                                         Q_tile_16|         array|
|Q_tile_16_ce0         |  out|    1|   ap_memory|                                                         Q_tile_16|         array|
|Q_tile_16_we0         |  out|    1|   ap_memory|                                                         Q_tile_16|         array|
|Q_tile_16_d0          |  out|    8|   ap_memory|                                                         Q_tile_16|         array|
|Q_tile_17_address0    |  out|    6|   ap_memory|                                                         Q_tile_17|         array|
|Q_tile_17_ce0         |  out|    1|   ap_memory|                                                         Q_tile_17|         array|
|Q_tile_17_we0         |  out|    1|   ap_memory|                                                         Q_tile_17|         array|
|Q_tile_17_d0          |  out|    8|   ap_memory|                                                         Q_tile_17|         array|
|Q_tile_18_address0    |  out|    6|   ap_memory|                                                         Q_tile_18|         array|
|Q_tile_18_ce0         |  out|    1|   ap_memory|                                                         Q_tile_18|         array|
|Q_tile_18_we0         |  out|    1|   ap_memory|                                                         Q_tile_18|         array|
|Q_tile_18_d0          |  out|    8|   ap_memory|                                                         Q_tile_18|         array|
|Q_tile_19_address0    |  out|    6|   ap_memory|                                                         Q_tile_19|         array|
|Q_tile_19_ce0         |  out|    1|   ap_memory|                                                         Q_tile_19|         array|
|Q_tile_19_we0         |  out|    1|   ap_memory|                                                         Q_tile_19|         array|
|Q_tile_19_d0          |  out|    8|   ap_memory|                                                         Q_tile_19|         array|
|Q_tile_20_address0    |  out|    6|   ap_memory|                                                         Q_tile_20|         array|
|Q_tile_20_ce0         |  out|    1|   ap_memory|                                                         Q_tile_20|         array|
|Q_tile_20_we0         |  out|    1|   ap_memory|                                                         Q_tile_20|         array|
|Q_tile_20_d0          |  out|    8|   ap_memory|                                                         Q_tile_20|         array|
|Q_tile_21_address0    |  out|    6|   ap_memory|                                                         Q_tile_21|         array|
|Q_tile_21_ce0         |  out|    1|   ap_memory|                                                         Q_tile_21|         array|
|Q_tile_21_we0         |  out|    1|   ap_memory|                                                         Q_tile_21|         array|
|Q_tile_21_d0          |  out|    8|   ap_memory|                                                         Q_tile_21|         array|
|Q_tile_22_address0    |  out|    6|   ap_memory|                                                         Q_tile_22|         array|
|Q_tile_22_ce0         |  out|    1|   ap_memory|                                                         Q_tile_22|         array|
|Q_tile_22_we0         |  out|    1|   ap_memory|                                                         Q_tile_22|         array|
|Q_tile_22_d0          |  out|    8|   ap_memory|                                                         Q_tile_22|         array|
|Q_tile_23_address0    |  out|    6|   ap_memory|                                                         Q_tile_23|         array|
|Q_tile_23_ce0         |  out|    1|   ap_memory|                                                         Q_tile_23|         array|
|Q_tile_23_we0         |  out|    1|   ap_memory|                                                         Q_tile_23|         array|
|Q_tile_23_d0          |  out|    8|   ap_memory|                                                         Q_tile_23|         array|
|Q_tile_24_address0    |  out|    6|   ap_memory|                                                         Q_tile_24|         array|
|Q_tile_24_ce0         |  out|    1|   ap_memory|                                                         Q_tile_24|         array|
|Q_tile_24_we0         |  out|    1|   ap_memory|                                                         Q_tile_24|         array|
|Q_tile_24_d0          |  out|    8|   ap_memory|                                                         Q_tile_24|         array|
|Q_tile_25_address0    |  out|    6|   ap_memory|                                                         Q_tile_25|         array|
|Q_tile_25_ce0         |  out|    1|   ap_memory|                                                         Q_tile_25|         array|
|Q_tile_25_we0         |  out|    1|   ap_memory|                                                         Q_tile_25|         array|
|Q_tile_25_d0          |  out|    8|   ap_memory|                                                         Q_tile_25|         array|
|Q_tile_26_address0    |  out|    6|   ap_memory|                                                         Q_tile_26|         array|
|Q_tile_26_ce0         |  out|    1|   ap_memory|                                                         Q_tile_26|         array|
|Q_tile_26_we0         |  out|    1|   ap_memory|                                                         Q_tile_26|         array|
|Q_tile_26_d0          |  out|    8|   ap_memory|                                                         Q_tile_26|         array|
|Q_tile_27_address0    |  out|    6|   ap_memory|                                                         Q_tile_27|         array|
|Q_tile_27_ce0         |  out|    1|   ap_memory|                                                         Q_tile_27|         array|
|Q_tile_27_we0         |  out|    1|   ap_memory|                                                         Q_tile_27|         array|
|Q_tile_27_d0          |  out|    8|   ap_memory|                                                         Q_tile_27|         array|
|Q_tile_28_address0    |  out|    6|   ap_memory|                                                         Q_tile_28|         array|
|Q_tile_28_ce0         |  out|    1|   ap_memory|                                                         Q_tile_28|         array|
|Q_tile_28_we0         |  out|    1|   ap_memory|                                                         Q_tile_28|         array|
|Q_tile_28_d0          |  out|    8|   ap_memory|                                                         Q_tile_28|         array|
|Q_tile_29_address0    |  out|    6|   ap_memory|                                                         Q_tile_29|         array|
|Q_tile_29_ce0         |  out|    1|   ap_memory|                                                         Q_tile_29|         array|
|Q_tile_29_we0         |  out|    1|   ap_memory|                                                         Q_tile_29|         array|
|Q_tile_29_d0          |  out|    8|   ap_memory|                                                         Q_tile_29|         array|
|Q_tile_30_address0    |  out|    6|   ap_memory|                                                         Q_tile_30|         array|
|Q_tile_30_ce0         |  out|    1|   ap_memory|                                                         Q_tile_30|         array|
|Q_tile_30_we0         |  out|    1|   ap_memory|                                                         Q_tile_30|         array|
|Q_tile_30_d0          |  out|    8|   ap_memory|                                                         Q_tile_30|         array|
|Q_tile_31_address0    |  out|    6|   ap_memory|                                                         Q_tile_31|         array|
|Q_tile_31_ce0         |  out|    1|   ap_memory|                                                         Q_tile_31|         array|
|Q_tile_31_we0         |  out|    1|   ap_memory|                                                         Q_tile_31|         array|
|Q_tile_31_d0          |  out|    8|   ap_memory|                                                         Q_tile_31|         array|
|Q_tile_32_address0    |  out|    6|   ap_memory|                                                         Q_tile_32|         array|
|Q_tile_32_ce0         |  out|    1|   ap_memory|                                                         Q_tile_32|         array|
|Q_tile_32_we0         |  out|    1|   ap_memory|                                                         Q_tile_32|         array|
|Q_tile_32_d0          |  out|    8|   ap_memory|                                                         Q_tile_32|         array|
|Q_tile_33_address0    |  out|    6|   ap_memory|                                                         Q_tile_33|         array|
|Q_tile_33_ce0         |  out|    1|   ap_memory|                                                         Q_tile_33|         array|
|Q_tile_33_we0         |  out|    1|   ap_memory|                                                         Q_tile_33|         array|
|Q_tile_33_d0          |  out|    8|   ap_memory|                                                         Q_tile_33|         array|
|Q_tile_34_address0    |  out|    6|   ap_memory|                                                         Q_tile_34|         array|
|Q_tile_34_ce0         |  out|    1|   ap_memory|                                                         Q_tile_34|         array|
|Q_tile_34_we0         |  out|    1|   ap_memory|                                                         Q_tile_34|         array|
|Q_tile_34_d0          |  out|    8|   ap_memory|                                                         Q_tile_34|         array|
|Q_tile_35_address0    |  out|    6|   ap_memory|                                                         Q_tile_35|         array|
|Q_tile_35_ce0         |  out|    1|   ap_memory|                                                         Q_tile_35|         array|
|Q_tile_35_we0         |  out|    1|   ap_memory|                                                         Q_tile_35|         array|
|Q_tile_35_d0          |  out|    8|   ap_memory|                                                         Q_tile_35|         array|
|Q_tile_36_address0    |  out|    6|   ap_memory|                                                         Q_tile_36|         array|
|Q_tile_36_ce0         |  out|    1|   ap_memory|                                                         Q_tile_36|         array|
|Q_tile_36_we0         |  out|    1|   ap_memory|                                                         Q_tile_36|         array|
|Q_tile_36_d0          |  out|    8|   ap_memory|                                                         Q_tile_36|         array|
|Q_tile_37_address0    |  out|    6|   ap_memory|                                                         Q_tile_37|         array|
|Q_tile_37_ce0         |  out|    1|   ap_memory|                                                         Q_tile_37|         array|
|Q_tile_37_we0         |  out|    1|   ap_memory|                                                         Q_tile_37|         array|
|Q_tile_37_d0          |  out|    8|   ap_memory|                                                         Q_tile_37|         array|
|Q_tile_38_address0    |  out|    6|   ap_memory|                                                         Q_tile_38|         array|
|Q_tile_38_ce0         |  out|    1|   ap_memory|                                                         Q_tile_38|         array|
|Q_tile_38_we0         |  out|    1|   ap_memory|                                                         Q_tile_38|         array|
|Q_tile_38_d0          |  out|    8|   ap_memory|                                                         Q_tile_38|         array|
|Q_tile_39_address0    |  out|    6|   ap_memory|                                                         Q_tile_39|         array|
|Q_tile_39_ce0         |  out|    1|   ap_memory|                                                         Q_tile_39|         array|
|Q_tile_39_we0         |  out|    1|   ap_memory|                                                         Q_tile_39|         array|
|Q_tile_39_d0          |  out|    8|   ap_memory|                                                         Q_tile_39|         array|
|Q_tile_40_address0    |  out|    6|   ap_memory|                                                         Q_tile_40|         array|
|Q_tile_40_ce0         |  out|    1|   ap_memory|                                                         Q_tile_40|         array|
|Q_tile_40_we0         |  out|    1|   ap_memory|                                                         Q_tile_40|         array|
|Q_tile_40_d0          |  out|    8|   ap_memory|                                                         Q_tile_40|         array|
|Q_tile_41_address0    |  out|    6|   ap_memory|                                                         Q_tile_41|         array|
|Q_tile_41_ce0         |  out|    1|   ap_memory|                                                         Q_tile_41|         array|
|Q_tile_41_we0         |  out|    1|   ap_memory|                                                         Q_tile_41|         array|
|Q_tile_41_d0          |  out|    8|   ap_memory|                                                         Q_tile_41|         array|
|Q_tile_42_address0    |  out|    6|   ap_memory|                                                         Q_tile_42|         array|
|Q_tile_42_ce0         |  out|    1|   ap_memory|                                                         Q_tile_42|         array|
|Q_tile_42_we0         |  out|    1|   ap_memory|                                                         Q_tile_42|         array|
|Q_tile_42_d0          |  out|    8|   ap_memory|                                                         Q_tile_42|         array|
|Q_tile_43_address0    |  out|    6|   ap_memory|                                                         Q_tile_43|         array|
|Q_tile_43_ce0         |  out|    1|   ap_memory|                                                         Q_tile_43|         array|
|Q_tile_43_we0         |  out|    1|   ap_memory|                                                         Q_tile_43|         array|
|Q_tile_43_d0          |  out|    8|   ap_memory|                                                         Q_tile_43|         array|
|Q_tile_44_address0    |  out|    6|   ap_memory|                                                         Q_tile_44|         array|
|Q_tile_44_ce0         |  out|    1|   ap_memory|                                                         Q_tile_44|         array|
|Q_tile_44_we0         |  out|    1|   ap_memory|                                                         Q_tile_44|         array|
|Q_tile_44_d0          |  out|    8|   ap_memory|                                                         Q_tile_44|         array|
|Q_tile_45_address0    |  out|    6|   ap_memory|                                                         Q_tile_45|         array|
|Q_tile_45_ce0         |  out|    1|   ap_memory|                                                         Q_tile_45|         array|
|Q_tile_45_we0         |  out|    1|   ap_memory|                                                         Q_tile_45|         array|
|Q_tile_45_d0          |  out|    8|   ap_memory|                                                         Q_tile_45|         array|
|Q_tile_46_address0    |  out|    6|   ap_memory|                                                         Q_tile_46|         array|
|Q_tile_46_ce0         |  out|    1|   ap_memory|                                                         Q_tile_46|         array|
|Q_tile_46_we0         |  out|    1|   ap_memory|                                                         Q_tile_46|         array|
|Q_tile_46_d0          |  out|    8|   ap_memory|                                                         Q_tile_46|         array|
|Q_tile_47_address0    |  out|    6|   ap_memory|                                                         Q_tile_47|         array|
|Q_tile_47_ce0         |  out|    1|   ap_memory|                                                         Q_tile_47|         array|
|Q_tile_47_we0         |  out|    1|   ap_memory|                                                         Q_tile_47|         array|
|Q_tile_47_d0          |  out|    8|   ap_memory|                                                         Q_tile_47|         array|
|Q_tile_48_address0    |  out|    6|   ap_memory|                                                         Q_tile_48|         array|
|Q_tile_48_ce0         |  out|    1|   ap_memory|                                                         Q_tile_48|         array|
|Q_tile_48_we0         |  out|    1|   ap_memory|                                                         Q_tile_48|         array|
|Q_tile_48_d0          |  out|    8|   ap_memory|                                                         Q_tile_48|         array|
|Q_tile_49_address0    |  out|    6|   ap_memory|                                                         Q_tile_49|         array|
|Q_tile_49_ce0         |  out|    1|   ap_memory|                                                         Q_tile_49|         array|
|Q_tile_49_we0         |  out|    1|   ap_memory|                                                         Q_tile_49|         array|
|Q_tile_49_d0          |  out|    8|   ap_memory|                                                         Q_tile_49|         array|
|Q_tile_50_address0    |  out|    6|   ap_memory|                                                         Q_tile_50|         array|
|Q_tile_50_ce0         |  out|    1|   ap_memory|                                                         Q_tile_50|         array|
|Q_tile_50_we0         |  out|    1|   ap_memory|                                                         Q_tile_50|         array|
|Q_tile_50_d0          |  out|    8|   ap_memory|                                                         Q_tile_50|         array|
|Q_tile_51_address0    |  out|    6|   ap_memory|                                                         Q_tile_51|         array|
|Q_tile_51_ce0         |  out|    1|   ap_memory|                                                         Q_tile_51|         array|
|Q_tile_51_we0         |  out|    1|   ap_memory|                                                         Q_tile_51|         array|
|Q_tile_51_d0          |  out|    8|   ap_memory|                                                         Q_tile_51|         array|
|Q_tile_52_address0    |  out|    6|   ap_memory|                                                         Q_tile_52|         array|
|Q_tile_52_ce0         |  out|    1|   ap_memory|                                                         Q_tile_52|         array|
|Q_tile_52_we0         |  out|    1|   ap_memory|                                                         Q_tile_52|         array|
|Q_tile_52_d0          |  out|    8|   ap_memory|                                                         Q_tile_52|         array|
|Q_tile_53_address0    |  out|    6|   ap_memory|                                                         Q_tile_53|         array|
|Q_tile_53_ce0         |  out|    1|   ap_memory|                                                         Q_tile_53|         array|
|Q_tile_53_we0         |  out|    1|   ap_memory|                                                         Q_tile_53|         array|
|Q_tile_53_d0          |  out|    8|   ap_memory|                                                         Q_tile_53|         array|
|Q_tile_54_address0    |  out|    6|   ap_memory|                                                         Q_tile_54|         array|
|Q_tile_54_ce0         |  out|    1|   ap_memory|                                                         Q_tile_54|         array|
|Q_tile_54_we0         |  out|    1|   ap_memory|                                                         Q_tile_54|         array|
|Q_tile_54_d0          |  out|    8|   ap_memory|                                                         Q_tile_54|         array|
|Q_tile_55_address0    |  out|    6|   ap_memory|                                                         Q_tile_55|         array|
|Q_tile_55_ce0         |  out|    1|   ap_memory|                                                         Q_tile_55|         array|
|Q_tile_55_we0         |  out|    1|   ap_memory|                                                         Q_tile_55|         array|
|Q_tile_55_d0          |  out|    8|   ap_memory|                                                         Q_tile_55|         array|
|Q_tile_56_address0    |  out|    6|   ap_memory|                                                         Q_tile_56|         array|
|Q_tile_56_ce0         |  out|    1|   ap_memory|                                                         Q_tile_56|         array|
|Q_tile_56_we0         |  out|    1|   ap_memory|                                                         Q_tile_56|         array|
|Q_tile_56_d0          |  out|    8|   ap_memory|                                                         Q_tile_56|         array|
|Q_tile_57_address0    |  out|    6|   ap_memory|                                                         Q_tile_57|         array|
|Q_tile_57_ce0         |  out|    1|   ap_memory|                                                         Q_tile_57|         array|
|Q_tile_57_we0         |  out|    1|   ap_memory|                                                         Q_tile_57|         array|
|Q_tile_57_d0          |  out|    8|   ap_memory|                                                         Q_tile_57|         array|
|Q_tile_58_address0    |  out|    6|   ap_memory|                                                         Q_tile_58|         array|
|Q_tile_58_ce0         |  out|    1|   ap_memory|                                                         Q_tile_58|         array|
|Q_tile_58_we0         |  out|    1|   ap_memory|                                                         Q_tile_58|         array|
|Q_tile_58_d0          |  out|    8|   ap_memory|                                                         Q_tile_58|         array|
|Q_tile_59_address0    |  out|    6|   ap_memory|                                                         Q_tile_59|         array|
|Q_tile_59_ce0         |  out|    1|   ap_memory|                                                         Q_tile_59|         array|
|Q_tile_59_we0         |  out|    1|   ap_memory|                                                         Q_tile_59|         array|
|Q_tile_59_d0          |  out|    8|   ap_memory|                                                         Q_tile_59|         array|
|Q_tile_60_address0    |  out|    6|   ap_memory|                                                         Q_tile_60|         array|
|Q_tile_60_ce0         |  out|    1|   ap_memory|                                                         Q_tile_60|         array|
|Q_tile_60_we0         |  out|    1|   ap_memory|                                                         Q_tile_60|         array|
|Q_tile_60_d0          |  out|    8|   ap_memory|                                                         Q_tile_60|         array|
|Q_tile_61_address0    |  out|    6|   ap_memory|                                                         Q_tile_61|         array|
|Q_tile_61_ce0         |  out|    1|   ap_memory|                                                         Q_tile_61|         array|
|Q_tile_61_we0         |  out|    1|   ap_memory|                                                         Q_tile_61|         array|
|Q_tile_61_d0          |  out|    8|   ap_memory|                                                         Q_tile_61|         array|
|Q_tile_62_address0    |  out|    6|   ap_memory|                                                         Q_tile_62|         array|
|Q_tile_62_ce0         |  out|    1|   ap_memory|                                                         Q_tile_62|         array|
|Q_tile_62_we0         |  out|    1|   ap_memory|                                                         Q_tile_62|         array|
|Q_tile_62_d0          |  out|    8|   ap_memory|                                                         Q_tile_62|         array|
|Q_tile_63_address0    |  out|    6|   ap_memory|                                                         Q_tile_63|         array|
|Q_tile_63_ce0         |  out|    1|   ap_memory|                                                         Q_tile_63|         array|
|Q_tile_63_we0         |  out|    1|   ap_memory|                                                         Q_tile_63|         array|
|Q_tile_63_d0          |  out|    8|   ap_memory|                                                         Q_tile_63|         array|
|Q_tile_64_address0    |  out|    6|   ap_memory|                                                         Q_tile_64|         array|
|Q_tile_64_ce0         |  out|    1|   ap_memory|                                                         Q_tile_64|         array|
|Q_tile_64_we0         |  out|    1|   ap_memory|                                                         Q_tile_64|         array|
|Q_tile_64_d0          |  out|    8|   ap_memory|                                                         Q_tile_64|         array|
|Q_tile_65_address0    |  out|    6|   ap_memory|                                                         Q_tile_65|         array|
|Q_tile_65_ce0         |  out|    1|   ap_memory|                                                         Q_tile_65|         array|
|Q_tile_65_we0         |  out|    1|   ap_memory|                                                         Q_tile_65|         array|
|Q_tile_65_d0          |  out|    8|   ap_memory|                                                         Q_tile_65|         array|
|Q_tile_66_address0    |  out|    6|   ap_memory|                                                         Q_tile_66|         array|
|Q_tile_66_ce0         |  out|    1|   ap_memory|                                                         Q_tile_66|         array|
|Q_tile_66_we0         |  out|    1|   ap_memory|                                                         Q_tile_66|         array|
|Q_tile_66_d0          |  out|    8|   ap_memory|                                                         Q_tile_66|         array|
|Q_tile_67_address0    |  out|    6|   ap_memory|                                                         Q_tile_67|         array|
|Q_tile_67_ce0         |  out|    1|   ap_memory|                                                         Q_tile_67|         array|
|Q_tile_67_we0         |  out|    1|   ap_memory|                                                         Q_tile_67|         array|
|Q_tile_67_d0          |  out|    8|   ap_memory|                                                         Q_tile_67|         array|
|Q_tile_68_address0    |  out|    6|   ap_memory|                                                         Q_tile_68|         array|
|Q_tile_68_ce0         |  out|    1|   ap_memory|                                                         Q_tile_68|         array|
|Q_tile_68_we0         |  out|    1|   ap_memory|                                                         Q_tile_68|         array|
|Q_tile_68_d0          |  out|    8|   ap_memory|                                                         Q_tile_68|         array|
|Q_tile_69_address0    |  out|    6|   ap_memory|                                                         Q_tile_69|         array|
|Q_tile_69_ce0         |  out|    1|   ap_memory|                                                         Q_tile_69|         array|
|Q_tile_69_we0         |  out|    1|   ap_memory|                                                         Q_tile_69|         array|
|Q_tile_69_d0          |  out|    8|   ap_memory|                                                         Q_tile_69|         array|
|Q_tile_70_address0    |  out|    6|   ap_memory|                                                         Q_tile_70|         array|
|Q_tile_70_ce0         |  out|    1|   ap_memory|                                                         Q_tile_70|         array|
|Q_tile_70_we0         |  out|    1|   ap_memory|                                                         Q_tile_70|         array|
|Q_tile_70_d0          |  out|    8|   ap_memory|                                                         Q_tile_70|         array|
|Q_tile_71_address0    |  out|    6|   ap_memory|                                                         Q_tile_71|         array|
|Q_tile_71_ce0         |  out|    1|   ap_memory|                                                         Q_tile_71|         array|
|Q_tile_71_we0         |  out|    1|   ap_memory|                                                         Q_tile_71|         array|
|Q_tile_71_d0          |  out|    8|   ap_memory|                                                         Q_tile_71|         array|
|Q_tile_72_address0    |  out|    6|   ap_memory|                                                         Q_tile_72|         array|
|Q_tile_72_ce0         |  out|    1|   ap_memory|                                                         Q_tile_72|         array|
|Q_tile_72_we0         |  out|    1|   ap_memory|                                                         Q_tile_72|         array|
|Q_tile_72_d0          |  out|    8|   ap_memory|                                                         Q_tile_72|         array|
|Q_tile_73_address0    |  out|    6|   ap_memory|                                                         Q_tile_73|         array|
|Q_tile_73_ce0         |  out|    1|   ap_memory|                                                         Q_tile_73|         array|
|Q_tile_73_we0         |  out|    1|   ap_memory|                                                         Q_tile_73|         array|
|Q_tile_73_d0          |  out|    8|   ap_memory|                                                         Q_tile_73|         array|
|Q_tile_74_address0    |  out|    6|   ap_memory|                                                         Q_tile_74|         array|
|Q_tile_74_ce0         |  out|    1|   ap_memory|                                                         Q_tile_74|         array|
|Q_tile_74_we0         |  out|    1|   ap_memory|                                                         Q_tile_74|         array|
|Q_tile_74_d0          |  out|    8|   ap_memory|                                                         Q_tile_74|         array|
|Q_tile_75_address0    |  out|    6|   ap_memory|                                                         Q_tile_75|         array|
|Q_tile_75_ce0         |  out|    1|   ap_memory|                                                         Q_tile_75|         array|
|Q_tile_75_we0         |  out|    1|   ap_memory|                                                         Q_tile_75|         array|
|Q_tile_75_d0          |  out|    8|   ap_memory|                                                         Q_tile_75|         array|
|Q_tile_76_address0    |  out|    6|   ap_memory|                                                         Q_tile_76|         array|
|Q_tile_76_ce0         |  out|    1|   ap_memory|                                                         Q_tile_76|         array|
|Q_tile_76_we0         |  out|    1|   ap_memory|                                                         Q_tile_76|         array|
|Q_tile_76_d0          |  out|    8|   ap_memory|                                                         Q_tile_76|         array|
|Q_tile_77_address0    |  out|    6|   ap_memory|                                                         Q_tile_77|         array|
|Q_tile_77_ce0         |  out|    1|   ap_memory|                                                         Q_tile_77|         array|
|Q_tile_77_we0         |  out|    1|   ap_memory|                                                         Q_tile_77|         array|
|Q_tile_77_d0          |  out|    8|   ap_memory|                                                         Q_tile_77|         array|
|Q_tile_78_address0    |  out|    6|   ap_memory|                                                         Q_tile_78|         array|
|Q_tile_78_ce0         |  out|    1|   ap_memory|                                                         Q_tile_78|         array|
|Q_tile_78_we0         |  out|    1|   ap_memory|                                                         Q_tile_78|         array|
|Q_tile_78_d0          |  out|    8|   ap_memory|                                                         Q_tile_78|         array|
|Q_tile_79_address0    |  out|    6|   ap_memory|                                                         Q_tile_79|         array|
|Q_tile_79_ce0         |  out|    1|   ap_memory|                                                         Q_tile_79|         array|
|Q_tile_79_we0         |  out|    1|   ap_memory|                                                         Q_tile_79|         array|
|Q_tile_79_d0          |  out|    8|   ap_memory|                                                         Q_tile_79|         array|
|Q_tile_80_address0    |  out|    6|   ap_memory|                                                         Q_tile_80|         array|
|Q_tile_80_ce0         |  out|    1|   ap_memory|                                                         Q_tile_80|         array|
|Q_tile_80_we0         |  out|    1|   ap_memory|                                                         Q_tile_80|         array|
|Q_tile_80_d0          |  out|    8|   ap_memory|                                                         Q_tile_80|         array|
|Q_tile_81_address0    |  out|    6|   ap_memory|                                                         Q_tile_81|         array|
|Q_tile_81_ce0         |  out|    1|   ap_memory|                                                         Q_tile_81|         array|
|Q_tile_81_we0         |  out|    1|   ap_memory|                                                         Q_tile_81|         array|
|Q_tile_81_d0          |  out|    8|   ap_memory|                                                         Q_tile_81|         array|
|Q_tile_82_address0    |  out|    6|   ap_memory|                                                         Q_tile_82|         array|
|Q_tile_82_ce0         |  out|    1|   ap_memory|                                                         Q_tile_82|         array|
|Q_tile_82_we0         |  out|    1|   ap_memory|                                                         Q_tile_82|         array|
|Q_tile_82_d0          |  out|    8|   ap_memory|                                                         Q_tile_82|         array|
|Q_tile_83_address0    |  out|    6|   ap_memory|                                                         Q_tile_83|         array|
|Q_tile_83_ce0         |  out|    1|   ap_memory|                                                         Q_tile_83|         array|
|Q_tile_83_we0         |  out|    1|   ap_memory|                                                         Q_tile_83|         array|
|Q_tile_83_d0          |  out|    8|   ap_memory|                                                         Q_tile_83|         array|
|Q_tile_84_address0    |  out|    6|   ap_memory|                                                         Q_tile_84|         array|
|Q_tile_84_ce0         |  out|    1|   ap_memory|                                                         Q_tile_84|         array|
|Q_tile_84_we0         |  out|    1|   ap_memory|                                                         Q_tile_84|         array|
|Q_tile_84_d0          |  out|    8|   ap_memory|                                                         Q_tile_84|         array|
|Q_tile_85_address0    |  out|    6|   ap_memory|                                                         Q_tile_85|         array|
|Q_tile_85_ce0         |  out|    1|   ap_memory|                                                         Q_tile_85|         array|
|Q_tile_85_we0         |  out|    1|   ap_memory|                                                         Q_tile_85|         array|
|Q_tile_85_d0          |  out|    8|   ap_memory|                                                         Q_tile_85|         array|
|Q_tile_86_address0    |  out|    6|   ap_memory|                                                         Q_tile_86|         array|
|Q_tile_86_ce0         |  out|    1|   ap_memory|                                                         Q_tile_86|         array|
|Q_tile_86_we0         |  out|    1|   ap_memory|                                                         Q_tile_86|         array|
|Q_tile_86_d0          |  out|    8|   ap_memory|                                                         Q_tile_86|         array|
|Q_tile_87_address0    |  out|    6|   ap_memory|                                                         Q_tile_87|         array|
|Q_tile_87_ce0         |  out|    1|   ap_memory|                                                         Q_tile_87|         array|
|Q_tile_87_we0         |  out|    1|   ap_memory|                                                         Q_tile_87|         array|
|Q_tile_87_d0          |  out|    8|   ap_memory|                                                         Q_tile_87|         array|
|Q_tile_88_address0    |  out|    6|   ap_memory|                                                         Q_tile_88|         array|
|Q_tile_88_ce0         |  out|    1|   ap_memory|                                                         Q_tile_88|         array|
|Q_tile_88_we0         |  out|    1|   ap_memory|                                                         Q_tile_88|         array|
|Q_tile_88_d0          |  out|    8|   ap_memory|                                                         Q_tile_88|         array|
|Q_tile_89_address0    |  out|    6|   ap_memory|                                                         Q_tile_89|         array|
|Q_tile_89_ce0         |  out|    1|   ap_memory|                                                         Q_tile_89|         array|
|Q_tile_89_we0         |  out|    1|   ap_memory|                                                         Q_tile_89|         array|
|Q_tile_89_d0          |  out|    8|   ap_memory|                                                         Q_tile_89|         array|
|Q_tile_90_address0    |  out|    6|   ap_memory|                                                         Q_tile_90|         array|
|Q_tile_90_ce0         |  out|    1|   ap_memory|                                                         Q_tile_90|         array|
|Q_tile_90_we0         |  out|    1|   ap_memory|                                                         Q_tile_90|         array|
|Q_tile_90_d0          |  out|    8|   ap_memory|                                                         Q_tile_90|         array|
|Q_tile_91_address0    |  out|    6|   ap_memory|                                                         Q_tile_91|         array|
|Q_tile_91_ce0         |  out|    1|   ap_memory|                                                         Q_tile_91|         array|
|Q_tile_91_we0         |  out|    1|   ap_memory|                                                         Q_tile_91|         array|
|Q_tile_91_d0          |  out|    8|   ap_memory|                                                         Q_tile_91|         array|
|Q_tile_92_address0    |  out|    6|   ap_memory|                                                         Q_tile_92|         array|
|Q_tile_92_ce0         |  out|    1|   ap_memory|                                                         Q_tile_92|         array|
|Q_tile_92_we0         |  out|    1|   ap_memory|                                                         Q_tile_92|         array|
|Q_tile_92_d0          |  out|    8|   ap_memory|                                                         Q_tile_92|         array|
|Q_tile_93_address0    |  out|    6|   ap_memory|                                                         Q_tile_93|         array|
|Q_tile_93_ce0         |  out|    1|   ap_memory|                                                         Q_tile_93|         array|
|Q_tile_93_we0         |  out|    1|   ap_memory|                                                         Q_tile_93|         array|
|Q_tile_93_d0          |  out|    8|   ap_memory|                                                         Q_tile_93|         array|
|Q_tile_94_address0    |  out|    6|   ap_memory|                                                         Q_tile_94|         array|
|Q_tile_94_ce0         |  out|    1|   ap_memory|                                                         Q_tile_94|         array|
|Q_tile_94_we0         |  out|    1|   ap_memory|                                                         Q_tile_94|         array|
|Q_tile_94_d0          |  out|    8|   ap_memory|                                                         Q_tile_94|         array|
|Q_tile_95_address0    |  out|    6|   ap_memory|                                                         Q_tile_95|         array|
|Q_tile_95_ce0         |  out|    1|   ap_memory|                                                         Q_tile_95|         array|
|Q_tile_95_we0         |  out|    1|   ap_memory|                                                         Q_tile_95|         array|
|Q_tile_95_d0          |  out|    8|   ap_memory|                                                         Q_tile_95|         array|
|Q_tile_96_address0    |  out|    6|   ap_memory|                                                         Q_tile_96|         array|
|Q_tile_96_ce0         |  out|    1|   ap_memory|                                                         Q_tile_96|         array|
|Q_tile_96_we0         |  out|    1|   ap_memory|                                                         Q_tile_96|         array|
|Q_tile_96_d0          |  out|    8|   ap_memory|                                                         Q_tile_96|         array|
|Q_tile_97_address0    |  out|    6|   ap_memory|                                                         Q_tile_97|         array|
|Q_tile_97_ce0         |  out|    1|   ap_memory|                                                         Q_tile_97|         array|
|Q_tile_97_we0         |  out|    1|   ap_memory|                                                         Q_tile_97|         array|
|Q_tile_97_d0          |  out|    8|   ap_memory|                                                         Q_tile_97|         array|
|Q_tile_98_address0    |  out|    6|   ap_memory|                                                         Q_tile_98|         array|
|Q_tile_98_ce0         |  out|    1|   ap_memory|                                                         Q_tile_98|         array|
|Q_tile_98_we0         |  out|    1|   ap_memory|                                                         Q_tile_98|         array|
|Q_tile_98_d0          |  out|    8|   ap_memory|                                                         Q_tile_98|         array|
|Q_tile_99_address0    |  out|    6|   ap_memory|                                                         Q_tile_99|         array|
|Q_tile_99_ce0         |  out|    1|   ap_memory|                                                         Q_tile_99|         array|
|Q_tile_99_we0         |  out|    1|   ap_memory|                                                         Q_tile_99|         array|
|Q_tile_99_d0          |  out|    8|   ap_memory|                                                         Q_tile_99|         array|
|Q_tile_100_address0   |  out|    6|   ap_memory|                                                        Q_tile_100|         array|
|Q_tile_100_ce0        |  out|    1|   ap_memory|                                                        Q_tile_100|         array|
|Q_tile_100_we0        |  out|    1|   ap_memory|                                                        Q_tile_100|         array|
|Q_tile_100_d0         |  out|    8|   ap_memory|                                                        Q_tile_100|         array|
|Q_tile_101_address0   |  out|    6|   ap_memory|                                                        Q_tile_101|         array|
|Q_tile_101_ce0        |  out|    1|   ap_memory|                                                        Q_tile_101|         array|
|Q_tile_101_we0        |  out|    1|   ap_memory|                                                        Q_tile_101|         array|
|Q_tile_101_d0         |  out|    8|   ap_memory|                                                        Q_tile_101|         array|
|Q_tile_102_address0   |  out|    6|   ap_memory|                                                        Q_tile_102|         array|
|Q_tile_102_ce0        |  out|    1|   ap_memory|                                                        Q_tile_102|         array|
|Q_tile_102_we0        |  out|    1|   ap_memory|                                                        Q_tile_102|         array|
|Q_tile_102_d0         |  out|    8|   ap_memory|                                                        Q_tile_102|         array|
|Q_tile_103_address0   |  out|    6|   ap_memory|                                                        Q_tile_103|         array|
|Q_tile_103_ce0        |  out|    1|   ap_memory|                                                        Q_tile_103|         array|
|Q_tile_103_we0        |  out|    1|   ap_memory|                                                        Q_tile_103|         array|
|Q_tile_103_d0         |  out|    8|   ap_memory|                                                        Q_tile_103|         array|
|Q_tile_104_address0   |  out|    6|   ap_memory|                                                        Q_tile_104|         array|
|Q_tile_104_ce0        |  out|    1|   ap_memory|                                                        Q_tile_104|         array|
|Q_tile_104_we0        |  out|    1|   ap_memory|                                                        Q_tile_104|         array|
|Q_tile_104_d0         |  out|    8|   ap_memory|                                                        Q_tile_104|         array|
|Q_tile_105_address0   |  out|    6|   ap_memory|                                                        Q_tile_105|         array|
|Q_tile_105_ce0        |  out|    1|   ap_memory|                                                        Q_tile_105|         array|
|Q_tile_105_we0        |  out|    1|   ap_memory|                                                        Q_tile_105|         array|
|Q_tile_105_d0         |  out|    8|   ap_memory|                                                        Q_tile_105|         array|
|Q_tile_106_address0   |  out|    6|   ap_memory|                                                        Q_tile_106|         array|
|Q_tile_106_ce0        |  out|    1|   ap_memory|                                                        Q_tile_106|         array|
|Q_tile_106_we0        |  out|    1|   ap_memory|                                                        Q_tile_106|         array|
|Q_tile_106_d0         |  out|    8|   ap_memory|                                                        Q_tile_106|         array|
|Q_tile_107_address0   |  out|    6|   ap_memory|                                                        Q_tile_107|         array|
|Q_tile_107_ce0        |  out|    1|   ap_memory|                                                        Q_tile_107|         array|
|Q_tile_107_we0        |  out|    1|   ap_memory|                                                        Q_tile_107|         array|
|Q_tile_107_d0         |  out|    8|   ap_memory|                                                        Q_tile_107|         array|
|Q_tile_108_address0   |  out|    6|   ap_memory|                                                        Q_tile_108|         array|
|Q_tile_108_ce0        |  out|    1|   ap_memory|                                                        Q_tile_108|         array|
|Q_tile_108_we0        |  out|    1|   ap_memory|                                                        Q_tile_108|         array|
|Q_tile_108_d0         |  out|    8|   ap_memory|                                                        Q_tile_108|         array|
|Q_tile_109_address0   |  out|    6|   ap_memory|                                                        Q_tile_109|         array|
|Q_tile_109_ce0        |  out|    1|   ap_memory|                                                        Q_tile_109|         array|
|Q_tile_109_we0        |  out|    1|   ap_memory|                                                        Q_tile_109|         array|
|Q_tile_109_d0         |  out|    8|   ap_memory|                                                        Q_tile_109|         array|
|Q_tile_110_address0   |  out|    6|   ap_memory|                                                        Q_tile_110|         array|
|Q_tile_110_ce0        |  out|    1|   ap_memory|                                                        Q_tile_110|         array|
|Q_tile_110_we0        |  out|    1|   ap_memory|                                                        Q_tile_110|         array|
|Q_tile_110_d0         |  out|    8|   ap_memory|                                                        Q_tile_110|         array|
|Q_tile_111_address0   |  out|    6|   ap_memory|                                                        Q_tile_111|         array|
|Q_tile_111_ce0        |  out|    1|   ap_memory|                                                        Q_tile_111|         array|
|Q_tile_111_we0        |  out|    1|   ap_memory|                                                        Q_tile_111|         array|
|Q_tile_111_d0         |  out|    8|   ap_memory|                                                        Q_tile_111|         array|
|Q_tile_112_address0   |  out|    6|   ap_memory|                                                        Q_tile_112|         array|
|Q_tile_112_ce0        |  out|    1|   ap_memory|                                                        Q_tile_112|         array|
|Q_tile_112_we0        |  out|    1|   ap_memory|                                                        Q_tile_112|         array|
|Q_tile_112_d0         |  out|    8|   ap_memory|                                                        Q_tile_112|         array|
|Q_tile_113_address0   |  out|    6|   ap_memory|                                                        Q_tile_113|         array|
|Q_tile_113_ce0        |  out|    1|   ap_memory|                                                        Q_tile_113|         array|
|Q_tile_113_we0        |  out|    1|   ap_memory|                                                        Q_tile_113|         array|
|Q_tile_113_d0         |  out|    8|   ap_memory|                                                        Q_tile_113|         array|
|Q_tile_114_address0   |  out|    6|   ap_memory|                                                        Q_tile_114|         array|
|Q_tile_114_ce0        |  out|    1|   ap_memory|                                                        Q_tile_114|         array|
|Q_tile_114_we0        |  out|    1|   ap_memory|                                                        Q_tile_114|         array|
|Q_tile_114_d0         |  out|    8|   ap_memory|                                                        Q_tile_114|         array|
|Q_tile_115_address0   |  out|    6|   ap_memory|                                                        Q_tile_115|         array|
|Q_tile_115_ce0        |  out|    1|   ap_memory|                                                        Q_tile_115|         array|
|Q_tile_115_we0        |  out|    1|   ap_memory|                                                        Q_tile_115|         array|
|Q_tile_115_d0         |  out|    8|   ap_memory|                                                        Q_tile_115|         array|
|Q_tile_116_address0   |  out|    6|   ap_memory|                                                        Q_tile_116|         array|
|Q_tile_116_ce0        |  out|    1|   ap_memory|                                                        Q_tile_116|         array|
|Q_tile_116_we0        |  out|    1|   ap_memory|                                                        Q_tile_116|         array|
|Q_tile_116_d0         |  out|    8|   ap_memory|                                                        Q_tile_116|         array|
|Q_tile_117_address0   |  out|    6|   ap_memory|                                                        Q_tile_117|         array|
|Q_tile_117_ce0        |  out|    1|   ap_memory|                                                        Q_tile_117|         array|
|Q_tile_117_we0        |  out|    1|   ap_memory|                                                        Q_tile_117|         array|
|Q_tile_117_d0         |  out|    8|   ap_memory|                                                        Q_tile_117|         array|
|Q_tile_118_address0   |  out|    6|   ap_memory|                                                        Q_tile_118|         array|
|Q_tile_118_ce0        |  out|    1|   ap_memory|                                                        Q_tile_118|         array|
|Q_tile_118_we0        |  out|    1|   ap_memory|                                                        Q_tile_118|         array|
|Q_tile_118_d0         |  out|    8|   ap_memory|                                                        Q_tile_118|         array|
|Q_tile_119_address0   |  out|    6|   ap_memory|                                                        Q_tile_119|         array|
|Q_tile_119_ce0        |  out|    1|   ap_memory|                                                        Q_tile_119|         array|
|Q_tile_119_we0        |  out|    1|   ap_memory|                                                        Q_tile_119|         array|
|Q_tile_119_d0         |  out|    8|   ap_memory|                                                        Q_tile_119|         array|
|Q_tile_120_address0   |  out|    6|   ap_memory|                                                        Q_tile_120|         array|
|Q_tile_120_ce0        |  out|    1|   ap_memory|                                                        Q_tile_120|         array|
|Q_tile_120_we0        |  out|    1|   ap_memory|                                                        Q_tile_120|         array|
|Q_tile_120_d0         |  out|    8|   ap_memory|                                                        Q_tile_120|         array|
|Q_tile_121_address0   |  out|    6|   ap_memory|                                                        Q_tile_121|         array|
|Q_tile_121_ce0        |  out|    1|   ap_memory|                                                        Q_tile_121|         array|
|Q_tile_121_we0        |  out|    1|   ap_memory|                                                        Q_tile_121|         array|
|Q_tile_121_d0         |  out|    8|   ap_memory|                                                        Q_tile_121|         array|
|Q_tile_122_address0   |  out|    6|   ap_memory|                                                        Q_tile_122|         array|
|Q_tile_122_ce0        |  out|    1|   ap_memory|                                                        Q_tile_122|         array|
|Q_tile_122_we0        |  out|    1|   ap_memory|                                                        Q_tile_122|         array|
|Q_tile_122_d0         |  out|    8|   ap_memory|                                                        Q_tile_122|         array|
|Q_tile_123_address0   |  out|    6|   ap_memory|                                                        Q_tile_123|         array|
|Q_tile_123_ce0        |  out|    1|   ap_memory|                                                        Q_tile_123|         array|
|Q_tile_123_we0        |  out|    1|   ap_memory|                                                        Q_tile_123|         array|
|Q_tile_123_d0         |  out|    8|   ap_memory|                                                        Q_tile_123|         array|
|Q_tile_124_address0   |  out|    6|   ap_memory|                                                        Q_tile_124|         array|
|Q_tile_124_ce0        |  out|    1|   ap_memory|                                                        Q_tile_124|         array|
|Q_tile_124_we0        |  out|    1|   ap_memory|                                                        Q_tile_124|         array|
|Q_tile_124_d0         |  out|    8|   ap_memory|                                                        Q_tile_124|         array|
|Q_tile_125_address0   |  out|    6|   ap_memory|                                                        Q_tile_125|         array|
|Q_tile_125_ce0        |  out|    1|   ap_memory|                                                        Q_tile_125|         array|
|Q_tile_125_we0        |  out|    1|   ap_memory|                                                        Q_tile_125|         array|
|Q_tile_125_d0         |  out|    8|   ap_memory|                                                        Q_tile_125|         array|
|Q_tile_126_address0   |  out|    6|   ap_memory|                                                        Q_tile_126|         array|
|Q_tile_126_ce0        |  out|    1|   ap_memory|                                                        Q_tile_126|         array|
|Q_tile_126_we0        |  out|    1|   ap_memory|                                                        Q_tile_126|         array|
|Q_tile_126_d0         |  out|    8|   ap_memory|                                                        Q_tile_126|         array|
|Q_tile_127_address0   |  out|    6|   ap_memory|                                                        Q_tile_127|         array|
|Q_tile_127_ce0        |  out|    1|   ap_memory|                                                        Q_tile_127|         array|
|Q_tile_127_we0        |  out|    1|   ap_memory|                                                        Q_tile_127|         array|
|Q_tile_127_d0         |  out|    8|   ap_memory|                                                        Q_tile_127|         array|
+----------------------+-----+-----+------------+------------------------------------------------------------------+--------------+

