/home/siyenga7/FPGA/hls_component/attention_int8_kernel/hls/.autopilot/db/attention_int8.pp.0.cpp:1317:7: warning: Added loop label VITIS_LOOP_1207_1:   [xilinx-label-all-loops]
      for (i = 0; i < __N - 1; ++i) {
      ^~~
      VITIS_LOOP_1207_1: 
/home/siyenga7/FPGA/hls_component/attention_int8_kernel/hls/.autopilot/db/attention_int8.pp.0.cpp:1317:7: note: FIX-IT applied suggested code changes
/home/siyenga7/FPGA/hls_component/attention_int8_kernel/hls/.autopilot/db/attention_int8.pp.0.cpp:2291:5: warning: Added loop label VITIS_LOOP_676_1:   [xilinx-label-all-loops]
    for (unsigned i = low; i != high; ++i) {
    ^~~
    VITIS_LOOP_676_1: 
/home/siyenga7/FPGA/hls_component/attention_int8_kernel/hls/.autopilot/db/attention_int8.pp.0.cpp:2291:5: note: FIX-IT applied suggested code changes
/home/siyenga7/FPGA/hls_component/attention_int8_kernel/hls/.autopilot/db/attention_int8.pp.0.cpp:2305:5: warning: Added loop label VITIS_LOOP_690_1:   [xilinx-label-all-loops]
    for (unsigned i = low; i != high; ++i) {
    ^~~
    VITIS_LOOP_690_1: 
/home/siyenga7/FPGA/hls_component/attention_int8_kernel/hls/.autopilot/db/attention_int8.pp.0.cpp:2305:5: note: FIX-IT applied suggested code changes
/home/siyenga7/FPGA/hls_component/attention_int8_kernel/hls/.autopilot/db/attention_int8.pp.0.cpp:2319:5: warning: Added loop label VITIS_LOOP_704_1:   [xilinx-label-all-loops]
    for (unsigned i = low; i != high; ++i) {
    ^~~
    VITIS_LOOP_704_1: 
/home/siyenga7/FPGA/hls_component/attention_int8_kernel/hls/.autopilot/db/attention_int8.pp.0.cpp:2319:5: note: FIX-IT applied suggested code changes
/home/siyenga7/FPGA/hls_component/attention_int8_kernel/hls/.autopilot/db/attention_int8.pp.0.cpp:3948:7: warning: Added loop label VITIS_LOOP_1247_1:   [xilinx-label-all-loops]
      for (i = 0; i < __N - 1; ++i) {
      ^~~
      VITIS_LOOP_1247_1: 
/home/siyenga7/FPGA/hls_component/attention_int8_kernel/hls/.autopilot/db/attention_int8.pp.0.cpp:3948:7: note: FIX-IT applied suggested code changes
/home/siyenga7/FPGA/hls_component/attention_int8_kernel/hls/.autopilot/db/attention_int8.pp.0.cpp:26072:5: warning: Added loop label VITIS_LOOP_127_1:   [xilinx-label-all-loops]
    for (size_t i = 0; i < N; ++i) {
    ^~~
    VITIS_LOOP_127_1: 
/home/siyenga7/FPGA/hls_component/attention_int8_kernel/hls/.autopilot/db/attention_int8.pp.0.cpp:26072:5: note: FIX-IT applied suggested code changes
/home/siyenga7/FPGA/hls_component/attention_int8_kernel/hls/.autopilot/db/attention_int8.pp.0.cpp:26088:5: warning: Added loop label VITIS_LOOP_143_1:   [xilinx-label-all-loops]
    for (size_t i = 0; i < N; ++i) {
    ^~~
    VITIS_LOOP_143_1: 
/home/siyenga7/FPGA/hls_component/attention_int8_kernel/hls/.autopilot/db/attention_int8.pp.0.cpp:26088:5: note: FIX-IT applied suggested code changes
/home/siyenga7/FPGA/hls_component/attention_int8_kernel/hls/.autopilot/db/attention_int8.pp.0.cpp:26104:75: warning: Added loop label VITIS_LOOP_169_1:   [xilinx-label-all-loops]
  inline __attribute__((always_inline)) vector &operator ++() { pragma(); for (size_t i = 0; i < N; ++i) {
                                                                          ^~~
                                                                          VITIS_LOOP_169_1: 
/home/siyenga7/FPGA/hls_component/attention_int8_kernel/hls/.autopilot/db/attention_int8.pp.0.cpp:26104:75: note: FIX-IT applied suggested code changes
/home/siyenga7/FPGA/hls_component/attention_int8_kernel/hls/.autopilot/db/attention_int8.pp.0.cpp:26109:75: warning: Added loop label VITIS_LOOP_170_1:   [xilinx-label-all-loops]
  inline __attribute__((always_inline)) vector &operator --() { pragma(); for (size_t i = 0; i < N; ++i) {
                                                                          ^~~
                                                                          VITIS_LOOP_170_1: 
/home/siyenga7/FPGA/hls_component/attention_int8_kernel/hls/.autopilot/db/attention_int8.pp.0.cpp:26109:75: note: FIX-IT applied suggested code changes
/home/siyenga7/FPGA/hls_component/attention_int8_kernel/hls/.autopilot/db/attention_int8.pp.0.cpp:26118:106: warning: Added loop label VITIS_LOOP_198_1:   [xilinx-label-all-loops]
  inline __attribute__((always_inline)) vector &operator +=(const vector &rhs) { pragma(); rhs.pragma(); for (size_t i = 0; i < N; ++i) {
                                                                                                         ^~~
                                                                                                         VITIS_LOOP_198_1: 
/home/siyenga7/FPGA/hls_component/attention_int8_kernel/hls/.autopilot/db/attention_int8.pp.0.cpp:26118:106: note: FIX-IT applied suggested code changes
/home/siyenga7/FPGA/hls_component/attention_int8_kernel/hls/.autopilot/db/attention_int8.pp.0.cpp:26123:106: warning: Added loop label VITIS_LOOP_199_1:   [xilinx-label-all-loops]
  inline __attribute__((always_inline)) vector &operator -=(const vector &rhs) { pragma(); rhs.pragma(); for (size_t i = 0; i < N; ++i) {
                                                                                                         ^~~
                                                                                                         VITIS_LOOP_199_1: 
/home/siyenga7/FPGA/hls_component/attention_int8_kernel/hls/.autopilot/db/attention_int8.pp.0.cpp:26123:106: note: FIX-IT applied suggested code changes
/home/siyenga7/FPGA/hls_component/attention_int8_kernel/hls/.autopilot/db/attention_int8.pp.0.cpp:26128:106: warning: Added loop label VITIS_LOOP_200_1:   [xilinx-label-all-loops]
  inline __attribute__((always_inline)) vector &operator *=(const vector &rhs) { pragma(); rhs.pragma(); for (size_t i = 0; i < N; ++i) {
                                                                                                         ^~~
                                                                                                         VITIS_LOOP_200_1: 
/home/siyenga7/FPGA/hls_component/attention_int8_kernel/hls/.autopilot/db/attention_int8.pp.0.cpp:26128:106: note: FIX-IT applied suggested code changes
/home/siyenga7/FPGA/hls_component/attention_int8_kernel/hls/.autopilot/db/attention_int8.pp.0.cpp:26133:106: warning: Added loop label VITIS_LOOP_201_1:   [xilinx-label-all-loops]
  inline __attribute__((always_inline)) vector &operator /=(const vector &rhs) { pragma(); rhs.pragma(); for (size_t i = 0; i < N; ++i) {
                                                                                                         ^~~
                                                                                                         VITIS_LOOP_201_1: 
/home/siyenga7/FPGA/hls_component/attention_int8_kernel/hls/.autopilot/db/attention_int8.pp.0.cpp:26133:106: note: FIX-IT applied suggested code changes
/home/siyenga7/FPGA/hls_component/attention_int8_kernel/hls/.autopilot/db/attention_int8.pp.0.cpp:26138:106: warning: Added loop label VITIS_LOOP_202_1:   [xilinx-label-all-loops]
  inline __attribute__((always_inline)) vector &operator %=(const vector &rhs) { pragma(); rhs.pragma(); for (size_t i = 0; i < N; ++i) {
                                                                                                         ^~~
                                                                                                         VITIS_LOOP_202_1: 
/home/siyenga7/FPGA/hls_component/attention_int8_kernel/hls/.autopilot/db/attention_int8.pp.0.cpp:26138:106: note: FIX-IT applied suggested code changes
/home/siyenga7/FPGA/hls_component/attention_int8_kernel/hls/.autopilot/db/attention_int8.pp.0.cpp:26143:106: warning: Added loop label VITIS_LOOP_203_1:   [xilinx-label-all-loops]
  inline __attribute__((always_inline)) vector &operator &=(const vector &rhs) { pragma(); rhs.pragma(); for (size_t i = 0; i < N; ++i) {
                                                                                                         ^~~
                                                                                                         VITIS_LOOP_203_1: 
/home/siyenga7/FPGA/hls_component/attention_int8_kernel/hls/.autopilot/db/attention_int8.pp.0.cpp:26143:106: note: FIX-IT applied suggested code changes
/home/siyenga7/FPGA/hls_component/attention_int8_kernel/hls/.autopilot/db/attention_int8.pp.0.cpp:26148:106: warning: Added loop label VITIS_LOOP_204_1:   [xilinx-label-all-loops]
  inline __attribute__((always_inline)) vector &operator |=(const vector &rhs) { pragma(); rhs.pragma(); for (size_t i = 0; i < N; ++i) {
                                                                                                         ^~~
                                                                                                         VITIS_LOOP_204_1: 
/home/siyenga7/FPGA/hls_component/attention_int8_kernel/hls/.autopilot/db/attention_int8.pp.0.cpp:26148:106: note: FIX-IT applied suggested code changes
/home/siyenga7/FPGA/hls_component/attention_int8_kernel/hls/.autopilot/db/attention_int8.pp.0.cpp:26153:106: warning: Added loop label VITIS_LOOP_205_1:   [xilinx-label-all-loops]
  inline __attribute__((always_inline)) vector &operator ^=(const vector &rhs) { pragma(); rhs.pragma(); for (size_t i = 0; i < N; ++i) {
                                                                                                         ^~~
                                                                                                         VITIS_LOOP_205_1: 
/home/siyenga7/FPGA/hls_component/attention_int8_kernel/hls/.autopilot/db/attention_int8.pp.0.cpp:26153:106: note: FIX-IT applied suggested code changes
/home/siyenga7/FPGA/hls_component/attention_int8_kernel/hls/.autopilot/db/attention_int8.pp.0.cpp:26158:107: warning: Added loop label VITIS_LOOP_206_1:   [xilinx-label-all-loops]
  inline __attribute__((always_inline)) vector &operator <<=(const vector &rhs) { pragma(); rhs.pragma(); for (size_t i = 0; i < N; ++i) {
                                                                                                          ^~~
                                                                                                          VITIS_LOOP_206_1: 
/home/siyenga7/FPGA/hls_component/attention_int8_kernel/hls/.autopilot/db/attention_int8.pp.0.cpp:26158:107: note: FIX-IT applied suggested code changes
/home/siyenga7/FPGA/hls_component/attention_int8_kernel/hls/.autopilot/db/attention_int8.pp.0.cpp:26163:107: warning: Added loop label VITIS_LOOP_207_1:   [xilinx-label-all-loops]
  inline __attribute__((always_inline)) vector &operator >>=(const vector &rhs) { pragma(); rhs.pragma(); for (size_t i = 0; i < N; ++i) {
                                                                                                          ^~~
                                                                                                          VITIS_LOOP_207_1: 
/home/siyenga7/FPGA/hls_component/attention_int8_kernel/hls/.autopilot/db/attention_int8.pp.0.cpp:26163:107: note: FIX-IT applied suggested code changes
/home/siyenga7/FPGA/hls_component/attention_int8_kernel/hls/.autopilot/db/attention_int8.pp.0.cpp:26169:91: warning: Added loop label VITIS_LOOP_222_1:   [xilinx-label-all-loops]
  inline __attribute__((always_inline)) T reduce_add() const { pragma(); T res = data[0]; for (size_t i = 1; i < N; ++i) {
                                                                                          ^~~
                                                                                          VITIS_LOOP_222_1: 
/home/siyenga7/FPGA/hls_component/attention_int8_kernel/hls/.autopilot/db/attention_int8.pp.0.cpp:26169:91: note: FIX-IT applied suggested code changes
/home/siyenga7/FPGA/hls_component/attention_int8_kernel/hls/.autopilot/db/attention_int8.pp.0.cpp:26174:92: warning: Added loop label VITIS_LOOP_223_1:   [xilinx-label-all-loops]
  inline __attribute__((always_inline)) T reduce_mult() const { pragma(); T res = data[0]; for (size_t i = 1; i < N; ++i) {
                                                                                           ^~~
                                                                                           VITIS_LOOP_223_1: 
/home/siyenga7/FPGA/hls_component/attention_int8_kernel/hls/.autopilot/db/attention_int8.pp.0.cpp:26174:92: note: FIX-IT applied suggested code changes
/home/siyenga7/FPGA/hls_component/attention_int8_kernel/hls/.autopilot/db/attention_int8.pp.0.cpp:26179:91: warning: Added loop label VITIS_LOOP_224_1:   [xilinx-label-all-loops]
  inline __attribute__((always_inline)) T reduce_and() const { pragma(); T res = data[0]; for (size_t i = 1; i < N; ++i) {
                                                                                          ^~~
                                                                                          VITIS_LOOP_224_1: 
/home/siyenga7/FPGA/hls_component/attention_int8_kernel/hls/.autopilot/db/attention_int8.pp.0.cpp:26179:91: note: FIX-IT applied suggested code changes
/home/siyenga7/FPGA/hls_component/attention_int8_kernel/hls/.autopilot/db/attention_int8.pp.0.cpp:26184:90: warning: Added loop label VITIS_LOOP_225_1:   [xilinx-label-all-loops]
  inline __attribute__((always_inline)) T reduce_or() const { pragma(); T res = data[0]; for (size_t i = 1; i < N; ++i) {
                                                                                         ^~~
                                                                                         VITIS_LOOP_225_1: 
/home/siyenga7/FPGA/hls_component/attention_int8_kernel/hls/.autopilot/db/attention_int8.pp.0.cpp:26184:90: note: FIX-IT applied suggested code changes
/home/siyenga7/FPGA/hls_component/attention_int8_kernel/hls/.autopilot/db/attention_int8.pp.0.cpp:26189:91: warning: Added loop label VITIS_LOOP_226_1:   [xilinx-label-all-loops]
  inline __attribute__((always_inline)) T reduce_xor() const { pragma(); T res = data[0]; for (size_t i = 1; i < N; ++i) {
                                                                                          ^~~
                                                                                          VITIS_LOOP_226_1: 
/home/siyenga7/FPGA/hls_component/attention_int8_kernel/hls/.autopilot/db/attention_int8.pp.0.cpp:26189:91: note: FIX-IT applied suggested code changes
/home/siyenga7/FPGA/hls_component/attention_int8_kernel/hls/.autopilot/db/attention_int8.pp.0.cpp:26195:132: warning: Added loop label VITIS_LOOP_256_1:   [xilinx-label-all-loops]
  inline __attribute__((always_inline)) friend bool operator <(const vector &lhs, const vector &rhs) { lhs.pragma(); rhs.pragma(); for (size_t i = 0; i < N; ++i) {
                                                                                                                                   ^~~
                                                                                                                                   VITIS_LOOP_256_1: 
/home/siyenga7/FPGA/hls_component/attention_int8_kernel/hls/.autopilot/db/attention_int8.pp.0.cpp:26195:132: note: FIX-IT applied suggested code changes
/home/siyenga7/FPGA/hls_component/attention_int8_kernel/hls/.autopilot/db/attention_int8.pp.0.cpp:26200:133: warning: Added loop label VITIS_LOOP_257_1:   [xilinx-label-all-loops]
  inline __attribute__((always_inline)) friend bool operator <=(const vector &lhs, const vector &rhs) { lhs.pragma(); rhs.pragma(); for (size_t i = 0; i < N; ++i) {
                                                                                                                                    ^~~
                                                                                                                                    VITIS_LOOP_257_1: 
/home/siyenga7/FPGA/hls_component/attention_int8_kernel/hls/.autopilot/db/attention_int8.pp.0.cpp:26200:133: note: FIX-IT applied suggested code changes
/home/siyenga7/FPGA/hls_component/attention_int8_kernel/hls/.autopilot/db/attention_int8.pp.0.cpp:26205:133: warning: Added loop label VITIS_LOOP_258_1:   [xilinx-label-all-loops]
  inline __attribute__((always_inline)) friend bool operator ==(const vector &lhs, const vector &rhs) { lhs.pragma(); rhs.pragma(); for (size_t i = 0; i < N; ++i) {
                                                                                                                                    ^~~
                                                                                                                                    VITIS_LOOP_258_1: 
/home/siyenga7/FPGA/hls_component/attention_int8_kernel/hls/.autopilot/db/attention_int8.pp.0.cpp:26205:133: note: FIX-IT applied suggested code changes
/home/siyenga7/FPGA/hls_component/attention_int8_kernel/hls/.autopilot/db/attention_int8.pp.0.cpp:26210:133: warning: Added loop label VITIS_LOOP_259_1:   [xilinx-label-all-loops]
  inline __attribute__((always_inline)) friend bool operator !=(const vector &lhs, const vector &rhs) { lhs.pragma(); rhs.pragma(); for (size_t i = 0; i < N; ++i) {
                                                                                                                                    ^~~
                                                                                                                                    VITIS_LOOP_259_1: 
/home/siyenga7/FPGA/hls_component/attention_int8_kernel/hls/.autopilot/db/attention_int8.pp.0.cpp:26210:133: note: FIX-IT applied suggested code changes
/home/siyenga7/FPGA/hls_component/attention_int8_kernel/hls/.autopilot/db/attention_int8.pp.0.cpp:26215:133: warning: Added loop label VITIS_LOOP_260_1:   [xilinx-label-all-loops]
  inline __attribute__((always_inline)) friend bool operator >=(const vector &lhs, const vector &rhs) { lhs.pragma(); rhs.pragma(); for (size_t i = 0; i < N; ++i) {
                                                                                                                                    ^~~
                                                                                                                                    VITIS_LOOP_260_1: 
/home/siyenga7/FPGA/hls_component/attention_int8_kernel/hls/.autopilot/db/attention_int8.pp.0.cpp:26215:133: note: FIX-IT applied suggested code changes
/home/siyenga7/FPGA/hls_component/attention_int8_kernel/hls/.autopilot/db/attention_int8.pp.0.cpp:26220:132: warning: Added loop label VITIS_LOOP_261_1:   [xilinx-label-all-loops]
  inline __attribute__((always_inline)) friend bool operator >(const vector &lhs, const vector &rhs) { lhs.pragma(); rhs.pragma(); for (size_t i = 0; i < N; ++i) {
                                                                                                                                   ^~~
                                                                                                                                   VITIS_LOOP_261_1: 
/home/siyenga7/FPGA/hls_component/attention_int8_kernel/hls/.autopilot/db/attention_int8.pp.0.cpp:26220:132: note: FIX-IT applied suggested code changes
/home/siyenga7/FPGA/hls_component/attention_int8_kernel/hls/.autopilot/db/attention_int8.pp.0.cpp:33736:72: error: Invalid Directive: for current device, ROM_1P + LUTRAM is invalid combination for BIND_STORAGE's option 'type + impl' [clang-diagnostic-error]
#pragma HLS BIND_STORAGE variable=fourth_order_double::sin_cos_K0 type=ROM_1P impl=LUTRAM
                                                                       ^
/home/siyenga7/FPGA/hls_component/attention_int8_kernel/hls/.autopilot/db/attention_int8.pp.0.cpp:33737:72: error: Invalid Directive: for current device, ROM_1P + LUTRAM is invalid combination for BIND_STORAGE's option 'type + impl' [clang-diagnostic-error]
#pragma HLS BIND_STORAGE variable=fourth_order_double::sin_cos_K1 type=ROM_1P impl=LUTRAM
                                                                       ^
/home/siyenga7/FPGA/hls_component/attention_int8_kernel/hls/.autopilot/db/attention_int8.pp.0.cpp:33738:72: error: Invalid Directive: for current device, ROM_1P + LUTRAM is invalid combination for BIND_STORAGE's option 'type + impl' [clang-diagnostic-error]
#pragma HLS BIND_STORAGE variable=fourth_order_double::sin_cos_K2 type=ROM_1P impl=LUTRAM
                                                                       ^
/home/siyenga7/FPGA/hls_component/attention_int8_kernel/hls/.autopilot/db/attention_int8.pp.0.cpp:33739:72: error: Invalid Directive: for current device, ROM_1P + LUTRAM is invalid combination for BIND_STORAGE's option 'type + impl' [clang-diagnostic-error]
#pragma HLS BIND_STORAGE variable=fourth_order_double::sin_cos_K3 type=ROM_1P impl=LUTRAM
                                                                       ^
/home/siyenga7/FPGA/hls_component/attention_int8_kernel/hls/.autopilot/db/attention_int8.pp.0.cpp:33740:72: error: Invalid Directive: for current device, ROM_1P + LUTRAM is invalid combination for BIND_STORAGE's option 'type + impl' [clang-diagnostic-error]
#pragma HLS BIND_STORAGE variable=fourth_order_double::sin_cos_K4 type=ROM_1P impl=LUTRAM
                                                                       ^
/home/siyenga7/FPGA/hls_component/attention_int8_kernel/hls/.autopilot/db/attention_int8.pp.0.cpp:33770:68: error: Invalid Directive: for current device, ROM_1P + LUTRAM is invalid combination for BIND_STORAGE's option 'type + impl' [clang-diagnostic-error]
#pragma HLS BIND_STORAGE variable=fourth_order_double::cos_K0 type=ROM_1P impl=LUTRAM
                                                                   ^
/home/siyenga7/FPGA/hls_component/attention_int8_kernel/hls/.autopilot/db/attention_int8.pp.0.cpp:33771:68: error: Invalid Directive: for current device, ROM_1P + LUTRAM is invalid combination for BIND_STORAGE's option 'type + impl' [clang-diagnostic-error]
#pragma HLS BIND_STORAGE variable=fourth_order_double::cos_K1 type=ROM_1P impl=LUTRAM
                                                                   ^
/home/siyenga7/FPGA/hls_component/attention_int8_kernel/hls/.autopilot/db/attention_int8.pp.0.cpp:33772:68: error: Invalid Directive: for current device, ROM_1P + LUTRAM is invalid combination for BIND_STORAGE's option 'type + impl' [clang-diagnostic-error]
#pragma HLS BIND_STORAGE variable=fourth_order_double::cos_K2 type=ROM_1P impl=LUTRAM
                                                                   ^
/home/siyenga7/FPGA/hls_component/attention_int8_kernel/hls/.autopilot/db/attention_int8.pp.0.cpp:33773:68: error: Invalid Directive: for current device, ROM_1P + LUTRAM is invalid combination for BIND_STORAGE's option 'type + impl' [clang-diagnostic-error]
#pragma HLS BIND_STORAGE variable=fourth_order_double::cos_K3 type=ROM_1P impl=LUTRAM
                                                                   ^
/home/siyenga7/FPGA/hls_component/attention_int8_kernel/hls/.autopilot/db/attention_int8.pp.0.cpp:33774:68: error: Invalid Directive: for current device, ROM_1P + LUTRAM is invalid combination for BIND_STORAGE's option 'type + impl' [clang-diagnostic-error]
#pragma HLS BIND_STORAGE variable=fourth_order_double::cos_K4 type=ROM_1P impl=LUTRAM
                                                                   ^
/home/siyenga7/FPGA/hls_component/attention_int8_kernel/hls/.autopilot/db/attention_int8.pp.0.cpp:33775:68: error: Invalid Directive: for current device, ROM_1P + LUTRAM is invalid combination for BIND_STORAGE's option 'type + impl' [clang-diagnostic-error]
#pragma HLS BIND_STORAGE variable=fourth_order_double::sin_K0 type=ROM_1P impl=LUTRAM
                                                                   ^
/home/siyenga7/FPGA/hls_component/attention_int8_kernel/hls/.autopilot/db/attention_int8.pp.0.cpp:33776:68: error: Invalid Directive: for current device, ROM_1P + LUTRAM is invalid combination for BIND_STORAGE's option 'type + impl' [clang-diagnostic-error]
#pragma HLS BIND_STORAGE variable=fourth_order_double::sin_K1 type=ROM_1P impl=LUTRAM
                                                                   ^
/home/siyenga7/FPGA/hls_component/attention_int8_kernel/hls/.autopilot/db/attention_int8.pp.0.cpp:33777:68: error: Invalid Directive: for current device, ROM_1P + LUTRAM is invalid combination for BIND_STORAGE's option 'type + impl' [clang-diagnostic-error]
#pragma HLS BIND_STORAGE variable=fourth_order_double::sin_K2 type=ROM_1P impl=LUTRAM
                                                                   ^
/home/siyenga7/FPGA/hls_component/attention_int8_kernel/hls/.autopilot/db/attention_int8.pp.0.cpp:33778:68: error: Invalid Directive: for current device, ROM_1P + LUTRAM is invalid combination for BIND_STORAGE's option 'type + impl' [clang-diagnostic-error]
#pragma HLS BIND_STORAGE variable=fourth_order_double::sin_K3 type=ROM_1P impl=LUTRAM
                                                                   ^
/home/siyenga7/FPGA/hls_component/attention_int8_kernel/hls/.autopilot/db/attention_int8.pp.0.cpp:33779:68: error: Invalid Directive: for current device, ROM_1P + LUTRAM is invalid combination for BIND_STORAGE's option 'type + impl' [clang-diagnostic-error]
#pragma HLS BIND_STORAGE variable=fourth_order_double::sin_K4 type=ROM_1P impl=LUTRAM
                                                                   ^
/home/siyenga7/FPGA/hls_component/attention_int8_kernel/hls/.autopilot/db/attention_int8.pp.0.cpp:33829:71: error: Invalid Directive: for current device, ROM_1P + LUTRAM is invalid combination for BIND_STORAGE's option 'type + impl' [clang-diagnostic-error]
#pragma HLS BIND_STORAGE variable=second_order_float::sin_cos_K0 type=ROM_1P impl=LUTRAM
                                                                      ^
/home/siyenga7/FPGA/hls_component/attention_int8_kernel/hls/.autopilot/db/attention_int8.pp.0.cpp:33830:71: error: Invalid Directive: for current device, ROM_1P + LUTRAM is invalid combination for BIND_STORAGE's option 'type + impl' [clang-diagnostic-error]
#pragma HLS BIND_STORAGE variable=second_order_float::sin_cos_K1 type=ROM_1P impl=LUTRAM
                                                                      ^
/home/siyenga7/FPGA/hls_component/attention_int8_kernel/hls/.autopilot/db/attention_int8.pp.0.cpp:33831:71: error: Invalid Directive: for current device, ROM_1P + LUTRAM is invalid combination for BIND_STORAGE's option 'type + impl' [clang-diagnostic-error]
#pragma HLS BIND_STORAGE variable=second_order_float::sin_cos_K2 type=ROM_1P impl=LUTRAM
                                                                      ^
/home/siyenga7/FPGA/hls_component/attention_int8_kernel/hls/.autopilot/db/attention_int8.pp.0.cpp:33858:67: error: Invalid Directive: for current device, ROM_1P + LUTRAM is invalid combination for BIND_STORAGE's option 'type + impl' [clang-diagnostic-error]
#pragma HLS BIND_STORAGE variable=second_order_float::cos_K0 type=ROM_1P impl=LUTRAM
                                                                  ^
/home/siyenga7/FPGA/hls_component/attention_int8_kernel/hls/.autopilot/db/attention_int8.pp.0.cpp:33859:67: error: Invalid Directive: for current device, ROM_1P + LUTRAM is invalid combination for BIND_STORAGE's option 'type + impl' [clang-diagnostic-error]
#pragma HLS BIND_STORAGE variable=second_order_float::cos_K1 type=ROM_1P impl=LUTRAM
                                                                  ^
/home/siyenga7/FPGA/hls_component/attention_int8_kernel/hls/.autopilot/db/attention_int8.pp.0.cpp:33860:67: error: Invalid Directive: for current device, ROM_1P + LUTRAM is invalid combination for BIND_STORAGE's option 'type + impl' [clang-diagnostic-error]
#pragma HLS BIND_STORAGE variable=second_order_float::cos_K2 type=ROM_1P impl=LUTRAM
                                                                  ^
/home/siyenga7/FPGA/hls_component/attention_int8_kernel/hls/.autopilot/db/attention_int8.pp.0.cpp:33861:67: error: Invalid Directive: for current device, ROM_1P + LUTRAM is invalid combination for BIND_STORAGE's option 'type + impl' [clang-diagnostic-error]
#pragma HLS BIND_STORAGE variable=second_order_float::sin_K0 type=ROM_1P impl=LUTRAM
                                                                  ^
/home/siyenga7/FPGA/hls_component/attention_int8_kernel/hls/.autopilot/db/attention_int8.pp.0.cpp:33862:67: error: Invalid Directive: for current device, ROM_1P + LUTRAM is invalid combination for BIND_STORAGE's option 'type + impl' [clang-diagnostic-error]
#pragma HLS BIND_STORAGE variable=second_order_float::sin_K1 type=ROM_1P impl=LUTRAM
                                                                  ^
/home/siyenga7/FPGA/hls_component/attention_int8_kernel/hls/.autopilot/db/attention_int8.pp.0.cpp:33863:67: error: Invalid Directive: for current device, ROM_1P + LUTRAM is invalid combination for BIND_STORAGE's option 'type + impl' [clang-diagnostic-error]
#pragma HLS BIND_STORAGE variable=second_order_float::sin_K2 type=ROM_1P impl=LUTRAM
                                                                  ^
/home/siyenga7/FPGA/hls_component/attention_int8_kernel/hls/.autopilot/db/attention_int8.pp.0.cpp:33899:73: error: Invalid Directive: for current device, ROM_1P + LUTRAM is invalid combination for BIND_STORAGE's option 'type + impl' [clang-diagnostic-error]
#pragma HLS BIND_STORAGE variable=first_order_fixed_16::sin_cos_K0 type=ROM_1P impl=LUTRAM
                                                                        ^
/home/siyenga7/FPGA/hls_component/attention_int8_kernel/hls/.autopilot/db/attention_int8.pp.0.cpp:33900:73: error: Invalid Directive: for current device, ROM_1P + LUTRAM is invalid combination for BIND_STORAGE's option 'type + impl' [clang-diagnostic-error]
#pragma HLS BIND_STORAGE variable=first_order_fixed_16::sin_cos_K1 type=ROM_1P impl=LUTRAM
                                                                        ^
/home/siyenga7/FPGA/hls_component/attention_int8_kernel/hls/.autopilot/db/attention_int8.pp.0.cpp:34174:5: warning: Added loop label VITIS_LOOP_61_1:   [xilinx-label-all-loops]
    for (int n=0; n<Nmax; n++){
    ^~~
    VITIS_LOOP_61_1: 
/home/siyenga7/FPGA/hls_component/attention_int8_kernel/hls/.autopilot/db/attention_int8.pp.0.cpp:34174:5: note: FIX-IT applied suggested code changes
/home/siyenga7/FPGA/hls_component/attention_int8_kernel/hls/.autopilot/db/attention_int8.pp.0.cpp:34220:5: warning: Added loop label VITIS_LOOP_117_1:   [xilinx-label-all-loops]
    for (int n=0; n<Nmax; n++){
    ^~~
    VITIS_LOOP_117_1: 
/home/siyenga7/FPGA/hls_component/attention_int8_kernel/hls/.autopilot/db/attention_int8.pp.0.cpp:34220:5: note: FIX-IT applied suggested code changes
/home/siyenga7/FPGA/hls_component/attention_int8_kernel/hls/.autopilot/db/attention_int8.pp.0.cpp:34383:9: warning: Added loop label VITIS_LOOP_289_1:   [xilinx-label-all-loops]
        for(int i=0;i<W-1;i++){
        ^~~
        VITIS_LOOP_289_1: 
/home/siyenga7/FPGA/hls_component/attention_int8_kernel/hls/.autopilot/db/attention_int8.pp.0.cpp:34383:9: note: FIX-IT applied suggested code changes
/home/siyenga7/FPGA/hls_component/attention_int8_kernel/hls/.autopilot/db/attention_int8.pp.0.cpp:34535:9: warning: Added loop label VITIS_LOOP_449_1:   [xilinx-label-all-loops]
        for(int i=0;i<W-1;i++){
        ^~~
        VITIS_LOOP_449_1: 
/home/siyenga7/FPGA/hls_component/attention_int8_kernel/hls/.autopilot/db/attention_int8.pp.0.cpp:34535:9: note: FIX-IT applied suggested code changes
/home/siyenga7/FPGA/hls_component/attention_int8_kernel/hls/.autopilot/db/attention_int8.pp.0.cpp:34715:5: warning: Added loop label VITIS_LOOP_629_1:   [xilinx-label-all-loops]
    for(int i=0;i<W+1;i++){
    ^~~
    VITIS_LOOP_629_1: 
/home/siyenga7/FPGA/hls_component/attention_int8_kernel/hls/.autopilot/db/attention_int8.pp.0.cpp:34715:5: note: FIX-IT applied suggested code changes
/home/siyenga7/FPGA/hls_component/attention_int8_kernel/hls/.autopilot/db/attention_int8.pp.0.cpp:34719:5: warning: Added loop label VITIS_LOOP_633_2:   [xilinx-label-all-loops]
    for(int i=0;i<W+1;i++){
    ^~~
    VITIS_LOOP_633_2: 
/home/siyenga7/FPGA/hls_component/attention_int8_kernel/hls/.autopilot/db/attention_int8.pp.0.cpp:34719:5: note: FIX-IT applied suggested code changes
/home/siyenga7/FPGA/hls_component/attention_int8_kernel/hls/.autopilot/db/attention_int8.pp.0.cpp:34829:5: warning: Added loop label VITIS_LOOP_743_1:   [xilinx-label-all-loops]
    for (int n=0; n<Nmax; n++){
    ^~~
    VITIS_LOOP_743_1: 
/home/siyenga7/FPGA/hls_component/attention_int8_kernel/hls/.autopilot/db/attention_int8.pp.0.cpp:34829:5: note: FIX-IT applied suggested code changes
/home/siyenga7/FPGA/hls_component/attention_int8_kernel/hls/.autopilot/db/attention_int8.pp.0.cpp:34919:7: warning: Added loop label VITIS_LOOP_840_1:   [xilinx-label-all-loops]
      for(int i=0;i<W-1;i++){
      ^~~
      VITIS_LOOP_840_1: 
/home/siyenga7/FPGA/hls_component/attention_int8_kernel/hls/.autopilot/db/attention_int8.pp.0.cpp:34919:7: note: FIX-IT applied suggested code changes
/home/siyenga7/FPGA/hls_component/attention_int8_kernel/hls/.autopilot/db/attention_int8.pp.0.cpp:34938:7: warning: Added loop label VITIS_LOOP_859_2:   [xilinx-label-all-loops]
      for(int i=0;i<W-1;i++){
      ^~~
      VITIS_LOOP_859_2: 
/home/siyenga7/FPGA/hls_component/attention_int8_kernel/hls/.autopilot/db/attention_int8.pp.0.cpp:34938:7: note: FIX-IT applied suggested code changes
/home/siyenga7/FPGA/hls_component/attention_int8_kernel/hls/.autopilot/db/attention_int8.pp.0.cpp:35228:5: warning: Added loop label VITIS_LOOP_1173_1:   [xilinx-label-all-loops]
    for(int i=0; i<Nmax; i++) {
    ^~~
    VITIS_LOOP_1173_1: 
/home/siyenga7/FPGA/hls_component/attention_int8_kernel/hls/.autopilot/db/attention_int8.pp.0.cpp:35228:5: note: FIX-IT applied suggested code changes
/home/siyenga7/FPGA/hls_component/attention_int8_kernel/hls/.autopilot/db/attention_int8.pp.0.cpp:35311:5: warning: Added loop label VITIS_LOOP_1256_1:   [xilinx-label-all-loops]
    for(int i=0; i<Nmax; i++) {
    ^~~
    VITIS_LOOP_1256_1: 
/home/siyenga7/FPGA/hls_component/attention_int8_kernel/hls/.autopilot/db/attention_int8.pp.0.cpp:35311:5: note: FIX-IT applied suggested code changes
/home/siyenga7/FPGA/hls_component/attention_int8_kernel/hls/.autopilot/db/attention_int8.pp.0.cpp:35717:13: warning: Added loop label VITIS_LOOP_68_1:   [xilinx-label-all-loops]
            for (int j = 3; j >= I_+1; j--) {
            ^~~
            VITIS_LOOP_68_1: 
/home/siyenga7/FPGA/hls_component/attention_int8_kernel/hls/.autopilot/db/attention_int8.pp.0.cpp:35717:13: note: FIX-IT applied suggested code changes
/home/siyenga7/FPGA/hls_component/attention_int8_kernel/hls/.autopilot/db/attention_int8.pp.0.cpp:35723:17: warning: Added loop label VITIS_LOOP_74_2:   [xilinx-label-all-loops]
                for (int j = 3; j >= I_+1; j--){
                ^~~
                VITIS_LOOP_74_2: 
/home/siyenga7/FPGA/hls_component/attention_int8_kernel/hls/.autopilot/db/attention_int8.pp.0.cpp:35723:17: note: FIX-IT applied suggested code changes
/home/siyenga7/FPGA/hls_component/attention_int8_kernel/hls/.autopilot/db/attention_int8.pp.0.cpp:35727:17: warning: Added loop label VITIS_LOOP_78_3:   [xilinx-label-all-loops]
                for (int j = I_; j >= 0; j--){
                ^~~
                VITIS_LOOP_78_3: 
/home/siyenga7/FPGA/hls_component/attention_int8_kernel/hls/.autopilot/db/attention_int8.pp.0.cpp:35727:17: note: FIX-IT applied suggested code changes
/home/siyenga7/FPGA/hls_component/attention_int8_kernel/hls/.autopilot/db/attention_int8.pp.0.cpp:35775:13: warning: Added loop label VITIS_LOOP_145_4:   [xilinx-label-all-loops]
            for (int j = 9; j >= I_+4; j--) {
            ^~~
            VITIS_LOOP_145_4: 
/home/siyenga7/FPGA/hls_component/attention_int8_kernel/hls/.autopilot/db/attention_int8.pp.0.cpp:35775:13: note: FIX-IT applied suggested code changes
/home/siyenga7/FPGA/hls_component/attention_int8_kernel/hls/.autopilot/db/attention_int8.pp.0.cpp:35781:17: warning: Added loop label VITIS_LOOP_151_5:   [xilinx-label-all-loops]
                for (int j = 9; j >= I_+4; j--){
                ^~~
                VITIS_LOOP_151_5: 
/home/siyenga7/FPGA/hls_component/attention_int8_kernel/hls/.autopilot/db/attention_int8.pp.0.cpp:35781:17: note: FIX-IT applied suggested code changes
/home/siyenga7/FPGA/hls_component/attention_int8_kernel/hls/.autopilot/db/attention_int8.pp.0.cpp:35785:17: warning: Added loop label VITIS_LOOP_155_6:   [xilinx-label-all-loops]
                for (int j = I_+3; j >= 0; j--){
                ^~~
                VITIS_LOOP_155_6: 
/home/siyenga7/FPGA/hls_component/attention_int8_kernel/hls/.autopilot/db/attention_int8.pp.0.cpp:35785:17: note: FIX-IT applied suggested code changes
/home/siyenga7/FPGA/hls_component/attention_int8_kernel/hls/.autopilot/db/attention_int8.pp.0.cpp:35800:9: warning: Added loop label VITIS_LOOP_170_7:   [xilinx-label-all-loops]
        for (int j = 14; j < 22; j++){
        ^~~
        VITIS_LOOP_170_7: 
/home/siyenga7/FPGA/hls_component/attention_int8_kernel/hls/.autopilot/db/attention_int8.pp.0.cpp:35800:9: note: FIX-IT applied suggested code changes
/home/siyenga7/FPGA/hls_component/attention_int8_kernel/hls/.autopilot/db/attention_int8.pp.0.cpp:35808:17: warning: Added loop label VITIS_LOOP_178_8:   [xilinx-label-all-loops]
                for (int j = 0; j < 22; j++){
                ^~~
                VITIS_LOOP_178_8: 
/home/siyenga7/FPGA/hls_component/attention_int8_kernel/hls/.autopilot/db/attention_int8.pp.0.cpp:35808:17: note: FIX-IT applied suggested code changes
/home/siyenga7/FPGA/hls_component/attention_int8_kernel/hls/.autopilot/db/attention_int8.pp.0.cpp:35873:13: warning: Added loop label VITIS_LOOP_243_9:   [xilinx-label-all-loops]
            for (int j = 21; j >= I_+10; j--) {
            ^~~
            VITIS_LOOP_243_9: 
/home/siyenga7/FPGA/hls_component/attention_int8_kernel/hls/.autopilot/db/attention_int8.pp.0.cpp:35873:13: note: FIX-IT applied suggested code changes
/home/siyenga7/FPGA/hls_component/attention_int8_kernel/hls/.autopilot/db/attention_int8.pp.0.cpp:35879:17: warning: Added loop label VITIS_LOOP_249_10:   [xilinx-label-all-loops]
                for (int j = 21; j >= I_+10; j--) {
                ^~~
                VITIS_LOOP_249_10: 
/home/siyenga7/FPGA/hls_component/attention_int8_kernel/hls/.autopilot/db/attention_int8.pp.0.cpp:35879:17: note: FIX-IT applied suggested code changes
/home/siyenga7/FPGA/hls_component/attention_int8_kernel/hls/.autopilot/db/attention_int8.pp.0.cpp:35883:17: warning: Added loop label VITIS_LOOP_253_11:   [xilinx-label-all-loops]
                for (int j = I_+9; j >= 0; j--) {
                ^~~
                VITIS_LOOP_253_11: 
/home/siyenga7/FPGA/hls_component/attention_int8_kernel/hls/.autopilot/db/attention_int8.pp.0.cpp:35883:17: note: FIX-IT applied suggested code changes
/home/siyenga7/FPGA/hls_component/attention_int8_kernel/hls/.autopilot/db/attention_int8.pp.0.cpp:35898:9: warning: Added loop label VITIS_LOOP_268_12:   [xilinx-label-all-loops]
        for (int j = 27; j < 46; j++){
        ^~~
        VITIS_LOOP_268_12: 
/home/siyenga7/FPGA/hls_component/attention_int8_kernel/hls/.autopilot/db/attention_int8.pp.0.cpp:35898:9: note: FIX-IT applied suggested code changes
/home/siyenga7/FPGA/hls_component/attention_int8_kernel/hls/.autopilot/db/attention_int8.pp.0.cpp:35906:17: warning: Added loop label VITIS_LOOP_276_13:   [xilinx-label-all-loops]
                for (int j = 0; j < 46; j++) {
                ^~~
                VITIS_LOOP_276_13: 
/home/siyenga7/FPGA/hls_component/attention_int8_kernel/hls/.autopilot/db/attention_int8.pp.0.cpp:35906:17: note: FIX-IT applied suggested code changes
/home/siyenga7/FPGA/hls_component/attention_int8_kernel/hls/.autopilot/db/attention_int8.pp.0.cpp:36135:13: warning: Added loop label VITIS_LOOP_505_14:   [xilinx-label-all-loops]
            for (int j = 45; j >= I_+22; j--) {
            ^~~
            VITIS_LOOP_505_14: 
/home/siyenga7/FPGA/hls_component/attention_int8_kernel/hls/.autopilot/db/attention_int8.pp.0.cpp:36135:13: note: FIX-IT applied suggested code changes
/home/siyenga7/FPGA/hls_component/attention_int8_kernel/hls/.autopilot/db/attention_int8.pp.0.cpp:36141:17: warning: Added loop label VITIS_LOOP_511_15:   [xilinx-label-all-loops]
                for (int j = 45; j >= I_+22; j--){
                ^~~
                VITIS_LOOP_511_15: 
/home/siyenga7/FPGA/hls_component/attention_int8_kernel/hls/.autopilot/db/attention_int8.pp.0.cpp:36141:17: note: FIX-IT applied suggested code changes
/home/siyenga7/FPGA/hls_component/attention_int8_kernel/hls/.autopilot/db/attention_int8.pp.0.cpp:36145:17: warning: Added loop label VITIS_LOOP_515_16:   [xilinx-label-all-loops]
                for (int j = I_+21; j >= 0; j--) {
                ^~~
                VITIS_LOOP_515_16: 
/home/siyenga7/FPGA/hls_component/attention_int8_kernel/hls/.autopilot/db/attention_int8.pp.0.cpp:36145:17: note: FIX-IT applied suggested code changes
/home/siyenga7/FPGA/hls_component/attention_int8_kernel/hls/.autopilot/db/attention_int8.pp.0.cpp:36155:9: warning: Added loop label VITIS_LOOP_525_17:   [xilinx-label-all-loops]
        for (int j = 32-F_; j < 32+I_; j++){
        ^~~
        VITIS_LOOP_525_17: 
/home/siyenga7/FPGA/hls_component/attention_int8_kernel/hls/.autopilot/db/attention_int8.pp.0.cpp:36155:9: note: FIX-IT applied suggested code changes
/home/siyenga7/FPGA/hls_component/attention_int8_kernel/hls/.autopilot/db/attention_int8.pp.0.cpp:36159:9: warning: Added loop label VITIS_LOOP_529_18:   [xilinx-label-all-loops]
        for (int j = 32+I_; j <= 64; j++){
        ^~~
        VITIS_LOOP_529_18: 
/home/siyenga7/FPGA/hls_component/attention_int8_kernel/hls/.autopilot/db/attention_int8.pp.0.cpp:36159:9: note: FIX-IT applied suggested code changes
/home/siyenga7/FPGA/hls_component/attention_int8_kernel/hls/.autopilot/db/attention_int8.pp.0.cpp:36169:9: warning: Added loop label VITIS_LOOP_539_19:   [xilinx-label-all-loops]
        for (int j = 37; j < 64; j++) {
        ^~~
        VITIS_LOOP_539_19: 
/home/siyenga7/FPGA/hls_component/attention_int8_kernel/hls/.autopilot/db/attention_int8.pp.0.cpp:36169:9: note: FIX-IT applied suggested code changes
/home/siyenga7/FPGA/hls_component/attention_int8_kernel/hls/.autopilot/db/attention_int8.pp.0.cpp:36177:17: warning: Added loop label VITIS_LOOP_547_20:   [xilinx-label-all-loops]
                for (int j = 0; j < 64; j++){
                ^~~
                VITIS_LOOP_547_20: 
/home/siyenga7/FPGA/hls_component/attention_int8_kernel/hls/.autopilot/db/attention_int8.pp.0.cpp:36177:17: note: FIX-IT applied suggested code changes
/home/siyenga7/FPGA/hls_component/attention_int8_kernel/hls/.autopilot/db/attention_int8.pp.0.cpp:36538:13: warning: Added loop label VITIS_LOOP_908_21:   [xilinx-label-all-loops]
            for (int j = 63; j >= I_+31; j--) {
            ^~~
            VITIS_LOOP_908_21: 
/home/siyenga7/FPGA/hls_component/attention_int8_kernel/hls/.autopilot/db/attention_int8.pp.0.cpp:36538:13: note: FIX-IT applied suggested code changes
/home/siyenga7/FPGA/hls_component/attention_int8_kernel/hls/.autopilot/db/attention_int8.pp.0.cpp:36544:17: warning: Added loop label VITIS_LOOP_914_22:   [xilinx-label-all-loops]
                for (int j = 63; j >= I_+31; j--) {
                ^~~
                VITIS_LOOP_914_22: 
/home/siyenga7/FPGA/hls_component/attention_int8_kernel/hls/.autopilot/db/attention_int8.pp.0.cpp:36544:17: note: FIX-IT applied suggested code changes
/home/siyenga7/FPGA/hls_component/attention_int8_kernel/hls/.autopilot/db/attention_int8.pp.0.cpp:36548:17: warning: Added loop label VITIS_LOOP_918_23:   [xilinx-label-all-loops]
                for (int j = I_+30; j >= 0; j--) {
                ^~~
                VITIS_LOOP_918_23: 
/home/siyenga7/FPGA/hls_component/attention_int8_kernel/hls/.autopilot/db/attention_int8.pp.0.cpp:36548:17: note: FIX-IT applied suggested code changes
/home/siyenga7/FPGA/hls_component/attention_int8_kernel/hls/.autopilot/db/attention_int8.pp.0.cpp:36664:13: warning: Added loop label VITIS_LOOP_1034_1:   [xilinx-label-all-loops]
            for (int j = 4; j >= I_+1; j--) {
            ^~~
            VITIS_LOOP_1034_1: 
/home/siyenga7/FPGA/hls_component/attention_int8_kernel/hls/.autopilot/db/attention_int8.pp.0.cpp:36664:13: note: FIX-IT applied suggested code changes
/home/siyenga7/FPGA/hls_component/attention_int8_kernel/hls/.autopilot/db/attention_int8.pp.0.cpp:36670:17: warning: Added loop label VITIS_LOOP_1040_2:   [xilinx-label-all-loops]
                for (int j = 4; j >= I_+1; j--) {
                ^~~
                VITIS_LOOP_1040_2: 
/home/siyenga7/FPGA/hls_component/attention_int8_kernel/hls/.autopilot/db/attention_int8.pp.0.cpp:36670:17: note: FIX-IT applied suggested code changes
/home/siyenga7/FPGA/hls_component/attention_int8_kernel/hls/.autopilot/db/attention_int8.pp.0.cpp:36674:17: warning: Added loop label VITIS_LOOP_1044_3:   [xilinx-label-all-loops]
                for (int j = I_; j >= 0; j--) {
                ^~~
                VITIS_LOOP_1044_3: 
/home/siyenga7/FPGA/hls_component/attention_int8_kernel/hls/.autopilot/db/attention_int8.pp.0.cpp:36674:17: note: FIX-IT applied suggested code changes
/home/siyenga7/FPGA/hls_component/attention_int8_kernel/hls/.autopilot/db/attention_int8.pp.0.cpp:36761:13: warning: Added loop label VITIS_LOOP_1131_4:   [xilinx-label-all-loops]
            for (int j = 10; j >= I_+4; j--) {
            ^~~
            VITIS_LOOP_1131_4: 
/home/siyenga7/FPGA/hls_component/attention_int8_kernel/hls/.autopilot/db/attention_int8.pp.0.cpp:36761:13: note: FIX-IT applied suggested code changes
/home/siyenga7/FPGA/hls_component/attention_int8_kernel/hls/.autopilot/db/attention_int8.pp.0.cpp:36767:17: warning: Added loop label VITIS_LOOP_1137_5:   [xilinx-label-all-loops]
                for (int j = 10; j >= I_+4; j--) {
                ^~~
                VITIS_LOOP_1137_5: 
/home/siyenga7/FPGA/hls_component/attention_int8_kernel/hls/.autopilot/db/attention_int8.pp.0.cpp:36767:17: note: FIX-IT applied suggested code changes
/home/siyenga7/FPGA/hls_component/attention_int8_kernel/hls/.autopilot/db/attention_int8.pp.0.cpp:36771:17: warning: Added loop label VITIS_LOOP_1141_6:   [xilinx-label-all-loops]
                for (int j = I_+3; j >= 0; j--) {
                ^~~
                VITIS_LOOP_1141_6: 
/home/siyenga7/FPGA/hls_component/attention_int8_kernel/hls/.autopilot/db/attention_int8.pp.0.cpp:36771:17: note: FIX-IT applied suggested code changes
/home/siyenga7/FPGA/hls_component/attention_int8_kernel/hls/.autopilot/db/attention_int8.pp.0.cpp:36790:9: warning: Added loop label VITIS_LOOP_1160_7:   [xilinx-label-all-loops]
        for (int j = wf+3; j < w-1; j++) {
        ^~~
        VITIS_LOOP_1160_7: 
/home/siyenga7/FPGA/hls_component/attention_int8_kernel/hls/.autopilot/db/attention_int8.pp.0.cpp:36790:9: note: FIX-IT applied suggested code changes
/home/siyenga7/FPGA/hls_component/attention_int8_kernel/hls/.autopilot/db/attention_int8.pp.0.cpp:36797:17: warning: Added loop label VITIS_LOOP_1167_8:   [xilinx-label-all-loops]
                for (int j = 0; j < 22; j++) {
                ^~~
                VITIS_LOOP_1167_8: 
/home/siyenga7/FPGA/hls_component/attention_int8_kernel/hls/.autopilot/db/attention_int8.pp.0.cpp:36797:17: note: FIX-IT applied suggested code changes
/home/siyenga7/FPGA/hls_component/attention_int8_kernel/hls/.autopilot/db/attention_int8.pp.0.cpp:36913:13: warning: Added loop label VITIS_LOOP_1283_9:   [xilinx-label-all-loops]
            for (int j = 22; j >= I_+10; j--) {
            ^~~
            VITIS_LOOP_1283_9: 
/home/siyenga7/FPGA/hls_component/attention_int8_kernel/hls/.autopilot/db/attention_int8.pp.0.cpp:36913:13: note: FIX-IT applied suggested code changes
/home/siyenga7/FPGA/hls_component/attention_int8_kernel/hls/.autopilot/db/attention_int8.pp.0.cpp:36919:17: warning: Added loop label VITIS_LOOP_1289_10:   [xilinx-label-all-loops]
                for (int j = 22; j >= I_+10; j--){
                ^~~
                VITIS_LOOP_1289_10: 
/home/siyenga7/FPGA/hls_component/attention_int8_kernel/hls/.autopilot/db/attention_int8.pp.0.cpp:36919:17: note: FIX-IT applied suggested code changes
/home/siyenga7/FPGA/hls_component/attention_int8_kernel/hls/.autopilot/db/attention_int8.pp.0.cpp:36923:17: warning: Added loop label VITIS_LOOP_1293_11:   [xilinx-label-all-loops]
                for (int j = I_+9; j >= 0; j--) {
                ^~~
                VITIS_LOOP_1293_11: 
/home/siyenga7/FPGA/hls_component/attention_int8_kernel/hls/.autopilot/db/attention_int8.pp.0.cpp:36923:17: note: FIX-IT applied suggested code changes
/home/siyenga7/FPGA/hls_component/attention_int8_kernel/hls/.autopilot/db/attention_int8.pp.0.cpp:36943:9: warning: Added loop label VITIS_LOOP_1313_12:   [xilinx-label-all-loops]
        for (int j = wf+4; j < w-1; j++){
        ^~~
        VITIS_LOOP_1313_12: 
/home/siyenga7/FPGA/hls_component/attention_int8_kernel/hls/.autopilot/db/attention_int8.pp.0.cpp:36943:9: note: FIX-IT applied suggested code changes
/home/siyenga7/FPGA/hls_component/attention_int8_kernel/hls/.autopilot/db/attention_int8.pp.0.cpp:36950:17: warning: Added loop label VITIS_LOOP_1320_13:   [xilinx-label-all-loops]
                for (int j = 0; j < 46; j++) {
                ^~~
                VITIS_LOOP_1320_13: 
/home/siyenga7/FPGA/hls_component/attention_int8_kernel/hls/.autopilot/db/attention_int8.pp.0.cpp:36950:17: note: FIX-IT applied suggested code changes
/home/siyenga7/FPGA/hls_component/attention_int8_kernel/hls/.autopilot/db/attention_int8.pp.0.cpp:37212:13: warning: Added loop label VITIS_LOOP_1582_14:   [xilinx-label-all-loops]
            for (int j = 46; j >= I_+22; j--) {
            ^~~
            VITIS_LOOP_1582_14: 
/home/siyenga7/FPGA/hls_component/attention_int8_kernel/hls/.autopilot/db/attention_int8.pp.0.cpp:37212:13: note: FIX-IT applied suggested code changes
/home/siyenga7/FPGA/hls_component/attention_int8_kernel/hls/.autopilot/db/attention_int8.pp.0.cpp:37218:17: warning: Added loop label VITIS_LOOP_1588_15:   [xilinx-label-all-loops]
                for (int j = 46; j >= I_+22; j--) {
                ^~~
                VITIS_LOOP_1588_15: 
/home/siyenga7/FPGA/hls_component/attention_int8_kernel/hls/.autopilot/db/attention_int8.pp.0.cpp:37218:17: note: FIX-IT applied suggested code changes
/home/siyenga7/FPGA/hls_component/attention_int8_kernel/hls/.autopilot/db/attention_int8.pp.0.cpp:37222:17: warning: Added loop label VITIS_LOOP_1592_16:   [xilinx-label-all-loops]
                for (int j = I_+21; j >= 0; j--) {
                ^~~
                VITIS_LOOP_1592_16: 
/home/siyenga7/FPGA/hls_component/attention_int8_kernel/hls/.autopilot/db/attention_int8.pp.0.cpp:37222:17: note: FIX-IT applied suggested code changes
/home/siyenga7/FPGA/hls_component/attention_int8_kernel/hls/.autopilot/db/attention_int8.pp.0.cpp:37246:9: warning: Added loop label VITIS_LOOP_1616_17:   [xilinx-label-all-loops]
        for (int j = wf+5; j < w-1; j++){
        ^~~
        VITIS_LOOP_1616_17: 
/home/siyenga7/FPGA/hls_component/attention_int8_kernel/hls/.autopilot/db/attention_int8.pp.0.cpp:37246:9: note: FIX-IT applied suggested code changes
/home/siyenga7/FPGA/hls_component/attention_int8_kernel/hls/.autopilot/db/attention_int8.pp.0.cpp:37253:17: warning: Added loop label VITIS_LOOP_1623_18:   [xilinx-label-all-loops]
                for (int j = 0; j < 64; j++) {
                ^~~
                VITIS_LOOP_1623_18: 
/home/siyenga7/FPGA/hls_component/attention_int8_kernel/hls/.autopilot/db/attention_int8.pp.0.cpp:37253:17: note: FIX-IT applied suggested code changes
/home/siyenga7/FPGA/hls_component/attention_int8_kernel/hls/.autopilot/db/attention_int8.pp.0.cpp:37683:13: warning: Added loop label VITIS_LOOP_2053_19:   [xilinx-label-all-loops]
            for (int j = 64; j >= I_+31; j--) {
            ^~~
            VITIS_LOOP_2053_19: 
/home/siyenga7/FPGA/hls_component/attention_int8_kernel/hls/.autopilot/db/attention_int8.pp.0.cpp:37683:13: note: FIX-IT applied suggested code changes
/home/siyenga7/FPGA/hls_component/attention_int8_kernel/hls/.autopilot/db/attention_int8.pp.0.cpp:37689:17: warning: Added loop label VITIS_LOOP_2059_20:   [xilinx-label-all-loops]
                for (int j = 64; j >= I_+31; j--) {
                ^~~
                VITIS_LOOP_2059_20: 
/home/siyenga7/FPGA/hls_component/attention_int8_kernel/hls/.autopilot/db/attention_int8.pp.0.cpp:37689:17: note: FIX-IT applied suggested code changes
/home/siyenga7/FPGA/hls_component/attention_int8_kernel/hls/.autopilot/db/attention_int8.pp.0.cpp:37693:17: warning: Added loop label VITIS_LOOP_2063_21:   [xilinx-label-all-loops]
                for (int j = I_+30; j >= 0; j--) {
                ^~~
                VITIS_LOOP_2063_21: 
/home/siyenga7/FPGA/hls_component/attention_int8_kernel/hls/.autopilot/db/attention_int8.pp.0.cpp:37693:17: note: FIX-IT applied suggested code changes
/home/siyenga7/FPGA/hls_component/attention_int8_kernel/hls/.autopilot/db/attention_int8.pp.0.cpp:37823:13: warning: Added loop label VITIS_LOOP_2193_1:   [xilinx-label-all-loops]
            for(int j=3; j>=I+1; j--) {
            ^~~
            VITIS_LOOP_2193_1: 
/home/siyenga7/FPGA/hls_component/attention_int8_kernel/hls/.autopilot/db/attention_int8.pp.0.cpp:37823:13: note: FIX-IT applied suggested code changes
/home/siyenga7/FPGA/hls_component/attention_int8_kernel/hls/.autopilot/db/attention_int8.pp.0.cpp:37830:17: warning: Added loop label VITIS_LOOP_2200_2:   [xilinx-label-all-loops]
                for(int j=3; j>=I+1; j--) {
                ^~~
                VITIS_LOOP_2200_2: 
/home/siyenga7/FPGA/hls_component/attention_int8_kernel/hls/.autopilot/db/attention_int8.pp.0.cpp:37830:17: note: FIX-IT applied suggested code changes
/home/siyenga7/FPGA/hls_component/attention_int8_kernel/hls/.autopilot/db/attention_int8.pp.0.cpp:37834:17: warning: Added loop label VITIS_LOOP_2204_3:   [xilinx-label-all-loops]
                for(int j=I; j>=0; j--) {
                ^~~
                VITIS_LOOP_2204_3: 
/home/siyenga7/FPGA/hls_component/attention_int8_kernel/hls/.autopilot/db/attention_int8.pp.0.cpp:37834:17: note: FIX-IT applied suggested code changes
/home/siyenga7/FPGA/hls_component/attention_int8_kernel/hls/.autopilot/db/attention_int8.pp.0.cpp:37881:13: warning: Added loop label VITIS_LOOP_2251_4:   [xilinx-label-all-loops]
            for(int j=7; j>=3+I; j--) {
            ^~~
            VITIS_LOOP_2251_4: 
/home/siyenga7/FPGA/hls_component/attention_int8_kernel/hls/.autopilot/db/attention_int8.pp.0.cpp:37881:13: note: FIX-IT applied suggested code changes
/home/siyenga7/FPGA/hls_component/attention_int8_kernel/hls/.autopilot/db/attention_int8.pp.0.cpp:37888:17: warning: Added loop label VITIS_LOOP_2258_5:   [xilinx-label-all-loops]
                for(int j=7; j>=3+I; j--) {
                ^~~
                VITIS_LOOP_2258_5: 
/home/siyenga7/FPGA/hls_component/attention_int8_kernel/hls/.autopilot/db/attention_int8.pp.0.cpp:37888:17: note: FIX-IT applied suggested code changes
/home/siyenga7/FPGA/hls_component/attention_int8_kernel/hls/.autopilot/db/attention_int8.pp.0.cpp:37892:17: warning: Added loop label VITIS_LOOP_2262_6:   [xilinx-label-all-loops]
                for(int j=I+2; j>=0; j--) {
                ^~~
                VITIS_LOOP_2262_6: 
/home/siyenga7/FPGA/hls_component/attention_int8_kernel/hls/.autopilot/db/attention_int8.pp.0.cpp:37892:17: note: FIX-IT applied suggested code changes
/home/siyenga7/FPGA/hls_component/attention_int8_kernel/hls/.autopilot/db/attention_int8.pp.0.cpp:37910:9: warning: Added loop label VITIS_LOOP_2280_7:   [xilinx-label-all-loops]
        for(int j=11; j<16; j++) {
        ^~~
        VITIS_LOOP_2280_7: 
/home/siyenga7/FPGA/hls_component/attention_int8_kernel/hls/.autopilot/db/attention_int8.pp.0.cpp:37910:9: note: FIX-IT applied suggested code changes
/home/siyenga7/FPGA/hls_component/attention_int8_kernel/hls/.autopilot/db/attention_int8.pp.0.cpp:37965:13: warning: Added loop label VITIS_LOOP_2335_8:   [xilinx-label-all-loops]
            for(int j=15; j>=7+I; j--) {
            ^~~
            VITIS_LOOP_2335_8: 
/home/siyenga7/FPGA/hls_component/attention_int8_kernel/hls/.autopilot/db/attention_int8.pp.0.cpp:37965:13: note: FIX-IT applied suggested code changes
/home/siyenga7/FPGA/hls_component/attention_int8_kernel/hls/.autopilot/db/attention_int8.pp.0.cpp:37972:17: warning: Added loop label VITIS_LOOP_2342_9:   [xilinx-label-all-loops]
                for(int j=15; j>=7+I; j--) {
                ^~~
                VITIS_LOOP_2342_9: 
/home/siyenga7/FPGA/hls_component/attention_int8_kernel/hls/.autopilot/db/attention_int8.pp.0.cpp:37972:17: note: FIX-IT applied suggested code changes
/home/siyenga7/FPGA/hls_component/attention_int8_kernel/hls/.autopilot/db/attention_int8.pp.0.cpp:37976:17: warning: Added loop label VITIS_LOOP_2346_10:   [xilinx-label-all-loops]
                for(int j=6+I; j>=0; j--) {
                ^~~
                VITIS_LOOP_2346_10: 
/home/siyenga7/FPGA/hls_component/attention_int8_kernel/hls/.autopilot/db/attention_int8.pp.0.cpp:37976:17: note: FIX-IT applied suggested code changes
/home/siyenga7/FPGA/hls_component/attention_int8_kernel/hls/.autopilot/db/attention_int8.pp.0.cpp:37994:9: warning: Added loop label VITIS_LOOP_2364_11:   [xilinx-label-all-loops]
        for(int j=20; j<32; j++) {
        ^~~
        VITIS_LOOP_2364_11: 
/home/siyenga7/FPGA/hls_component/attention_int8_kernel/hls/.autopilot/db/attention_int8.pp.0.cpp:37994:9: note: FIX-IT applied suggested code changes
/home/siyenga7/FPGA/hls_component/attention_int8_kernel/hls/.autopilot/db/attention_int8.pp.0.cpp:38083:13: warning: Added loop label VITIS_LOOP_2453_12:   [xilinx-label-all-loops]
            for(int j=31; j>=I+15; j--) {
            ^~~
            VITIS_LOOP_2453_12: 
/home/siyenga7/FPGA/hls_component/attention_int8_kernel/hls/.autopilot/db/attention_int8.pp.0.cpp:38083:13: note: FIX-IT applied suggested code changes
/home/siyenga7/FPGA/hls_component/attention_int8_kernel/hls/.autopilot/db/attention_int8.pp.0.cpp:38090:17: warning: Added loop label VITIS_LOOP_2460_13:   [xilinx-label-all-loops]
                for(int j=31; j>=I+15; j--) {
                ^~~
                VITIS_LOOP_2460_13: 
/home/siyenga7/FPGA/hls_component/attention_int8_kernel/hls/.autopilot/db/attention_int8.pp.0.cpp:38090:17: note: FIX-IT applied suggested code changes
/home/siyenga7/FPGA/hls_component/attention_int8_kernel/hls/.autopilot/db/attention_int8.pp.0.cpp:38094:17: warning: Added loop label VITIS_LOOP_2464_14:   [xilinx-label-all-loops]
                for(int j=I+14; j>=0; j--) {
                ^~~
                VITIS_LOOP_2464_14: 
/home/siyenga7/FPGA/hls_component/attention_int8_kernel/hls/.autopilot/db/attention_int8.pp.0.cpp:38094:17: note: FIX-IT applied suggested code changes
/home/siyenga7/FPGA/hls_component/attention_int8_kernel/hls/.autopilot/db/attention_int8.pp.0.cpp:38104:9: warning: Added loop label VITIS_LOOP_2474_15:   [xilinx-label-all-loops]
        for(int j=32-F; j<32+I; j++) {
        ^~~
        VITIS_LOOP_2474_15: 
/home/siyenga7/FPGA/hls_component/attention_int8_kernel/hls/.autopilot/db/attention_int8.pp.0.cpp:38104:9: note: FIX-IT applied suggested code changes
/home/siyenga7/FPGA/hls_component/attention_int8_kernel/hls/.autopilot/db/attention_int8.pp.0.cpp:38108:9: warning: Added loop label VITIS_LOOP_2478_16:   [xilinx-label-all-loops]
        for(int j=32+I; j<=64; j++) {
        ^~~
        VITIS_LOOP_2478_16: 
/home/siyenga7/FPGA/hls_component/attention_int8_kernel/hls/.autopilot/db/attention_int8.pp.0.cpp:38108:9: note: FIX-IT applied suggested code changes
/home/siyenga7/FPGA/hls_component/attention_int8_kernel/hls/.autopilot/db/attention_int8.pp.0.cpp:38119:9: warning: Added loop label VITIS_LOOP_2489_17:   [xilinx-label-all-loops]
        for(int j=37; j<64; j++) {
        ^~~
        VITIS_LOOP_2489_17: 
/home/siyenga7/FPGA/hls_component/attention_int8_kernel/hls/.autopilot/db/attention_int8.pp.0.cpp:38119:9: note: FIX-IT applied suggested code changes
/home/siyenga7/FPGA/hls_component/attention_int8_kernel/hls/.autopilot/db/attention_int8.pp.0.cpp:38127:17: warning: Added loop label VITIS_LOOP_2497_18:   [xilinx-label-all-loops]
                for(int j=0; j<64; j++) {
                ^~~
                VITIS_LOOP_2497_18: 
/home/siyenga7/FPGA/hls_component/attention_int8_kernel/hls/.autopilot/db/attention_int8.pp.0.cpp:38127:17: note: FIX-IT applied suggested code changes
/home/siyenga7/FPGA/hls_component/attention_int8_kernel/hls/.autopilot/db/attention_int8.pp.0.cpp:38452:13: warning: Added loop label VITIS_LOOP_2822_19:   [xilinx-label-all-loops]
            for(int j=63; j>=I+31; j--) {
            ^~~
            VITIS_LOOP_2822_19: 
/home/siyenga7/FPGA/hls_component/attention_int8_kernel/hls/.autopilot/db/attention_int8.pp.0.cpp:38452:13: note: FIX-IT applied suggested code changes
/home/siyenga7/FPGA/hls_component/attention_int8_kernel/hls/.autopilot/db/attention_int8.pp.0.cpp:38459:17: warning: Added loop label VITIS_LOOP_2829_20:   [xilinx-label-all-loops]
                for(int j=63; j>=I+31; j--) {
                ^~~
                VITIS_LOOP_2829_20: 
/home/siyenga7/FPGA/hls_component/attention_int8_kernel/hls/.autopilot/db/attention_int8.pp.0.cpp:38459:17: note: FIX-IT applied suggested code changes
/home/siyenga7/FPGA/hls_component/attention_int8_kernel/hls/.autopilot/db/attention_int8.pp.0.cpp:38463:17: warning: Added loop label VITIS_LOOP_2833_21:   [xilinx-label-all-loops]
                for(int j=I+30; j>=0; j--) {
                ^~~
                VITIS_LOOP_2833_21: 
/home/siyenga7/FPGA/hls_component/attention_int8_kernel/hls/.autopilot/db/attention_int8.pp.0.cpp:38463:17: note: FIX-IT applied suggested code changes
/home/siyenga7/FPGA/hls_component/attention_int8_kernel/hls/.autopilot/db/attention_int8.pp.0.cpp:38551:4: warning: Added loop label VITIS_LOOP_2921_1:   [xilinx-label-all-loops]
   for(int j = 5; j>=I_+2; j--) {
   ^~~
   VITIS_LOOP_2921_1: 
/home/siyenga7/FPGA/hls_component/attention_int8_kernel/hls/.autopilot/db/attention_int8.pp.0.cpp:38551:4: note: FIX-IT applied suggested code changes
/home/siyenga7/FPGA/hls_component/attention_int8_kernel/hls/.autopilot/db/attention_int8.pp.0.cpp:38558:5: warning: Added loop label VITIS_LOOP_2928_2:   [xilinx-label-all-loops]
    for(int j = 5; j>=I_+2; j--) {
    ^~~
    VITIS_LOOP_2928_2: 
/home/siyenga7/FPGA/hls_component/attention_int8_kernel/hls/.autopilot/db/attention_int8.pp.0.cpp:38558:5: note: FIX-IT applied suggested code changes
/home/siyenga7/FPGA/hls_component/attention_int8_kernel/hls/.autopilot/db/attention_int8.pp.0.cpp:38562:5: warning: Added loop label VITIS_LOOP_2932_3:   [xilinx-label-all-loops]
    for(int j = I_+1; j>=0; j--) {
    ^~~
    VITIS_LOOP_2932_3: 
/home/siyenga7/FPGA/hls_component/attention_int8_kernel/hls/.autopilot/db/attention_int8.pp.0.cpp:38562:5: note: FIX-IT applied suggested code changes
/home/siyenga7/FPGA/hls_component/attention_int8_kernel/hls/.autopilot/db/attention_int8.pp.0.cpp:38577:3: warning: Added loop label VITIS_LOOP_2947_4:   [xilinx-label-all-loops]
  for(int j = 11; j >=7; j--) {
  ^~~
  VITIS_LOOP_2947_4: 
/home/siyenga7/FPGA/hls_component/attention_int8_kernel/hls/.autopilot/db/attention_int8.pp.0.cpp:38577:3: note: FIX-IT applied suggested code changes
/home/siyenga7/FPGA/hls_component/attention_int8_kernel/hls/.autopilot/db/attention_int8.pp.0.cpp:38609:4: warning: Added loop label VITIS_LOOP_2979_5:   [xilinx-label-all-loops]
   for(int j = 11; j >= I_+5; j--) {
   ^~~
   VITIS_LOOP_2979_5: 
/home/siyenga7/FPGA/hls_component/attention_int8_kernel/hls/.autopilot/db/attention_int8.pp.0.cpp:38609:4: note: FIX-IT applied suggested code changes
/home/siyenga7/FPGA/hls_component/attention_int8_kernel/hls/.autopilot/db/attention_int8.pp.0.cpp:38616:5: warning: Added loop label VITIS_LOOP_2986_6:   [xilinx-label-all-loops]
    for(int j = 11; j>= I_+5; j--) {
    ^~~
    VITIS_LOOP_2986_6: 
/home/siyenga7/FPGA/hls_component/attention_int8_kernel/hls/.autopilot/db/attention_int8.pp.0.cpp:38616:5: note: FIX-IT applied suggested code changes
/home/siyenga7/FPGA/hls_component/attention_int8_kernel/hls/.autopilot/db/attention_int8.pp.0.cpp:38620:5: warning: Added loop label VITIS_LOOP_2990_7:   [xilinx-label-all-loops]
    for(int j = I_+4; j>=0; j--) {
    ^~~
    VITIS_LOOP_2990_7: 
/home/siyenga7/FPGA/hls_component/attention_int8_kernel/hls/.autopilot/db/attention_int8.pp.0.cpp:38620:5: note: FIX-IT applied suggested code changes
/home/siyenga7/FPGA/hls_component/attention_int8_kernel/hls/.autopilot/db/attention_int8.pp.0.cpp:38635:3: warning: Added loop label VITIS_LOOP_3005_8:   [xilinx-label-all-loops]
  for(int j = 25; j>=15; j--) {
  ^~~
  VITIS_LOOP_3005_8: 
/home/siyenga7/FPGA/hls_component/attention_int8_kernel/hls/.autopilot/db/attention_int8.pp.0.cpp:38635:3: note: FIX-IT applied suggested code changes
/home/siyenga7/FPGA/hls_component/attention_int8_kernel/hls/.autopilot/db/attention_int8.pp.0.cpp:38685:4: warning: Added loop label VITIS_LOOP_3055_9:   [xilinx-label-all-loops]
   for(int j = 25; j>= I_+12; j--) {
   ^~~
   VITIS_LOOP_3055_9: 
/home/siyenga7/FPGA/hls_component/attention_int8_kernel/hls/.autopilot/db/attention_int8.pp.0.cpp:38685:4: note: FIX-IT applied suggested code changes
/home/siyenga7/FPGA/hls_component/attention_int8_kernel/hls/.autopilot/db/attention_int8.pp.0.cpp:38692:5: warning: Added loop label VITIS_LOOP_3062_10:   [xilinx-label-all-loops]
    for(int j = 25; j>=I_+12; j--) {
    ^~~
    VITIS_LOOP_3062_10: 
/home/siyenga7/FPGA/hls_component/attention_int8_kernel/hls/.autopilot/db/attention_int8.pp.0.cpp:38692:5: note: FIX-IT applied suggested code changes
/home/siyenga7/FPGA/hls_component/attention_int8_kernel/hls/.autopilot/db/attention_int8.pp.0.cpp:38696:5: warning: Added loop label VITIS_LOOP_3066_11:   [xilinx-label-all-loops]
    for(int j = I_+11; j>=0; j--) {
    ^~~
    VITIS_LOOP_3066_11: 
/home/siyenga7/FPGA/hls_component/attention_int8_kernel/hls/.autopilot/db/attention_int8.pp.0.cpp:38696:5: note: FIX-IT applied suggested code changes
/home/siyenga7/FPGA/hls_component/attention_int8_kernel/hls/.autopilot/db/attention_int8.pp.0.cpp:38711:3: warning: Added loop label VITIS_LOOP_3081_12:   [xilinx-label-all-loops]
  for(int j = 51; j >= 29; j--) {
  ^~~
  VITIS_LOOP_3081_12: 
/home/siyenga7/FPGA/hls_component/attention_int8_kernel/hls/.autopilot/db/attention_int8.pp.0.cpp:38711:3: note: FIX-IT applied suggested code changes
/home/siyenga7/FPGA/hls_component/attention_int8_kernel/hls/.autopilot/db/attention_int8.pp.0.cpp:38848:4: warning: Added loop label VITIS_LOOP_3218_13:   [xilinx-label-all-loops]
   for(int j = 51; j >= 25 + I_; j--) {
   ^~~
   VITIS_LOOP_3218_13: 
/home/siyenga7/FPGA/hls_component/attention_int8_kernel/hls/.autopilot/db/attention_int8.pp.0.cpp:38848:4: note: FIX-IT applied suggested code changes
/home/siyenga7/FPGA/hls_component/attention_int8_kernel/hls/.autopilot/db/attention_int8.pp.0.cpp:38855:5: warning: Added loop label VITIS_LOOP_3225_14:   [xilinx-label-all-loops]
    for(int j = 51; j>=25 + I_; j--) {
    ^~~
    VITIS_LOOP_3225_14: 
/home/siyenga7/FPGA/hls_component/attention_int8_kernel/hls/.autopilot/db/attention_int8.pp.0.cpp:38855:5: note: FIX-IT applied suggested code changes
/home/siyenga7/FPGA/hls_component/attention_int8_kernel/hls/.autopilot/db/attention_int8.pp.0.cpp:38859:5: warning: Added loop label VITIS_LOOP_3229_15:   [xilinx-label-all-loops]
    for(int j = 24 + I_; j >= 0; j--) {
    ^~~
    VITIS_LOOP_3229_15: 
/home/siyenga7/FPGA/hls_component/attention_int8_kernel/hls/.autopilot/db/attention_int8.pp.0.cpp:38859:5: note: FIX-IT applied suggested code changes
/home/siyenga7/FPGA/hls_component/attention_int8_kernel/hls/.autopilot/db/attention_int8.pp.0.cpp:38874:3: warning: Added loop label VITIS_LOOP_3244_16:   [xilinx-label-all-loops]
  for(int j = 63; j >= 36; j--) {
  ^~~
  VITIS_LOOP_3244_16: 
/home/siyenga7/FPGA/hls_component/attention_int8_kernel/hls/.autopilot/db/attention_int8.pp.0.cpp:38874:3: note: FIX-IT applied suggested code changes
/home/siyenga7/FPGA/hls_component/attention_int8_kernel/hls/.autopilot/db/attention_int8.pp.0.cpp:39034:4: warning: Added loop label VITIS_LOOP_3404_17:   [xilinx-label-all-loops]
   for(int j = 63; j >= 31 + I_; j--) {
   ^~~
   VITIS_LOOP_3404_17: 
/home/siyenga7/FPGA/hls_component/attention_int8_kernel/hls/.autopilot/db/attention_int8.pp.0.cpp:39034:4: note: FIX-IT applied suggested code changes
/home/siyenga7/FPGA/hls_component/attention_int8_kernel/hls/.autopilot/db/attention_int8.pp.0.cpp:39041:5: warning: Added loop label VITIS_LOOP_3411_18:   [xilinx-label-all-loops]
    for(int j = 63; j >= 31 + I_; j--) {
    ^~~
    VITIS_LOOP_3411_18: 
/home/siyenga7/FPGA/hls_component/attention_int8_kernel/hls/.autopilot/db/attention_int8.pp.0.cpp:39041:5: note: FIX-IT applied suggested code changes
/home/siyenga7/FPGA/hls_component/attention_int8_kernel/hls/.autopilot/db/attention_int8.pp.0.cpp:39045:5: warning: Added loop label VITIS_LOOP_3415_19:   [xilinx-label-all-loops]
    for(int j = 30 + I_; j >= 0; j--) {
    ^~~
    VITIS_LOOP_3415_19: 
/home/siyenga7/FPGA/hls_component/attention_int8_kernel/hls/.autopilot/db/attention_int8.pp.0.cpp:39045:5: note: FIX-IT applied suggested code changes
/home/siyenga7/FPGA/hls_component/attention_int8_kernel/hls/.autopilot/db/attention_int8.pp.0.cpp:39760:13: warning: Added loop label VITIS_LOOP_703_1:   [xilinx-label-all-loops]
            for (b_exp = I_-1; b_exp >= -F_; b_exp--) {
            ^~~
            VITIS_LOOP_703_1: 
/home/siyenga7/FPGA/hls_component/attention_int8_kernel/hls/.autopilot/db/attention_int8.pp.0.cpp:39760:13: note: FIX-IT applied suggested code changes
/home/siyenga7/FPGA/hls_component/attention_int8_kernel/hls/.autopilot/db/attention_int8.pp.0.cpp:39978:13: warning: Added loop label VITIS_LOOP_921_1:   [xilinx-label-all-loops]
            for (b_exp = I_-1; b_exp >= -F_; b_exp--) {
            ^~~
            VITIS_LOOP_921_1: 
/home/siyenga7/FPGA/hls_component/attention_int8_kernel/hls/.autopilot/db/attention_int8.pp.0.cpp:39978:13: note: FIX-IT applied suggested code changes
/home/siyenga7/FPGA/hls_component/attention_int8_kernel/hls/.autopilot/db/attention_int8.pp.0.cpp:40395:13: warning: Added loop label VITIS_LOOP_1345_1:   [xilinx-label-all-loops]
            for (b_exp = I_-1; b_exp >= -F_; b_exp--) {
            ^~~
            VITIS_LOOP_1345_1: 
/home/siyenga7/FPGA/hls_component/attention_int8_kernel/hls/.autopilot/db/attention_int8.pp.0.cpp:40395:13: note: FIX-IT applied suggested code changes
/home/siyenga7/FPGA/hls_component/attention_int8_kernel/hls/.autopilot/db/attention_int8.pp.0.cpp:40715:9: warning: Added loop label VITIS_LOOP_240_1:   [xilinx-label-all-loops]
        for ( int pos = msbr-1; pos >= 0; pos-- ) {
        ^~~
        VITIS_LOOP_240_1: 
/home/siyenga7/FPGA/hls_component/attention_int8_kernel/hls/.autopilot/db/attention_int8.pp.0.cpp:40715:9: note: FIX-IT applied suggested code changes
/home/siyenga7/FPGA/hls_component/attention_int8_kernel/hls/.autopilot/db/attention_int8.pp.0.cpp:40743:9: warning: Added loop label VITIS_LOOP_268_2:   [xilinx-label-all-loops]
        for ( int pos = -1; pos >= -F_-1; pos-- ) {
        ^~~
        VITIS_LOOP_268_2: 
/home/siyenga7/FPGA/hls_component/attention_int8_kernel/hls/.autopilot/db/attention_int8.pp.0.cpp:40743:9: note: FIX-IT applied suggested code changes
/home/siyenga7/FPGA/hls_component/attention_int8_kernel/hls/.autopilot/db/attention_int8.pp.0.cpp:41445:13: warning: Added loop label VITIS_LOOP_48_1:   [xilinx-label-all-loops]
            for (int j = 0; j < W_-1; j++){
            ^~~
            VITIS_LOOP_48_1: 
/home/siyenga7/FPGA/hls_component/attention_int8_kernel/hls/.autopilot/db/attention_int8.pp.0.cpp:41445:13: note: FIX-IT applied suggested code changes
/home/siyenga7/FPGA/hls_component/attention_int8_kernel/hls/.autopilot/db/attention_int8.pp.0.cpp:41498:5: warning: Added loop label VITIS_LOOP_109_2:   [xilinx-label-all-loops]
    for (int j = F_l+F_+I_m-1; j < F_l+W_+5; j++){
    ^~~
    VITIS_LOOP_109_2: 
/home/siyenga7/FPGA/hls_component/attention_int8_kernel/hls/.autopilot/db/attention_int8.pp.0.cpp:41498:5: note: FIX-IT applied suggested code changes
/home/siyenga7/FPGA/hls_component/attention_int8_kernel/hls/.autopilot/db/attention_int8.pp.0.cpp:41512:13: warning: Added loop label VITIS_LOOP_123_3:   [xilinx-label-all-loops]
            for (int j = WO_m-1; j >= W_-1; j--) {
            ^~~
            VITIS_LOOP_123_3: 
/home/siyenga7/FPGA/hls_component/attention_int8_kernel/hls/.autopilot/db/attention_int8.pp.0.cpp:41512:13: note: FIX-IT applied suggested code changes
/home/siyenga7/FPGA/hls_component/attention_int8_kernel/hls/.autopilot/db/attention_int8.pp.0.cpp:41542:13: warning: Added loop label VITIS_LOOP_153_4:   [xilinx-label-all-loops]
            for (int j = W_-2; j >= 0; j--){
            ^~~
            VITIS_LOOP_153_4: 
/home/siyenga7/FPGA/hls_component/attention_int8_kernel/hls/.autopilot/db/attention_int8.pp.0.cpp:41542:13: note: FIX-IT applied suggested code changes
/home/siyenga7/FPGA/hls_component/attention_int8_kernel/hls/.autopilot/db/attention_int8.pp.0.cpp:41627:12: warning: Added loop label VITIS_LOOP_281_1:   [xilinx-label-all-loops]
           for(int i = wf_log+we_log-2; i > WI_e - 2; --i) {
           ^~~
           VITIS_LOOP_281_1: 
/home/siyenga7/FPGA/hls_component/attention_int8_kernel/hls/.autopilot/db/attention_int8.pp.0.cpp:41627:12: note: FIX-IT applied suggested code changes
/home/siyenga7/FPGA/hls_component/attention_int8_kernel/hls/.autopilot/db/attention_int8.pp.0.cpp:41647:16: warning: Added loop label VITIS_LOOP_301_2:   [xilinx-label-all-loops]
               for (int j = WO_e-1; j >= W_-1; j--) {
               ^~~
               VITIS_LOOP_301_2: 
/home/siyenga7/FPGA/hls_component/attention_int8_kernel/hls/.autopilot/db/attention_int8.pp.0.cpp:41647:16: note: FIX-IT applied suggested code changes
/home/siyenga7/FPGA/hls_component/attention_int8_kernel/hls/.autopilot/db/attention_int8.pp.0.cpp:41661:20: warning: Added loop label VITIS_LOOP_315_3:   [xilinx-label-all-loops]
                   for(int i = 0; i < W_-1; ++i) {
                   ^~~
                   VITIS_LOOP_315_3: 
/home/siyenga7/FPGA/hls_component/attention_int8_kernel/hls/.autopilot/db/attention_int8.pp.0.cpp:41661:20: note: FIX-IT applied suggested code changes
/home/siyenga7/FPGA/hls_component/attention_int8_kernel/hls/.autopilot/db/attention_int8.pp.0.cpp:41754:12: warning: Added loop label VITIS_LOOP_433_1:   [xilinx-label-all-loops]
           for (int j =WO_d-1; j >= W_-1; j--) {
           ^~~
           VITIS_LOOP_433_1: 
/home/siyenga7/FPGA/hls_component/attention_int8_kernel/hls/.autopilot/db/attention_int8.pp.0.cpp:41754:12: note: FIX-IT applied suggested code changes
/home/siyenga7/FPGA/hls_component/attention_int8_kernel/hls/.autopilot/db/attention_int8.pp.0.cpp:41768:15: warning: Added loop label VITIS_LOOP_447_2:   [xilinx-label-all-loops]
              for(int i = 0; i < W_-1; ++i) {
              ^~~
              VITIS_LOOP_447_2: 
/home/siyenga7/FPGA/hls_component/attention_int8_kernel/hls/.autopilot/db/attention_int8.pp.0.cpp:41768:15: note: FIX-IT applied suggested code changes
/home/siyenga7/FPGA/hls_component/attention_int8_kernel/hls/.autopilot/db/attention_int8.pp.0.cpp:41888:13: warning: Added loop label VITIS_LOOP_33_1:   [xilinx-label-all-loops]
            for (int i = 0; i < W_-1; i++){
            ^~~
            VITIS_LOOP_33_1: 
/home/siyenga7/FPGA/hls_component/attention_int8_kernel/hls/.autopilot/db/attention_int8.pp.0.cpp:41888:13: note: FIX-IT applied suggested code changes
/home/siyenga7/FPGA/hls_component/attention_int8_kernel/hls/.autopilot/db/attention_int8.pp.0.cpp:42012:13: warning: Added loop label VITIS_LOOP_183_1:   [xilinx-label-all-loops]
            for (int i = 0; i < W_-1; i++){
            ^~~
            VITIS_LOOP_183_1: 
/home/siyenga7/FPGA/hls_component/attention_int8_kernel/hls/.autopilot/db/attention_int8.pp.0.cpp:42012:13: note: FIX-IT applied suggested code changes
/home/siyenga7/FPGA/hls_component/attention_int8_kernel/hls/.autopilot/db/attention_int8.pp.0.cpp:42067:13: warning: Added loop label VITIS_LOOP_248_1:   [xilinx-label-all-loops]
            for (int i = 0; i < W_-1; i++){
            ^~~
            VITIS_LOOP_248_1: 
/home/siyenga7/FPGA/hls_component/attention_int8_kernel/hls/.autopilot/db/attention_int8.pp.0.cpp:42067:13: note: FIX-IT applied suggested code changes
/home/siyenga7/FPGA/hls_component/attention_int8_kernel/hls/.autopilot/db/attention_int8.pp.0.cpp:42586:2: warning: Added loop label VITIS_LOOP_16_1:   [xilinx-label-all-loops]
 for (int i=0; i<W_;i++)
 ^~~
 VITIS_LOOP_16_1: 
/home/siyenga7/FPGA/hls_component/attention_int8_kernel/hls/.autopilot/db/attention_int8.pp.0.cpp:42586:2: note: FIX-IT applied suggested code changes
/home/siyenga7/FPGA/hls_component/attention_int8_kernel/hls/.autopilot/db/attention_int8.pp.0.cpp:42597:2: warning: Added loop label VITIS_LOOP_27_1:   [xilinx-label-all-loops]
 for (int i=0; i<W_;i++)
 ^~~
 VITIS_LOOP_27_1: 
/home/siyenga7/FPGA/hls_component/attention_int8_kernel/hls/.autopilot/db/attention_int8.pp.0.cpp:42597:2: note: FIX-IT applied suggested code changes
/home/siyenga7/FPGA/hls_component/attention_int8_kernel/hls/.autopilot/db/attention_int8.pp.0.cpp:42608:2: warning: Added loop label VITIS_LOOP_38_1:   [xilinx-label-all-loops]
 for (int i=0; i<I_;i++)
 ^~~
 VITIS_LOOP_38_1: 
/home/siyenga7/FPGA/hls_component/attention_int8_kernel/hls/.autopilot/db/attention_int8.pp.0.cpp:42608:2: note: FIX-IT applied suggested code changes
/home/siyenga7/FPGA/hls_component/attention_int8_kernel/hls/.autopilot/db/attention_int8.pp.0.cpp:42619:2: warning: Added loop label VITIS_LOOP_49_1:   [xilinx-label-all-loops]
 for (int i=0; i<I_;i++)
 ^~~
 VITIS_LOOP_49_1: 
/home/siyenga7/FPGA/hls_component/attention_int8_kernel/hls/.autopilot/db/attention_int8.pp.0.cpp:42619:2: note: FIX-IT applied suggested code changes
/home/siyenga7/FPGA/hls_component/attention_int8_kernel/hls/.autopilot/db/attention_int8.pp.0.cpp:42630:2: warning: Added loop label VITIS_LOOP_60_1:   [xilinx-label-all-loops]
 for (int i=0; i<W_;i++)
 ^~~
 VITIS_LOOP_60_1: 
/home/siyenga7/FPGA/hls_component/attention_int8_kernel/hls/.autopilot/db/attention_int8.pp.0.cpp:42630:2: note: FIX-IT applied suggested code changes
/home/siyenga7/FPGA/hls_component/attention_int8_kernel/hls/.autopilot/db/attention_int8.pp.0.cpp:42641:2: warning: Added loop label VITIS_LOOP_71_1:   [xilinx-label-all-loops]
 for (int i=0; i<W_;i++)
 ^~~
 VITIS_LOOP_71_1: 
/home/siyenga7/FPGA/hls_component/attention_int8_kernel/hls/.autopilot/db/attention_int8.pp.0.cpp:42641:2: note: FIX-IT applied suggested code changes
/home/siyenga7/FPGA/hls_component/attention_int8_kernel/hls/.autopilot/db/attention_int8.pp.0.cpp:42652:2: warning: Added loop label VITIS_LOOP_82_1:   [xilinx-label-all-loops]
 for (int i=0; i<I_;i++)
 ^~~
 VITIS_LOOP_82_1: 
/home/siyenga7/FPGA/hls_component/attention_int8_kernel/hls/.autopilot/db/attention_int8.pp.0.cpp:42652:2: note: FIX-IT applied suggested code changes
/home/siyenga7/FPGA/hls_component/attention_int8_kernel/hls/.autopilot/db/attention_int8.pp.0.cpp:42663:2: warning: Added loop label VITIS_LOOP_93_1:   [xilinx-label-all-loops]
 for (int i=0; i<I_;i++)
 ^~~
 VITIS_LOOP_93_1: 
/home/siyenga7/FPGA/hls_component/attention_int8_kernel/hls/.autopilot/db/attention_int8.pp.0.cpp:42663:2: note: FIX-IT applied suggested code changes
/home/siyenga7/FPGA/hls_component/attention_int8_kernel/hls/.autopilot/db/attention_int8.pp.0.cpp:44988:12: warning: Added loop label VITIS_LOOP_26_1:   [xilinx-label-all-loops]
           for(int i = 0; i < W_-1; ++i) {
           ^~~
           VITIS_LOOP_26_1: 
/home/siyenga7/FPGA/hls_component/attention_int8_kernel/hls/.autopilot/db/attention_int8.pp.0.cpp:44988:12: note: FIX-IT applied suggested code changes
/home/siyenga7/FPGA/hls_component/attention_int8_kernel/hls/.autopilot/db/attention_int8.pp.0.cpp:45052:7: warning: Added loop label VITIS_LOOP_40_1:   [xilinx-label-all-loops]
      for(int pos = msbr - 1 ; pos >= -F-1; pos--) {
      ^~~
      VITIS_LOOP_40_1: 
/home/siyenga7/FPGA/hls_component/attention_int8_kernel/hls/.autopilot/db/attention_int8.pp.0.cpp:45052:7: note: FIX-IT applied suggested code changes
/home/siyenga7/FPGA/hls_component/attention_int8_kernel/hls/.autopilot/db/attention_int8.pp.0.cpp:45169:9: warning: Added loop label VITIS_LOOP_49_1:   [xilinx-label-all-loops]
        for(int pos = msbr - 1; pos >= 0; pos--) {
        ^~~
        VITIS_LOOP_49_1: 
/home/siyenga7/FPGA/hls_component/attention_int8_kernel/hls/.autopilot/db/attention_int8.pp.0.cpp:45169:9: note: FIX-IT applied suggested code changes
/home/siyenga7/FPGA/hls_component/attention_int8_kernel/hls/.autopilot/db/attention_int8.pp.0.cpp:45194:5: warning: Added loop label VITIS_LOOP_81_2:   [xilinx-label-all-loops]
    for(int pos = -1; pos >= -F-1; pos--) {
    ^~~
    VITIS_LOOP_81_2: 
/home/siyenga7/FPGA/hls_component/attention_int8_kernel/hls/.autopilot/db/attention_int8.pp.0.cpp:45194:5: note: FIX-IT applied suggested code changes
/home/siyenga7/FPGA/hls_component/attention_int8_kernel/hls/.autopilot/db/attention_int8.pp.0.cpp:45264:8: warning: Added loop label VITIS_LOOP_169_3:   [xilinx-label-all-loops]
       for(int i = 0; i < W - 1; ++i) {
       ^~~
       VITIS_LOOP_169_3: 
/home/siyenga7/FPGA/hls_component/attention_int8_kernel/hls/.autopilot/db/attention_int8.pp.0.cpp:45264:8: note: FIX-IT applied suggested code changes
/home/siyenga7/FPGA/hls_component/attention_int8_kernel/hls/.autopilot/db/attention_int8.pp.0.cpp:47543:2: warning: Added loop label VITIS_LOOP_81_1:   [xilinx-label-all-loops]
 for (int h_q = 0; h_q < NUM_Q_HEADS; ++h_q) {
 ^~~
 VITIS_LOOP_81_1: 
/home/siyenga7/FPGA/hls_component/attention_int8_kernel/hls/.autopilot/db/attention_int8.pp.0.cpp:47543:2: note: FIX-IT applied suggested code changes
/home/siyenga7/FPGA/hls_component/attention_int8_kernel/hls/.autopilot/db/attention_int8.pp.0.cpp:47551:9: warning: Added loop label VITIS_LOOP_89_2:   [xilinx-label-all-loops]
        for (int qb = 0; qb < SEQ_LEN; qb += BQ) {
        ^~~
        VITIS_LOOP_89_2: 
/home/siyenga7/FPGA/hls_component/attention_int8_kernel/hls/.autopilot/db/attention_int8.pp.0.cpp:47551:9: note: FIX-IT applied suggested code changes
/home/siyenga7/FPGA/hls_component/attention_int8_kernel/hls/.autopilot/db/attention_int8.pp.0.cpp:47563:2: warning: Added loop label VITIS_LOOP_101_3:   [xilinx-label-all-loops]
 for (int i = 0; i < BQ; ++i) {
 ^~~
 VITIS_LOOP_101_3: 
/home/siyenga7/FPGA/hls_component/attention_int8_kernel/hls/.autopilot/db/attention_int8.pp.0.cpp:47563:2: note: FIX-IT applied suggested code changes
/home/siyenga7/FPGA/hls_component/attention_int8_kernel/hls/.autopilot/db/attention_int8.pp.0.cpp:47564:17: warning: Added loop label VITIS_LOOP_102_4:   [xilinx-label-all-loops]
                for (int d = 0; d < HEAD_DIM; ++d) {
                ^~~
                VITIS_LOOP_102_4: 
/home/siyenga7/FPGA/hls_component/attention_int8_kernel/hls/.autopilot/db/attention_int8.pp.0.cpp:47564:17: note: FIX-IT applied suggested code changes
/home/siyenga7/FPGA/hls_component/attention_int8_kernel/hls/.autopilot/db/attention_int8.pp.0.cpp:47570:13: warning: Added loop label VITIS_LOOP_108_5:   [xilinx-label-all-loops]
            for (int i = 0; i < BQ; ++i) {
            ^~~
            VITIS_LOOP_108_5: 
/home/siyenga7/FPGA/hls_component/attention_int8_kernel/hls/.autopilot/db/attention_int8.pp.0.cpp:47570:13: note: FIX-IT applied suggested code changes
/home/siyenga7/FPGA/hls_component/attention_int8_kernel/hls/.autopilot/db/attention_int8.pp.0.cpp:47574:17: warning: Added loop label VITIS_LOOP_112_6:   [xilinx-label-all-loops]
                for (int d = 0; d < HEAD_DIM; ++d) {
                ^~~
                VITIS_LOOP_112_6: 
/home/siyenga7/FPGA/hls_component/attention_int8_kernel/hls/.autopilot/db/attention_int8.pp.0.cpp:47574:17: note: FIX-IT applied suggested code changes
/home/siyenga7/FPGA/hls_component/attention_int8_kernel/hls/.autopilot/db/attention_int8.pp.0.cpp:47580:13: warning: Added loop label VITIS_LOOP_118_7:   [xilinx-label-all-loops]
            for (int kb = 0; kb < SEQ_LEN; kb += BK) {
            ^~~
            VITIS_LOOP_118_7: 
/home/siyenga7/FPGA/hls_component/attention_int8_kernel/hls/.autopilot/db/attention_int8.pp.0.cpp:47580:13: note: FIX-IT applied suggested code changes
/home/siyenga7/FPGA/hls_component/attention_int8_kernel/hls/.autopilot/db/attention_int8.pp.0.cpp:47592:2: warning: Added loop label VITIS_LOOP_130_8:   [xilinx-label-all-loops]
 for (int j = 0; j < BK; ++j) {
 ^~~
 VITIS_LOOP_130_8: 
/home/siyenga7/FPGA/hls_component/attention_int8_kernel/hls/.autopilot/db/attention_int8.pp.0.cpp:47592:2: note: FIX-IT applied suggested code changes
/home/siyenga7/FPGA/hls_component/attention_int8_kernel/hls/.autopilot/db/attention_int8.pp.0.cpp:47593:21: warning: Added loop label VITIS_LOOP_131_9:   [xilinx-label-all-loops]
                    for (int d = 0; d < HEAD_DIM; ++d) {
                    ^~~
                    VITIS_LOOP_131_9: 
/home/siyenga7/FPGA/hls_component/attention_int8_kernel/hls/.autopilot/db/attention_int8.pp.0.cpp:47593:21: note: FIX-IT applied suggested code changes
/home/siyenga7/FPGA/hls_component/attention_int8_kernel/hls/.autopilot/db/attention_int8.pp.0.cpp:47606:2: warning: Added loop label VITIS_LOOP_144_10:   [xilinx-label-all-loops]
 for (int i = 0; i < BQ; ++i) {
 ^~~
 VITIS_LOOP_144_10: 
/home/siyenga7/FPGA/hls_component/attention_int8_kernel/hls/.autopilot/db/attention_int8.pp.0.cpp:47606:2: note: FIX-IT applied suggested code changes
/home/siyenga7/FPGA/hls_component/attention_int8_kernel/hls/.autopilot/db/attention_int8.pp.0.cpp:47608:21: warning: Added loop label VITIS_LOOP_146_11:   [xilinx-label-all-loops]
                    for (int j = 0; j < BK; ++j) {
                    ^~~
                    VITIS_LOOP_146_11: 
/home/siyenga7/FPGA/hls_component/attention_int8_kernel/hls/.autopilot/db/attention_int8.pp.0.cpp:47608:21: note: FIX-IT applied suggested code changes
/home/siyenga7/FPGA/hls_component/attention_int8_kernel/hls/.autopilot/db/attention_int8.pp.0.cpp:47611:25: warning: Added loop label VITIS_LOOP_149_12:   [xilinx-label-all-loops]
                        for (int d = 0; d < HEAD_DIM; ++d) {
                        ^~~
                        VITIS_LOOP_149_12: 
/home/siyenga7/FPGA/hls_component/attention_int8_kernel/hls/.autopilot/db/attention_int8.pp.0.cpp:47611:25: note: FIX-IT applied suggested code changes
/home/siyenga7/FPGA/hls_component/attention_int8_kernel/hls/.autopilot/db/attention_int8.pp.0.cpp:47623:17: warning: Added loop label VITIS_LOOP_161_13:   [xilinx-label-all-loops]
                for (int i = 0; i < BQ; ++i) {
                ^~~
                VITIS_LOOP_161_13: 
/home/siyenga7/FPGA/hls_component/attention_int8_kernel/hls/.autopilot/db/attention_int8.pp.0.cpp:47623:17: note: FIX-IT applied suggested code changes
/home/siyenga7/FPGA/hls_component/attention_int8_kernel/hls/.autopilot/db/attention_int8.pp.0.cpp:47630:2: warning: Added loop label VITIS_LOOP_168_14:   [xilinx-label-all-loops]
 for (int j = 0; j < BK; ++j) {
 ^~~
 VITIS_LOOP_168_14: 
/home/siyenga7/FPGA/hls_component/attention_int8_kernel/hls/.autopilot/db/attention_int8.pp.0.cpp:47630:2: note: FIX-IT applied suggested code changes
/home/siyenga7/FPGA/hls_component/attention_int8_kernel/hls/.autopilot/db/attention_int8.pp.0.cpp:47636:21: warning: Added loop label VITIS_LOOP_174_15:   [xilinx-label-all-loops]
                    for (int j = 0; j < BK; ++j) {
                    ^~~
                    VITIS_LOOP_174_15: 
/home/siyenga7/FPGA/hls_component/attention_int8_kernel/hls/.autopilot/db/attention_int8.pp.0.cpp:47636:21: note: FIX-IT applied suggested code changes
/home/siyenga7/FPGA/hls_component/attention_int8_kernel/hls/.autopilot/db/attention_int8.pp.0.cpp:47642:21: warning: Added loop label VITIS_LOOP_180_16:   [xilinx-label-all-loops]
                    for (int d = 0; d < HEAD_DIM; ++d) {
                    ^~~
                    VITIS_LOOP_180_16: 
/home/siyenga7/FPGA/hls_component/attention_int8_kernel/hls/.autopilot/db/attention_int8.pp.0.cpp:47642:21: note: FIX-IT applied suggested code changes
/home/siyenga7/FPGA/hls_component/attention_int8_kernel/hls/.autopilot/db/attention_int8.pp.0.cpp:47645:25: warning: Added loop label VITIS_LOOP_183_17:   [xilinx-label-all-loops]
                        for (int j = 0; j < BK; ++j) {
                        ^~~
                        VITIS_LOOP_183_17: 
/home/siyenga7/FPGA/hls_component/attention_int8_kernel/hls/.autopilot/db/attention_int8.pp.0.cpp:47645:25: note: FIX-IT applied suggested code changes
/home/siyenga7/FPGA/hls_component/attention_int8_kernel/hls/.autopilot/db/attention_int8.pp.0.cpp:47655:13: warning: Added loop label VITIS_LOOP_193_18:   [xilinx-label-all-loops]
            for (int i = 0; i < BQ; ++i) {
            ^~~
            VITIS_LOOP_193_18: 
/home/siyenga7/FPGA/hls_component/attention_int8_kernel/hls/.autopilot/db/attention_int8.pp.0.cpp:47655:13: note: FIX-IT applied suggested code changes
/home/siyenga7/FPGA/hls_component/attention_int8_kernel/hls/.autopilot/db/attention_int8.pp.0.cpp:47657:17: warning: Added loop label VITIS_LOOP_195_19:   [xilinx-label-all-loops]
                for (int d = 0; d < HEAD_DIM; ++d) {
                ^~~
                VITIS_LOOP_195_19: 
/home/siyenga7/FPGA/hls_component/attention_int8_kernel/hls/.autopilot/db/attention_int8.pp.0.cpp:47657:17: note: FIX-IT applied suggested code changes
