

================================================================
== Vitis HLS Report for 'attention_int8_kernel_Pipeline_VITIS_LOOP_193_18_VITIS_LOOP_195_19'
================================================================
* Date:           Sat Apr 25 16:33:47 2026

* Version:        2023.2 (Build 4023990 on Oct 11 2023)
* Project:        attention_int8_kernel
* Solution:       hls (Vivado IP Flow Target)
* Product family: artix7
* Target device:  xc7a200t-sbg484-1


================================================================
== Performance Estimates
================================================================
+ Timing: 
    * Summary: 
    +--------+----------+----------+------------+
    |  Clock |  Target  | Estimated| Uncertainty|
    +--------+----------+----------+------------+
    |ap_clk  |  10.00 ns|  8.491 ns|     2.70 ns|
    +--------+----------+----------+------------+

+ Latency: 
    * Summary: 
    +---------+---------+-----------+-----------+------+------+---------+
    |  Latency (cycles) |   Latency (absolute)  |   Interval  | Pipeline|
    |   min   |   max   |    min    |    max    |  min |  max |   Type  |
    +---------+---------+-----------+-----------+------+------+---------+
    |     8216|     8216|  82.160 us|  82.160 us|  8216|  8216|       no|
    +---------+---------+-----------+-----------+------+------+---------+

    + Detail: 
        * Instance: 
        N/A

        * Loop: 
        +---------------------------------------+---------+---------+----------+-----------+-----------+------+----------+
        |                                       |  Latency (cycles) | Iteration|  Initiation Interval  | Trip |          |
        |               Loop Name               |   min   |   max   |  Latency |  achieved |   target  | Count| Pipelined|
        +---------------------------------------+---------+---------+----------+-----------+-----------+------+----------+
        |- VITIS_LOOP_193_18_VITIS_LOOP_195_19  |     8214|     8214|        24|          1|          1|  8192|       yes|
        +---------------------------------------+---------+---------+----------+-----------+-----------+------+----------+

============================================================
+ Verbose Summary: Synthesis Manager
============================================================
InlineROM: 1
ExposeGlobal: 0
============================================================
+ Verbose Summary: CDFG Model
============================================================
IsTopModel: 0
ResetActiveHigh: 1
IsCombinational: 0
IsDatapathOnly: 0
HasWiredReturn: 1
HasMFsm: 2
HasVarLatency: 1
IsPipeline: 0
IsRtlPipelined: 0
IsInstanceOverlapped: 0
IsDontTouch: 0
HasImplIP: 0
IsGatedGlobalClock: 0

+ Individual pipeline summary: 
  * Pipeline-0: initiation interval (II) = 1, depth = 24


============================================================
+ Verbose Summary: Schedule
============================================================
* Number of FSM states : 24
* Pipeline : 1
  Pipeline-0 : II = 1, D = 24, States = { 1 2 3 4 5 6 7 8 9 10 11 12 13 14 15 16 17 18 19 20 21 22 23 24 }
* Dataflow Pipeline: 0

* FSM state transitions: 
1 --> 2 
2 --> 3 
3 --> 4 
4 --> 5 
5 --> 6 
6 --> 7 
7 --> 8 
8 --> 9 
9 --> 10 
10 --> 11 
11 --> 12 
12 --> 13 
13 --> 14 
14 --> 15 
15 --> 16 
16 --> 17 
17 --> 18 
18 --> 19 
19 --> 20 
20 --> 21 
21 --> 22 
22 --> 23 
23 --> 24 
24 --> 

* FSM state operations: 

State 1 <SV = 0> <Delay = 8.49>
ST_1 : Operation 27 [1/1] (0.00ns)   --->   "%d = alloca i32 1" [/home/siyenga7/FPGA/attention_int8.cpp:195]   --->   Operation 27 'alloca' 'd' <Predicate = true> <Delay = 0.00>
ST_1 : Operation 28 [1/1] (0.00ns)   --->   "%i = alloca i32 1" [/home/siyenga7/FPGA/attention_int8.cpp:193]   --->   Operation 28 'alloca' 'i' <Predicate = true> <Delay = 0.00>
ST_1 : Operation 29 [1/1] (0.00ns)   --->   "%indvar_flatten13 = alloca i32 1"   --->   Operation 29 'alloca' 'indvar_flatten13' <Predicate = true> <Delay = 0.00>
ST_1 : Operation 30 [1/1] (0.00ns)   --->   "%l_state_63_read = read i32 @_ssdm_op_Read.ap_auto.float, i32 %l_state_63"   --->   Operation 30 'read' 'l_state_63_read' <Predicate = true> <Delay = 0.00>
ST_1 : Operation 31 [1/1] (0.00ns)   --->   "%l_state_62_read = read i32 @_ssdm_op_Read.ap_auto.float, i32 %l_state_62"   --->   Operation 31 'read' 'l_state_62_read' <Predicate = true> <Delay = 0.00>
ST_1 : Operation 32 [1/1] (0.00ns)   --->   "%l_state_61_read = read i32 @_ssdm_op_Read.ap_auto.float, i32 %l_state_61"   --->   Operation 32 'read' 'l_state_61_read' <Predicate = true> <Delay = 0.00>
ST_1 : Operation 33 [1/1] (0.00ns)   --->   "%l_state_60_read = read i32 @_ssdm_op_Read.ap_auto.float, i32 %l_state_60"   --->   Operation 33 'read' 'l_state_60_read' <Predicate = true> <Delay = 0.00>
ST_1 : Operation 34 [1/1] (0.00ns)   --->   "%l_state_59_read = read i32 @_ssdm_op_Read.ap_auto.float, i32 %l_state_59"   --->   Operation 34 'read' 'l_state_59_read' <Predicate = true> <Delay = 0.00>
ST_1 : Operation 35 [1/1] (0.00ns)   --->   "%l_state_58_read = read i32 @_ssdm_op_Read.ap_auto.float, i32 %l_state_58"   --->   Operation 35 'read' 'l_state_58_read' <Predicate = true> <Delay = 0.00>
ST_1 : Operation 36 [1/1] (0.00ns)   --->   "%l_state_57_read = read i32 @_ssdm_op_Read.ap_auto.float, i32 %l_state_57"   --->   Operation 36 'read' 'l_state_57_read' <Predicate = true> <Delay = 0.00>
ST_1 : Operation 37 [1/1] (0.00ns)   --->   "%l_state_56_read = read i32 @_ssdm_op_Read.ap_auto.float, i32 %l_state_56"   --->   Operation 37 'read' 'l_state_56_read' <Predicate = true> <Delay = 0.00>
ST_1 : Operation 38 [1/1] (0.00ns)   --->   "%l_state_55_read = read i32 @_ssdm_op_Read.ap_auto.float, i32 %l_state_55"   --->   Operation 38 'read' 'l_state_55_read' <Predicate = true> <Delay = 0.00>
ST_1 : Operation 39 [1/1] (0.00ns)   --->   "%l_state_54_read = read i32 @_ssdm_op_Read.ap_auto.float, i32 %l_state_54"   --->   Operation 39 'read' 'l_state_54_read' <Predicate = true> <Delay = 0.00>
ST_1 : Operation 40 [1/1] (0.00ns)   --->   "%l_state_53_read = read i32 @_ssdm_op_Read.ap_auto.float, i32 %l_state_53"   --->   Operation 40 'read' 'l_state_53_read' <Predicate = true> <Delay = 0.00>
ST_1 : Operation 41 [1/1] (0.00ns)   --->   "%l_state_52_read = read i32 @_ssdm_op_Read.ap_auto.float, i32 %l_state_52"   --->   Operation 41 'read' 'l_state_52_read' <Predicate = true> <Delay = 0.00>
ST_1 : Operation 42 [1/1] (0.00ns)   --->   "%l_state_51_read = read i32 @_ssdm_op_Read.ap_auto.float, i32 %l_state_51"   --->   Operation 42 'read' 'l_state_51_read' <Predicate = true> <Delay = 0.00>
ST_1 : Operation 43 [1/1] (0.00ns)   --->   "%l_state_50_read = read i32 @_ssdm_op_Read.ap_auto.float, i32 %l_state_50"   --->   Operation 43 'read' 'l_state_50_read' <Predicate = true> <Delay = 0.00>
ST_1 : Operation 44 [1/1] (0.00ns)   --->   "%l_state_49_read = read i32 @_ssdm_op_Read.ap_auto.float, i32 %l_state_49"   --->   Operation 44 'read' 'l_state_49_read' <Predicate = true> <Delay = 0.00>
ST_1 : Operation 45 [1/1] (0.00ns)   --->   "%l_state_48_read = read i32 @_ssdm_op_Read.ap_auto.float, i32 %l_state_48"   --->   Operation 45 'read' 'l_state_48_read' <Predicate = true> <Delay = 0.00>
ST_1 : Operation 46 [1/1] (0.00ns)   --->   "%l_state_47_read = read i32 @_ssdm_op_Read.ap_auto.float, i32 %l_state_47"   --->   Operation 46 'read' 'l_state_47_read' <Predicate = true> <Delay = 0.00>
ST_1 : Operation 47 [1/1] (0.00ns)   --->   "%l_state_46_read = read i32 @_ssdm_op_Read.ap_auto.float, i32 %l_state_46"   --->   Operation 47 'read' 'l_state_46_read' <Predicate = true> <Delay = 0.00>
ST_1 : Operation 48 [1/1] (0.00ns)   --->   "%l_state_45_read = read i32 @_ssdm_op_Read.ap_auto.float, i32 %l_state_45"   --->   Operation 48 'read' 'l_state_45_read' <Predicate = true> <Delay = 0.00>
ST_1 : Operation 49 [1/1] (0.00ns)   --->   "%l_state_44_read = read i32 @_ssdm_op_Read.ap_auto.float, i32 %l_state_44"   --->   Operation 49 'read' 'l_state_44_read' <Predicate = true> <Delay = 0.00>
ST_1 : Operation 50 [1/1] (0.00ns)   --->   "%l_state_43_read = read i32 @_ssdm_op_Read.ap_auto.float, i32 %l_state_43"   --->   Operation 50 'read' 'l_state_43_read' <Predicate = true> <Delay = 0.00>
ST_1 : Operation 51 [1/1] (0.00ns)   --->   "%l_state_42_read = read i32 @_ssdm_op_Read.ap_auto.float, i32 %l_state_42"   --->   Operation 51 'read' 'l_state_42_read' <Predicate = true> <Delay = 0.00>
ST_1 : Operation 52 [1/1] (0.00ns)   --->   "%l_state_41_read = read i32 @_ssdm_op_Read.ap_auto.float, i32 %l_state_41"   --->   Operation 52 'read' 'l_state_41_read' <Predicate = true> <Delay = 0.00>
ST_1 : Operation 53 [1/1] (0.00ns)   --->   "%l_state_40_read = read i32 @_ssdm_op_Read.ap_auto.float, i32 %l_state_40"   --->   Operation 53 'read' 'l_state_40_read' <Predicate = true> <Delay = 0.00>
ST_1 : Operation 54 [1/1] (0.00ns)   --->   "%l_state_39_read = read i32 @_ssdm_op_Read.ap_auto.float, i32 %l_state_39"   --->   Operation 54 'read' 'l_state_39_read' <Predicate = true> <Delay = 0.00>
ST_1 : Operation 55 [1/1] (0.00ns)   --->   "%l_state_38_read = read i32 @_ssdm_op_Read.ap_auto.float, i32 %l_state_38"   --->   Operation 55 'read' 'l_state_38_read' <Predicate = true> <Delay = 0.00>
ST_1 : Operation 56 [1/1] (0.00ns)   --->   "%l_state_37_read = read i32 @_ssdm_op_Read.ap_auto.float, i32 %l_state_37"   --->   Operation 56 'read' 'l_state_37_read' <Predicate = true> <Delay = 0.00>
ST_1 : Operation 57 [1/1] (0.00ns)   --->   "%l_state_36_read = read i32 @_ssdm_op_Read.ap_auto.float, i32 %l_state_36"   --->   Operation 57 'read' 'l_state_36_read' <Predicate = true> <Delay = 0.00>
ST_1 : Operation 58 [1/1] (0.00ns)   --->   "%l_state_35_read = read i32 @_ssdm_op_Read.ap_auto.float, i32 %l_state_35"   --->   Operation 58 'read' 'l_state_35_read' <Predicate = true> <Delay = 0.00>
ST_1 : Operation 59 [1/1] (0.00ns)   --->   "%l_state_34_read = read i32 @_ssdm_op_Read.ap_auto.float, i32 %l_state_34"   --->   Operation 59 'read' 'l_state_34_read' <Predicate = true> <Delay = 0.00>
ST_1 : Operation 60 [1/1] (0.00ns)   --->   "%l_state_33_read = read i32 @_ssdm_op_Read.ap_auto.float, i32 %l_state_33"   --->   Operation 60 'read' 'l_state_33_read' <Predicate = true> <Delay = 0.00>
ST_1 : Operation 61 [1/1] (0.00ns)   --->   "%l_state_32_read = read i32 @_ssdm_op_Read.ap_auto.float, i32 %l_state_32"   --->   Operation 61 'read' 'l_state_32_read' <Predicate = true> <Delay = 0.00>
ST_1 : Operation 62 [1/1] (0.00ns)   --->   "%l_state_31_read = read i32 @_ssdm_op_Read.ap_auto.float, i32 %l_state_31"   --->   Operation 62 'read' 'l_state_31_read' <Predicate = true> <Delay = 0.00>
ST_1 : Operation 63 [1/1] (0.00ns)   --->   "%l_state_30_read = read i32 @_ssdm_op_Read.ap_auto.float, i32 %l_state_30"   --->   Operation 63 'read' 'l_state_30_read' <Predicate = true> <Delay = 0.00>
ST_1 : Operation 64 [1/1] (0.00ns)   --->   "%l_state_29_read = read i32 @_ssdm_op_Read.ap_auto.float, i32 %l_state_29"   --->   Operation 64 'read' 'l_state_29_read' <Predicate = true> <Delay = 0.00>
ST_1 : Operation 65 [1/1] (0.00ns)   --->   "%l_state_28_read = read i32 @_ssdm_op_Read.ap_auto.float, i32 %l_state_28"   --->   Operation 65 'read' 'l_state_28_read' <Predicate = true> <Delay = 0.00>
ST_1 : Operation 66 [1/1] (0.00ns)   --->   "%l_state_27_read = read i32 @_ssdm_op_Read.ap_auto.float, i32 %l_state_27"   --->   Operation 66 'read' 'l_state_27_read' <Predicate = true> <Delay = 0.00>
ST_1 : Operation 67 [1/1] (0.00ns)   --->   "%l_state_26_read = read i32 @_ssdm_op_Read.ap_auto.float, i32 %l_state_26"   --->   Operation 67 'read' 'l_state_26_read' <Predicate = true> <Delay = 0.00>
ST_1 : Operation 68 [1/1] (0.00ns)   --->   "%l_state_25_read = read i32 @_ssdm_op_Read.ap_auto.float, i32 %l_state_25"   --->   Operation 68 'read' 'l_state_25_read' <Predicate = true> <Delay = 0.00>
ST_1 : Operation 69 [1/1] (0.00ns)   --->   "%l_state_24_read = read i32 @_ssdm_op_Read.ap_auto.float, i32 %l_state_24"   --->   Operation 69 'read' 'l_state_24_read' <Predicate = true> <Delay = 0.00>
ST_1 : Operation 70 [1/1] (0.00ns)   --->   "%l_state_23_read = read i32 @_ssdm_op_Read.ap_auto.float, i32 %l_state_23"   --->   Operation 70 'read' 'l_state_23_read' <Predicate = true> <Delay = 0.00>
ST_1 : Operation 71 [1/1] (0.00ns)   --->   "%l_state_22_read = read i32 @_ssdm_op_Read.ap_auto.float, i32 %l_state_22"   --->   Operation 71 'read' 'l_state_22_read' <Predicate = true> <Delay = 0.00>
ST_1 : Operation 72 [1/1] (0.00ns)   --->   "%l_state_21_read = read i32 @_ssdm_op_Read.ap_auto.float, i32 %l_state_21"   --->   Operation 72 'read' 'l_state_21_read' <Predicate = true> <Delay = 0.00>
ST_1 : Operation 73 [1/1] (0.00ns)   --->   "%l_state_20_read = read i32 @_ssdm_op_Read.ap_auto.float, i32 %l_state_20"   --->   Operation 73 'read' 'l_state_20_read' <Predicate = true> <Delay = 0.00>
ST_1 : Operation 74 [1/1] (0.00ns)   --->   "%l_state_19_read = read i32 @_ssdm_op_Read.ap_auto.float, i32 %l_state_19"   --->   Operation 74 'read' 'l_state_19_read' <Predicate = true> <Delay = 0.00>
ST_1 : Operation 75 [1/1] (0.00ns)   --->   "%l_state_18_read = read i32 @_ssdm_op_Read.ap_auto.float, i32 %l_state_18"   --->   Operation 75 'read' 'l_state_18_read' <Predicate = true> <Delay = 0.00>
ST_1 : Operation 76 [1/1] (0.00ns)   --->   "%l_state_17_read = read i32 @_ssdm_op_Read.ap_auto.float, i32 %l_state_17"   --->   Operation 76 'read' 'l_state_17_read' <Predicate = true> <Delay = 0.00>
ST_1 : Operation 77 [1/1] (0.00ns)   --->   "%l_state_16_read = read i32 @_ssdm_op_Read.ap_auto.float, i32 %l_state_16"   --->   Operation 77 'read' 'l_state_16_read' <Predicate = true> <Delay = 0.00>
ST_1 : Operation 78 [1/1] (0.00ns)   --->   "%l_state_15_read = read i32 @_ssdm_op_Read.ap_auto.float, i32 %l_state_15"   --->   Operation 78 'read' 'l_state_15_read' <Predicate = true> <Delay = 0.00>
ST_1 : Operation 79 [1/1] (0.00ns)   --->   "%l_state_14_read = read i32 @_ssdm_op_Read.ap_auto.float, i32 %l_state_14"   --->   Operation 79 'read' 'l_state_14_read' <Predicate = true> <Delay = 0.00>
ST_1 : Operation 80 [1/1] (0.00ns)   --->   "%l_state_13_read = read i32 @_ssdm_op_Read.ap_auto.float, i32 %l_state_13"   --->   Operation 80 'read' 'l_state_13_read' <Predicate = true> <Delay = 0.00>
ST_1 : Operation 81 [1/1] (0.00ns)   --->   "%l_state_12_read = read i32 @_ssdm_op_Read.ap_auto.float, i32 %l_state_12"   --->   Operation 81 'read' 'l_state_12_read' <Predicate = true> <Delay = 0.00>
ST_1 : Operation 82 [1/1] (0.00ns)   --->   "%l_state_11_read = read i32 @_ssdm_op_Read.ap_auto.float, i32 %l_state_11"   --->   Operation 82 'read' 'l_state_11_read' <Predicate = true> <Delay = 0.00>
ST_1 : Operation 83 [1/1] (0.00ns)   --->   "%l_state_10_read = read i32 @_ssdm_op_Read.ap_auto.float, i32 %l_state_10"   --->   Operation 83 'read' 'l_state_10_read' <Predicate = true> <Delay = 0.00>
ST_1 : Operation 84 [1/1] (0.00ns)   --->   "%l_state_9_read = read i32 @_ssdm_op_Read.ap_auto.float, i32 %l_state_9"   --->   Operation 84 'read' 'l_state_9_read' <Predicate = true> <Delay = 0.00>
ST_1 : Operation 85 [1/1] (0.00ns)   --->   "%l_state_8_read = read i32 @_ssdm_op_Read.ap_auto.float, i32 %l_state_8"   --->   Operation 85 'read' 'l_state_8_read' <Predicate = true> <Delay = 0.00>
ST_1 : Operation 86 [1/1] (0.00ns)   --->   "%l_state_7_read = read i32 @_ssdm_op_Read.ap_auto.float, i32 %l_state_7"   --->   Operation 86 'read' 'l_state_7_read' <Predicate = true> <Delay = 0.00>
ST_1 : Operation 87 [1/1] (0.00ns)   --->   "%l_state_6_read = read i32 @_ssdm_op_Read.ap_auto.float, i32 %l_state_6"   --->   Operation 87 'read' 'l_state_6_read' <Predicate = true> <Delay = 0.00>
ST_1 : Operation 88 [1/1] (0.00ns)   --->   "%l_state_5_read = read i32 @_ssdm_op_Read.ap_auto.float, i32 %l_state_5"   --->   Operation 88 'read' 'l_state_5_read' <Predicate = true> <Delay = 0.00>
ST_1 : Operation 89 [1/1] (0.00ns)   --->   "%l_state_4_read = read i32 @_ssdm_op_Read.ap_auto.float, i32 %l_state_4"   --->   Operation 89 'read' 'l_state_4_read' <Predicate = true> <Delay = 0.00>
ST_1 : Operation 90 [1/1] (0.00ns)   --->   "%l_state_3_read = read i32 @_ssdm_op_Read.ap_auto.float, i32 %l_state_3"   --->   Operation 90 'read' 'l_state_3_read' <Predicate = true> <Delay = 0.00>
ST_1 : Operation 91 [1/1] (0.00ns)   --->   "%l_state_2_read = read i32 @_ssdm_op_Read.ap_auto.float, i32 %l_state_2"   --->   Operation 91 'read' 'l_state_2_read' <Predicate = true> <Delay = 0.00>
ST_1 : Operation 92 [1/1] (0.00ns)   --->   "%l_state_1_read = read i32 @_ssdm_op_Read.ap_auto.float, i32 %l_state_1"   --->   Operation 92 'read' 'l_state_1_read' <Predicate = true> <Delay = 0.00>
ST_1 : Operation 93 [1/1] (0.00ns)   --->   "%l_state_read = read i32 @_ssdm_op_Read.ap_auto.float, i32 %l_state"   --->   Operation 93 'read' 'l_state_read' <Predicate = true> <Delay = 0.00>
ST_1 : Operation 94 [1/1] (0.00ns)   --->   "%sext_ln81_read = read i63 @_ssdm_op_Read.ap_auto.i63, i63 %sext_ln81"   --->   Operation 94 'read' 'sext_ln81_read' <Predicate = true> <Delay = 0.00>
ST_1 : Operation 95 [1/1] (0.00ns)   --->   "%sext_ln81_cast = sext i63 %sext_ln81_read"   --->   Operation 95 'sext' 'sext_ln81_cast' <Predicate = true> <Delay = 0.00>
ST_1 : Operation 96 [1/1] (0.00ns)   --->   "%specinterface_ln0 = specinterface void @_ssdm_op_SpecInterface, i16 %gmem3, void @empty_11, i32 0, i32 0, void @empty_21, i32 0, i32 65536, void @empty_7, void @empty_22, void @empty_21, i32 16, i32 16, i32 16, i32 16, void @empty_21, void @empty_21, i32 4294967295, i32 0"   --->   Operation 96 'specinterface' 'specinterface_ln0' <Predicate = true> <Delay = 0.00>
ST_1 : Operation 97 [1/1] (1.61ns)   --->   "%store_ln0 = store i14 0, i14 %indvar_flatten13"   --->   Operation 97 'store' 'store_ln0' <Predicate = true> <Delay = 1.61>
ST_1 : Operation 98 [1/1] (1.61ns)   --->   "%store_ln193 = store i7 0, i7 %i" [/home/siyenga7/FPGA/attention_int8.cpp:193]   --->   Operation 98 'store' 'store_ln193' <Predicate = true> <Delay = 1.61>
ST_1 : Operation 99 [1/1] (1.61ns)   --->   "%store_ln195 = store i8 0, i8 %d" [/home/siyenga7/FPGA/attention_int8.cpp:195]   --->   Operation 99 'store' 'store_ln195' <Predicate = true> <Delay = 1.61>
ST_1 : Operation 100 [1/1] (0.00ns)   --->   "%br_ln0 = br void %for.inc275"   --->   Operation 100 'br' 'br_ln0' <Predicate = true> <Delay = 0.00>
ST_1 : Operation 101 [1/1] (0.00ns)   --->   "%indvar_flatten13_load = load i14 %indvar_flatten13" [/home/siyenga7/FPGA/attention_int8.cpp:193]   --->   Operation 101 'load' 'indvar_flatten13_load' <Predicate = true> <Delay = 0.00>
ST_1 : Operation 102 [1/1] (0.00ns)   --->   "%specbitsmap_ln0 = specbitsmap void @_ssdm_op_SpecBitsMap, i16 %gmem3"   --->   Operation 102 'specbitsmap' 'specbitsmap_ln0' <Predicate = true> <Delay = 0.00>
ST_1 : Operation 103 [1/1] (2.13ns)   --->   "%icmp_ln193 = icmp_eq  i14 %indvar_flatten13_load, i14 8192" [/home/siyenga7/FPGA/attention_int8.cpp:193]   --->   Operation 103 'icmp' 'icmp_ln193' <Predicate = true> <Delay = 2.13> <CoreInst = "Cmp">   --->   Core 9 'Cmp' <Latency = 0> <II = 1> <Delay = 2.13> <FuncUnit> <Opcode : 'icmp'> <InPorts = 2> <OutPorts = 1>
ST_1 : Operation 104 [1/1] (2.13ns)   --->   "%add_ln193_1 = add i14 %indvar_flatten13_load, i14 1" [/home/siyenga7/FPGA/attention_int8.cpp:193]   --->   Operation 104 'add' 'add_ln193_1' <Predicate = true> <Delay = 2.13> <CoreInst = "Adder">   --->   Core 1 'Adder' <Latency = 0> <II = 1> <Delay = 2.13> <FuncUnit> <Opcode : 'add' 'sub'> <InPorts = 2> <OutPorts = 1>
ST_1 : Operation 105 [1/1] (0.00ns)   --->   "%br_ln193 = br i1 %icmp_ln193, void %for.inc279, void %for.inc283.exitStub" [/home/siyenga7/FPGA/attention_int8.cpp:193]   --->   Operation 105 'br' 'br_ln193' <Predicate = true> <Delay = 0.00>
ST_1 : Operation 106 [1/1] (0.00ns)   --->   "%d_load = load i8 %d" [/home/siyenga7/FPGA/attention_int8.cpp:195]   --->   Operation 106 'load' 'd_load' <Predicate = (!icmp_ln193)> <Delay = 0.00>
ST_1 : Operation 107 [1/1] (0.00ns)   --->   "%i_load = load i7 %i" [/home/siyenga7/FPGA/attention_int8.cpp:193]   --->   Operation 107 'load' 'i_load' <Predicate = (!icmp_ln193)> <Delay = 0.00>
ST_1 : Operation 108 [1/1] (2.03ns)   --->   "%add_ln193 = add i7 %i_load, i7 1" [/home/siyenga7/FPGA/attention_int8.cpp:193]   --->   Operation 108 'add' 'add_ln193' <Predicate = (!icmp_ln193)> <Delay = 2.03> <CoreInst = "Adder">   --->   Core 1 'Adder' <Latency = 0> <II = 1> <Delay = 2.03> <FuncUnit> <Opcode : 'add' 'sub'> <InPorts = 2> <OutPorts = 1>
ST_1 : Operation 109 [1/1] (2.11ns)   --->   "%icmp_ln195 = icmp_eq  i8 %d_load, i8 128" [/home/siyenga7/FPGA/attention_int8.cpp:195]   --->   Operation 109 'icmp' 'icmp_ln195' <Predicate = (!icmp_ln193)> <Delay = 2.11> <CoreInst = "Cmp">   --->   Core 9 'Cmp' <Latency = 0> <II = 1> <Delay = 2.11> <FuncUnit> <Opcode : 'icmp'> <InPorts = 2> <OutPorts = 1>
ST_1 : Operation 110 [1/1] (1.04ns)   --->   "%select_ln193 = select i1 %icmp_ln195, i8 0, i8 %d_load" [/home/siyenga7/FPGA/attention_int8.cpp:193]   --->   Operation 110 'select' 'select_ln193' <Predicate = (!icmp_ln193)> <Delay = 1.04> <CoreInst = "Sel">   --->   Core 73 'Sel' <Latency = 0> <II = 1> <Delay = 1.04> <FuncUnit> <Opcode : 'select'> <InPorts = 3> <OutPorts = 1>
ST_1 : Operation 111 [1/1] (0.99ns)   --->   "%select_ln193_1 = select i1 %icmp_ln195, i7 %add_ln193, i7 %i_load" [/home/siyenga7/FPGA/attention_int8.cpp:193]   --->   Operation 111 'select' 'select_ln193_1' <Predicate = (!icmp_ln193)> <Delay = 0.99> <CoreInst = "Sel">   --->   Core 73 'Sel' <Latency = 0> <II = 1> <Delay = 0.99> <FuncUnit> <Opcode : 'select'> <InPorts = 3> <OutPorts = 1>
ST_1 : Operation 112 [1/1] (0.00ns)   --->   "%trunc_ln193 = trunc i7 %select_ln193_1" [/home/siyenga7/FPGA/attention_int8.cpp:193]   --->   Operation 112 'trunc' 'trunc_ln193' <Predicate = (!icmp_ln193)> <Delay = 0.00>
ST_1 : Operation 113 [1/1] (3.13ns)   --->   "%tmp = sparsemux i32 @_ssdm_op_SparseMux.ap_auto.64f32.f32.i6, i6 0, i32 %l_state_read, i6 1, i32 %l_state_1_read, i6 2, i32 %l_state_2_read, i6 3, i32 %l_state_3_read, i6 4, i32 %l_state_4_read, i6 5, i32 %l_state_5_read, i6 6, i32 %l_state_6_read, i6 7, i32 %l_state_7_read, i6 8, i32 %l_state_8_read, i6 9, i32 %l_state_9_read, i6 10, i32 %l_state_10_read, i6 11, i32 %l_state_11_read, i6 12, i32 %l_state_12_read, i6 13, i32 %l_state_13_read, i6 14, i32 %l_state_14_read, i6 15, i32 %l_state_15_read, i6 16, i32 %l_state_16_read, i6 17, i32 %l_state_17_read, i6 18, i32 %l_state_18_read, i6 19, i32 %l_state_19_read, i6 20, i32 %l_state_20_read, i6 21, i32 %l_state_21_read, i6 22, i32 %l_state_22_read, i6 23, i32 %l_state_23_read, i6 24, i32 %l_state_24_read, i6 25, i32 %l_state_25_read, i6 26, i32 %l_state_26_read, i6 27, i32 %l_state_27_read, i6 28, i32 %l_state_28_read, i6 29, i32 %l_state_29_read, i6 30, i32 %l_state_30_read, i6 31, i32 %l_state_31_read, i6 32, i32 %l_state_32_read, i6 33, i32 %l_state_33_read, i6 34, i32 %l_state_34_read, i6 35, i32 %l_state_35_read, i6 36, i32 %l_state_36_read, i6 37, i32 %l_state_37_read, i6 38, i32 %l_state_38_read, i6 39, i32 %l_state_39_read, i6 40, i32 %l_state_40_read, i6 41, i32 %l_state_41_read, i6 42, i32 %l_state_42_read, i6 43, i32 %l_state_43_read, i6 44, i32 %l_state_44_read, i6 45, i32 %l_state_45_read, i6 46, i32 %l_state_46_read, i6 47, i32 %l_state_47_read, i6 48, i32 %l_state_48_read, i6 49, i32 %l_state_49_read, i6 50, i32 %l_state_50_read, i6 51, i32 %l_state_51_read, i6 52, i32 %l_state_52_read, i6 53, i32 %l_state_53_read, i6 54, i32 %l_state_54_read, i6 55, i32 %l_state_55_read, i6 56, i32 %l_state_56_read, i6 57, i32 %l_state_57_read, i6 58, i32 %l_state_58_read, i6 59, i32 %l_state_59_read, i6 60, i32 %l_state_60_read, i6 61, i32 %l_state_61_read, i6 62, i32 %l_state_62_read, i6 63, i32 %l_state_63_read, i32 <undef>, i6 %trunc_ln193" [/home/siyenga7/FPGA/attention_int8.cpp:194]   --->   Operation 113 'sparsemux' 'tmp' <Predicate = (!icmp_ln193)> <Delay = 3.13> <CoreInst = "SparseMux">   --->   Core 135 'SparseMux' <Latency = 0> <II = 1> <Delay = 3.13> <FuncUnit> <Opcode : 'sparsemux'> <InPorts = 2> <OutPorts = 1>
ST_1 : Operation 114 [1/1] (0.00ns)   --->   "%trunc_ln195 = trunc i8 %select_ln193" [/home/siyenga7/FPGA/attention_int8.cpp:195]   --->   Operation 114 'trunc' 'trunc_ln195' <Predicate = (!icmp_ln193)> <Delay = 0.00>
ST_1 : Operation 115 [1/1] (0.00ns)   --->   "%lshr_ln = partselect i4 @_ssdm_op_PartSelect.i4.i8.i32.i32, i8 %select_ln193, i32 3, i32 6" [/home/siyenga7/FPGA/attention_int8.cpp:195]   --->   Operation 115 'partselect' 'lshr_ln' <Predicate = (!icmp_ln193)> <Delay = 0.00>
ST_1 : Operation 116 [1/1] (2.11ns)   --->   "%add_ln195 = add i8 %select_ln193, i8 1" [/home/siyenga7/FPGA/attention_int8.cpp:195]   --->   Operation 116 'add' 'add_ln195' <Predicate = (!icmp_ln193)> <Delay = 2.11> <CoreInst = "Adder">   --->   Core 1 'Adder' <Latency = 0> <II = 1> <Delay = 2.11> <FuncUnit> <Opcode : 'add' 'sub'> <InPorts = 2> <OutPorts = 1>
ST_1 : Operation 117 [1/1] (1.61ns)   --->   "%store_ln193 = store i14 %add_ln193_1, i14 %indvar_flatten13" [/home/siyenga7/FPGA/attention_int8.cpp:193]   --->   Operation 117 'store' 'store_ln193' <Predicate = (!icmp_ln193)> <Delay = 1.61>
ST_1 : Operation 118 [1/1] (1.61ns)   --->   "%store_ln193 = store i7 %select_ln193_1, i7 %i" [/home/siyenga7/FPGA/attention_int8.cpp:193]   --->   Operation 118 'store' 'store_ln193' <Predicate = (!icmp_ln193)> <Delay = 1.61>
ST_1 : Operation 119 [1/1] (1.61ns)   --->   "%store_ln195 = store i8 %add_ln195, i8 %d" [/home/siyenga7/FPGA/attention_int8.cpp:195]   --->   Operation 119 'store' 'store_ln195' <Predicate = (!icmp_ln193)> <Delay = 1.61>

State 2 <SV = 1> <Delay = 6.30>
ST_2 : Operation 120 [1/1] (0.00ns)   --->   "%bitcast_ln194 = bitcast i32 %tmp" [/home/siyenga7/FPGA/attention_int8.cpp:194]   --->   Operation 120 'bitcast' 'bitcast_ln194' <Predicate = true> <Delay = 0.00>
ST_2 : Operation 121 [1/1] (0.00ns)   --->   "%tmp_s = partselect i8 @_ssdm_op_PartSelect.i8.i32.i32.i32, i32 %bitcast_ln194, i32 23, i32 30" [/home/siyenga7/FPGA/attention_int8.cpp:194]   --->   Operation 121 'partselect' 'tmp_s' <Predicate = true> <Delay = 0.00>
ST_2 : Operation 122 [1/1] (0.00ns)   --->   "%trunc_ln194 = trunc i32 %bitcast_ln194" [/home/siyenga7/FPGA/attention_int8.cpp:194]   --->   Operation 122 'trunc' 'trunc_ln194' <Predicate = true> <Delay = 0.00>
ST_2 : Operation 123 [1/1] (2.11ns)   --->   "%icmp_ln194 = icmp_ne  i8 %tmp_s, i8 255" [/home/siyenga7/FPGA/attention_int8.cpp:194]   --->   Operation 123 'icmp' 'icmp_ln194' <Predicate = true> <Delay = 2.11> <CoreInst = "Cmp">   --->   Core 9 'Cmp' <Latency = 0> <II = 1> <Delay = 2.11> <FuncUnit> <Opcode : 'icmp'> <InPorts = 2> <OutPorts = 1>
ST_2 : Operation 124 [1/1] (2.38ns)   --->   "%icmp_ln194_1 = icmp_eq  i23 %trunc_ln194, i23 0" [/home/siyenga7/FPGA/attention_int8.cpp:194]   --->   Operation 124 'icmp' 'icmp_ln194_1' <Predicate = true> <Delay = 2.38> <CoreInst = "Cmp">   --->   Core 9 'Cmp' <Latency = 0> <II = 1> <Delay = 2.38> <FuncUnit> <Opcode : 'icmp'> <InPorts = 2> <OutPorts = 1>
ST_2 : Operation 125 [2/2] (5.09ns)   --->   "%tmp_2 = fcmp_ogt  i32 %tmp, i32 0" [/home/siyenga7/FPGA/attention_int8.cpp:194]   --->   Operation 125 'fcmp' 'tmp_2' <Predicate = true> <Delay = 5.09> <CoreInst = "FCompare">   --->   Core 19 'FCompare' <Latency = 1> <II = 1> <Delay = 5.09> <FuncUnit> <Opcode : 'fcmp'> <InPorts = 2> <OutPorts = 1>
ST_2 : Operation 126 [16/16] (6.30ns)   --->   "%div = fdiv i32 1, i32 %tmp" [/home/siyenga7/FPGA/attention_int8.cpp:194]   --->   Operation 126 'fdiv' 'div' <Predicate = true> <Delay = 6.30> <CoreInst = "FDiv">   --->   Core 20 'FDiv' <Latency = 15> <II = 1> <Delay = 6.30> <FuncUnit> <Opcode : 'fdiv' 'frem'> <InPorts = 2> <OutPorts = 1>

State 3 <SV = 2> <Delay = 6.30>
ST_3 : Operation 127 [1/2] (5.09ns)   --->   "%tmp_2 = fcmp_ogt  i32 %tmp, i32 0" [/home/siyenga7/FPGA/attention_int8.cpp:194]   --->   Operation 127 'fcmp' 'tmp_2' <Predicate = true> <Delay = 5.09> <CoreInst = "FCompare">   --->   Core 19 'FCompare' <Latency = 1> <II = 1> <Delay = 5.09> <FuncUnit> <Opcode : 'fcmp'> <InPorts = 2> <OutPorts = 1>
ST_3 : Operation 128 [15/16] (6.30ns)   --->   "%div = fdiv i32 1, i32 %tmp" [/home/siyenga7/FPGA/attention_int8.cpp:194]   --->   Operation 128 'fdiv' 'div' <Predicate = true> <Delay = 6.30> <CoreInst = "FDiv">   --->   Core 20 'FDiv' <Latency = 15> <II = 1> <Delay = 6.30> <FuncUnit> <Opcode : 'fdiv' 'frem'> <InPorts = 2> <OutPorts = 1>

State 4 <SV = 3> <Delay = 6.30>
ST_4 : Operation 129 [14/16] (6.30ns)   --->   "%div = fdiv i32 1, i32 %tmp" [/home/siyenga7/FPGA/attention_int8.cpp:194]   --->   Operation 129 'fdiv' 'div' <Predicate = true> <Delay = 6.30> <CoreInst = "FDiv">   --->   Core 20 'FDiv' <Latency = 15> <II = 1> <Delay = 6.30> <FuncUnit> <Opcode : 'fdiv' 'frem'> <InPorts = 2> <OutPorts = 1>

State 5 <SV = 4> <Delay = 6.30>
ST_5 : Operation 130 [13/16] (6.30ns)   --->   "%div = fdiv i32 1, i32 %tmp" [/home/siyenga7/FPGA/attention_int8.cpp:194]   --->   Operation 130 'fdiv' 'div' <Predicate = true> <Delay = 6.30> <CoreInst = "FDiv">   --->   Core 20 'FDiv' <Latency = 15> <II = 1> <Delay = 6.30> <FuncUnit> <Opcode : 'fdiv' 'frem'> <InPorts = 2> <OutPorts = 1>

State 6 <SV = 5> <Delay = 6.30>
ST_6 : Operation 131 [12/16] (6.30ns)   --->   "%div = fdiv i32 1, i32 %tmp" [/home/siyenga7/FPGA/attention_int8.cpp:194]   --->   Operation 131 'fdiv' 'div' <Predicate = true> <Delay = 6.30> <CoreInst = "FDiv">   --->   Core 20 'FDiv' <Latency = 15> <II = 1> <Delay = 6.30> <FuncUnit> <Opcode : 'fdiv' 'frem'> <InPorts = 2> <OutPorts = 1>

State 7 <SV = 6> <Delay = 6.30>
ST_7 : Operation 132 [11/16] (6.30ns)   --->   "%div = fdiv i32 1, i32 %tmp" [/home/siyenga7/FPGA/attention_int8.cpp:194]   --->   Operation 132 'fdiv' 'div' <Predicate = true> <Delay = 6.30> <CoreInst = "FDiv">   --->   Core 20 'FDiv' <Latency = 15> <II = 1> <Delay = 6.30> <FuncUnit> <Opcode : 'fdiv' 'frem'> <InPorts = 2> <OutPorts = 1>

State 8 <SV = 7> <Delay = 6.30>
ST_8 : Operation 133 [10/16] (6.30ns)   --->   "%div = fdiv i32 1, i32 %tmp" [/home/siyenga7/FPGA/attention_int8.cpp:194]   --->   Operation 133 'fdiv' 'div' <Predicate = true> <Delay = 6.30> <CoreInst = "FDiv">   --->   Core 20 'FDiv' <Latency = 15> <II = 1> <Delay = 6.30> <FuncUnit> <Opcode : 'fdiv' 'frem'> <InPorts = 2> <OutPorts = 1>

State 9 <SV = 8> <Delay = 6.30>
ST_9 : Operation 134 [9/16] (6.30ns)   --->   "%div = fdiv i32 1, i32 %tmp" [/home/siyenga7/FPGA/attention_int8.cpp:194]   --->   Operation 134 'fdiv' 'div' <Predicate = true> <Delay = 6.30> <CoreInst = "FDiv">   --->   Core 20 'FDiv' <Latency = 15> <II = 1> <Delay = 6.30> <FuncUnit> <Opcode : 'fdiv' 'frem'> <InPorts = 2> <OutPorts = 1>

State 10 <SV = 9> <Delay = 6.30>
ST_10 : Operation 135 [8/16] (6.30ns)   --->   "%div = fdiv i32 1, i32 %tmp" [/home/siyenga7/FPGA/attention_int8.cpp:194]   --->   Operation 135 'fdiv' 'div' <Predicate = true> <Delay = 6.30> <CoreInst = "FDiv">   --->   Core 20 'FDiv' <Latency = 15> <II = 1> <Delay = 6.30> <FuncUnit> <Opcode : 'fdiv' 'frem'> <InPorts = 2> <OutPorts = 1>

State 11 <SV = 10> <Delay = 6.30>
ST_11 : Operation 136 [7/16] (6.30ns)   --->   "%div = fdiv i32 1, i32 %tmp" [/home/siyenga7/FPGA/attention_int8.cpp:194]   --->   Operation 136 'fdiv' 'div' <Predicate = true> <Delay = 6.30> <CoreInst = "FDiv">   --->   Core 20 'FDiv' <Latency = 15> <II = 1> <Delay = 6.30> <FuncUnit> <Opcode : 'fdiv' 'frem'> <InPorts = 2> <OutPorts = 1>

State 12 <SV = 11> <Delay = 6.30>
ST_12 : Operation 137 [6/16] (6.30ns)   --->   "%div = fdiv i32 1, i32 %tmp" [/home/siyenga7/FPGA/attention_int8.cpp:194]   --->   Operation 137 'fdiv' 'div' <Predicate = true> <Delay = 6.30> <CoreInst = "FDiv">   --->   Core 20 'FDiv' <Latency = 15> <II = 1> <Delay = 6.30> <FuncUnit> <Opcode : 'fdiv' 'frem'> <InPorts = 2> <OutPorts = 1>

State 13 <SV = 12> <Delay = 6.30>
ST_13 : Operation 138 [5/16] (6.30ns)   --->   "%div = fdiv i32 1, i32 %tmp" [/home/siyenga7/FPGA/attention_int8.cpp:194]   --->   Operation 138 'fdiv' 'div' <Predicate = true> <Delay = 6.30> <CoreInst = "FDiv">   --->   Core 20 'FDiv' <Latency = 15> <II = 1> <Delay = 6.30> <FuncUnit> <Opcode : 'fdiv' 'frem'> <InPorts = 2> <OutPorts = 1>

State 14 <SV = 13> <Delay = 6.30>
ST_14 : Operation 139 [4/16] (6.30ns)   --->   "%div = fdiv i32 1, i32 %tmp" [/home/siyenga7/FPGA/attention_int8.cpp:194]   --->   Operation 139 'fdiv' 'div' <Predicate = true> <Delay = 6.30> <CoreInst = "FDiv">   --->   Core 20 'FDiv' <Latency = 15> <II = 1> <Delay = 6.30> <FuncUnit> <Opcode : 'fdiv' 'frem'> <InPorts = 2> <OutPorts = 1>

State 15 <SV = 14> <Delay = 6.30>
ST_15 : Operation 140 [3/16] (6.30ns)   --->   "%div = fdiv i32 1, i32 %tmp" [/home/siyenga7/FPGA/attention_int8.cpp:194]   --->   Operation 140 'fdiv' 'div' <Predicate = true> <Delay = 6.30> <CoreInst = "FDiv">   --->   Core 20 'FDiv' <Latency = 15> <II = 1> <Delay = 6.30> <FuncUnit> <Opcode : 'fdiv' 'frem'> <InPorts = 2> <OutPorts = 1>

State 16 <SV = 15> <Delay = 6.30>
ST_16 : Operation 141 [2/16] (6.30ns)   --->   "%div = fdiv i32 1, i32 %tmp" [/home/siyenga7/FPGA/attention_int8.cpp:194]   --->   Operation 141 'fdiv' 'div' <Predicate = true> <Delay = 6.30> <CoreInst = "FDiv">   --->   Core 20 'FDiv' <Latency = 15> <II = 1> <Delay = 6.30> <FuncUnit> <Opcode : 'fdiv' 'frem'> <InPorts = 2> <OutPorts = 1>
ST_16 : Operation 142 [1/1] (0.00ns)   --->   "%tmp_3 = bitconcatenate i10 @_ssdm_op_BitConcatenate.i10.i6.i4, i6 %trunc_ln193, i4 %lshr_ln" [/home/siyenga7/FPGA/attention_int8.cpp:197]   --->   Operation 142 'bitconcatenate' 'tmp_3' <Predicate = true> <Delay = 0.00>
ST_16 : Operation 143 [1/1] (0.00ns)   --->   "%zext_ln197 = zext i10 %tmp_3" [/home/siyenga7/FPGA/attention_int8.cpp:197]   --->   Operation 143 'zext' 'zext_ln197' <Predicate = true> <Delay = 0.00>
ST_16 : Operation 144 [1/1] (0.00ns)   --->   "%O_tile_addr = getelementptr i32 %O_tile, i64 0, i64 %zext_ln197" [/home/siyenga7/FPGA/attention_int8.cpp:197]   --->   Operation 144 'getelementptr' 'O_tile_addr' <Predicate = (trunc_ln195 == 0)> <Delay = 0.00>
ST_16 : Operation 145 [1/1] (0.00ns)   --->   "%O_tile_1_addr = getelementptr i32 %O_tile_1, i64 0, i64 %zext_ln197" [/home/siyenga7/FPGA/attention_int8.cpp:197]   --->   Operation 145 'getelementptr' 'O_tile_1_addr' <Predicate = (trunc_ln195 == 1)> <Delay = 0.00>
ST_16 : Operation 146 [1/1] (0.00ns)   --->   "%O_tile_2_addr = getelementptr i32 %O_tile_2, i64 0, i64 %zext_ln197" [/home/siyenga7/FPGA/attention_int8.cpp:197]   --->   Operation 146 'getelementptr' 'O_tile_2_addr' <Predicate = (trunc_ln195 == 2)> <Delay = 0.00>
ST_16 : Operation 147 [1/1] (0.00ns)   --->   "%O_tile_3_addr = getelementptr i32 %O_tile_3, i64 0, i64 %zext_ln197" [/home/siyenga7/FPGA/attention_int8.cpp:197]   --->   Operation 147 'getelementptr' 'O_tile_3_addr' <Predicate = (trunc_ln195 == 3)> <Delay = 0.00>
ST_16 : Operation 148 [1/1] (0.00ns)   --->   "%O_tile_4_addr = getelementptr i32 %O_tile_4, i64 0, i64 %zext_ln197" [/home/siyenga7/FPGA/attention_int8.cpp:197]   --->   Operation 148 'getelementptr' 'O_tile_4_addr' <Predicate = (trunc_ln195 == 4)> <Delay = 0.00>
ST_16 : Operation 149 [1/1] (0.00ns)   --->   "%O_tile_5_addr = getelementptr i32 %O_tile_5, i64 0, i64 %zext_ln197" [/home/siyenga7/FPGA/attention_int8.cpp:197]   --->   Operation 149 'getelementptr' 'O_tile_5_addr' <Predicate = (trunc_ln195 == 5)> <Delay = 0.00>
ST_16 : Operation 150 [1/1] (0.00ns)   --->   "%O_tile_6_addr = getelementptr i32 %O_tile_6, i64 0, i64 %zext_ln197" [/home/siyenga7/FPGA/attention_int8.cpp:197]   --->   Operation 150 'getelementptr' 'O_tile_6_addr' <Predicate = (trunc_ln195 == 6)> <Delay = 0.00>
ST_16 : Operation 151 [1/1] (0.00ns)   --->   "%O_tile_7_addr = getelementptr i32 %O_tile_7, i64 0, i64 %zext_ln197" [/home/siyenga7/FPGA/attention_int8.cpp:197]   --->   Operation 151 'getelementptr' 'O_tile_7_addr' <Predicate = (trunc_ln195 == 7)> <Delay = 0.00>
ST_16 : Operation 152 [2/2] (3.25ns)   --->   "%O_tile_load = load i10 %O_tile_addr" [/home/siyenga7/FPGA/attention_int8.cpp:197]   --->   Operation 152 'load' 'O_tile_load' <Predicate = (trunc_ln195 == 0)> <Delay = 3.25> <CoreInst = "RAM">   --->   Core 82 'RAM' <Latency = 1> <II = 1> <Delay = 3.25> <Storage> <Opcode : 'load' 'store'> <Ports = 2> <Width = 32> <Depth = 1024> <RAM>
ST_16 : Operation 153 [2/2] (3.25ns)   --->   "%O_tile_1_load = load i10 %O_tile_1_addr" [/home/siyenga7/FPGA/attention_int8.cpp:197]   --->   Operation 153 'load' 'O_tile_1_load' <Predicate = (trunc_ln195 == 1)> <Delay = 3.25> <CoreInst = "RAM">   --->   Core 82 'RAM' <Latency = 1> <II = 1> <Delay = 3.25> <Storage> <Opcode : 'load' 'store'> <Ports = 2> <Width = 32> <Depth = 1024> <RAM>
ST_16 : Operation 154 [2/2] (3.25ns)   --->   "%O_tile_2_load = load i10 %O_tile_2_addr" [/home/siyenga7/FPGA/attention_int8.cpp:197]   --->   Operation 154 'load' 'O_tile_2_load' <Predicate = (trunc_ln195 == 2)> <Delay = 3.25> <CoreInst = "RAM">   --->   Core 82 'RAM' <Latency = 1> <II = 1> <Delay = 3.25> <Storage> <Opcode : 'load' 'store'> <Ports = 2> <Width = 32> <Depth = 1024> <RAM>
ST_16 : Operation 155 [2/2] (3.25ns)   --->   "%O_tile_3_load = load i10 %O_tile_3_addr" [/home/siyenga7/FPGA/attention_int8.cpp:197]   --->   Operation 155 'load' 'O_tile_3_load' <Predicate = (trunc_ln195 == 3)> <Delay = 3.25> <CoreInst = "RAM">   --->   Core 82 'RAM' <Latency = 1> <II = 1> <Delay = 3.25> <Storage> <Opcode : 'load' 'store'> <Ports = 2> <Width = 32> <Depth = 1024> <RAM>
ST_16 : Operation 156 [2/2] (3.25ns)   --->   "%O_tile_4_load = load i10 %O_tile_4_addr" [/home/siyenga7/FPGA/attention_int8.cpp:197]   --->   Operation 156 'load' 'O_tile_4_load' <Predicate = (trunc_ln195 == 4)> <Delay = 3.25> <CoreInst = "RAM">   --->   Core 82 'RAM' <Latency = 1> <II = 1> <Delay = 3.25> <Storage> <Opcode : 'load' 'store'> <Ports = 2> <Width = 32> <Depth = 1024> <RAM>
ST_16 : Operation 157 [2/2] (3.25ns)   --->   "%O_tile_5_load = load i10 %O_tile_5_addr" [/home/siyenga7/FPGA/attention_int8.cpp:197]   --->   Operation 157 'load' 'O_tile_5_load' <Predicate = (trunc_ln195 == 5)> <Delay = 3.25> <CoreInst = "RAM">   --->   Core 82 'RAM' <Latency = 1> <II = 1> <Delay = 3.25> <Storage> <Opcode : 'load' 'store'> <Ports = 2> <Width = 32> <Depth = 1024> <RAM>
ST_16 : Operation 158 [2/2] (3.25ns)   --->   "%O_tile_6_load = load i10 %O_tile_6_addr" [/home/siyenga7/FPGA/attention_int8.cpp:197]   --->   Operation 158 'load' 'O_tile_6_load' <Predicate = (trunc_ln195 == 6)> <Delay = 3.25> <CoreInst = "RAM">   --->   Core 82 'RAM' <Latency = 1> <II = 1> <Delay = 3.25> <Storage> <Opcode : 'load' 'store'> <Ports = 2> <Width = 32> <Depth = 1024> <RAM>
ST_16 : Operation 159 [2/2] (3.25ns)   --->   "%O_tile_7_load = load i10 %O_tile_7_addr" [/home/siyenga7/FPGA/attention_int8.cpp:197]   --->   Operation 159 'load' 'O_tile_7_load' <Predicate = (trunc_ln195 == 7)> <Delay = 3.25> <CoreInst = "RAM">   --->   Core 82 'RAM' <Latency = 1> <II = 1> <Delay = 3.25> <Storage> <Opcode : 'load' 'store'> <Ports = 2> <Width = 32> <Depth = 1024> <RAM>

State 17 <SV = 16> <Delay = 7.27>
ST_17 : Operation 160 [1/1] (0.00ns) (grouped into LUT with out node inv_l)   --->   "%or_ln194 = or i1 %icmp_ln194_1, i1 %icmp_ln194" [/home/siyenga7/FPGA/attention_int8.cpp:194]   --->   Operation 160 'or' 'or_ln194' <Predicate = true> <Delay = 0.00> <CoreInst = "LogicGate">   --->   Core 74 'LogicGate' <Latency = 0> <II = 1> <Delay = 0.97> <FuncUnit> <Opcode : 'and' 'or' 'xor'> <InPorts = 2> <OutPorts = 1>
ST_17 : Operation 161 [1/1] (0.00ns) (grouped into LUT with out node inv_l)   --->   "%and_ln194 = and i1 %or_ln194, i1 %tmp_2" [/home/siyenga7/FPGA/attention_int8.cpp:194]   --->   Operation 161 'and' 'and_ln194' <Predicate = true> <Delay = 0.00> <CoreInst = "LogicGate">   --->   Core 74 'LogicGate' <Latency = 0> <II = 1> <Delay = 0.97> <FuncUnit> <Opcode : 'and' 'or' 'xor'> <InPorts = 2> <OutPorts = 1>
ST_17 : Operation 162 [1/16] (6.30ns)   --->   "%div = fdiv i32 1, i32 %tmp" [/home/siyenga7/FPGA/attention_int8.cpp:194]   --->   Operation 162 'fdiv' 'div' <Predicate = true> <Delay = 6.30> <CoreInst = "FDiv">   --->   Core 20 'FDiv' <Latency = 15> <II = 1> <Delay = 6.30> <FuncUnit> <Opcode : 'fdiv' 'frem'> <InPorts = 2> <OutPorts = 1>
ST_17 : Operation 163 [1/1] (0.97ns) (out node of the LUT)   --->   "%inv_l = select i1 %and_ln194, i32 %div, i32 0" [/home/siyenga7/FPGA/attention_int8.cpp:194]   --->   Operation 163 'select' 'inv_l' <Predicate = true> <Delay = 0.97> <CoreInst = "Sel">   --->   Core 73 'Sel' <Latency = 0> <II = 1> <Delay = 0.79> <FuncUnit> <Opcode : 'select'> <InPorts = 3> <OutPorts = 1>
ST_17 : Operation 164 [1/2] (3.25ns)   --->   "%O_tile_load = load i10 %O_tile_addr" [/home/siyenga7/FPGA/attention_int8.cpp:197]   --->   Operation 164 'load' 'O_tile_load' <Predicate = (trunc_ln195 == 0)> <Delay = 3.25> <CoreInst = "RAM">   --->   Core 82 'RAM' <Latency = 1> <II = 1> <Delay = 3.25> <Storage> <Opcode : 'load' 'store'> <Ports = 2> <Width = 32> <Depth = 1024> <RAM>
ST_17 : Operation 165 [1/2] (3.25ns)   --->   "%O_tile_1_load = load i10 %O_tile_1_addr" [/home/siyenga7/FPGA/attention_int8.cpp:197]   --->   Operation 165 'load' 'O_tile_1_load' <Predicate = (trunc_ln195 == 1)> <Delay = 3.25> <CoreInst = "RAM">   --->   Core 82 'RAM' <Latency = 1> <II = 1> <Delay = 3.25> <Storage> <Opcode : 'load' 'store'> <Ports = 2> <Width = 32> <Depth = 1024> <RAM>
ST_17 : Operation 166 [1/2] (3.25ns)   --->   "%O_tile_2_load = load i10 %O_tile_2_addr" [/home/siyenga7/FPGA/attention_int8.cpp:197]   --->   Operation 166 'load' 'O_tile_2_load' <Predicate = (trunc_ln195 == 2)> <Delay = 3.25> <CoreInst = "RAM">   --->   Core 82 'RAM' <Latency = 1> <II = 1> <Delay = 3.25> <Storage> <Opcode : 'load' 'store'> <Ports = 2> <Width = 32> <Depth = 1024> <RAM>
ST_17 : Operation 167 [1/2] (3.25ns)   --->   "%O_tile_3_load = load i10 %O_tile_3_addr" [/home/siyenga7/FPGA/attention_int8.cpp:197]   --->   Operation 167 'load' 'O_tile_3_load' <Predicate = (trunc_ln195 == 3)> <Delay = 3.25> <CoreInst = "RAM">   --->   Core 82 'RAM' <Latency = 1> <II = 1> <Delay = 3.25> <Storage> <Opcode : 'load' 'store'> <Ports = 2> <Width = 32> <Depth = 1024> <RAM>
ST_17 : Operation 168 [1/2] (3.25ns)   --->   "%O_tile_4_load = load i10 %O_tile_4_addr" [/home/siyenga7/FPGA/attention_int8.cpp:197]   --->   Operation 168 'load' 'O_tile_4_load' <Predicate = (trunc_ln195 == 4)> <Delay = 3.25> <CoreInst = "RAM">   --->   Core 82 'RAM' <Latency = 1> <II = 1> <Delay = 3.25> <Storage> <Opcode : 'load' 'store'> <Ports = 2> <Width = 32> <Depth = 1024> <RAM>
ST_17 : Operation 169 [1/2] (3.25ns)   --->   "%O_tile_5_load = load i10 %O_tile_5_addr" [/home/siyenga7/FPGA/attention_int8.cpp:197]   --->   Operation 169 'load' 'O_tile_5_load' <Predicate = (trunc_ln195 == 5)> <Delay = 3.25> <CoreInst = "RAM">   --->   Core 82 'RAM' <Latency = 1> <II = 1> <Delay = 3.25> <Storage> <Opcode : 'load' 'store'> <Ports = 2> <Width = 32> <Depth = 1024> <RAM>
ST_17 : Operation 170 [1/2] (3.25ns)   --->   "%O_tile_6_load = load i10 %O_tile_6_addr" [/home/siyenga7/FPGA/attention_int8.cpp:197]   --->   Operation 170 'load' 'O_tile_6_load' <Predicate = (trunc_ln195 == 6)> <Delay = 3.25> <CoreInst = "RAM">   --->   Core 82 'RAM' <Latency = 1> <II = 1> <Delay = 3.25> <Storage> <Opcode : 'load' 'store'> <Ports = 2> <Width = 32> <Depth = 1024> <RAM>
ST_17 : Operation 171 [1/2] (3.25ns)   --->   "%O_tile_7_load = load i10 %O_tile_7_addr" [/home/siyenga7/FPGA/attention_int8.cpp:197]   --->   Operation 171 'load' 'O_tile_7_load' <Predicate = (trunc_ln195 == 7)> <Delay = 3.25> <CoreInst = "RAM">   --->   Core 82 'RAM' <Latency = 1> <II = 1> <Delay = 3.25> <Storage> <Opcode : 'load' 'store'> <Ports = 2> <Width = 32> <Depth = 1024> <RAM>
ST_17 : Operation 172 [1/1] (1.80ns)   --->   "%tmp_1 = sparsemux i32 @_ssdm_op_SparseMux.ap_auto.8float.float.i3, i3 0, i32 %O_tile_load, i3 1, i32 %O_tile_1_load, i3 2, i32 %O_tile_2_load, i3 3, i32 %O_tile_3_load, i3 4, i32 %O_tile_4_load, i3 5, i32 %O_tile_5_load, i3 6, i32 %O_tile_6_load, i3 7, i32 %O_tile_7_load, i32 <undef>, i3 %trunc_ln195" [/home/siyenga7/FPGA/attention_int8.cpp:197]   --->   Operation 172 'sparsemux' 'tmp_1' <Predicate = true> <Delay = 1.80> <CoreInst = "SparseMux">   --->   Core 135 'SparseMux' <Latency = 0> <II = 1> <Delay = 1.80> <FuncUnit> <Opcode : 'sparsemux'> <InPorts = 2> <OutPorts = 1>

State 18 <SV = 17> <Delay = 5.78>
ST_18 : Operation 173 [4/4] (5.78ns)   --->   "%v = fmul i32 %tmp_1, i32 %inv_l" [/home/siyenga7/FPGA/attention_int8.cpp:197]   --->   Operation 173 'fmul' 'v' <Predicate = true> <Delay = 5.78> <CoreInst = "FMul_maxdsp">   --->   Core 30 'FMul_maxdsp' <Latency = 3> <II = 1> <Delay = 5.78> <FuncUnit> <Opcode : 'fmul'> <InPorts = 2> <OutPorts = 1>

State 19 <SV = 18> <Delay = 5.78>
ST_19 : Operation 174 [3/4] (5.78ns)   --->   "%v = fmul i32 %tmp_1, i32 %inv_l" [/home/siyenga7/FPGA/attention_int8.cpp:197]   --->   Operation 174 'fmul' 'v' <Predicate = true> <Delay = 5.78> <CoreInst = "FMul_maxdsp">   --->   Core 30 'FMul_maxdsp' <Latency = 3> <II = 1> <Delay = 5.78> <FuncUnit> <Opcode : 'fmul'> <InPorts = 2> <OutPorts = 1>

State 20 <SV = 19> <Delay = 5.78>
ST_20 : Operation 175 [2/4] (5.78ns)   --->   "%v = fmul i32 %tmp_1, i32 %inv_l" [/home/siyenga7/FPGA/attention_int8.cpp:197]   --->   Operation 175 'fmul' 'v' <Predicate = true> <Delay = 5.78> <CoreInst = "FMul_maxdsp">   --->   Core 30 'FMul_maxdsp' <Latency = 3> <II = 1> <Delay = 5.78> <FuncUnit> <Opcode : 'fmul'> <InPorts = 2> <OutPorts = 1>

State 21 <SV = 20> <Delay = 5.78>
ST_21 : Operation 176 [1/4] (5.78ns)   --->   "%v = fmul i32 %tmp_1, i32 %inv_l" [/home/siyenga7/FPGA/attention_int8.cpp:197]   --->   Operation 176 'fmul' 'v' <Predicate = true> <Delay = 5.78> <CoreInst = "FMul_maxdsp">   --->   Core 30 'FMul_maxdsp' <Latency = 3> <II = 1> <Delay = 5.78> <FuncUnit> <Opcode : 'fmul'> <InPorts = 2> <OutPorts = 1>

State 22 <SV = 21> <Delay = 5.12>
ST_22 : Operation 177 [2/2] (5.12ns)   --->   "%conv1 = sptohp i32 %v" [/home/siyenga7/FPGA/attention_int8.cpp:198]   --->   Operation 177 'sptohp' 'conv1' <Predicate = true> <Delay = 5.12> <CoreInst = "Float2Half">   --->   Core 69 'Float2Half' <Latency = 1> <II = 1> <Delay = 5.12> <FuncUnit> <Opcode : 'sptohp'> <InPorts = 1> <OutPorts = 1>

State 23 <SV = 22> <Delay = 5.12>
ST_23 : Operation 178 [1/2] (5.12ns)   --->   "%conv1 = sptohp i32 %v" [/home/siyenga7/FPGA/attention_int8.cpp:198]   --->   Operation 178 'sptohp' 'conv1' <Predicate = true> <Delay = 5.12> <CoreInst = "Float2Half">   --->   Core 69 'Float2Half' <Latency = 1> <II = 1> <Delay = 5.12> <FuncUnit> <Opcode : 'sptohp'> <InPorts = 1> <OutPorts = 1>
ST_23 : Operation 186 [1/1] (0.00ns)   --->   "%ret_ln0 = ret"   --->   Operation 186 'ret' 'ret_ln0' <Predicate = (icmp_ln193)> <Delay = 0.00>

State 24 <SV = 23> <Delay = 7.30>
ST_24 : Operation 179 [1/1] (0.00ns)   --->   "%gmem3_addr = getelementptr i16 %gmem3, i64 %sext_ln81_cast" [/home/siyenga7/FPGA/attention_int8.cpp:81]   --->   Operation 179 'getelementptr' 'gmem3_addr' <Predicate = true> <Delay = 0.00>
ST_24 : Operation 180 [1/1] (0.00ns)   --->   "%specloopname_ln0 = specloopname void @_ssdm_op_SpecLoopName, void @VITIS_LOOP_193_18_VITIS_LOOP_195_19_str"   --->   Operation 180 'specloopname' 'specloopname_ln0' <Predicate = true> <Delay = 0.00>
ST_24 : Operation 181 [1/1] (0.00ns)   --->   "%speclooptripcount_ln0 = speclooptripcount void @_ssdm_op_SpecLoopTripCount, i64 8192, i64 8192, i64 8192"   --->   Operation 181 'speclooptripcount' 'speclooptripcount_ln0' <Predicate = true> <Delay = 0.00>
ST_24 : Operation 182 [1/1] (0.00ns)   --->   "%specpipeline_ln196 = specpipeline void @_ssdm_op_SpecPipeline, i32 1, i32 0, i32 0, i32 0, void @empty_21" [/home/siyenga7/FPGA/attention_int8.cpp:196]   --->   Operation 182 'specpipeline' 'specpipeline_ln196' <Predicate = true> <Delay = 0.00>
ST_24 : Operation 183 [1/1] (0.00ns)   --->   "%bitcast_ln200 = bitcast i16 %conv1" [/home/siyenga7/FPGA/attention_int8.cpp:200]   --->   Operation 183 'bitcast' 'bitcast_ln200' <Predicate = true> <Delay = 0.00>
ST_24 : Operation 184 [1/1] (7.30ns)   --->   "%write_ln200 = write void @_ssdm_op_Write.m_axi.p1i16, i16 %gmem3_addr, i16 %bitcast_ln200, i2 3" [/home/siyenga7/FPGA/attention_int8.cpp:200]   --->   Operation 184 'write' 'write_ln200' <Predicate = true> <Delay = 7.30> <CoreInst = "m_axi">   --->   Core 113 'm_axi' <Latency = 0> <II = 1> <Delay = 1.00> <Adapter> <Opcode : 'read' 'write' 'readreq' 'writereq' 'writeresp'>
ST_24 : Operation 185 [1/1] (0.00ns)   --->   "%br_ln195 = br void %for.inc275" [/home/siyenga7/FPGA/attention_int8.cpp:195]   --->   Operation 185 'br' 'br_ln195' <Predicate = true> <Delay = 0.00>


============================================================
+ Verbose Summary: Timing violations
============================================================
Target clock period: 10.000ns, clock uncertainty: 2.700ns.

 <State 1>: 8.491ns
The critical path consists of the following:
	'store' operation 0 bit ('store_ln195', /home/siyenga7/FPGA/attention_int8.cpp:195) of constant 0 on local variable 'd', /home/siyenga7/FPGA/attention_int8.cpp:195 [147]  (1.610 ns)
	'load' operation 8 bit ('d_load', /home/siyenga7/FPGA/attention_int8.cpp:195) on local variable 'd', /home/siyenga7/FPGA/attention_int8.cpp:195 [156]  (0.000 ns)
	'icmp' operation 1 bit ('icmp_ln195', /home/siyenga7/FPGA/attention_int8.cpp:195) [162]  (2.115 ns)
	'select' operation 8 bit ('select_ln193', /home/siyenga7/FPGA/attention_int8.cpp:193) [163]  (1.041 ns)
	'add' operation 8 bit ('add_ln195', /home/siyenga7/FPGA/attention_int8.cpp:195) [203]  (2.115 ns)
	'store' operation 0 bit ('store_ln195', /home/siyenga7/FPGA/attention_int8.cpp:195) of variable 'add_ln195', /home/siyenga7/FPGA/attention_int8.cpp:195 on local variable 'd', /home/siyenga7/FPGA/attention_int8.cpp:195 [206]  (1.610 ns)

 <State 2>: 6.301ns
The critical path consists of the following:
	'fdiv' operation 32 bit ('div', /home/siyenga7/FPGA/attention_int8.cpp:194) [175]  (6.301 ns)

 <State 3>: 6.301ns
The critical path consists of the following:
	'fdiv' operation 32 bit ('div', /home/siyenga7/FPGA/attention_int8.cpp:194) [175]  (6.301 ns)

 <State 4>: 6.301ns
The critical path consists of the following:
	'fdiv' operation 32 bit ('div', /home/siyenga7/FPGA/attention_int8.cpp:194) [175]  (6.301 ns)

 <State 5>: 6.301ns
The critical path consists of the following:
	'fdiv' operation 32 bit ('div', /home/siyenga7/FPGA/attention_int8.cpp:194) [175]  (6.301 ns)

 <State 6>: 6.301ns
The critical path consists of the following:
	'fdiv' operation 32 bit ('div', /home/siyenga7/FPGA/attention_int8.cpp:194) [175]  (6.301 ns)

 <State 7>: 6.301ns
The critical path consists of the following:
	'fdiv' operation 32 bit ('div', /home/siyenga7/FPGA/attention_int8.cpp:194) [175]  (6.301 ns)

 <State 8>: 6.301ns
The critical path consists of the following:
	'fdiv' operation 32 bit ('div', /home/siyenga7/FPGA/attention_int8.cpp:194) [175]  (6.301 ns)

 <State 9>: 6.301ns
The critical path consists of the following:
	'fdiv' operation 32 bit ('div', /home/siyenga7/FPGA/attention_int8.cpp:194) [175]  (6.301 ns)

 <State 10>: 6.301ns
The critical path consists of the following:
	'fdiv' operation 32 bit ('div', /home/siyenga7/FPGA/attention_int8.cpp:194) [175]  (6.301 ns)

 <State 11>: 6.301ns
The critical path consists of the following:
	'fdiv' operation 32 bit ('div', /home/siyenga7/FPGA/attention_int8.cpp:194) [175]  (6.301 ns)

 <State 12>: 6.301ns
The critical path consists of the following:
	'fdiv' operation 32 bit ('div', /home/siyenga7/FPGA/attention_int8.cpp:194) [175]  (6.301 ns)

 <State 13>: 6.301ns
The critical path consists of the following:
	'fdiv' operation 32 bit ('div', /home/siyenga7/FPGA/attention_int8.cpp:194) [175]  (6.301 ns)

 <State 14>: 6.301ns
The critical path consists of the following:
	'fdiv' operation 32 bit ('div', /home/siyenga7/FPGA/attention_int8.cpp:194) [175]  (6.301 ns)

 <State 15>: 6.301ns
The critical path consists of the following:
	'fdiv' operation 32 bit ('div', /home/siyenga7/FPGA/attention_int8.cpp:194) [175]  (6.301 ns)

 <State 16>: 6.301ns
The critical path consists of the following:
	'fdiv' operation 32 bit ('div', /home/siyenga7/FPGA/attention_int8.cpp:194) [175]  (6.301 ns)

 <State 17>: 7.279ns
The critical path consists of the following:
	'fdiv' operation 32 bit ('div', /home/siyenga7/FPGA/attention_int8.cpp:194) [175]  (6.301 ns)
	'select' operation 32 bit ('inv_l', /home/siyenga7/FPGA/attention_int8.cpp:194) [176]  (0.978 ns)

 <State 18>: 5.784ns
The critical path consists of the following:
	'fmul' operation 32 bit ('v', /home/siyenga7/FPGA/attention_int8.cpp:197) [199]  (5.784 ns)

 <State 19>: 5.784ns
The critical path consists of the following:
	'fmul' operation 32 bit ('v', /home/siyenga7/FPGA/attention_int8.cpp:197) [199]  (5.784 ns)

 <State 20>: 5.784ns
The critical path consists of the following:
	'fmul' operation 32 bit ('v', /home/siyenga7/FPGA/attention_int8.cpp:197) [199]  (5.784 ns)

 <State 21>: 5.784ns
The critical path consists of the following:
	'fmul' operation 32 bit ('v', /home/siyenga7/FPGA/attention_int8.cpp:197) [199]  (5.784 ns)

 <State 22>: 5.122ns
The critical path consists of the following:
	'sptohp' operation 16 bit ('conv1', /home/siyenga7/FPGA/attention_int8.cpp:198) [200]  (5.122 ns)

 <State 23>: 5.122ns
The critical path consists of the following:
	'sptohp' operation 16 bit ('conv1', /home/siyenga7/FPGA/attention_int8.cpp:198) [200]  (5.122 ns)

 <State 24>: 7.300ns
The critical path consists of the following:
	'getelementptr' operation 16 bit ('gmem3_addr', /home/siyenga7/FPGA/attention_int8.cpp:81) [158]  (0.000 ns)
	bus write operation ('write_ln200', /home/siyenga7/FPGA/attention_int8.cpp:200) on port 'gmem3' (/home/siyenga7/FPGA/attention_int8.cpp:200) [202]  (7.300 ns)


============================================================
+ Verbose Summary: Binding
============================================================
N/A
* FSMD analyzer results:
  - Output states:
 - Input state : 
  - Chain level:
	State 1
	State 2
	State 3
	State 4
	State 5
	State 6
	State 7
	State 8
	State 9
	State 10
	State 11
	State 12
	State 13
	State 14
	State 15
	State 16
	State 17
	State 18
	State 19
	State 20
	State 21
	State 22
	State 23
	State 24


============================================================
+ Verbose Summary: Datapath Resource usage 
============================================================
N/A
