

================================================================
== Vitis HLS Report for 'attention_int8_kernel_Pipeline_VITIS_LOOP_108_5'
================================================================
* Date:           Sat Apr 25 16:33:36 2026

* Version:        2023.2 (Build 4023990 on Oct 11 2023)
* Project:        attention_int8_kernel
* Solution:       hls (Vivado IP Flow Target)
* Product family: artix7
* Target device:  xc7a200t-sbg484-1


================================================================
== Performance Estimates
================================================================
+ Timing: 
    * Summary: 
    +--------+----------+----------+------------+
    |  Clock |  Target  | Estimated| Uncertainty|
    +--------+----------+----------+------------+
    |ap_clk  |  10.00 ns|  6.898 ns|     2.70 ns|
    +--------+----------+----------+------------+

+ Latency: 
    * Summary: 
    +---------+---------+----------+----------+-----+-----+---------+
    |  Latency (cycles) |  Latency (absolute) |  Interval | Pipeline|
    |   min   |   max   |    min   |    max   | min | max |   Type  |
    +---------+---------+----------+----------+-----+-----+---------+
    |      514|      514|  5.140 us|  5.140 us|  514|  514|       no|
    +---------+---------+----------+----------+-----+-----+---------+

    + Detail: 
        * Instance: 
        N/A

        * Loop: 
        +--------------------+---------+---------+----------+-----------+-----------+------+----------+
        |                    |  Latency (cycles) | Iteration|  Initiation Interval  | Trip |          |
        |      Loop Name     |   min   |   max   |  Latency |  achieved |   target  | Count| Pipelined|
        +--------------------+---------+---------+----------+-----------+-----------+------+----------+
        |- VITIS_LOOP_108_5  |      512|      512|         8|          8|          1|    64|       yes|
        +--------------------+---------+---------+----------+-----------+-----------+------+----------+

============================================================
+ Verbose Summary: Synthesis Manager
============================================================
InlineROM: 1
ExposeGlobal: 0
============================================================
+ Verbose Summary: CDFG Model
============================================================
IsTopModel: 0
ResetActiveHigh: 1
IsCombinational: 0
IsDatapathOnly: 0
HasWiredReturn: 1
HasMFsm: 2
HasVarLatency: 1
IsPipeline: 0
IsRtlPipelined: 0
IsInstanceOverlapped: 0
IsDontTouch: 0
HasImplIP: 0
IsGatedGlobalClock: 0

+ Individual pipeline summary: 
  * Pipeline-0: initiation interval (II) = 8, depth = 8


============================================================
+ Verbose Summary: Schedule
============================================================
* Number of FSM states : 8
* Pipeline : 1
  Pipeline-0 : II = 8, D = 8, States = { 1 2 3 4 5 6 7 8 }
* Dataflow Pipeline: 0

* FSM state transitions: 
1 --> 2 
2 --> 3 
3 --> 4 
4 --> 5 
5 --> 6 
6 --> 7 
7 --> 8 
8 --> 

* FSM state operations: 

State 1 <SV = 0> <Delay = 6.89>
ST_1 : Operation 11 [1/1] (0.00ns)   --->   "%i = alloca i32 1" [/home/siyenga7/FPGA/attention_int8.cpp:108]   --->   Operation 11 'alloca' 'i' <Predicate = true> <Delay = 0.00>
ST_1 : Operation 12 [1/1] (1.61ns)   --->   "%store_ln108 = store i7 0, i7 %i" [/home/siyenga7/FPGA/attention_int8.cpp:108]   --->   Operation 12 'store' 'store_ln108' <Predicate = true> <Delay = 1.61>
ST_1 : Operation 13 [1/1] (0.00ns)   --->   "%br_ln0 = br void %VITIS_LOOP_112_6"   --->   Operation 13 'br' 'br_ln0' <Predicate = true> <Delay = 0.00>
ST_1 : Operation 14 [1/1] (0.00ns)   --->   "%i_1 = load i7 %i" [/home/siyenga7/FPGA/attention_int8.cpp:108]   --->   Operation 14 'load' 'i_1' <Predicate = true> <Delay = 0.00>
ST_1 : Operation 15 [1/1] (0.00ns)   --->   "%trunc_ln108 = trunc i7 %i_1" [/home/siyenga7/FPGA/attention_int8.cpp:108]   --->   Operation 15 'trunc' 'trunc_ln108' <Predicate = true> <Delay = 0.00>
ST_1 : Operation 16 [1/1] (2.03ns)   --->   "%icmp_ln108 = icmp_eq  i7 %i_1, i7 64" [/home/siyenga7/FPGA/attention_int8.cpp:108]   --->   Operation 16 'icmp' 'icmp_ln108' <Predicate = true> <Delay = 2.03> <CoreInst = "Cmp">   --->   Core 9 'Cmp' <Latency = 0> <II = 1> <Delay = 2.03> <FuncUnit> <Opcode : 'icmp'> <InPorts = 2> <OutPorts = 1>
ST_1 : Operation 17 [1/1] (2.03ns)   --->   "%add_ln108 = add i7 %i_1, i7 1" [/home/siyenga7/FPGA/attention_int8.cpp:108]   --->   Operation 17 'add' 'add_ln108' <Predicate = true> <Delay = 2.03> <CoreInst = "Adder">   --->   Core 1 'Adder' <Latency = 0> <II = 1> <Delay = 2.03> <FuncUnit> <Opcode : 'add' 'sub'> <InPorts = 2> <OutPorts = 1>
ST_1 : Operation 18 [1/1] (0.00ns)   --->   "%br_ln108 = br i1 %icmp_ln108, void %VITIS_LOOP_112_6.split, void %VITIS_LOOP_118_7.exitStub" [/home/siyenga7/FPGA/attention_int8.cpp:108]   --->   Operation 18 'br' 'br_ln108' <Predicate = true> <Delay = 0.00>
ST_1 : Operation 19 [1/1] (0.00ns)   --->   "%tmp_s = bitconcatenate i10 @_ssdm_op_BitConcatenate.i10.i6.i4, i6 %trunc_ln108, i4 0" [/home/siyenga7/FPGA/attention_int8.cpp:114]   --->   Operation 19 'bitconcatenate' 'tmp_s' <Predicate = (!icmp_ln108)> <Delay = 0.00>
ST_1 : Operation 20 [1/1] (0.00ns)   --->   "%zext_ln114 = zext i10 %tmp_s" [/home/siyenga7/FPGA/attention_int8.cpp:114]   --->   Operation 20 'zext' 'zext_ln114' <Predicate = (!icmp_ln108)> <Delay = 0.00>
ST_1 : Operation 21 [1/1] (0.00ns)   --->   "%O_tile_addr = getelementptr i32 %O_tile, i64 0, i64 %zext_ln114" [/home/siyenga7/FPGA/attention_int8.cpp:114]   --->   Operation 21 'getelementptr' 'O_tile_addr' <Predicate = (!icmp_ln108)> <Delay = 0.00>
ST_1 : Operation 22 [1/1] (0.00ns)   --->   "%or_ln114 = or i10 %tmp_s, i10 1" [/home/siyenga7/FPGA/attention_int8.cpp:114]   --->   Operation 22 'or' 'or_ln114' <Predicate = (!icmp_ln108)> <Delay = 0.00>
ST_1 : Operation 23 [1/1] (0.00ns)   --->   "%zext_ln114_1 = zext i10 %or_ln114" [/home/siyenga7/FPGA/attention_int8.cpp:114]   --->   Operation 23 'zext' 'zext_ln114_1' <Predicate = (!icmp_ln108)> <Delay = 0.00>
ST_1 : Operation 24 [1/1] (0.00ns)   --->   "%O_tile_addr_1 = getelementptr i32 %O_tile, i64 0, i64 %zext_ln114_1" [/home/siyenga7/FPGA/attention_int8.cpp:114]   --->   Operation 24 'getelementptr' 'O_tile_addr_1' <Predicate = (!icmp_ln108)> <Delay = 0.00>
ST_1 : Operation 25 [1/1] (0.00ns)   --->   "%O_tile_1_addr = getelementptr i32 %O_tile_1, i64 0, i64 %zext_ln114" [/home/siyenga7/FPGA/attention_int8.cpp:114]   --->   Operation 25 'getelementptr' 'O_tile_1_addr' <Predicate = (!icmp_ln108)> <Delay = 0.00>
ST_1 : Operation 26 [1/1] (0.00ns)   --->   "%O_tile_1_addr_1 = getelementptr i32 %O_tile_1, i64 0, i64 %zext_ln114_1" [/home/siyenga7/FPGA/attention_int8.cpp:114]   --->   Operation 26 'getelementptr' 'O_tile_1_addr_1' <Predicate = (!icmp_ln108)> <Delay = 0.00>
ST_1 : Operation 27 [1/1] (0.00ns)   --->   "%O_tile_2_addr = getelementptr i32 %O_tile_2, i64 0, i64 %zext_ln114" [/home/siyenga7/FPGA/attention_int8.cpp:114]   --->   Operation 27 'getelementptr' 'O_tile_2_addr' <Predicate = (!icmp_ln108)> <Delay = 0.00>
ST_1 : Operation 28 [1/1] (0.00ns)   --->   "%O_tile_2_addr_1 = getelementptr i32 %O_tile_2, i64 0, i64 %zext_ln114_1" [/home/siyenga7/FPGA/attention_int8.cpp:114]   --->   Operation 28 'getelementptr' 'O_tile_2_addr_1' <Predicate = (!icmp_ln108)> <Delay = 0.00>
ST_1 : Operation 29 [1/1] (0.00ns)   --->   "%O_tile_3_addr = getelementptr i32 %O_tile_3, i64 0, i64 %zext_ln114" [/home/siyenga7/FPGA/attention_int8.cpp:114]   --->   Operation 29 'getelementptr' 'O_tile_3_addr' <Predicate = (!icmp_ln108)> <Delay = 0.00>
ST_1 : Operation 30 [1/1] (0.00ns)   --->   "%O_tile_3_addr_1 = getelementptr i32 %O_tile_3, i64 0, i64 %zext_ln114_1" [/home/siyenga7/FPGA/attention_int8.cpp:114]   --->   Operation 30 'getelementptr' 'O_tile_3_addr_1' <Predicate = (!icmp_ln108)> <Delay = 0.00>
ST_1 : Operation 31 [1/1] (0.00ns)   --->   "%O_tile_4_addr = getelementptr i32 %O_tile_4, i64 0, i64 %zext_ln114" [/home/siyenga7/FPGA/attention_int8.cpp:114]   --->   Operation 31 'getelementptr' 'O_tile_4_addr' <Predicate = (!icmp_ln108)> <Delay = 0.00>
ST_1 : Operation 32 [1/1] (0.00ns)   --->   "%O_tile_4_addr_1 = getelementptr i32 %O_tile_4, i64 0, i64 %zext_ln114_1" [/home/siyenga7/FPGA/attention_int8.cpp:114]   --->   Operation 32 'getelementptr' 'O_tile_4_addr_1' <Predicate = (!icmp_ln108)> <Delay = 0.00>
ST_1 : Operation 33 [1/1] (0.00ns)   --->   "%O_tile_5_addr = getelementptr i32 %O_tile_5, i64 0, i64 %zext_ln114" [/home/siyenga7/FPGA/attention_int8.cpp:114]   --->   Operation 33 'getelementptr' 'O_tile_5_addr' <Predicate = (!icmp_ln108)> <Delay = 0.00>
ST_1 : Operation 34 [1/1] (0.00ns)   --->   "%O_tile_5_addr_1 = getelementptr i32 %O_tile_5, i64 0, i64 %zext_ln114_1" [/home/siyenga7/FPGA/attention_int8.cpp:114]   --->   Operation 34 'getelementptr' 'O_tile_5_addr_1' <Predicate = (!icmp_ln108)> <Delay = 0.00>
ST_1 : Operation 35 [1/1] (0.00ns)   --->   "%O_tile_6_addr = getelementptr i32 %O_tile_6, i64 0, i64 %zext_ln114" [/home/siyenga7/FPGA/attention_int8.cpp:114]   --->   Operation 35 'getelementptr' 'O_tile_6_addr' <Predicate = (!icmp_ln108)> <Delay = 0.00>
ST_1 : Operation 36 [1/1] (0.00ns)   --->   "%O_tile_6_addr_1 = getelementptr i32 %O_tile_6, i64 0, i64 %zext_ln114_1" [/home/siyenga7/FPGA/attention_int8.cpp:114]   --->   Operation 36 'getelementptr' 'O_tile_6_addr_1' <Predicate = (!icmp_ln108)> <Delay = 0.00>
ST_1 : Operation 37 [1/1] (0.00ns)   --->   "%O_tile_7_addr = getelementptr i32 %O_tile_7, i64 0, i64 %zext_ln114" [/home/siyenga7/FPGA/attention_int8.cpp:114]   --->   Operation 37 'getelementptr' 'O_tile_7_addr' <Predicate = (!icmp_ln108)> <Delay = 0.00>
ST_1 : Operation 38 [1/1] (0.00ns)   --->   "%O_tile_7_addr_1 = getelementptr i32 %O_tile_7, i64 0, i64 %zext_ln114_1" [/home/siyenga7/FPGA/attention_int8.cpp:114]   --->   Operation 38 'getelementptr' 'O_tile_7_addr_1' <Predicate = (!icmp_ln108)> <Delay = 0.00>
ST_1 : Operation 39 [1/1] (3.25ns)   --->   "%store_ln114 = store i32 0, i10 %O_tile_addr" [/home/siyenga7/FPGA/attention_int8.cpp:114]   --->   Operation 39 'store' 'store_ln114' <Predicate = (!icmp_ln108)> <Delay = 3.25> <CoreInst = "RAM">   --->   Core 82 'RAM' <Latency = 1> <II = 1> <Delay = 3.25> <Storage> <Opcode : 'load' 'store'> <Ports = 2> <Width = 32> <Depth = 1024> <RAM>
ST_1 : Operation 40 [1/1] (3.25ns)   --->   "%store_ln114 = store i32 0, i10 %O_tile_addr_1" [/home/siyenga7/FPGA/attention_int8.cpp:114]   --->   Operation 40 'store' 'store_ln114' <Predicate = (!icmp_ln108)> <Delay = 3.25> <CoreInst = "RAM">   --->   Core 82 'RAM' <Latency = 1> <II = 1> <Delay = 3.25> <Storage> <Opcode : 'load' 'store'> <Ports = 2> <Width = 32> <Depth = 1024> <RAM>
ST_1 : Operation 41 [1/1] (3.25ns)   --->   "%store_ln114 = store i32 0, i10 %O_tile_1_addr" [/home/siyenga7/FPGA/attention_int8.cpp:114]   --->   Operation 41 'store' 'store_ln114' <Predicate = (!icmp_ln108)> <Delay = 3.25> <CoreInst = "RAM">   --->   Core 82 'RAM' <Latency = 1> <II = 1> <Delay = 3.25> <Storage> <Opcode : 'load' 'store'> <Ports = 2> <Width = 32> <Depth = 1024> <RAM>
ST_1 : Operation 42 [1/1] (3.25ns)   --->   "%store_ln114 = store i32 0, i10 %O_tile_1_addr_1" [/home/siyenga7/FPGA/attention_int8.cpp:114]   --->   Operation 42 'store' 'store_ln114' <Predicate = (!icmp_ln108)> <Delay = 3.25> <CoreInst = "RAM">   --->   Core 82 'RAM' <Latency = 1> <II = 1> <Delay = 3.25> <Storage> <Opcode : 'load' 'store'> <Ports = 2> <Width = 32> <Depth = 1024> <RAM>
ST_1 : Operation 43 [1/1] (3.25ns)   --->   "%store_ln114 = store i32 0, i10 %O_tile_2_addr" [/home/siyenga7/FPGA/attention_int8.cpp:114]   --->   Operation 43 'store' 'store_ln114' <Predicate = (!icmp_ln108)> <Delay = 3.25> <CoreInst = "RAM">   --->   Core 82 'RAM' <Latency = 1> <II = 1> <Delay = 3.25> <Storage> <Opcode : 'load' 'store'> <Ports = 2> <Width = 32> <Depth = 1024> <RAM>
ST_1 : Operation 44 [1/1] (3.25ns)   --->   "%store_ln114 = store i32 0, i10 %O_tile_2_addr_1" [/home/siyenga7/FPGA/attention_int8.cpp:114]   --->   Operation 44 'store' 'store_ln114' <Predicate = (!icmp_ln108)> <Delay = 3.25> <CoreInst = "RAM">   --->   Core 82 'RAM' <Latency = 1> <II = 1> <Delay = 3.25> <Storage> <Opcode : 'load' 'store'> <Ports = 2> <Width = 32> <Depth = 1024> <RAM>
ST_1 : Operation 45 [1/1] (3.25ns)   --->   "%store_ln114 = store i32 0, i10 %O_tile_3_addr" [/home/siyenga7/FPGA/attention_int8.cpp:114]   --->   Operation 45 'store' 'store_ln114' <Predicate = (!icmp_ln108)> <Delay = 3.25> <CoreInst = "RAM">   --->   Core 82 'RAM' <Latency = 1> <II = 1> <Delay = 3.25> <Storage> <Opcode : 'load' 'store'> <Ports = 2> <Width = 32> <Depth = 1024> <RAM>
ST_1 : Operation 46 [1/1] (3.25ns)   --->   "%store_ln114 = store i32 0, i10 %O_tile_3_addr_1" [/home/siyenga7/FPGA/attention_int8.cpp:114]   --->   Operation 46 'store' 'store_ln114' <Predicate = (!icmp_ln108)> <Delay = 3.25> <CoreInst = "RAM">   --->   Core 82 'RAM' <Latency = 1> <II = 1> <Delay = 3.25> <Storage> <Opcode : 'load' 'store'> <Ports = 2> <Width = 32> <Depth = 1024> <RAM>
ST_1 : Operation 47 [1/1] (3.25ns)   --->   "%store_ln114 = store i32 0, i10 %O_tile_4_addr" [/home/siyenga7/FPGA/attention_int8.cpp:114]   --->   Operation 47 'store' 'store_ln114' <Predicate = (!icmp_ln108)> <Delay = 3.25> <CoreInst = "RAM">   --->   Core 82 'RAM' <Latency = 1> <II = 1> <Delay = 3.25> <Storage> <Opcode : 'load' 'store'> <Ports = 2> <Width = 32> <Depth = 1024> <RAM>
ST_1 : Operation 48 [1/1] (3.25ns)   --->   "%store_ln114 = store i32 0, i10 %O_tile_4_addr_1" [/home/siyenga7/FPGA/attention_int8.cpp:114]   --->   Operation 48 'store' 'store_ln114' <Predicate = (!icmp_ln108)> <Delay = 3.25> <CoreInst = "RAM">   --->   Core 82 'RAM' <Latency = 1> <II = 1> <Delay = 3.25> <Storage> <Opcode : 'load' 'store'> <Ports = 2> <Width = 32> <Depth = 1024> <RAM>
ST_1 : Operation 49 [1/1] (3.25ns)   --->   "%store_ln114 = store i32 0, i10 %O_tile_5_addr" [/home/siyenga7/FPGA/attention_int8.cpp:114]   --->   Operation 49 'store' 'store_ln114' <Predicate = (!icmp_ln108)> <Delay = 3.25> <CoreInst = "RAM">   --->   Core 82 'RAM' <Latency = 1> <II = 1> <Delay = 3.25> <Storage> <Opcode : 'load' 'store'> <Ports = 2> <Width = 32> <Depth = 1024> <RAM>
ST_1 : Operation 50 [1/1] (3.25ns)   --->   "%store_ln114 = store i32 0, i10 %O_tile_5_addr_1" [/home/siyenga7/FPGA/attention_int8.cpp:114]   --->   Operation 50 'store' 'store_ln114' <Predicate = (!icmp_ln108)> <Delay = 3.25> <CoreInst = "RAM">   --->   Core 82 'RAM' <Latency = 1> <II = 1> <Delay = 3.25> <Storage> <Opcode : 'load' 'store'> <Ports = 2> <Width = 32> <Depth = 1024> <RAM>
ST_1 : Operation 51 [1/1] (3.25ns)   --->   "%store_ln114 = store i32 0, i10 %O_tile_6_addr" [/home/siyenga7/FPGA/attention_int8.cpp:114]   --->   Operation 51 'store' 'store_ln114' <Predicate = (!icmp_ln108)> <Delay = 3.25> <CoreInst = "RAM">   --->   Core 82 'RAM' <Latency = 1> <II = 1> <Delay = 3.25> <Storage> <Opcode : 'load' 'store'> <Ports = 2> <Width = 32> <Depth = 1024> <RAM>
ST_1 : Operation 52 [1/1] (3.25ns)   --->   "%store_ln114 = store i32 0, i10 %O_tile_6_addr_1" [/home/siyenga7/FPGA/attention_int8.cpp:114]   --->   Operation 52 'store' 'store_ln114' <Predicate = (!icmp_ln108)> <Delay = 3.25> <CoreInst = "RAM">   --->   Core 82 'RAM' <Latency = 1> <II = 1> <Delay = 3.25> <Storage> <Opcode : 'load' 'store'> <Ports = 2> <Width = 32> <Depth = 1024> <RAM>
ST_1 : Operation 53 [1/1] (3.25ns)   --->   "%store_ln114 = store i32 0, i10 %O_tile_7_addr" [/home/siyenga7/FPGA/attention_int8.cpp:114]   --->   Operation 53 'store' 'store_ln114' <Predicate = (!icmp_ln108)> <Delay = 3.25> <CoreInst = "RAM">   --->   Core 82 'RAM' <Latency = 1> <II = 1> <Delay = 3.25> <Storage> <Opcode : 'load' 'store'> <Ports = 2> <Width = 32> <Depth = 1024> <RAM>
ST_1 : Operation 54 [1/1] (3.25ns)   --->   "%store_ln114 = store i32 0, i10 %O_tile_7_addr_1" [/home/siyenga7/FPGA/attention_int8.cpp:114]   --->   Operation 54 'store' 'store_ln114' <Predicate = (!icmp_ln108)> <Delay = 3.25> <CoreInst = "RAM">   --->   Core 82 'RAM' <Latency = 1> <II = 1> <Delay = 3.25> <Storage> <Opcode : 'load' 'store'> <Ports = 2> <Width = 32> <Depth = 1024> <RAM>
ST_1 : Operation 55 [1/1] (1.61ns)   --->   "%store_ln108 = store i7 %add_ln108, i7 %i" [/home/siyenga7/FPGA/attention_int8.cpp:108]   --->   Operation 55 'store' 'store_ln108' <Predicate = (!icmp_ln108)> <Delay = 1.61>
ST_1 : Operation 312 [1/1] (0.00ns)   --->   "%ret_ln0 = ret"   --->   Operation 312 'ret' 'ret_ln0' <Predicate = (icmp_ln108)> <Delay = 0.00>

State 2 <SV = 1> <Delay = 3.25>
ST_2 : Operation 56 [1/1] (0.00ns)   --->   "%or_ln114_1 = or i10 %tmp_s, i10 2" [/home/siyenga7/FPGA/attention_int8.cpp:114]   --->   Operation 56 'or' 'or_ln114_1' <Predicate = true> <Delay = 0.00>
ST_2 : Operation 57 [1/1] (0.00ns)   --->   "%zext_ln114_2 = zext i10 %or_ln114_1" [/home/siyenga7/FPGA/attention_int8.cpp:114]   --->   Operation 57 'zext' 'zext_ln114_2' <Predicate = true> <Delay = 0.00>
ST_2 : Operation 58 [1/1] (0.00ns)   --->   "%O_tile_addr_2 = getelementptr i32 %O_tile, i64 0, i64 %zext_ln114_2" [/home/siyenga7/FPGA/attention_int8.cpp:114]   --->   Operation 58 'getelementptr' 'O_tile_addr_2' <Predicate = true> <Delay = 0.00>
ST_2 : Operation 59 [1/1] (0.00ns)   --->   "%or_ln114_2 = or i10 %tmp_s, i10 3" [/home/siyenga7/FPGA/attention_int8.cpp:114]   --->   Operation 59 'or' 'or_ln114_2' <Predicate = true> <Delay = 0.00>
ST_2 : Operation 60 [1/1] (0.00ns)   --->   "%zext_ln114_3 = zext i10 %or_ln114_2" [/home/siyenga7/FPGA/attention_int8.cpp:114]   --->   Operation 60 'zext' 'zext_ln114_3' <Predicate = true> <Delay = 0.00>
ST_2 : Operation 61 [1/1] (0.00ns)   --->   "%O_tile_addr_3 = getelementptr i32 %O_tile, i64 0, i64 %zext_ln114_3" [/home/siyenga7/FPGA/attention_int8.cpp:114]   --->   Operation 61 'getelementptr' 'O_tile_addr_3' <Predicate = true> <Delay = 0.00>
ST_2 : Operation 62 [1/1] (0.00ns)   --->   "%O_tile_1_addr_2 = getelementptr i32 %O_tile_1, i64 0, i64 %zext_ln114_2" [/home/siyenga7/FPGA/attention_int8.cpp:114]   --->   Operation 62 'getelementptr' 'O_tile_1_addr_2' <Predicate = true> <Delay = 0.00>
ST_2 : Operation 63 [1/1] (0.00ns)   --->   "%O_tile_1_addr_3 = getelementptr i32 %O_tile_1, i64 0, i64 %zext_ln114_3" [/home/siyenga7/FPGA/attention_int8.cpp:114]   --->   Operation 63 'getelementptr' 'O_tile_1_addr_3' <Predicate = true> <Delay = 0.00>
ST_2 : Operation 64 [1/1] (0.00ns)   --->   "%O_tile_2_addr_2 = getelementptr i32 %O_tile_2, i64 0, i64 %zext_ln114_2" [/home/siyenga7/FPGA/attention_int8.cpp:114]   --->   Operation 64 'getelementptr' 'O_tile_2_addr_2' <Predicate = true> <Delay = 0.00>
ST_2 : Operation 65 [1/1] (0.00ns)   --->   "%O_tile_2_addr_3 = getelementptr i32 %O_tile_2, i64 0, i64 %zext_ln114_3" [/home/siyenga7/FPGA/attention_int8.cpp:114]   --->   Operation 65 'getelementptr' 'O_tile_2_addr_3' <Predicate = true> <Delay = 0.00>
ST_2 : Operation 66 [1/1] (0.00ns)   --->   "%O_tile_3_addr_2 = getelementptr i32 %O_tile_3, i64 0, i64 %zext_ln114_2" [/home/siyenga7/FPGA/attention_int8.cpp:114]   --->   Operation 66 'getelementptr' 'O_tile_3_addr_2' <Predicate = true> <Delay = 0.00>
ST_2 : Operation 67 [1/1] (0.00ns)   --->   "%O_tile_3_addr_3 = getelementptr i32 %O_tile_3, i64 0, i64 %zext_ln114_3" [/home/siyenga7/FPGA/attention_int8.cpp:114]   --->   Operation 67 'getelementptr' 'O_tile_3_addr_3' <Predicate = true> <Delay = 0.00>
ST_2 : Operation 68 [1/1] (0.00ns)   --->   "%O_tile_4_addr_2 = getelementptr i32 %O_tile_4, i64 0, i64 %zext_ln114_2" [/home/siyenga7/FPGA/attention_int8.cpp:114]   --->   Operation 68 'getelementptr' 'O_tile_4_addr_2' <Predicate = true> <Delay = 0.00>
ST_2 : Operation 69 [1/1] (0.00ns)   --->   "%O_tile_4_addr_3 = getelementptr i32 %O_tile_4, i64 0, i64 %zext_ln114_3" [/home/siyenga7/FPGA/attention_int8.cpp:114]   --->   Operation 69 'getelementptr' 'O_tile_4_addr_3' <Predicate = true> <Delay = 0.00>
ST_2 : Operation 70 [1/1] (0.00ns)   --->   "%O_tile_5_addr_2 = getelementptr i32 %O_tile_5, i64 0, i64 %zext_ln114_2" [/home/siyenga7/FPGA/attention_int8.cpp:114]   --->   Operation 70 'getelementptr' 'O_tile_5_addr_2' <Predicate = true> <Delay = 0.00>
ST_2 : Operation 71 [1/1] (0.00ns)   --->   "%O_tile_5_addr_3 = getelementptr i32 %O_tile_5, i64 0, i64 %zext_ln114_3" [/home/siyenga7/FPGA/attention_int8.cpp:114]   --->   Operation 71 'getelementptr' 'O_tile_5_addr_3' <Predicate = true> <Delay = 0.00>
ST_2 : Operation 72 [1/1] (0.00ns)   --->   "%O_tile_6_addr_2 = getelementptr i32 %O_tile_6, i64 0, i64 %zext_ln114_2" [/home/siyenga7/FPGA/attention_int8.cpp:114]   --->   Operation 72 'getelementptr' 'O_tile_6_addr_2' <Predicate = true> <Delay = 0.00>
ST_2 : Operation 73 [1/1] (0.00ns)   --->   "%O_tile_6_addr_3 = getelementptr i32 %O_tile_6, i64 0, i64 %zext_ln114_3" [/home/siyenga7/FPGA/attention_int8.cpp:114]   --->   Operation 73 'getelementptr' 'O_tile_6_addr_3' <Predicate = true> <Delay = 0.00>
ST_2 : Operation 74 [1/1] (0.00ns)   --->   "%O_tile_7_addr_2 = getelementptr i32 %O_tile_7, i64 0, i64 %zext_ln114_2" [/home/siyenga7/FPGA/attention_int8.cpp:114]   --->   Operation 74 'getelementptr' 'O_tile_7_addr_2' <Predicate = true> <Delay = 0.00>
ST_2 : Operation 75 [1/1] (0.00ns)   --->   "%O_tile_7_addr_3 = getelementptr i32 %O_tile_7, i64 0, i64 %zext_ln114_3" [/home/siyenga7/FPGA/attention_int8.cpp:114]   --->   Operation 75 'getelementptr' 'O_tile_7_addr_3' <Predicate = true> <Delay = 0.00>
ST_2 : Operation 76 [1/1] (3.25ns)   --->   "%store_ln114 = store i32 0, i10 %O_tile_addr_2" [/home/siyenga7/FPGA/attention_int8.cpp:114]   --->   Operation 76 'store' 'store_ln114' <Predicate = true> <Delay = 3.25> <CoreInst = "RAM">   --->   Core 82 'RAM' <Latency = 1> <II = 1> <Delay = 3.25> <Storage> <Opcode : 'load' 'store'> <Ports = 2> <Width = 32> <Depth = 1024> <RAM>
ST_2 : Operation 77 [1/1] (3.25ns)   --->   "%store_ln114 = store i32 0, i10 %O_tile_addr_3" [/home/siyenga7/FPGA/attention_int8.cpp:114]   --->   Operation 77 'store' 'store_ln114' <Predicate = true> <Delay = 3.25> <CoreInst = "RAM">   --->   Core 82 'RAM' <Latency = 1> <II = 1> <Delay = 3.25> <Storage> <Opcode : 'load' 'store'> <Ports = 2> <Width = 32> <Depth = 1024> <RAM>
ST_2 : Operation 78 [1/1] (3.25ns)   --->   "%store_ln114 = store i32 0, i10 %O_tile_1_addr_2" [/home/siyenga7/FPGA/attention_int8.cpp:114]   --->   Operation 78 'store' 'store_ln114' <Predicate = true> <Delay = 3.25> <CoreInst = "RAM">   --->   Core 82 'RAM' <Latency = 1> <II = 1> <Delay = 3.25> <Storage> <Opcode : 'load' 'store'> <Ports = 2> <Width = 32> <Depth = 1024> <RAM>
ST_2 : Operation 79 [1/1] (3.25ns)   --->   "%store_ln114 = store i32 0, i10 %O_tile_1_addr_3" [/home/siyenga7/FPGA/attention_int8.cpp:114]   --->   Operation 79 'store' 'store_ln114' <Predicate = true> <Delay = 3.25> <CoreInst = "RAM">   --->   Core 82 'RAM' <Latency = 1> <II = 1> <Delay = 3.25> <Storage> <Opcode : 'load' 'store'> <Ports = 2> <Width = 32> <Depth = 1024> <RAM>
ST_2 : Operation 80 [1/1] (3.25ns)   --->   "%store_ln114 = store i32 0, i10 %O_tile_2_addr_2" [/home/siyenga7/FPGA/attention_int8.cpp:114]   --->   Operation 80 'store' 'store_ln114' <Predicate = true> <Delay = 3.25> <CoreInst = "RAM">   --->   Core 82 'RAM' <Latency = 1> <II = 1> <Delay = 3.25> <Storage> <Opcode : 'load' 'store'> <Ports = 2> <Width = 32> <Depth = 1024> <RAM>
ST_2 : Operation 81 [1/1] (3.25ns)   --->   "%store_ln114 = store i32 0, i10 %O_tile_2_addr_3" [/home/siyenga7/FPGA/attention_int8.cpp:114]   --->   Operation 81 'store' 'store_ln114' <Predicate = true> <Delay = 3.25> <CoreInst = "RAM">   --->   Core 82 'RAM' <Latency = 1> <II = 1> <Delay = 3.25> <Storage> <Opcode : 'load' 'store'> <Ports = 2> <Width = 32> <Depth = 1024> <RAM>
ST_2 : Operation 82 [1/1] (3.25ns)   --->   "%store_ln114 = store i32 0, i10 %O_tile_3_addr_2" [/home/siyenga7/FPGA/attention_int8.cpp:114]   --->   Operation 82 'store' 'store_ln114' <Predicate = true> <Delay = 3.25> <CoreInst = "RAM">   --->   Core 82 'RAM' <Latency = 1> <II = 1> <Delay = 3.25> <Storage> <Opcode : 'load' 'store'> <Ports = 2> <Width = 32> <Depth = 1024> <RAM>
ST_2 : Operation 83 [1/1] (3.25ns)   --->   "%store_ln114 = store i32 0, i10 %O_tile_3_addr_3" [/home/siyenga7/FPGA/attention_int8.cpp:114]   --->   Operation 83 'store' 'store_ln114' <Predicate = true> <Delay = 3.25> <CoreInst = "RAM">   --->   Core 82 'RAM' <Latency = 1> <II = 1> <Delay = 3.25> <Storage> <Opcode : 'load' 'store'> <Ports = 2> <Width = 32> <Depth = 1024> <RAM>
ST_2 : Operation 84 [1/1] (3.25ns)   --->   "%store_ln114 = store i32 0, i10 %O_tile_4_addr_2" [/home/siyenga7/FPGA/attention_int8.cpp:114]   --->   Operation 84 'store' 'store_ln114' <Predicate = true> <Delay = 3.25> <CoreInst = "RAM">   --->   Core 82 'RAM' <Latency = 1> <II = 1> <Delay = 3.25> <Storage> <Opcode : 'load' 'store'> <Ports = 2> <Width = 32> <Depth = 1024> <RAM>
ST_2 : Operation 85 [1/1] (3.25ns)   --->   "%store_ln114 = store i32 0, i10 %O_tile_4_addr_3" [/home/siyenga7/FPGA/attention_int8.cpp:114]   --->   Operation 85 'store' 'store_ln114' <Predicate = true> <Delay = 3.25> <CoreInst = "RAM">   --->   Core 82 'RAM' <Latency = 1> <II = 1> <Delay = 3.25> <Storage> <Opcode : 'load' 'store'> <Ports = 2> <Width = 32> <Depth = 1024> <RAM>
ST_2 : Operation 86 [1/1] (3.25ns)   --->   "%store_ln114 = store i32 0, i10 %O_tile_5_addr_2" [/home/siyenga7/FPGA/attention_int8.cpp:114]   --->   Operation 86 'store' 'store_ln114' <Predicate = true> <Delay = 3.25> <CoreInst = "RAM">   --->   Core 82 'RAM' <Latency = 1> <II = 1> <Delay = 3.25> <Storage> <Opcode : 'load' 'store'> <Ports = 2> <Width = 32> <Depth = 1024> <RAM>
ST_2 : Operation 87 [1/1] (3.25ns)   --->   "%store_ln114 = store i32 0, i10 %O_tile_5_addr_3" [/home/siyenga7/FPGA/attention_int8.cpp:114]   --->   Operation 87 'store' 'store_ln114' <Predicate = true> <Delay = 3.25> <CoreInst = "RAM">   --->   Core 82 'RAM' <Latency = 1> <II = 1> <Delay = 3.25> <Storage> <Opcode : 'load' 'store'> <Ports = 2> <Width = 32> <Depth = 1024> <RAM>
ST_2 : Operation 88 [1/1] (3.25ns)   --->   "%store_ln114 = store i32 0, i10 %O_tile_6_addr_2" [/home/siyenga7/FPGA/attention_int8.cpp:114]   --->   Operation 88 'store' 'store_ln114' <Predicate = true> <Delay = 3.25> <CoreInst = "RAM">   --->   Core 82 'RAM' <Latency = 1> <II = 1> <Delay = 3.25> <Storage> <Opcode : 'load' 'store'> <Ports = 2> <Width = 32> <Depth = 1024> <RAM>
ST_2 : Operation 89 [1/1] (3.25ns)   --->   "%store_ln114 = store i32 0, i10 %O_tile_6_addr_3" [/home/siyenga7/FPGA/attention_int8.cpp:114]   --->   Operation 89 'store' 'store_ln114' <Predicate = true> <Delay = 3.25> <CoreInst = "RAM">   --->   Core 82 'RAM' <Latency = 1> <II = 1> <Delay = 3.25> <Storage> <Opcode : 'load' 'store'> <Ports = 2> <Width = 32> <Depth = 1024> <RAM>
ST_2 : Operation 90 [1/1] (3.25ns)   --->   "%store_ln114 = store i32 0, i10 %O_tile_7_addr_2" [/home/siyenga7/FPGA/attention_int8.cpp:114]   --->   Operation 90 'store' 'store_ln114' <Predicate = true> <Delay = 3.25> <CoreInst = "RAM">   --->   Core 82 'RAM' <Latency = 1> <II = 1> <Delay = 3.25> <Storage> <Opcode : 'load' 'store'> <Ports = 2> <Width = 32> <Depth = 1024> <RAM>
ST_2 : Operation 91 [1/1] (3.25ns)   --->   "%store_ln114 = store i32 0, i10 %O_tile_7_addr_3" [/home/siyenga7/FPGA/attention_int8.cpp:114]   --->   Operation 91 'store' 'store_ln114' <Predicate = true> <Delay = 3.25> <CoreInst = "RAM">   --->   Core 82 'RAM' <Latency = 1> <II = 1> <Delay = 3.25> <Storage> <Opcode : 'load' 'store'> <Ports = 2> <Width = 32> <Depth = 1024> <RAM>

State 3 <SV = 2> <Delay = 3.25>
ST_3 : Operation 92 [1/1] (0.00ns)   --->   "%or_ln114_3 = or i10 %tmp_s, i10 4" [/home/siyenga7/FPGA/attention_int8.cpp:114]   --->   Operation 92 'or' 'or_ln114_3' <Predicate = true> <Delay = 0.00>
ST_3 : Operation 93 [1/1] (0.00ns)   --->   "%zext_ln114_4 = zext i10 %or_ln114_3" [/home/siyenga7/FPGA/attention_int8.cpp:114]   --->   Operation 93 'zext' 'zext_ln114_4' <Predicate = true> <Delay = 0.00>
ST_3 : Operation 94 [1/1] (0.00ns)   --->   "%O_tile_addr_4 = getelementptr i32 %O_tile, i64 0, i64 %zext_ln114_4" [/home/siyenga7/FPGA/attention_int8.cpp:114]   --->   Operation 94 'getelementptr' 'O_tile_addr_4' <Predicate = true> <Delay = 0.00>
ST_3 : Operation 95 [1/1] (0.00ns)   --->   "%or_ln114_4 = or i10 %tmp_s, i10 5" [/home/siyenga7/FPGA/attention_int8.cpp:114]   --->   Operation 95 'or' 'or_ln114_4' <Predicate = true> <Delay = 0.00>
ST_3 : Operation 96 [1/1] (0.00ns)   --->   "%zext_ln114_5 = zext i10 %or_ln114_4" [/home/siyenga7/FPGA/attention_int8.cpp:114]   --->   Operation 96 'zext' 'zext_ln114_5' <Predicate = true> <Delay = 0.00>
ST_3 : Operation 97 [1/1] (0.00ns)   --->   "%O_tile_addr_5 = getelementptr i32 %O_tile, i64 0, i64 %zext_ln114_5" [/home/siyenga7/FPGA/attention_int8.cpp:114]   --->   Operation 97 'getelementptr' 'O_tile_addr_5' <Predicate = true> <Delay = 0.00>
ST_3 : Operation 98 [1/1] (0.00ns)   --->   "%O_tile_1_addr_4 = getelementptr i32 %O_tile_1, i64 0, i64 %zext_ln114_4" [/home/siyenga7/FPGA/attention_int8.cpp:114]   --->   Operation 98 'getelementptr' 'O_tile_1_addr_4' <Predicate = true> <Delay = 0.00>
ST_3 : Operation 99 [1/1] (0.00ns)   --->   "%O_tile_1_addr_5 = getelementptr i32 %O_tile_1, i64 0, i64 %zext_ln114_5" [/home/siyenga7/FPGA/attention_int8.cpp:114]   --->   Operation 99 'getelementptr' 'O_tile_1_addr_5' <Predicate = true> <Delay = 0.00>
ST_3 : Operation 100 [1/1] (0.00ns)   --->   "%O_tile_2_addr_4 = getelementptr i32 %O_tile_2, i64 0, i64 %zext_ln114_4" [/home/siyenga7/FPGA/attention_int8.cpp:114]   --->   Operation 100 'getelementptr' 'O_tile_2_addr_4' <Predicate = true> <Delay = 0.00>
ST_3 : Operation 101 [1/1] (0.00ns)   --->   "%O_tile_2_addr_5 = getelementptr i32 %O_tile_2, i64 0, i64 %zext_ln114_5" [/home/siyenga7/FPGA/attention_int8.cpp:114]   --->   Operation 101 'getelementptr' 'O_tile_2_addr_5' <Predicate = true> <Delay = 0.00>
ST_3 : Operation 102 [1/1] (0.00ns)   --->   "%O_tile_3_addr_4 = getelementptr i32 %O_tile_3, i64 0, i64 %zext_ln114_4" [/home/siyenga7/FPGA/attention_int8.cpp:114]   --->   Operation 102 'getelementptr' 'O_tile_3_addr_4' <Predicate = true> <Delay = 0.00>
ST_3 : Operation 103 [1/1] (0.00ns)   --->   "%O_tile_3_addr_5 = getelementptr i32 %O_tile_3, i64 0, i64 %zext_ln114_5" [/home/siyenga7/FPGA/attention_int8.cpp:114]   --->   Operation 103 'getelementptr' 'O_tile_3_addr_5' <Predicate = true> <Delay = 0.00>
ST_3 : Operation 104 [1/1] (0.00ns)   --->   "%O_tile_4_addr_4 = getelementptr i32 %O_tile_4, i64 0, i64 %zext_ln114_4" [/home/siyenga7/FPGA/attention_int8.cpp:114]   --->   Operation 104 'getelementptr' 'O_tile_4_addr_4' <Predicate = true> <Delay = 0.00>
ST_3 : Operation 105 [1/1] (0.00ns)   --->   "%O_tile_4_addr_5 = getelementptr i32 %O_tile_4, i64 0, i64 %zext_ln114_5" [/home/siyenga7/FPGA/attention_int8.cpp:114]   --->   Operation 105 'getelementptr' 'O_tile_4_addr_5' <Predicate = true> <Delay = 0.00>
ST_3 : Operation 106 [1/1] (0.00ns)   --->   "%O_tile_5_addr_4 = getelementptr i32 %O_tile_5, i64 0, i64 %zext_ln114_4" [/home/siyenga7/FPGA/attention_int8.cpp:114]   --->   Operation 106 'getelementptr' 'O_tile_5_addr_4' <Predicate = true> <Delay = 0.00>
ST_3 : Operation 107 [1/1] (0.00ns)   --->   "%O_tile_5_addr_5 = getelementptr i32 %O_tile_5, i64 0, i64 %zext_ln114_5" [/home/siyenga7/FPGA/attention_int8.cpp:114]   --->   Operation 107 'getelementptr' 'O_tile_5_addr_5' <Predicate = true> <Delay = 0.00>
ST_3 : Operation 108 [1/1] (0.00ns)   --->   "%O_tile_6_addr_4 = getelementptr i32 %O_tile_6, i64 0, i64 %zext_ln114_4" [/home/siyenga7/FPGA/attention_int8.cpp:114]   --->   Operation 108 'getelementptr' 'O_tile_6_addr_4' <Predicate = true> <Delay = 0.00>
ST_3 : Operation 109 [1/1] (0.00ns)   --->   "%O_tile_6_addr_5 = getelementptr i32 %O_tile_6, i64 0, i64 %zext_ln114_5" [/home/siyenga7/FPGA/attention_int8.cpp:114]   --->   Operation 109 'getelementptr' 'O_tile_6_addr_5' <Predicate = true> <Delay = 0.00>
ST_3 : Operation 110 [1/1] (0.00ns)   --->   "%O_tile_7_addr_4 = getelementptr i32 %O_tile_7, i64 0, i64 %zext_ln114_4" [/home/siyenga7/FPGA/attention_int8.cpp:114]   --->   Operation 110 'getelementptr' 'O_tile_7_addr_4' <Predicate = true> <Delay = 0.00>
ST_3 : Operation 111 [1/1] (0.00ns)   --->   "%O_tile_7_addr_5 = getelementptr i32 %O_tile_7, i64 0, i64 %zext_ln114_5" [/home/siyenga7/FPGA/attention_int8.cpp:114]   --->   Operation 111 'getelementptr' 'O_tile_7_addr_5' <Predicate = true> <Delay = 0.00>
ST_3 : Operation 112 [1/1] (3.25ns)   --->   "%store_ln114 = store i32 0, i10 %O_tile_addr_4" [/home/siyenga7/FPGA/attention_int8.cpp:114]   --->   Operation 112 'store' 'store_ln114' <Predicate = true> <Delay = 3.25> <CoreInst = "RAM">   --->   Core 82 'RAM' <Latency = 1> <II = 1> <Delay = 3.25> <Storage> <Opcode : 'load' 'store'> <Ports = 2> <Width = 32> <Depth = 1024> <RAM>
ST_3 : Operation 113 [1/1] (3.25ns)   --->   "%store_ln114 = store i32 0, i10 %O_tile_addr_5" [/home/siyenga7/FPGA/attention_int8.cpp:114]   --->   Operation 113 'store' 'store_ln114' <Predicate = true> <Delay = 3.25> <CoreInst = "RAM">   --->   Core 82 'RAM' <Latency = 1> <II = 1> <Delay = 3.25> <Storage> <Opcode : 'load' 'store'> <Ports = 2> <Width = 32> <Depth = 1024> <RAM>
ST_3 : Operation 114 [1/1] (3.25ns)   --->   "%store_ln114 = store i32 0, i10 %O_tile_1_addr_4" [/home/siyenga7/FPGA/attention_int8.cpp:114]   --->   Operation 114 'store' 'store_ln114' <Predicate = true> <Delay = 3.25> <CoreInst = "RAM">   --->   Core 82 'RAM' <Latency = 1> <II = 1> <Delay = 3.25> <Storage> <Opcode : 'load' 'store'> <Ports = 2> <Width = 32> <Depth = 1024> <RAM>
ST_3 : Operation 115 [1/1] (3.25ns)   --->   "%store_ln114 = store i32 0, i10 %O_tile_1_addr_5" [/home/siyenga7/FPGA/attention_int8.cpp:114]   --->   Operation 115 'store' 'store_ln114' <Predicate = true> <Delay = 3.25> <CoreInst = "RAM">   --->   Core 82 'RAM' <Latency = 1> <II = 1> <Delay = 3.25> <Storage> <Opcode : 'load' 'store'> <Ports = 2> <Width = 32> <Depth = 1024> <RAM>
ST_3 : Operation 116 [1/1] (3.25ns)   --->   "%store_ln114 = store i32 0, i10 %O_tile_2_addr_4" [/home/siyenga7/FPGA/attention_int8.cpp:114]   --->   Operation 116 'store' 'store_ln114' <Predicate = true> <Delay = 3.25> <CoreInst = "RAM">   --->   Core 82 'RAM' <Latency = 1> <II = 1> <Delay = 3.25> <Storage> <Opcode : 'load' 'store'> <Ports = 2> <Width = 32> <Depth = 1024> <RAM>
ST_3 : Operation 117 [1/1] (3.25ns)   --->   "%store_ln114 = store i32 0, i10 %O_tile_2_addr_5" [/home/siyenga7/FPGA/attention_int8.cpp:114]   --->   Operation 117 'store' 'store_ln114' <Predicate = true> <Delay = 3.25> <CoreInst = "RAM">   --->   Core 82 'RAM' <Latency = 1> <II = 1> <Delay = 3.25> <Storage> <Opcode : 'load' 'store'> <Ports = 2> <Width = 32> <Depth = 1024> <RAM>
ST_3 : Operation 118 [1/1] (3.25ns)   --->   "%store_ln114 = store i32 0, i10 %O_tile_3_addr_4" [/home/siyenga7/FPGA/attention_int8.cpp:114]   --->   Operation 118 'store' 'store_ln114' <Predicate = true> <Delay = 3.25> <CoreInst = "RAM">   --->   Core 82 'RAM' <Latency = 1> <II = 1> <Delay = 3.25> <Storage> <Opcode : 'load' 'store'> <Ports = 2> <Width = 32> <Depth = 1024> <RAM>
ST_3 : Operation 119 [1/1] (3.25ns)   --->   "%store_ln114 = store i32 0, i10 %O_tile_3_addr_5" [/home/siyenga7/FPGA/attention_int8.cpp:114]   --->   Operation 119 'store' 'store_ln114' <Predicate = true> <Delay = 3.25> <CoreInst = "RAM">   --->   Core 82 'RAM' <Latency = 1> <II = 1> <Delay = 3.25> <Storage> <Opcode : 'load' 'store'> <Ports = 2> <Width = 32> <Depth = 1024> <RAM>
ST_3 : Operation 120 [1/1] (3.25ns)   --->   "%store_ln114 = store i32 0, i10 %O_tile_4_addr_4" [/home/siyenga7/FPGA/attention_int8.cpp:114]   --->   Operation 120 'store' 'store_ln114' <Predicate = true> <Delay = 3.25> <CoreInst = "RAM">   --->   Core 82 'RAM' <Latency = 1> <II = 1> <Delay = 3.25> <Storage> <Opcode : 'load' 'store'> <Ports = 2> <Width = 32> <Depth = 1024> <RAM>
ST_3 : Operation 121 [1/1] (3.25ns)   --->   "%store_ln114 = store i32 0, i10 %O_tile_4_addr_5" [/home/siyenga7/FPGA/attention_int8.cpp:114]   --->   Operation 121 'store' 'store_ln114' <Predicate = true> <Delay = 3.25> <CoreInst = "RAM">   --->   Core 82 'RAM' <Latency = 1> <II = 1> <Delay = 3.25> <Storage> <Opcode : 'load' 'store'> <Ports = 2> <Width = 32> <Depth = 1024> <RAM>
ST_3 : Operation 122 [1/1] (3.25ns)   --->   "%store_ln114 = store i32 0, i10 %O_tile_5_addr_4" [/home/siyenga7/FPGA/attention_int8.cpp:114]   --->   Operation 122 'store' 'store_ln114' <Predicate = true> <Delay = 3.25> <CoreInst = "RAM">   --->   Core 82 'RAM' <Latency = 1> <II = 1> <Delay = 3.25> <Storage> <Opcode : 'load' 'store'> <Ports = 2> <Width = 32> <Depth = 1024> <RAM>
ST_3 : Operation 123 [1/1] (3.25ns)   --->   "%store_ln114 = store i32 0, i10 %O_tile_5_addr_5" [/home/siyenga7/FPGA/attention_int8.cpp:114]   --->   Operation 123 'store' 'store_ln114' <Predicate = true> <Delay = 3.25> <CoreInst = "RAM">   --->   Core 82 'RAM' <Latency = 1> <II = 1> <Delay = 3.25> <Storage> <Opcode : 'load' 'store'> <Ports = 2> <Width = 32> <Depth = 1024> <RAM>
ST_3 : Operation 124 [1/1] (3.25ns)   --->   "%store_ln114 = store i32 0, i10 %O_tile_6_addr_4" [/home/siyenga7/FPGA/attention_int8.cpp:114]   --->   Operation 124 'store' 'store_ln114' <Predicate = true> <Delay = 3.25> <CoreInst = "RAM">   --->   Core 82 'RAM' <Latency = 1> <II = 1> <Delay = 3.25> <Storage> <Opcode : 'load' 'store'> <Ports = 2> <Width = 32> <Depth = 1024> <RAM>
ST_3 : Operation 125 [1/1] (3.25ns)   --->   "%store_ln114 = store i32 0, i10 %O_tile_6_addr_5" [/home/siyenga7/FPGA/attention_int8.cpp:114]   --->   Operation 125 'store' 'store_ln114' <Predicate = true> <Delay = 3.25> <CoreInst = "RAM">   --->   Core 82 'RAM' <Latency = 1> <II = 1> <Delay = 3.25> <Storage> <Opcode : 'load' 'store'> <Ports = 2> <Width = 32> <Depth = 1024> <RAM>
ST_3 : Operation 126 [1/1] (3.25ns)   --->   "%store_ln114 = store i32 0, i10 %O_tile_7_addr_4" [/home/siyenga7/FPGA/attention_int8.cpp:114]   --->   Operation 126 'store' 'store_ln114' <Predicate = true> <Delay = 3.25> <CoreInst = "RAM">   --->   Core 82 'RAM' <Latency = 1> <II = 1> <Delay = 3.25> <Storage> <Opcode : 'load' 'store'> <Ports = 2> <Width = 32> <Depth = 1024> <RAM>
ST_3 : Operation 127 [1/1] (3.25ns)   --->   "%store_ln114 = store i32 0, i10 %O_tile_7_addr_5" [/home/siyenga7/FPGA/attention_int8.cpp:114]   --->   Operation 127 'store' 'store_ln114' <Predicate = true> <Delay = 3.25> <CoreInst = "RAM">   --->   Core 82 'RAM' <Latency = 1> <II = 1> <Delay = 3.25> <Storage> <Opcode : 'load' 'store'> <Ports = 2> <Width = 32> <Depth = 1024> <RAM>

State 4 <SV = 3> <Delay = 3.25>
ST_4 : Operation 128 [1/1] (0.00ns)   --->   "%or_ln114_5 = or i10 %tmp_s, i10 6" [/home/siyenga7/FPGA/attention_int8.cpp:114]   --->   Operation 128 'or' 'or_ln114_5' <Predicate = true> <Delay = 0.00>
ST_4 : Operation 129 [1/1] (0.00ns)   --->   "%zext_ln114_6 = zext i10 %or_ln114_5" [/home/siyenga7/FPGA/attention_int8.cpp:114]   --->   Operation 129 'zext' 'zext_ln114_6' <Predicate = true> <Delay = 0.00>
ST_4 : Operation 130 [1/1] (0.00ns)   --->   "%O_tile_addr_6 = getelementptr i32 %O_tile, i64 0, i64 %zext_ln114_6" [/home/siyenga7/FPGA/attention_int8.cpp:114]   --->   Operation 130 'getelementptr' 'O_tile_addr_6' <Predicate = true> <Delay = 0.00>
ST_4 : Operation 131 [1/1] (0.00ns)   --->   "%or_ln114_6 = or i10 %tmp_s, i10 7" [/home/siyenga7/FPGA/attention_int8.cpp:114]   --->   Operation 131 'or' 'or_ln114_6' <Predicate = true> <Delay = 0.00>
ST_4 : Operation 132 [1/1] (0.00ns)   --->   "%zext_ln114_7 = zext i10 %or_ln114_6" [/home/siyenga7/FPGA/attention_int8.cpp:114]   --->   Operation 132 'zext' 'zext_ln114_7' <Predicate = true> <Delay = 0.00>
ST_4 : Operation 133 [1/1] (0.00ns)   --->   "%O_tile_addr_7 = getelementptr i32 %O_tile, i64 0, i64 %zext_ln114_7" [/home/siyenga7/FPGA/attention_int8.cpp:114]   --->   Operation 133 'getelementptr' 'O_tile_addr_7' <Predicate = true> <Delay = 0.00>
ST_4 : Operation 134 [1/1] (0.00ns)   --->   "%O_tile_1_addr_6 = getelementptr i32 %O_tile_1, i64 0, i64 %zext_ln114_6" [/home/siyenga7/FPGA/attention_int8.cpp:114]   --->   Operation 134 'getelementptr' 'O_tile_1_addr_6' <Predicate = true> <Delay = 0.00>
ST_4 : Operation 135 [1/1] (0.00ns)   --->   "%O_tile_1_addr_7 = getelementptr i32 %O_tile_1, i64 0, i64 %zext_ln114_7" [/home/siyenga7/FPGA/attention_int8.cpp:114]   --->   Operation 135 'getelementptr' 'O_tile_1_addr_7' <Predicate = true> <Delay = 0.00>
ST_4 : Operation 136 [1/1] (0.00ns)   --->   "%O_tile_2_addr_6 = getelementptr i32 %O_tile_2, i64 0, i64 %zext_ln114_6" [/home/siyenga7/FPGA/attention_int8.cpp:114]   --->   Operation 136 'getelementptr' 'O_tile_2_addr_6' <Predicate = true> <Delay = 0.00>
ST_4 : Operation 137 [1/1] (0.00ns)   --->   "%O_tile_2_addr_7 = getelementptr i32 %O_tile_2, i64 0, i64 %zext_ln114_7" [/home/siyenga7/FPGA/attention_int8.cpp:114]   --->   Operation 137 'getelementptr' 'O_tile_2_addr_7' <Predicate = true> <Delay = 0.00>
ST_4 : Operation 138 [1/1] (0.00ns)   --->   "%O_tile_3_addr_6 = getelementptr i32 %O_tile_3, i64 0, i64 %zext_ln114_6" [/home/siyenga7/FPGA/attention_int8.cpp:114]   --->   Operation 138 'getelementptr' 'O_tile_3_addr_6' <Predicate = true> <Delay = 0.00>
ST_4 : Operation 139 [1/1] (0.00ns)   --->   "%O_tile_3_addr_7 = getelementptr i32 %O_tile_3, i64 0, i64 %zext_ln114_7" [/home/siyenga7/FPGA/attention_int8.cpp:114]   --->   Operation 139 'getelementptr' 'O_tile_3_addr_7' <Predicate = true> <Delay = 0.00>
ST_4 : Operation 140 [1/1] (0.00ns)   --->   "%O_tile_4_addr_6 = getelementptr i32 %O_tile_4, i64 0, i64 %zext_ln114_6" [/home/siyenga7/FPGA/attention_int8.cpp:114]   --->   Operation 140 'getelementptr' 'O_tile_4_addr_6' <Predicate = true> <Delay = 0.00>
ST_4 : Operation 141 [1/1] (0.00ns)   --->   "%O_tile_4_addr_7 = getelementptr i32 %O_tile_4, i64 0, i64 %zext_ln114_7" [/home/siyenga7/FPGA/attention_int8.cpp:114]   --->   Operation 141 'getelementptr' 'O_tile_4_addr_7' <Predicate = true> <Delay = 0.00>
ST_4 : Operation 142 [1/1] (0.00ns)   --->   "%O_tile_5_addr_6 = getelementptr i32 %O_tile_5, i64 0, i64 %zext_ln114_6" [/home/siyenga7/FPGA/attention_int8.cpp:114]   --->   Operation 142 'getelementptr' 'O_tile_5_addr_6' <Predicate = true> <Delay = 0.00>
ST_4 : Operation 143 [1/1] (0.00ns)   --->   "%O_tile_5_addr_7 = getelementptr i32 %O_tile_5, i64 0, i64 %zext_ln114_7" [/home/siyenga7/FPGA/attention_int8.cpp:114]   --->   Operation 143 'getelementptr' 'O_tile_5_addr_7' <Predicate = true> <Delay = 0.00>
ST_4 : Operation 144 [1/1] (0.00ns)   --->   "%O_tile_6_addr_6 = getelementptr i32 %O_tile_6, i64 0, i64 %zext_ln114_6" [/home/siyenga7/FPGA/attention_int8.cpp:114]   --->   Operation 144 'getelementptr' 'O_tile_6_addr_6' <Predicate = true> <Delay = 0.00>
ST_4 : Operation 145 [1/1] (0.00ns)   --->   "%O_tile_6_addr_7 = getelementptr i32 %O_tile_6, i64 0, i64 %zext_ln114_7" [/home/siyenga7/FPGA/attention_int8.cpp:114]   --->   Operation 145 'getelementptr' 'O_tile_6_addr_7' <Predicate = true> <Delay = 0.00>
ST_4 : Operation 146 [1/1] (0.00ns)   --->   "%O_tile_7_addr_6 = getelementptr i32 %O_tile_7, i64 0, i64 %zext_ln114_6" [/home/siyenga7/FPGA/attention_int8.cpp:114]   --->   Operation 146 'getelementptr' 'O_tile_7_addr_6' <Predicate = true> <Delay = 0.00>
ST_4 : Operation 147 [1/1] (0.00ns)   --->   "%O_tile_7_addr_7 = getelementptr i32 %O_tile_7, i64 0, i64 %zext_ln114_7" [/home/siyenga7/FPGA/attention_int8.cpp:114]   --->   Operation 147 'getelementptr' 'O_tile_7_addr_7' <Predicate = true> <Delay = 0.00>
ST_4 : Operation 148 [1/1] (3.25ns)   --->   "%store_ln114 = store i32 0, i10 %O_tile_addr_6" [/home/siyenga7/FPGA/attention_int8.cpp:114]   --->   Operation 148 'store' 'store_ln114' <Predicate = true> <Delay = 3.25> <CoreInst = "RAM">   --->   Core 82 'RAM' <Latency = 1> <II = 1> <Delay = 3.25> <Storage> <Opcode : 'load' 'store'> <Ports = 2> <Width = 32> <Depth = 1024> <RAM>
ST_4 : Operation 149 [1/1] (3.25ns)   --->   "%store_ln114 = store i32 0, i10 %O_tile_addr_7" [/home/siyenga7/FPGA/attention_int8.cpp:114]   --->   Operation 149 'store' 'store_ln114' <Predicate = true> <Delay = 3.25> <CoreInst = "RAM">   --->   Core 82 'RAM' <Latency = 1> <II = 1> <Delay = 3.25> <Storage> <Opcode : 'load' 'store'> <Ports = 2> <Width = 32> <Depth = 1024> <RAM>
ST_4 : Operation 150 [1/1] (3.25ns)   --->   "%store_ln114 = store i32 0, i10 %O_tile_1_addr_6" [/home/siyenga7/FPGA/attention_int8.cpp:114]   --->   Operation 150 'store' 'store_ln114' <Predicate = true> <Delay = 3.25> <CoreInst = "RAM">   --->   Core 82 'RAM' <Latency = 1> <II = 1> <Delay = 3.25> <Storage> <Opcode : 'load' 'store'> <Ports = 2> <Width = 32> <Depth = 1024> <RAM>
ST_4 : Operation 151 [1/1] (3.25ns)   --->   "%store_ln114 = store i32 0, i10 %O_tile_1_addr_7" [/home/siyenga7/FPGA/attention_int8.cpp:114]   --->   Operation 151 'store' 'store_ln114' <Predicate = true> <Delay = 3.25> <CoreInst = "RAM">   --->   Core 82 'RAM' <Latency = 1> <II = 1> <Delay = 3.25> <Storage> <Opcode : 'load' 'store'> <Ports = 2> <Width = 32> <Depth = 1024> <RAM>
ST_4 : Operation 152 [1/1] (3.25ns)   --->   "%store_ln114 = store i32 0, i10 %O_tile_2_addr_6" [/home/siyenga7/FPGA/attention_int8.cpp:114]   --->   Operation 152 'store' 'store_ln114' <Predicate = true> <Delay = 3.25> <CoreInst = "RAM">   --->   Core 82 'RAM' <Latency = 1> <II = 1> <Delay = 3.25> <Storage> <Opcode : 'load' 'store'> <Ports = 2> <Width = 32> <Depth = 1024> <RAM>
ST_4 : Operation 153 [1/1] (3.25ns)   --->   "%store_ln114 = store i32 0, i10 %O_tile_2_addr_7" [/home/siyenga7/FPGA/attention_int8.cpp:114]   --->   Operation 153 'store' 'store_ln114' <Predicate = true> <Delay = 3.25> <CoreInst = "RAM">   --->   Core 82 'RAM' <Latency = 1> <II = 1> <Delay = 3.25> <Storage> <Opcode : 'load' 'store'> <Ports = 2> <Width = 32> <Depth = 1024> <RAM>
ST_4 : Operation 154 [1/1] (3.25ns)   --->   "%store_ln114 = store i32 0, i10 %O_tile_3_addr_6" [/home/siyenga7/FPGA/attention_int8.cpp:114]   --->   Operation 154 'store' 'store_ln114' <Predicate = true> <Delay = 3.25> <CoreInst = "RAM">   --->   Core 82 'RAM' <Latency = 1> <II = 1> <Delay = 3.25> <Storage> <Opcode : 'load' 'store'> <Ports = 2> <Width = 32> <Depth = 1024> <RAM>
ST_4 : Operation 155 [1/1] (3.25ns)   --->   "%store_ln114 = store i32 0, i10 %O_tile_3_addr_7" [/home/siyenga7/FPGA/attention_int8.cpp:114]   --->   Operation 155 'store' 'store_ln114' <Predicate = true> <Delay = 3.25> <CoreInst = "RAM">   --->   Core 82 'RAM' <Latency = 1> <II = 1> <Delay = 3.25> <Storage> <Opcode : 'load' 'store'> <Ports = 2> <Width = 32> <Depth = 1024> <RAM>
ST_4 : Operation 156 [1/1] (3.25ns)   --->   "%store_ln114 = store i32 0, i10 %O_tile_4_addr_6" [/home/siyenga7/FPGA/attention_int8.cpp:114]   --->   Operation 156 'store' 'store_ln114' <Predicate = true> <Delay = 3.25> <CoreInst = "RAM">   --->   Core 82 'RAM' <Latency = 1> <II = 1> <Delay = 3.25> <Storage> <Opcode : 'load' 'store'> <Ports = 2> <Width = 32> <Depth = 1024> <RAM>
ST_4 : Operation 157 [1/1] (3.25ns)   --->   "%store_ln114 = store i32 0, i10 %O_tile_4_addr_7" [/home/siyenga7/FPGA/attention_int8.cpp:114]   --->   Operation 157 'store' 'store_ln114' <Predicate = true> <Delay = 3.25> <CoreInst = "RAM">   --->   Core 82 'RAM' <Latency = 1> <II = 1> <Delay = 3.25> <Storage> <Opcode : 'load' 'store'> <Ports = 2> <Width = 32> <Depth = 1024> <RAM>
ST_4 : Operation 158 [1/1] (3.25ns)   --->   "%store_ln114 = store i32 0, i10 %O_tile_5_addr_6" [/home/siyenga7/FPGA/attention_int8.cpp:114]   --->   Operation 158 'store' 'store_ln114' <Predicate = true> <Delay = 3.25> <CoreInst = "RAM">   --->   Core 82 'RAM' <Latency = 1> <II = 1> <Delay = 3.25> <Storage> <Opcode : 'load' 'store'> <Ports = 2> <Width = 32> <Depth = 1024> <RAM>
ST_4 : Operation 159 [1/1] (3.25ns)   --->   "%store_ln114 = store i32 0, i10 %O_tile_5_addr_7" [/home/siyenga7/FPGA/attention_int8.cpp:114]   --->   Operation 159 'store' 'store_ln114' <Predicate = true> <Delay = 3.25> <CoreInst = "RAM">   --->   Core 82 'RAM' <Latency = 1> <II = 1> <Delay = 3.25> <Storage> <Opcode : 'load' 'store'> <Ports = 2> <Width = 32> <Depth = 1024> <RAM>
ST_4 : Operation 160 [1/1] (3.25ns)   --->   "%store_ln114 = store i32 0, i10 %O_tile_6_addr_6" [/home/siyenga7/FPGA/attention_int8.cpp:114]   --->   Operation 160 'store' 'store_ln114' <Predicate = true> <Delay = 3.25> <CoreInst = "RAM">   --->   Core 82 'RAM' <Latency = 1> <II = 1> <Delay = 3.25> <Storage> <Opcode : 'load' 'store'> <Ports = 2> <Width = 32> <Depth = 1024> <RAM>
ST_4 : Operation 161 [1/1] (3.25ns)   --->   "%store_ln114 = store i32 0, i10 %O_tile_6_addr_7" [/home/siyenga7/FPGA/attention_int8.cpp:114]   --->   Operation 161 'store' 'store_ln114' <Predicate = true> <Delay = 3.25> <CoreInst = "RAM">   --->   Core 82 'RAM' <Latency = 1> <II = 1> <Delay = 3.25> <Storage> <Opcode : 'load' 'store'> <Ports = 2> <Width = 32> <Depth = 1024> <RAM>
ST_4 : Operation 162 [1/1] (3.25ns)   --->   "%store_ln114 = store i32 0, i10 %O_tile_7_addr_6" [/home/siyenga7/FPGA/attention_int8.cpp:114]   --->   Operation 162 'store' 'store_ln114' <Predicate = true> <Delay = 3.25> <CoreInst = "RAM">   --->   Core 82 'RAM' <Latency = 1> <II = 1> <Delay = 3.25> <Storage> <Opcode : 'load' 'store'> <Ports = 2> <Width = 32> <Depth = 1024> <RAM>
ST_4 : Operation 163 [1/1] (3.25ns)   --->   "%store_ln114 = store i32 0, i10 %O_tile_7_addr_7" [/home/siyenga7/FPGA/attention_int8.cpp:114]   --->   Operation 163 'store' 'store_ln114' <Predicate = true> <Delay = 3.25> <CoreInst = "RAM">   --->   Core 82 'RAM' <Latency = 1> <II = 1> <Delay = 3.25> <Storage> <Opcode : 'load' 'store'> <Ports = 2> <Width = 32> <Depth = 1024> <RAM>

State 5 <SV = 4> <Delay = 3.25>
ST_5 : Operation 164 [1/1] (0.00ns)   --->   "%or_ln114_7 = or i10 %tmp_s, i10 8" [/home/siyenga7/FPGA/attention_int8.cpp:114]   --->   Operation 164 'or' 'or_ln114_7' <Predicate = true> <Delay = 0.00>
ST_5 : Operation 165 [1/1] (0.00ns)   --->   "%zext_ln114_8 = zext i10 %or_ln114_7" [/home/siyenga7/FPGA/attention_int8.cpp:114]   --->   Operation 165 'zext' 'zext_ln114_8' <Predicate = true> <Delay = 0.00>
ST_5 : Operation 166 [1/1] (0.00ns)   --->   "%O_tile_addr_8 = getelementptr i32 %O_tile, i64 0, i64 %zext_ln114_8" [/home/siyenga7/FPGA/attention_int8.cpp:114]   --->   Operation 166 'getelementptr' 'O_tile_addr_8' <Predicate = true> <Delay = 0.00>
ST_5 : Operation 167 [1/1] (0.00ns)   --->   "%or_ln114_8 = or i10 %tmp_s, i10 9" [/home/siyenga7/FPGA/attention_int8.cpp:114]   --->   Operation 167 'or' 'or_ln114_8' <Predicate = true> <Delay = 0.00>
ST_5 : Operation 168 [1/1] (0.00ns)   --->   "%zext_ln114_9 = zext i10 %or_ln114_8" [/home/siyenga7/FPGA/attention_int8.cpp:114]   --->   Operation 168 'zext' 'zext_ln114_9' <Predicate = true> <Delay = 0.00>
ST_5 : Operation 169 [1/1] (0.00ns)   --->   "%O_tile_addr_9 = getelementptr i32 %O_tile, i64 0, i64 %zext_ln114_9" [/home/siyenga7/FPGA/attention_int8.cpp:114]   --->   Operation 169 'getelementptr' 'O_tile_addr_9' <Predicate = true> <Delay = 0.00>
ST_5 : Operation 170 [1/1] (0.00ns)   --->   "%O_tile_1_addr_8 = getelementptr i32 %O_tile_1, i64 0, i64 %zext_ln114_8" [/home/siyenga7/FPGA/attention_int8.cpp:114]   --->   Operation 170 'getelementptr' 'O_tile_1_addr_8' <Predicate = true> <Delay = 0.00>
ST_5 : Operation 171 [1/1] (0.00ns)   --->   "%O_tile_1_addr_9 = getelementptr i32 %O_tile_1, i64 0, i64 %zext_ln114_9" [/home/siyenga7/FPGA/attention_int8.cpp:114]   --->   Operation 171 'getelementptr' 'O_tile_1_addr_9' <Predicate = true> <Delay = 0.00>
ST_5 : Operation 172 [1/1] (0.00ns)   --->   "%O_tile_2_addr_8 = getelementptr i32 %O_tile_2, i64 0, i64 %zext_ln114_8" [/home/siyenga7/FPGA/attention_int8.cpp:114]   --->   Operation 172 'getelementptr' 'O_tile_2_addr_8' <Predicate = true> <Delay = 0.00>
ST_5 : Operation 173 [1/1] (0.00ns)   --->   "%O_tile_2_addr_9 = getelementptr i32 %O_tile_2, i64 0, i64 %zext_ln114_9" [/home/siyenga7/FPGA/attention_int8.cpp:114]   --->   Operation 173 'getelementptr' 'O_tile_2_addr_9' <Predicate = true> <Delay = 0.00>
ST_5 : Operation 174 [1/1] (0.00ns)   --->   "%O_tile_3_addr_8 = getelementptr i32 %O_tile_3, i64 0, i64 %zext_ln114_8" [/home/siyenga7/FPGA/attention_int8.cpp:114]   --->   Operation 174 'getelementptr' 'O_tile_3_addr_8' <Predicate = true> <Delay = 0.00>
ST_5 : Operation 175 [1/1] (0.00ns)   --->   "%O_tile_3_addr_9 = getelementptr i32 %O_tile_3, i64 0, i64 %zext_ln114_9" [/home/siyenga7/FPGA/attention_int8.cpp:114]   --->   Operation 175 'getelementptr' 'O_tile_3_addr_9' <Predicate = true> <Delay = 0.00>
ST_5 : Operation 176 [1/1] (0.00ns)   --->   "%O_tile_4_addr_8 = getelementptr i32 %O_tile_4, i64 0, i64 %zext_ln114_8" [/home/siyenga7/FPGA/attention_int8.cpp:114]   --->   Operation 176 'getelementptr' 'O_tile_4_addr_8' <Predicate = true> <Delay = 0.00>
ST_5 : Operation 177 [1/1] (0.00ns)   --->   "%O_tile_4_addr_9 = getelementptr i32 %O_tile_4, i64 0, i64 %zext_ln114_9" [/home/siyenga7/FPGA/attention_int8.cpp:114]   --->   Operation 177 'getelementptr' 'O_tile_4_addr_9' <Predicate = true> <Delay = 0.00>
ST_5 : Operation 178 [1/1] (0.00ns)   --->   "%O_tile_5_addr_8 = getelementptr i32 %O_tile_5, i64 0, i64 %zext_ln114_8" [/home/siyenga7/FPGA/attention_int8.cpp:114]   --->   Operation 178 'getelementptr' 'O_tile_5_addr_8' <Predicate = true> <Delay = 0.00>
ST_5 : Operation 179 [1/1] (0.00ns)   --->   "%O_tile_5_addr_9 = getelementptr i32 %O_tile_5, i64 0, i64 %zext_ln114_9" [/home/siyenga7/FPGA/attention_int8.cpp:114]   --->   Operation 179 'getelementptr' 'O_tile_5_addr_9' <Predicate = true> <Delay = 0.00>
ST_5 : Operation 180 [1/1] (0.00ns)   --->   "%O_tile_6_addr_8 = getelementptr i32 %O_tile_6, i64 0, i64 %zext_ln114_8" [/home/siyenga7/FPGA/attention_int8.cpp:114]   --->   Operation 180 'getelementptr' 'O_tile_6_addr_8' <Predicate = true> <Delay = 0.00>
ST_5 : Operation 181 [1/1] (0.00ns)   --->   "%O_tile_6_addr_9 = getelementptr i32 %O_tile_6, i64 0, i64 %zext_ln114_9" [/home/siyenga7/FPGA/attention_int8.cpp:114]   --->   Operation 181 'getelementptr' 'O_tile_6_addr_9' <Predicate = true> <Delay = 0.00>
ST_5 : Operation 182 [1/1] (0.00ns)   --->   "%O_tile_7_addr_8 = getelementptr i32 %O_tile_7, i64 0, i64 %zext_ln114_8" [/home/siyenga7/FPGA/attention_int8.cpp:114]   --->   Operation 182 'getelementptr' 'O_tile_7_addr_8' <Predicate = true> <Delay = 0.00>
ST_5 : Operation 183 [1/1] (0.00ns)   --->   "%O_tile_7_addr_9 = getelementptr i32 %O_tile_7, i64 0, i64 %zext_ln114_9" [/home/siyenga7/FPGA/attention_int8.cpp:114]   --->   Operation 183 'getelementptr' 'O_tile_7_addr_9' <Predicate = true> <Delay = 0.00>
ST_5 : Operation 184 [1/1] (3.25ns)   --->   "%store_ln114 = store i32 0, i10 %O_tile_addr_8" [/home/siyenga7/FPGA/attention_int8.cpp:114]   --->   Operation 184 'store' 'store_ln114' <Predicate = true> <Delay = 3.25> <CoreInst = "RAM">   --->   Core 82 'RAM' <Latency = 1> <II = 1> <Delay = 3.25> <Storage> <Opcode : 'load' 'store'> <Ports = 2> <Width = 32> <Depth = 1024> <RAM>
ST_5 : Operation 185 [1/1] (3.25ns)   --->   "%store_ln114 = store i32 0, i10 %O_tile_addr_9" [/home/siyenga7/FPGA/attention_int8.cpp:114]   --->   Operation 185 'store' 'store_ln114' <Predicate = true> <Delay = 3.25> <CoreInst = "RAM">   --->   Core 82 'RAM' <Latency = 1> <II = 1> <Delay = 3.25> <Storage> <Opcode : 'load' 'store'> <Ports = 2> <Width = 32> <Depth = 1024> <RAM>
ST_5 : Operation 186 [1/1] (3.25ns)   --->   "%store_ln114 = store i32 0, i10 %O_tile_1_addr_8" [/home/siyenga7/FPGA/attention_int8.cpp:114]   --->   Operation 186 'store' 'store_ln114' <Predicate = true> <Delay = 3.25> <CoreInst = "RAM">   --->   Core 82 'RAM' <Latency = 1> <II = 1> <Delay = 3.25> <Storage> <Opcode : 'load' 'store'> <Ports = 2> <Width = 32> <Depth = 1024> <RAM>
ST_5 : Operation 187 [1/1] (3.25ns)   --->   "%store_ln114 = store i32 0, i10 %O_tile_1_addr_9" [/home/siyenga7/FPGA/attention_int8.cpp:114]   --->   Operation 187 'store' 'store_ln114' <Predicate = true> <Delay = 3.25> <CoreInst = "RAM">   --->   Core 82 'RAM' <Latency = 1> <II = 1> <Delay = 3.25> <Storage> <Opcode : 'load' 'store'> <Ports = 2> <Width = 32> <Depth = 1024> <RAM>
ST_5 : Operation 188 [1/1] (3.25ns)   --->   "%store_ln114 = store i32 0, i10 %O_tile_2_addr_8" [/home/siyenga7/FPGA/attention_int8.cpp:114]   --->   Operation 188 'store' 'store_ln114' <Predicate = true> <Delay = 3.25> <CoreInst = "RAM">   --->   Core 82 'RAM' <Latency = 1> <II = 1> <Delay = 3.25> <Storage> <Opcode : 'load' 'store'> <Ports = 2> <Width = 32> <Depth = 1024> <RAM>
ST_5 : Operation 189 [1/1] (3.25ns)   --->   "%store_ln114 = store i32 0, i10 %O_tile_2_addr_9" [/home/siyenga7/FPGA/attention_int8.cpp:114]   --->   Operation 189 'store' 'store_ln114' <Predicate = true> <Delay = 3.25> <CoreInst = "RAM">   --->   Core 82 'RAM' <Latency = 1> <II = 1> <Delay = 3.25> <Storage> <Opcode : 'load' 'store'> <Ports = 2> <Width = 32> <Depth = 1024> <RAM>
ST_5 : Operation 190 [1/1] (3.25ns)   --->   "%store_ln114 = store i32 0, i10 %O_tile_3_addr_8" [/home/siyenga7/FPGA/attention_int8.cpp:114]   --->   Operation 190 'store' 'store_ln114' <Predicate = true> <Delay = 3.25> <CoreInst = "RAM">   --->   Core 82 'RAM' <Latency = 1> <II = 1> <Delay = 3.25> <Storage> <Opcode : 'load' 'store'> <Ports = 2> <Width = 32> <Depth = 1024> <RAM>
ST_5 : Operation 191 [1/1] (3.25ns)   --->   "%store_ln114 = store i32 0, i10 %O_tile_3_addr_9" [/home/siyenga7/FPGA/attention_int8.cpp:114]   --->   Operation 191 'store' 'store_ln114' <Predicate = true> <Delay = 3.25> <CoreInst = "RAM">   --->   Core 82 'RAM' <Latency = 1> <II = 1> <Delay = 3.25> <Storage> <Opcode : 'load' 'store'> <Ports = 2> <Width = 32> <Depth = 1024> <RAM>
ST_5 : Operation 192 [1/1] (3.25ns)   --->   "%store_ln114 = store i32 0, i10 %O_tile_4_addr_8" [/home/siyenga7/FPGA/attention_int8.cpp:114]   --->   Operation 192 'store' 'store_ln114' <Predicate = true> <Delay = 3.25> <CoreInst = "RAM">   --->   Core 82 'RAM' <Latency = 1> <II = 1> <Delay = 3.25> <Storage> <Opcode : 'load' 'store'> <Ports = 2> <Width = 32> <Depth = 1024> <RAM>
ST_5 : Operation 193 [1/1] (3.25ns)   --->   "%store_ln114 = store i32 0, i10 %O_tile_4_addr_9" [/home/siyenga7/FPGA/attention_int8.cpp:114]   --->   Operation 193 'store' 'store_ln114' <Predicate = true> <Delay = 3.25> <CoreInst = "RAM">   --->   Core 82 'RAM' <Latency = 1> <II = 1> <Delay = 3.25> <Storage> <Opcode : 'load' 'store'> <Ports = 2> <Width = 32> <Depth = 1024> <RAM>
ST_5 : Operation 194 [1/1] (3.25ns)   --->   "%store_ln114 = store i32 0, i10 %O_tile_5_addr_8" [/home/siyenga7/FPGA/attention_int8.cpp:114]   --->   Operation 194 'store' 'store_ln114' <Predicate = true> <Delay = 3.25> <CoreInst = "RAM">   --->   Core 82 'RAM' <Latency = 1> <II = 1> <Delay = 3.25> <Storage> <Opcode : 'load' 'store'> <Ports = 2> <Width = 32> <Depth = 1024> <RAM>
ST_5 : Operation 195 [1/1] (3.25ns)   --->   "%store_ln114 = store i32 0, i10 %O_tile_5_addr_9" [/home/siyenga7/FPGA/attention_int8.cpp:114]   --->   Operation 195 'store' 'store_ln114' <Predicate = true> <Delay = 3.25> <CoreInst = "RAM">   --->   Core 82 'RAM' <Latency = 1> <II = 1> <Delay = 3.25> <Storage> <Opcode : 'load' 'store'> <Ports = 2> <Width = 32> <Depth = 1024> <RAM>
ST_5 : Operation 196 [1/1] (3.25ns)   --->   "%store_ln114 = store i32 0, i10 %O_tile_6_addr_8" [/home/siyenga7/FPGA/attention_int8.cpp:114]   --->   Operation 196 'store' 'store_ln114' <Predicate = true> <Delay = 3.25> <CoreInst = "RAM">   --->   Core 82 'RAM' <Latency = 1> <II = 1> <Delay = 3.25> <Storage> <Opcode : 'load' 'store'> <Ports = 2> <Width = 32> <Depth = 1024> <RAM>
ST_5 : Operation 197 [1/1] (3.25ns)   --->   "%store_ln114 = store i32 0, i10 %O_tile_6_addr_9" [/home/siyenga7/FPGA/attention_int8.cpp:114]   --->   Operation 197 'store' 'store_ln114' <Predicate = true> <Delay = 3.25> <CoreInst = "RAM">   --->   Core 82 'RAM' <Latency = 1> <II = 1> <Delay = 3.25> <Storage> <Opcode : 'load' 'store'> <Ports = 2> <Width = 32> <Depth = 1024> <RAM>
ST_5 : Operation 198 [1/1] (3.25ns)   --->   "%store_ln114 = store i32 0, i10 %O_tile_7_addr_8" [/home/siyenga7/FPGA/attention_int8.cpp:114]   --->   Operation 198 'store' 'store_ln114' <Predicate = true> <Delay = 3.25> <CoreInst = "RAM">   --->   Core 82 'RAM' <Latency = 1> <II = 1> <Delay = 3.25> <Storage> <Opcode : 'load' 'store'> <Ports = 2> <Width = 32> <Depth = 1024> <RAM>
ST_5 : Operation 199 [1/1] (3.25ns)   --->   "%store_ln114 = store i32 0, i10 %O_tile_7_addr_9" [/home/siyenga7/FPGA/attention_int8.cpp:114]   --->   Operation 199 'store' 'store_ln114' <Predicate = true> <Delay = 3.25> <CoreInst = "RAM">   --->   Core 82 'RAM' <Latency = 1> <II = 1> <Delay = 3.25> <Storage> <Opcode : 'load' 'store'> <Ports = 2> <Width = 32> <Depth = 1024> <RAM>

State 6 <SV = 5> <Delay = 3.25>
ST_6 : Operation 200 [1/1] (0.00ns)   --->   "%or_ln114_9 = or i10 %tmp_s, i10 10" [/home/siyenga7/FPGA/attention_int8.cpp:114]   --->   Operation 200 'or' 'or_ln114_9' <Predicate = true> <Delay = 0.00>
ST_6 : Operation 201 [1/1] (0.00ns)   --->   "%zext_ln114_10 = zext i10 %or_ln114_9" [/home/siyenga7/FPGA/attention_int8.cpp:114]   --->   Operation 201 'zext' 'zext_ln114_10' <Predicate = true> <Delay = 0.00>
ST_6 : Operation 202 [1/1] (0.00ns)   --->   "%O_tile_addr_10 = getelementptr i32 %O_tile, i64 0, i64 %zext_ln114_10" [/home/siyenga7/FPGA/attention_int8.cpp:114]   --->   Operation 202 'getelementptr' 'O_tile_addr_10' <Predicate = true> <Delay = 0.00>
ST_6 : Operation 203 [1/1] (0.00ns)   --->   "%or_ln114_10 = or i10 %tmp_s, i10 11" [/home/siyenga7/FPGA/attention_int8.cpp:114]   --->   Operation 203 'or' 'or_ln114_10' <Predicate = true> <Delay = 0.00>
ST_6 : Operation 204 [1/1] (0.00ns)   --->   "%zext_ln114_11 = zext i10 %or_ln114_10" [/home/siyenga7/FPGA/attention_int8.cpp:114]   --->   Operation 204 'zext' 'zext_ln114_11' <Predicate = true> <Delay = 0.00>
ST_6 : Operation 205 [1/1] (0.00ns)   --->   "%O_tile_addr_11 = getelementptr i32 %O_tile, i64 0, i64 %zext_ln114_11" [/home/siyenga7/FPGA/attention_int8.cpp:114]   --->   Operation 205 'getelementptr' 'O_tile_addr_11' <Predicate = true> <Delay = 0.00>
ST_6 : Operation 206 [1/1] (0.00ns)   --->   "%O_tile_1_addr_10 = getelementptr i32 %O_tile_1, i64 0, i64 %zext_ln114_10" [/home/siyenga7/FPGA/attention_int8.cpp:114]   --->   Operation 206 'getelementptr' 'O_tile_1_addr_10' <Predicate = true> <Delay = 0.00>
ST_6 : Operation 207 [1/1] (0.00ns)   --->   "%O_tile_1_addr_11 = getelementptr i32 %O_tile_1, i64 0, i64 %zext_ln114_11" [/home/siyenga7/FPGA/attention_int8.cpp:114]   --->   Operation 207 'getelementptr' 'O_tile_1_addr_11' <Predicate = true> <Delay = 0.00>
ST_6 : Operation 208 [1/1] (0.00ns)   --->   "%O_tile_2_addr_10 = getelementptr i32 %O_tile_2, i64 0, i64 %zext_ln114_10" [/home/siyenga7/FPGA/attention_int8.cpp:114]   --->   Operation 208 'getelementptr' 'O_tile_2_addr_10' <Predicate = true> <Delay = 0.00>
ST_6 : Operation 209 [1/1] (0.00ns)   --->   "%O_tile_2_addr_11 = getelementptr i32 %O_tile_2, i64 0, i64 %zext_ln114_11" [/home/siyenga7/FPGA/attention_int8.cpp:114]   --->   Operation 209 'getelementptr' 'O_tile_2_addr_11' <Predicate = true> <Delay = 0.00>
ST_6 : Operation 210 [1/1] (0.00ns)   --->   "%O_tile_3_addr_10 = getelementptr i32 %O_tile_3, i64 0, i64 %zext_ln114_10" [/home/siyenga7/FPGA/attention_int8.cpp:114]   --->   Operation 210 'getelementptr' 'O_tile_3_addr_10' <Predicate = true> <Delay = 0.00>
ST_6 : Operation 211 [1/1] (0.00ns)   --->   "%O_tile_3_addr_11 = getelementptr i32 %O_tile_3, i64 0, i64 %zext_ln114_11" [/home/siyenga7/FPGA/attention_int8.cpp:114]   --->   Operation 211 'getelementptr' 'O_tile_3_addr_11' <Predicate = true> <Delay = 0.00>
ST_6 : Operation 212 [1/1] (0.00ns)   --->   "%O_tile_4_addr_10 = getelementptr i32 %O_tile_4, i64 0, i64 %zext_ln114_10" [/home/siyenga7/FPGA/attention_int8.cpp:114]   --->   Operation 212 'getelementptr' 'O_tile_4_addr_10' <Predicate = true> <Delay = 0.00>
ST_6 : Operation 213 [1/1] (0.00ns)   --->   "%O_tile_4_addr_11 = getelementptr i32 %O_tile_4, i64 0, i64 %zext_ln114_11" [/home/siyenga7/FPGA/attention_int8.cpp:114]   --->   Operation 213 'getelementptr' 'O_tile_4_addr_11' <Predicate = true> <Delay = 0.00>
ST_6 : Operation 214 [1/1] (0.00ns)   --->   "%O_tile_5_addr_10 = getelementptr i32 %O_tile_5, i64 0, i64 %zext_ln114_10" [/home/siyenga7/FPGA/attention_int8.cpp:114]   --->   Operation 214 'getelementptr' 'O_tile_5_addr_10' <Predicate = true> <Delay = 0.00>
ST_6 : Operation 215 [1/1] (0.00ns)   --->   "%O_tile_5_addr_11 = getelementptr i32 %O_tile_5, i64 0, i64 %zext_ln114_11" [/home/siyenga7/FPGA/attention_int8.cpp:114]   --->   Operation 215 'getelementptr' 'O_tile_5_addr_11' <Predicate = true> <Delay = 0.00>
ST_6 : Operation 216 [1/1] (0.00ns)   --->   "%O_tile_6_addr_10 = getelementptr i32 %O_tile_6, i64 0, i64 %zext_ln114_10" [/home/siyenga7/FPGA/attention_int8.cpp:114]   --->   Operation 216 'getelementptr' 'O_tile_6_addr_10' <Predicate = true> <Delay = 0.00>
ST_6 : Operation 217 [1/1] (0.00ns)   --->   "%O_tile_6_addr_11 = getelementptr i32 %O_tile_6, i64 0, i64 %zext_ln114_11" [/home/siyenga7/FPGA/attention_int8.cpp:114]   --->   Operation 217 'getelementptr' 'O_tile_6_addr_11' <Predicate = true> <Delay = 0.00>
ST_6 : Operation 218 [1/1] (0.00ns)   --->   "%O_tile_7_addr_10 = getelementptr i32 %O_tile_7, i64 0, i64 %zext_ln114_10" [/home/siyenga7/FPGA/attention_int8.cpp:114]   --->   Operation 218 'getelementptr' 'O_tile_7_addr_10' <Predicate = true> <Delay = 0.00>
ST_6 : Operation 219 [1/1] (0.00ns)   --->   "%O_tile_7_addr_11 = getelementptr i32 %O_tile_7, i64 0, i64 %zext_ln114_11" [/home/siyenga7/FPGA/attention_int8.cpp:114]   --->   Operation 219 'getelementptr' 'O_tile_7_addr_11' <Predicate = true> <Delay = 0.00>
ST_6 : Operation 220 [1/1] (3.25ns)   --->   "%store_ln114 = store i32 0, i10 %O_tile_addr_10" [/home/siyenga7/FPGA/attention_int8.cpp:114]   --->   Operation 220 'store' 'store_ln114' <Predicate = true> <Delay = 3.25> <CoreInst = "RAM">   --->   Core 82 'RAM' <Latency = 1> <II = 1> <Delay = 3.25> <Storage> <Opcode : 'load' 'store'> <Ports = 2> <Width = 32> <Depth = 1024> <RAM>
ST_6 : Operation 221 [1/1] (3.25ns)   --->   "%store_ln114 = store i32 0, i10 %O_tile_addr_11" [/home/siyenga7/FPGA/attention_int8.cpp:114]   --->   Operation 221 'store' 'store_ln114' <Predicate = true> <Delay = 3.25> <CoreInst = "RAM">   --->   Core 82 'RAM' <Latency = 1> <II = 1> <Delay = 3.25> <Storage> <Opcode : 'load' 'store'> <Ports = 2> <Width = 32> <Depth = 1024> <RAM>
ST_6 : Operation 222 [1/1] (3.25ns)   --->   "%store_ln114 = store i32 0, i10 %O_tile_1_addr_10" [/home/siyenga7/FPGA/attention_int8.cpp:114]   --->   Operation 222 'store' 'store_ln114' <Predicate = true> <Delay = 3.25> <CoreInst = "RAM">   --->   Core 82 'RAM' <Latency = 1> <II = 1> <Delay = 3.25> <Storage> <Opcode : 'load' 'store'> <Ports = 2> <Width = 32> <Depth = 1024> <RAM>
ST_6 : Operation 223 [1/1] (3.25ns)   --->   "%store_ln114 = store i32 0, i10 %O_tile_1_addr_11" [/home/siyenga7/FPGA/attention_int8.cpp:114]   --->   Operation 223 'store' 'store_ln114' <Predicate = true> <Delay = 3.25> <CoreInst = "RAM">   --->   Core 82 'RAM' <Latency = 1> <II = 1> <Delay = 3.25> <Storage> <Opcode : 'load' 'store'> <Ports = 2> <Width = 32> <Depth = 1024> <RAM>
ST_6 : Operation 224 [1/1] (3.25ns)   --->   "%store_ln114 = store i32 0, i10 %O_tile_2_addr_10" [/home/siyenga7/FPGA/attention_int8.cpp:114]   --->   Operation 224 'store' 'store_ln114' <Predicate = true> <Delay = 3.25> <CoreInst = "RAM">   --->   Core 82 'RAM' <Latency = 1> <II = 1> <Delay = 3.25> <Storage> <Opcode : 'load' 'store'> <Ports = 2> <Width = 32> <Depth = 1024> <RAM>
ST_6 : Operation 225 [1/1] (3.25ns)   --->   "%store_ln114 = store i32 0, i10 %O_tile_2_addr_11" [/home/siyenga7/FPGA/attention_int8.cpp:114]   --->   Operation 225 'store' 'store_ln114' <Predicate = true> <Delay = 3.25> <CoreInst = "RAM">   --->   Core 82 'RAM' <Latency = 1> <II = 1> <Delay = 3.25> <Storage> <Opcode : 'load' 'store'> <Ports = 2> <Width = 32> <Depth = 1024> <RAM>
ST_6 : Operation 226 [1/1] (3.25ns)   --->   "%store_ln114 = store i32 0, i10 %O_tile_3_addr_10" [/home/siyenga7/FPGA/attention_int8.cpp:114]   --->   Operation 226 'store' 'store_ln114' <Predicate = true> <Delay = 3.25> <CoreInst = "RAM">   --->   Core 82 'RAM' <Latency = 1> <II = 1> <Delay = 3.25> <Storage> <Opcode : 'load' 'store'> <Ports = 2> <Width = 32> <Depth = 1024> <RAM>
ST_6 : Operation 227 [1/1] (3.25ns)   --->   "%store_ln114 = store i32 0, i10 %O_tile_3_addr_11" [/home/siyenga7/FPGA/attention_int8.cpp:114]   --->   Operation 227 'store' 'store_ln114' <Predicate = true> <Delay = 3.25> <CoreInst = "RAM">   --->   Core 82 'RAM' <Latency = 1> <II = 1> <Delay = 3.25> <Storage> <Opcode : 'load' 'store'> <Ports = 2> <Width = 32> <Depth = 1024> <RAM>
ST_6 : Operation 228 [1/1] (3.25ns)   --->   "%store_ln114 = store i32 0, i10 %O_tile_4_addr_10" [/home/siyenga7/FPGA/attention_int8.cpp:114]   --->   Operation 228 'store' 'store_ln114' <Predicate = true> <Delay = 3.25> <CoreInst = "RAM">   --->   Core 82 'RAM' <Latency = 1> <II = 1> <Delay = 3.25> <Storage> <Opcode : 'load' 'store'> <Ports = 2> <Width = 32> <Depth = 1024> <RAM>
ST_6 : Operation 229 [1/1] (3.25ns)   --->   "%store_ln114 = store i32 0, i10 %O_tile_4_addr_11" [/home/siyenga7/FPGA/attention_int8.cpp:114]   --->   Operation 229 'store' 'store_ln114' <Predicate = true> <Delay = 3.25> <CoreInst = "RAM">   --->   Core 82 'RAM' <Latency = 1> <II = 1> <Delay = 3.25> <Storage> <Opcode : 'load' 'store'> <Ports = 2> <Width = 32> <Depth = 1024> <RAM>
ST_6 : Operation 230 [1/1] (3.25ns)   --->   "%store_ln114 = store i32 0, i10 %O_tile_5_addr_10" [/home/siyenga7/FPGA/attention_int8.cpp:114]   --->   Operation 230 'store' 'store_ln114' <Predicate = true> <Delay = 3.25> <CoreInst = "RAM">   --->   Core 82 'RAM' <Latency = 1> <II = 1> <Delay = 3.25> <Storage> <Opcode : 'load' 'store'> <Ports = 2> <Width = 32> <Depth = 1024> <RAM>
ST_6 : Operation 231 [1/1] (3.25ns)   --->   "%store_ln114 = store i32 0, i10 %O_tile_5_addr_11" [/home/siyenga7/FPGA/attention_int8.cpp:114]   --->   Operation 231 'store' 'store_ln114' <Predicate = true> <Delay = 3.25> <CoreInst = "RAM">   --->   Core 82 'RAM' <Latency = 1> <II = 1> <Delay = 3.25> <Storage> <Opcode : 'load' 'store'> <Ports = 2> <Width = 32> <Depth = 1024> <RAM>
ST_6 : Operation 232 [1/1] (3.25ns)   --->   "%store_ln114 = store i32 0, i10 %O_tile_6_addr_10" [/home/siyenga7/FPGA/attention_int8.cpp:114]   --->   Operation 232 'store' 'store_ln114' <Predicate = true> <Delay = 3.25> <CoreInst = "RAM">   --->   Core 82 'RAM' <Latency = 1> <II = 1> <Delay = 3.25> <Storage> <Opcode : 'load' 'store'> <Ports = 2> <Width = 32> <Depth = 1024> <RAM>
ST_6 : Operation 233 [1/1] (3.25ns)   --->   "%store_ln114 = store i32 0, i10 %O_tile_6_addr_11" [/home/siyenga7/FPGA/attention_int8.cpp:114]   --->   Operation 233 'store' 'store_ln114' <Predicate = true> <Delay = 3.25> <CoreInst = "RAM">   --->   Core 82 'RAM' <Latency = 1> <II = 1> <Delay = 3.25> <Storage> <Opcode : 'load' 'store'> <Ports = 2> <Width = 32> <Depth = 1024> <RAM>
ST_6 : Operation 234 [1/1] (3.25ns)   --->   "%store_ln114 = store i32 0, i10 %O_tile_7_addr_10" [/home/siyenga7/FPGA/attention_int8.cpp:114]   --->   Operation 234 'store' 'store_ln114' <Predicate = true> <Delay = 3.25> <CoreInst = "RAM">   --->   Core 82 'RAM' <Latency = 1> <II = 1> <Delay = 3.25> <Storage> <Opcode : 'load' 'store'> <Ports = 2> <Width = 32> <Depth = 1024> <RAM>
ST_6 : Operation 235 [1/1] (3.25ns)   --->   "%store_ln114 = store i32 0, i10 %O_tile_7_addr_11" [/home/siyenga7/FPGA/attention_int8.cpp:114]   --->   Operation 235 'store' 'store_ln114' <Predicate = true> <Delay = 3.25> <CoreInst = "RAM">   --->   Core 82 'RAM' <Latency = 1> <II = 1> <Delay = 3.25> <Storage> <Opcode : 'load' 'store'> <Ports = 2> <Width = 32> <Depth = 1024> <RAM>

State 7 <SV = 6> <Delay = 3.25>
ST_7 : Operation 236 [1/1] (0.00ns)   --->   "%or_ln114_11 = or i10 %tmp_s, i10 12" [/home/siyenga7/FPGA/attention_int8.cpp:114]   --->   Operation 236 'or' 'or_ln114_11' <Predicate = true> <Delay = 0.00>
ST_7 : Operation 237 [1/1] (0.00ns)   --->   "%zext_ln114_12 = zext i10 %or_ln114_11" [/home/siyenga7/FPGA/attention_int8.cpp:114]   --->   Operation 237 'zext' 'zext_ln114_12' <Predicate = true> <Delay = 0.00>
ST_7 : Operation 238 [1/1] (0.00ns)   --->   "%O_tile_addr_12 = getelementptr i32 %O_tile, i64 0, i64 %zext_ln114_12" [/home/siyenga7/FPGA/attention_int8.cpp:114]   --->   Operation 238 'getelementptr' 'O_tile_addr_12' <Predicate = true> <Delay = 0.00>
ST_7 : Operation 239 [1/1] (0.00ns)   --->   "%or_ln114_12 = or i10 %tmp_s, i10 13" [/home/siyenga7/FPGA/attention_int8.cpp:114]   --->   Operation 239 'or' 'or_ln114_12' <Predicate = true> <Delay = 0.00>
ST_7 : Operation 240 [1/1] (0.00ns)   --->   "%zext_ln114_13 = zext i10 %or_ln114_12" [/home/siyenga7/FPGA/attention_int8.cpp:114]   --->   Operation 240 'zext' 'zext_ln114_13' <Predicate = true> <Delay = 0.00>
ST_7 : Operation 241 [1/1] (0.00ns)   --->   "%O_tile_addr_13 = getelementptr i32 %O_tile, i64 0, i64 %zext_ln114_13" [/home/siyenga7/FPGA/attention_int8.cpp:114]   --->   Operation 241 'getelementptr' 'O_tile_addr_13' <Predicate = true> <Delay = 0.00>
ST_7 : Operation 242 [1/1] (0.00ns)   --->   "%O_tile_1_addr_12 = getelementptr i32 %O_tile_1, i64 0, i64 %zext_ln114_12" [/home/siyenga7/FPGA/attention_int8.cpp:114]   --->   Operation 242 'getelementptr' 'O_tile_1_addr_12' <Predicate = true> <Delay = 0.00>
ST_7 : Operation 243 [1/1] (0.00ns)   --->   "%O_tile_1_addr_13 = getelementptr i32 %O_tile_1, i64 0, i64 %zext_ln114_13" [/home/siyenga7/FPGA/attention_int8.cpp:114]   --->   Operation 243 'getelementptr' 'O_tile_1_addr_13' <Predicate = true> <Delay = 0.00>
ST_7 : Operation 244 [1/1] (0.00ns)   --->   "%O_tile_2_addr_12 = getelementptr i32 %O_tile_2, i64 0, i64 %zext_ln114_12" [/home/siyenga7/FPGA/attention_int8.cpp:114]   --->   Operation 244 'getelementptr' 'O_tile_2_addr_12' <Predicate = true> <Delay = 0.00>
ST_7 : Operation 245 [1/1] (0.00ns)   --->   "%O_tile_2_addr_13 = getelementptr i32 %O_tile_2, i64 0, i64 %zext_ln114_13" [/home/siyenga7/FPGA/attention_int8.cpp:114]   --->   Operation 245 'getelementptr' 'O_tile_2_addr_13' <Predicate = true> <Delay = 0.00>
ST_7 : Operation 246 [1/1] (0.00ns)   --->   "%O_tile_3_addr_12 = getelementptr i32 %O_tile_3, i64 0, i64 %zext_ln114_12" [/home/siyenga7/FPGA/attention_int8.cpp:114]   --->   Operation 246 'getelementptr' 'O_tile_3_addr_12' <Predicate = true> <Delay = 0.00>
ST_7 : Operation 247 [1/1] (0.00ns)   --->   "%O_tile_3_addr_13 = getelementptr i32 %O_tile_3, i64 0, i64 %zext_ln114_13" [/home/siyenga7/FPGA/attention_int8.cpp:114]   --->   Operation 247 'getelementptr' 'O_tile_3_addr_13' <Predicate = true> <Delay = 0.00>
ST_7 : Operation 248 [1/1] (0.00ns)   --->   "%O_tile_4_addr_12 = getelementptr i32 %O_tile_4, i64 0, i64 %zext_ln114_12" [/home/siyenga7/FPGA/attention_int8.cpp:114]   --->   Operation 248 'getelementptr' 'O_tile_4_addr_12' <Predicate = true> <Delay = 0.00>
ST_7 : Operation 249 [1/1] (0.00ns)   --->   "%O_tile_4_addr_13 = getelementptr i32 %O_tile_4, i64 0, i64 %zext_ln114_13" [/home/siyenga7/FPGA/attention_int8.cpp:114]   --->   Operation 249 'getelementptr' 'O_tile_4_addr_13' <Predicate = true> <Delay = 0.00>
ST_7 : Operation 250 [1/1] (0.00ns)   --->   "%O_tile_5_addr_12 = getelementptr i32 %O_tile_5, i64 0, i64 %zext_ln114_12" [/home/siyenga7/FPGA/attention_int8.cpp:114]   --->   Operation 250 'getelementptr' 'O_tile_5_addr_12' <Predicate = true> <Delay = 0.00>
ST_7 : Operation 251 [1/1] (0.00ns)   --->   "%O_tile_5_addr_13 = getelementptr i32 %O_tile_5, i64 0, i64 %zext_ln114_13" [/home/siyenga7/FPGA/attention_int8.cpp:114]   --->   Operation 251 'getelementptr' 'O_tile_5_addr_13' <Predicate = true> <Delay = 0.00>
ST_7 : Operation 252 [1/1] (0.00ns)   --->   "%O_tile_6_addr_12 = getelementptr i32 %O_tile_6, i64 0, i64 %zext_ln114_12" [/home/siyenga7/FPGA/attention_int8.cpp:114]   --->   Operation 252 'getelementptr' 'O_tile_6_addr_12' <Predicate = true> <Delay = 0.00>
ST_7 : Operation 253 [1/1] (0.00ns)   --->   "%O_tile_6_addr_13 = getelementptr i32 %O_tile_6, i64 0, i64 %zext_ln114_13" [/home/siyenga7/FPGA/attention_int8.cpp:114]   --->   Operation 253 'getelementptr' 'O_tile_6_addr_13' <Predicate = true> <Delay = 0.00>
ST_7 : Operation 254 [1/1] (0.00ns)   --->   "%O_tile_7_addr_12 = getelementptr i32 %O_tile_7, i64 0, i64 %zext_ln114_12" [/home/siyenga7/FPGA/attention_int8.cpp:114]   --->   Operation 254 'getelementptr' 'O_tile_7_addr_12' <Predicate = true> <Delay = 0.00>
ST_7 : Operation 255 [1/1] (0.00ns)   --->   "%O_tile_7_addr_13 = getelementptr i32 %O_tile_7, i64 0, i64 %zext_ln114_13" [/home/siyenga7/FPGA/attention_int8.cpp:114]   --->   Operation 255 'getelementptr' 'O_tile_7_addr_13' <Predicate = true> <Delay = 0.00>
ST_7 : Operation 256 [1/1] (3.25ns)   --->   "%store_ln114 = store i32 0, i10 %O_tile_addr_12" [/home/siyenga7/FPGA/attention_int8.cpp:114]   --->   Operation 256 'store' 'store_ln114' <Predicate = true> <Delay = 3.25> <CoreInst = "RAM">   --->   Core 82 'RAM' <Latency = 1> <II = 1> <Delay = 3.25> <Storage> <Opcode : 'load' 'store'> <Ports = 2> <Width = 32> <Depth = 1024> <RAM>
ST_7 : Operation 257 [1/1] (3.25ns)   --->   "%store_ln114 = store i32 0, i10 %O_tile_addr_13" [/home/siyenga7/FPGA/attention_int8.cpp:114]   --->   Operation 257 'store' 'store_ln114' <Predicate = true> <Delay = 3.25> <CoreInst = "RAM">   --->   Core 82 'RAM' <Latency = 1> <II = 1> <Delay = 3.25> <Storage> <Opcode : 'load' 'store'> <Ports = 2> <Width = 32> <Depth = 1024> <RAM>
ST_7 : Operation 258 [1/1] (3.25ns)   --->   "%store_ln114 = store i32 0, i10 %O_tile_1_addr_12" [/home/siyenga7/FPGA/attention_int8.cpp:114]   --->   Operation 258 'store' 'store_ln114' <Predicate = true> <Delay = 3.25> <CoreInst = "RAM">   --->   Core 82 'RAM' <Latency = 1> <II = 1> <Delay = 3.25> <Storage> <Opcode : 'load' 'store'> <Ports = 2> <Width = 32> <Depth = 1024> <RAM>
ST_7 : Operation 259 [1/1] (3.25ns)   --->   "%store_ln114 = store i32 0, i10 %O_tile_1_addr_13" [/home/siyenga7/FPGA/attention_int8.cpp:114]   --->   Operation 259 'store' 'store_ln114' <Predicate = true> <Delay = 3.25> <CoreInst = "RAM">   --->   Core 82 'RAM' <Latency = 1> <II = 1> <Delay = 3.25> <Storage> <Opcode : 'load' 'store'> <Ports = 2> <Width = 32> <Depth = 1024> <RAM>
ST_7 : Operation 260 [1/1] (3.25ns)   --->   "%store_ln114 = store i32 0, i10 %O_tile_2_addr_12" [/home/siyenga7/FPGA/attention_int8.cpp:114]   --->   Operation 260 'store' 'store_ln114' <Predicate = true> <Delay = 3.25> <CoreInst = "RAM">   --->   Core 82 'RAM' <Latency = 1> <II = 1> <Delay = 3.25> <Storage> <Opcode : 'load' 'store'> <Ports = 2> <Width = 32> <Depth = 1024> <RAM>
ST_7 : Operation 261 [1/1] (3.25ns)   --->   "%store_ln114 = store i32 0, i10 %O_tile_2_addr_13" [/home/siyenga7/FPGA/attention_int8.cpp:114]   --->   Operation 261 'store' 'store_ln114' <Predicate = true> <Delay = 3.25> <CoreInst = "RAM">   --->   Core 82 'RAM' <Latency = 1> <II = 1> <Delay = 3.25> <Storage> <Opcode : 'load' 'store'> <Ports = 2> <Width = 32> <Depth = 1024> <RAM>
ST_7 : Operation 262 [1/1] (3.25ns)   --->   "%store_ln114 = store i32 0, i10 %O_tile_3_addr_12" [/home/siyenga7/FPGA/attention_int8.cpp:114]   --->   Operation 262 'store' 'store_ln114' <Predicate = true> <Delay = 3.25> <CoreInst = "RAM">   --->   Core 82 'RAM' <Latency = 1> <II = 1> <Delay = 3.25> <Storage> <Opcode : 'load' 'store'> <Ports = 2> <Width = 32> <Depth = 1024> <RAM>
ST_7 : Operation 263 [1/1] (3.25ns)   --->   "%store_ln114 = store i32 0, i10 %O_tile_3_addr_13" [/home/siyenga7/FPGA/attention_int8.cpp:114]   --->   Operation 263 'store' 'store_ln114' <Predicate = true> <Delay = 3.25> <CoreInst = "RAM">   --->   Core 82 'RAM' <Latency = 1> <II = 1> <Delay = 3.25> <Storage> <Opcode : 'load' 'store'> <Ports = 2> <Width = 32> <Depth = 1024> <RAM>
ST_7 : Operation 264 [1/1] (3.25ns)   --->   "%store_ln114 = store i32 0, i10 %O_tile_4_addr_12" [/home/siyenga7/FPGA/attention_int8.cpp:114]   --->   Operation 264 'store' 'store_ln114' <Predicate = true> <Delay = 3.25> <CoreInst = "RAM">   --->   Core 82 'RAM' <Latency = 1> <II = 1> <Delay = 3.25> <Storage> <Opcode : 'load' 'store'> <Ports = 2> <Width = 32> <Depth = 1024> <RAM>
ST_7 : Operation 265 [1/1] (3.25ns)   --->   "%store_ln114 = store i32 0, i10 %O_tile_4_addr_13" [/home/siyenga7/FPGA/attention_int8.cpp:114]   --->   Operation 265 'store' 'store_ln114' <Predicate = true> <Delay = 3.25> <CoreInst = "RAM">   --->   Core 82 'RAM' <Latency = 1> <II = 1> <Delay = 3.25> <Storage> <Opcode : 'load' 'store'> <Ports = 2> <Width = 32> <Depth = 1024> <RAM>
ST_7 : Operation 266 [1/1] (3.25ns)   --->   "%store_ln114 = store i32 0, i10 %O_tile_5_addr_12" [/home/siyenga7/FPGA/attention_int8.cpp:114]   --->   Operation 266 'store' 'store_ln114' <Predicate = true> <Delay = 3.25> <CoreInst = "RAM">   --->   Core 82 'RAM' <Latency = 1> <II = 1> <Delay = 3.25> <Storage> <Opcode : 'load' 'store'> <Ports = 2> <Width = 32> <Depth = 1024> <RAM>
ST_7 : Operation 267 [1/1] (3.25ns)   --->   "%store_ln114 = store i32 0, i10 %O_tile_5_addr_13" [/home/siyenga7/FPGA/attention_int8.cpp:114]   --->   Operation 267 'store' 'store_ln114' <Predicate = true> <Delay = 3.25> <CoreInst = "RAM">   --->   Core 82 'RAM' <Latency = 1> <II = 1> <Delay = 3.25> <Storage> <Opcode : 'load' 'store'> <Ports = 2> <Width = 32> <Depth = 1024> <RAM>
ST_7 : Operation 268 [1/1] (3.25ns)   --->   "%store_ln114 = store i32 0, i10 %O_tile_6_addr_12" [/home/siyenga7/FPGA/attention_int8.cpp:114]   --->   Operation 268 'store' 'store_ln114' <Predicate = true> <Delay = 3.25> <CoreInst = "RAM">   --->   Core 82 'RAM' <Latency = 1> <II = 1> <Delay = 3.25> <Storage> <Opcode : 'load' 'store'> <Ports = 2> <Width = 32> <Depth = 1024> <RAM>
ST_7 : Operation 269 [1/1] (3.25ns)   --->   "%store_ln114 = store i32 0, i10 %O_tile_6_addr_13" [/home/siyenga7/FPGA/attention_int8.cpp:114]   --->   Operation 269 'store' 'store_ln114' <Predicate = true> <Delay = 3.25> <CoreInst = "RAM">   --->   Core 82 'RAM' <Latency = 1> <II = 1> <Delay = 3.25> <Storage> <Opcode : 'load' 'store'> <Ports = 2> <Width = 32> <Depth = 1024> <RAM>
ST_7 : Operation 270 [1/1] (3.25ns)   --->   "%store_ln114 = store i32 0, i10 %O_tile_7_addr_12" [/home/siyenga7/FPGA/attention_int8.cpp:114]   --->   Operation 270 'store' 'store_ln114' <Predicate = true> <Delay = 3.25> <CoreInst = "RAM">   --->   Core 82 'RAM' <Latency = 1> <II = 1> <Delay = 3.25> <Storage> <Opcode : 'load' 'store'> <Ports = 2> <Width = 32> <Depth = 1024> <RAM>
ST_7 : Operation 271 [1/1] (3.25ns)   --->   "%store_ln114 = store i32 0, i10 %O_tile_7_addr_13" [/home/siyenga7/FPGA/attention_int8.cpp:114]   --->   Operation 271 'store' 'store_ln114' <Predicate = true> <Delay = 3.25> <CoreInst = "RAM">   --->   Core 82 'RAM' <Latency = 1> <II = 1> <Delay = 3.25> <Storage> <Opcode : 'load' 'store'> <Ports = 2> <Width = 32> <Depth = 1024> <RAM>

State 8 <SV = 7> <Delay = 3.25>
ST_8 : Operation 272 [1/1] (0.00ns)   --->   "%or_ln114_13 = or i10 %tmp_s, i10 14" [/home/siyenga7/FPGA/attention_int8.cpp:114]   --->   Operation 272 'or' 'or_ln114_13' <Predicate = true> <Delay = 0.00>
ST_8 : Operation 273 [1/1] (0.00ns)   --->   "%zext_ln114_14 = zext i10 %or_ln114_13" [/home/siyenga7/FPGA/attention_int8.cpp:114]   --->   Operation 273 'zext' 'zext_ln114_14' <Predicate = true> <Delay = 0.00>
ST_8 : Operation 274 [1/1] (0.00ns)   --->   "%O_tile_addr_14 = getelementptr i32 %O_tile, i64 0, i64 %zext_ln114_14" [/home/siyenga7/FPGA/attention_int8.cpp:114]   --->   Operation 274 'getelementptr' 'O_tile_addr_14' <Predicate = true> <Delay = 0.00>
ST_8 : Operation 275 [1/1] (0.00ns)   --->   "%or_ln114_14 = or i10 %tmp_s, i10 15" [/home/siyenga7/FPGA/attention_int8.cpp:114]   --->   Operation 275 'or' 'or_ln114_14' <Predicate = true> <Delay = 0.00>
ST_8 : Operation 276 [1/1] (0.00ns)   --->   "%zext_ln114_15 = zext i10 %or_ln114_14" [/home/siyenga7/FPGA/attention_int8.cpp:114]   --->   Operation 276 'zext' 'zext_ln114_15' <Predicate = true> <Delay = 0.00>
ST_8 : Operation 277 [1/1] (0.00ns)   --->   "%O_tile_addr_15 = getelementptr i32 %O_tile, i64 0, i64 %zext_ln114_15" [/home/siyenga7/FPGA/attention_int8.cpp:114]   --->   Operation 277 'getelementptr' 'O_tile_addr_15' <Predicate = true> <Delay = 0.00>
ST_8 : Operation 278 [1/1] (0.00ns)   --->   "%O_tile_1_addr_14 = getelementptr i32 %O_tile_1, i64 0, i64 %zext_ln114_14" [/home/siyenga7/FPGA/attention_int8.cpp:114]   --->   Operation 278 'getelementptr' 'O_tile_1_addr_14' <Predicate = true> <Delay = 0.00>
ST_8 : Operation 279 [1/1] (0.00ns)   --->   "%O_tile_1_addr_15 = getelementptr i32 %O_tile_1, i64 0, i64 %zext_ln114_15" [/home/siyenga7/FPGA/attention_int8.cpp:114]   --->   Operation 279 'getelementptr' 'O_tile_1_addr_15' <Predicate = true> <Delay = 0.00>
ST_8 : Operation 280 [1/1] (0.00ns)   --->   "%O_tile_2_addr_14 = getelementptr i32 %O_tile_2, i64 0, i64 %zext_ln114_14" [/home/siyenga7/FPGA/attention_int8.cpp:114]   --->   Operation 280 'getelementptr' 'O_tile_2_addr_14' <Predicate = true> <Delay = 0.00>
ST_8 : Operation 281 [1/1] (0.00ns)   --->   "%O_tile_2_addr_15 = getelementptr i32 %O_tile_2, i64 0, i64 %zext_ln114_15" [/home/siyenga7/FPGA/attention_int8.cpp:114]   --->   Operation 281 'getelementptr' 'O_tile_2_addr_15' <Predicate = true> <Delay = 0.00>
ST_8 : Operation 282 [1/1] (0.00ns)   --->   "%O_tile_3_addr_14 = getelementptr i32 %O_tile_3, i64 0, i64 %zext_ln114_14" [/home/siyenga7/FPGA/attention_int8.cpp:114]   --->   Operation 282 'getelementptr' 'O_tile_3_addr_14' <Predicate = true> <Delay = 0.00>
ST_8 : Operation 283 [1/1] (0.00ns)   --->   "%O_tile_3_addr_15 = getelementptr i32 %O_tile_3, i64 0, i64 %zext_ln114_15" [/home/siyenga7/FPGA/attention_int8.cpp:114]   --->   Operation 283 'getelementptr' 'O_tile_3_addr_15' <Predicate = true> <Delay = 0.00>
ST_8 : Operation 284 [1/1] (0.00ns)   --->   "%O_tile_4_addr_14 = getelementptr i32 %O_tile_4, i64 0, i64 %zext_ln114_14" [/home/siyenga7/FPGA/attention_int8.cpp:114]   --->   Operation 284 'getelementptr' 'O_tile_4_addr_14' <Predicate = true> <Delay = 0.00>
ST_8 : Operation 285 [1/1] (0.00ns)   --->   "%O_tile_4_addr_15 = getelementptr i32 %O_tile_4, i64 0, i64 %zext_ln114_15" [/home/siyenga7/FPGA/attention_int8.cpp:114]   --->   Operation 285 'getelementptr' 'O_tile_4_addr_15' <Predicate = true> <Delay = 0.00>
ST_8 : Operation 286 [1/1] (0.00ns)   --->   "%O_tile_5_addr_14 = getelementptr i32 %O_tile_5, i64 0, i64 %zext_ln114_14" [/home/siyenga7/FPGA/attention_int8.cpp:114]   --->   Operation 286 'getelementptr' 'O_tile_5_addr_14' <Predicate = true> <Delay = 0.00>
ST_8 : Operation 287 [1/1] (0.00ns)   --->   "%O_tile_5_addr_15 = getelementptr i32 %O_tile_5, i64 0, i64 %zext_ln114_15" [/home/siyenga7/FPGA/attention_int8.cpp:114]   --->   Operation 287 'getelementptr' 'O_tile_5_addr_15' <Predicate = true> <Delay = 0.00>
ST_8 : Operation 288 [1/1] (0.00ns)   --->   "%O_tile_6_addr_14 = getelementptr i32 %O_tile_6, i64 0, i64 %zext_ln114_14" [/home/siyenga7/FPGA/attention_int8.cpp:114]   --->   Operation 288 'getelementptr' 'O_tile_6_addr_14' <Predicate = true> <Delay = 0.00>
ST_8 : Operation 289 [1/1] (0.00ns)   --->   "%O_tile_6_addr_15 = getelementptr i32 %O_tile_6, i64 0, i64 %zext_ln114_15" [/home/siyenga7/FPGA/attention_int8.cpp:114]   --->   Operation 289 'getelementptr' 'O_tile_6_addr_15' <Predicate = true> <Delay = 0.00>
ST_8 : Operation 290 [1/1] (0.00ns)   --->   "%O_tile_7_addr_14 = getelementptr i32 %O_tile_7, i64 0, i64 %zext_ln114_14" [/home/siyenga7/FPGA/attention_int8.cpp:114]   --->   Operation 290 'getelementptr' 'O_tile_7_addr_14' <Predicate = true> <Delay = 0.00>
ST_8 : Operation 291 [1/1] (0.00ns)   --->   "%O_tile_7_addr_15 = getelementptr i32 %O_tile_7, i64 0, i64 %zext_ln114_15" [/home/siyenga7/FPGA/attention_int8.cpp:114]   --->   Operation 291 'getelementptr' 'O_tile_7_addr_15' <Predicate = true> <Delay = 0.00>
ST_8 : Operation 292 [1/1] (0.00ns)   --->   "%specpipeline_ln109 = specpipeline void @_ssdm_op_SpecPipeline, i32 1, i32 0, i32 0, i32 0, void @empty_21" [/home/siyenga7/FPGA/attention_int8.cpp:109]   --->   Operation 292 'specpipeline' 'specpipeline_ln109' <Predicate = true> <Delay = 0.00>
ST_8 : Operation 293 [1/1] (0.00ns)   --->   "%speclooptripcount_ln108 = speclooptripcount void @_ssdm_op_SpecLoopTripCount, i64 64, i64 64, i64 64" [/home/siyenga7/FPGA/attention_int8.cpp:108]   --->   Operation 293 'speclooptripcount' 'speclooptripcount_ln108' <Predicate = true> <Delay = 0.00>
ST_8 : Operation 294 [1/1] (0.00ns)   --->   "%specloopname_ln108 = specloopname void @_ssdm_op_SpecLoopName, void @empty_14" [/home/siyenga7/FPGA/attention_int8.cpp:108]   --->   Operation 294 'specloopname' 'specloopname_ln108' <Predicate = true> <Delay = 0.00>
ST_8 : Operation 295 [1/1] (3.25ns)   --->   "%store_ln114 = store i32 0, i10 %O_tile_addr_14" [/home/siyenga7/FPGA/attention_int8.cpp:114]   --->   Operation 295 'store' 'store_ln114' <Predicate = true> <Delay = 3.25> <CoreInst = "RAM">   --->   Core 82 'RAM' <Latency = 1> <II = 1> <Delay = 3.25> <Storage> <Opcode : 'load' 'store'> <Ports = 2> <Width = 32> <Depth = 1024> <RAM>
ST_8 : Operation 296 [1/1] (3.25ns)   --->   "%store_ln114 = store i32 0, i10 %O_tile_addr_15" [/home/siyenga7/FPGA/attention_int8.cpp:114]   --->   Operation 296 'store' 'store_ln114' <Predicate = true> <Delay = 3.25> <CoreInst = "RAM">   --->   Core 82 'RAM' <Latency = 1> <II = 1> <Delay = 3.25> <Storage> <Opcode : 'load' 'store'> <Ports = 2> <Width = 32> <Depth = 1024> <RAM>
ST_8 : Operation 297 [1/1] (3.25ns)   --->   "%store_ln114 = store i32 0, i10 %O_tile_1_addr_14" [/home/siyenga7/FPGA/attention_int8.cpp:114]   --->   Operation 297 'store' 'store_ln114' <Predicate = true> <Delay = 3.25> <CoreInst = "RAM">   --->   Core 82 'RAM' <Latency = 1> <II = 1> <Delay = 3.25> <Storage> <Opcode : 'load' 'store'> <Ports = 2> <Width = 32> <Depth = 1024> <RAM>
ST_8 : Operation 298 [1/1] (3.25ns)   --->   "%store_ln114 = store i32 0, i10 %O_tile_1_addr_15" [/home/siyenga7/FPGA/attention_int8.cpp:114]   --->   Operation 298 'store' 'store_ln114' <Predicate = true> <Delay = 3.25> <CoreInst = "RAM">   --->   Core 82 'RAM' <Latency = 1> <II = 1> <Delay = 3.25> <Storage> <Opcode : 'load' 'store'> <Ports = 2> <Width = 32> <Depth = 1024> <RAM>
ST_8 : Operation 299 [1/1] (3.25ns)   --->   "%store_ln114 = store i32 0, i10 %O_tile_2_addr_14" [/home/siyenga7/FPGA/attention_int8.cpp:114]   --->   Operation 299 'store' 'store_ln114' <Predicate = true> <Delay = 3.25> <CoreInst = "RAM">   --->   Core 82 'RAM' <Latency = 1> <II = 1> <Delay = 3.25> <Storage> <Opcode : 'load' 'store'> <Ports = 2> <Width = 32> <Depth = 1024> <RAM>
ST_8 : Operation 300 [1/1] (3.25ns)   --->   "%store_ln114 = store i32 0, i10 %O_tile_2_addr_15" [/home/siyenga7/FPGA/attention_int8.cpp:114]   --->   Operation 300 'store' 'store_ln114' <Predicate = true> <Delay = 3.25> <CoreInst = "RAM">   --->   Core 82 'RAM' <Latency = 1> <II = 1> <Delay = 3.25> <Storage> <Opcode : 'load' 'store'> <Ports = 2> <Width = 32> <Depth = 1024> <RAM>
ST_8 : Operation 301 [1/1] (3.25ns)   --->   "%store_ln114 = store i32 0, i10 %O_tile_3_addr_14" [/home/siyenga7/FPGA/attention_int8.cpp:114]   --->   Operation 301 'store' 'store_ln114' <Predicate = true> <Delay = 3.25> <CoreInst = "RAM">   --->   Core 82 'RAM' <Latency = 1> <II = 1> <Delay = 3.25> <Storage> <Opcode : 'load' 'store'> <Ports = 2> <Width = 32> <Depth = 1024> <RAM>
ST_8 : Operation 302 [1/1] (3.25ns)   --->   "%store_ln114 = store i32 0, i10 %O_tile_3_addr_15" [/home/siyenga7/FPGA/attention_int8.cpp:114]   --->   Operation 302 'store' 'store_ln114' <Predicate = true> <Delay = 3.25> <CoreInst = "RAM">   --->   Core 82 'RAM' <Latency = 1> <II = 1> <Delay = 3.25> <Storage> <Opcode : 'load' 'store'> <Ports = 2> <Width = 32> <Depth = 1024> <RAM>
ST_8 : Operation 303 [1/1] (3.25ns)   --->   "%store_ln114 = store i32 0, i10 %O_tile_4_addr_14" [/home/siyenga7/FPGA/attention_int8.cpp:114]   --->   Operation 303 'store' 'store_ln114' <Predicate = true> <Delay = 3.25> <CoreInst = "RAM">   --->   Core 82 'RAM' <Latency = 1> <II = 1> <Delay = 3.25> <Storage> <Opcode : 'load' 'store'> <Ports = 2> <Width = 32> <Depth = 1024> <RAM>
ST_8 : Operation 304 [1/1] (3.25ns)   --->   "%store_ln114 = store i32 0, i10 %O_tile_4_addr_15" [/home/siyenga7/FPGA/attention_int8.cpp:114]   --->   Operation 304 'store' 'store_ln114' <Predicate = true> <Delay = 3.25> <CoreInst = "RAM">   --->   Core 82 'RAM' <Latency = 1> <II = 1> <Delay = 3.25> <Storage> <Opcode : 'load' 'store'> <Ports = 2> <Width = 32> <Depth = 1024> <RAM>
ST_8 : Operation 305 [1/1] (3.25ns)   --->   "%store_ln114 = store i32 0, i10 %O_tile_5_addr_14" [/home/siyenga7/FPGA/attention_int8.cpp:114]   --->   Operation 305 'store' 'store_ln114' <Predicate = true> <Delay = 3.25> <CoreInst = "RAM">   --->   Core 82 'RAM' <Latency = 1> <II = 1> <Delay = 3.25> <Storage> <Opcode : 'load' 'store'> <Ports = 2> <Width = 32> <Depth = 1024> <RAM>
ST_8 : Operation 306 [1/1] (3.25ns)   --->   "%store_ln114 = store i32 0, i10 %O_tile_5_addr_15" [/home/siyenga7/FPGA/attention_int8.cpp:114]   --->   Operation 306 'store' 'store_ln114' <Predicate = true> <Delay = 3.25> <CoreInst = "RAM">   --->   Core 82 'RAM' <Latency = 1> <II = 1> <Delay = 3.25> <Storage> <Opcode : 'load' 'store'> <Ports = 2> <Width = 32> <Depth = 1024> <RAM>
ST_8 : Operation 307 [1/1] (3.25ns)   --->   "%store_ln114 = store i32 0, i10 %O_tile_6_addr_14" [/home/siyenga7/FPGA/attention_int8.cpp:114]   --->   Operation 307 'store' 'store_ln114' <Predicate = true> <Delay = 3.25> <CoreInst = "RAM">   --->   Core 82 'RAM' <Latency = 1> <II = 1> <Delay = 3.25> <Storage> <Opcode : 'load' 'store'> <Ports = 2> <Width = 32> <Depth = 1024> <RAM>
ST_8 : Operation 308 [1/1] (3.25ns)   --->   "%store_ln114 = store i32 0, i10 %O_tile_6_addr_15" [/home/siyenga7/FPGA/attention_int8.cpp:114]   --->   Operation 308 'store' 'store_ln114' <Predicate = true> <Delay = 3.25> <CoreInst = "RAM">   --->   Core 82 'RAM' <Latency = 1> <II = 1> <Delay = 3.25> <Storage> <Opcode : 'load' 'store'> <Ports = 2> <Width = 32> <Depth = 1024> <RAM>
ST_8 : Operation 309 [1/1] (3.25ns)   --->   "%store_ln114 = store i32 0, i10 %O_tile_7_addr_14" [/home/siyenga7/FPGA/attention_int8.cpp:114]   --->   Operation 309 'store' 'store_ln114' <Predicate = true> <Delay = 3.25> <CoreInst = "RAM">   --->   Core 82 'RAM' <Latency = 1> <II = 1> <Delay = 3.25> <Storage> <Opcode : 'load' 'store'> <Ports = 2> <Width = 32> <Depth = 1024> <RAM>
ST_8 : Operation 310 [1/1] (3.25ns)   --->   "%store_ln114 = store i32 0, i10 %O_tile_7_addr_15" [/home/siyenga7/FPGA/attention_int8.cpp:114]   --->   Operation 310 'store' 'store_ln114' <Predicate = true> <Delay = 3.25> <CoreInst = "RAM">   --->   Core 82 'RAM' <Latency = 1> <II = 1> <Delay = 3.25> <Storage> <Opcode : 'load' 'store'> <Ports = 2> <Width = 32> <Depth = 1024> <RAM>
ST_8 : Operation 311 [1/1] (0.00ns)   --->   "%br_ln108 = br void %VITIS_LOOP_112_6" [/home/siyenga7/FPGA/attention_int8.cpp:108]   --->   Operation 311 'br' 'br_ln108' <Predicate = true> <Delay = 0.00>


============================================================
+ Verbose Summary: Timing violations
============================================================
Target clock period: 10.000ns, clock uncertainty: 2.700ns.

 <State 1>: 6.898ns
The critical path consists of the following:
	'store' operation 0 bit ('store_ln108', /home/siyenga7/FPGA/attention_int8.cpp:108) of constant 0 on local variable 'i', /home/siyenga7/FPGA/attention_int8.cpp:108 [10]  (1.610 ns)
	'load' operation 7 bit ('i', /home/siyenga7/FPGA/attention_int8.cpp:108) on local variable 'i', /home/siyenga7/FPGA/attention_int8.cpp:108 [13]  (0.000 ns)
	'icmp' operation 1 bit ('icmp_ln108', /home/siyenga7/FPGA/attention_int8.cpp:108) [15]  (2.030 ns)
	'store' operation 0 bit ('store_ln114', /home/siyenga7/FPGA/attention_int8.cpp:114) of constant 0 on array 'O_tile' [182]  (3.257 ns)

 <State 2>: 3.257ns
The critical path consists of the following:
	'or' operation 10 bit ('or_ln114_1', /home/siyenga7/FPGA/attention_int8.cpp:114) [25]  (0.000 ns)
	'getelementptr' operation 10 bit ('O_tile_addr_2', /home/siyenga7/FPGA/attention_int8.cpp:114) [27]  (0.000 ns)
	'store' operation 0 bit ('store_ln114', /home/siyenga7/FPGA/attention_int8.cpp:114) of constant 0 on array 'O_tile' [184]  (3.257 ns)

 <State 3>: 3.257ns
The critical path consists of the following:
	'or' operation 10 bit ('or_ln114_3', /home/siyenga7/FPGA/attention_int8.cpp:114) [31]  (0.000 ns)
	'getelementptr' operation 10 bit ('O_tile_addr_4', /home/siyenga7/FPGA/attention_int8.cpp:114) [33]  (0.000 ns)
	'store' operation 0 bit ('store_ln114', /home/siyenga7/FPGA/attention_int8.cpp:114) of constant 0 on array 'O_tile' [186]  (3.257 ns)

 <State 4>: 3.257ns
The critical path consists of the following:
	'or' operation 10 bit ('or_ln114_5', /home/siyenga7/FPGA/attention_int8.cpp:114) [37]  (0.000 ns)
	'getelementptr' operation 10 bit ('O_tile_addr_6', /home/siyenga7/FPGA/attention_int8.cpp:114) [39]  (0.000 ns)
	'store' operation 0 bit ('store_ln114', /home/siyenga7/FPGA/attention_int8.cpp:114) of constant 0 on array 'O_tile' [188]  (3.257 ns)

 <State 5>: 3.257ns
The critical path consists of the following:
	'or' operation 10 bit ('or_ln114_7', /home/siyenga7/FPGA/attention_int8.cpp:114) [43]  (0.000 ns)
	'getelementptr' operation 10 bit ('O_tile_addr_8', /home/siyenga7/FPGA/attention_int8.cpp:114) [45]  (0.000 ns)
	'store' operation 0 bit ('store_ln114', /home/siyenga7/FPGA/attention_int8.cpp:114) of constant 0 on array 'O_tile' [190]  (3.257 ns)

 <State 6>: 3.257ns
The critical path consists of the following:
	'or' operation 10 bit ('or_ln114_9', /home/siyenga7/FPGA/attention_int8.cpp:114) [49]  (0.000 ns)
	'getelementptr' operation 10 bit ('O_tile_addr_10', /home/siyenga7/FPGA/attention_int8.cpp:114) [51]  (0.000 ns)
	'store' operation 0 bit ('store_ln114', /home/siyenga7/FPGA/attention_int8.cpp:114) of constant 0 on array 'O_tile' [192]  (3.257 ns)

 <State 7>: 3.257ns
The critical path consists of the following:
	'or' operation 10 bit ('or_ln114_11', /home/siyenga7/FPGA/attention_int8.cpp:114) [55]  (0.000 ns)
	'getelementptr' operation 10 bit ('O_tile_addr_12', /home/siyenga7/FPGA/attention_int8.cpp:114) [57]  (0.000 ns)
	'store' operation 0 bit ('store_ln114', /home/siyenga7/FPGA/attention_int8.cpp:114) of constant 0 on array 'O_tile' [194]  (3.257 ns)

 <State 8>: 3.257ns
The critical path consists of the following:
	'or' operation 10 bit ('or_ln114_13', /home/siyenga7/FPGA/attention_int8.cpp:114) [61]  (0.000 ns)
	'getelementptr' operation 10 bit ('O_tile_addr_14', /home/siyenga7/FPGA/attention_int8.cpp:114) [63]  (0.000 ns)
	'store' operation 0 bit ('store_ln114', /home/siyenga7/FPGA/attention_int8.cpp:114) of constant 0 on array 'O_tile' [196]  (3.257 ns)


============================================================
+ Verbose Summary: Binding
============================================================
N/A
* FSMD analyzer results:
  - Output states:
 - Input state : 
  - Chain level:
	State 1
	State 2
	State 3
	State 4
	State 5
	State 6
	State 7
	State 8


============================================================
+ Verbose Summary: Datapath Resource usage 
============================================================
N/A
