==============================================================
Vitis HLS - High-Level Synthesis from C, C++ and OpenCL v2022.1 (64-bit)
Tool Version Limit: 2022.04
Copyright 1986-2022 Xilinx, Inc. All Rights Reserved.
==============================================================
INFO: [HLS 200-1505] Using default flow_target 'vivado'
INFO: [HLS 200-435] Setting 'open_solution -flow_target vivado' configuration: config_interface -m_axi_latency=0
INFO: [HLS 200-1510] Running: set_part xc7a200t-sbg484-1 
INFO: [HLS 200-1611] Setting target device to 'xc7a200t-sbg484-1'
INFO: [HLS 200-1510] Running: create_clock -period 10 -name default 
INFO: [SYN 201-201] Setting up clock 'default' with a period of 10ns.
INFO: [HLS 200-1510] Running: csim_design -clean -ldflags -fno-lto -fno-use-linker-plugin -argv /home/siyenga7/FPGA/testvectors/int8 
INFO: [SIM 211-2] *************** CSIM start ***************
INFO: [SIM 211-4] CSIM will launch GCC as the compiler.
INFO: [SIM 211-1] CSim done with 0 errors.
INFO: [SIM 211-3] *************** CSIM finish ***************
INFO: [HLS 200-111] Finished Command csim_design CPU user time: 7.34 seconds. CPU system time: 1.07 seconds. Elapsed time: 9.38 seconds; current allocated memory: 0.500 MB.
INFO: [HLS 200-1510] Running: csynth_design 
INFO: [HLS 200-111] Finished File checks and directory preparation: CPU user time: 0 seconds. CPU system time: 0.01 seconds. Elapsed time: 0.02 seconds; current allocated memory: 454.180 MB.
INFO: [HLS 200-10] Analyzing design file 'attention_int8.cpp' ... 
INFO: [HLS 200-111] Finished Source Code Analysis and Preprocessing: CPU user time: 31.29 seconds. CPU system time: 2.27 seconds. Elapsed time: 34.56 seconds; current allocated memory: 460.867 MB.
INFO: [HLS 200-777] Using interface defaults for 'Vivado' flow target.
INFO: [HLS 214-131] Inlining function 'fast_expf(float)' into 'attention_int8_kernel' (attention_int8.cpp:170:13)
INFO: [HLS 214-131] Inlining function 'fast_expf(float)' into 'attention_int8_kernel' (attention_int8.cpp:163:47)
INFO: [HLS 214-291] Loop 'VITIS_LOOP_112_6' is marked as complete unroll implied by the pipeline pragma (attention_int8.cpp:112:35)
INFO: [HLS 214-291] Loop 'VITIS_LOOP_149_12' is marked as complete unroll implied by the pipeline pragma (attention_int8.cpp:149:44)
INFO: [HLS 214-291] Loop 'VITIS_LOOP_183_17' is marked as complete unroll implied by the pipeline pragma (attention_int8.cpp:183:44)
INFO: [HLS 214-186] Unrolling loop 'VITIS_LOOP_112_6' (attention_int8.cpp:112:35) in function 'attention_int8_kernel' completely with a factor of 64 (attention_int8.cpp:64:0)
INFO: [HLS 214-186] Unrolling loop 'VITIS_LOOP_149_12' (attention_int8.cpp:149:44) in function 'attention_int8_kernel' completely with a factor of 64 (attention_int8.cpp:64:0)
INFO: [HLS 214-186] Unrolling loop 'VITIS_LOOP_174_15' (attention_int8.cpp:174:40) in function 'attention_int8_kernel' completely with a factor of 128 (attention_int8.cpp:64:0)
INFO: [HLS 214-186] Unrolling loop 'VITIS_LOOP_183_17' (attention_int8.cpp:183:44) in function 'attention_int8_kernel' completely with a factor of 128 (attention_int8.cpp:64:0)
INFO: [HLS 214-178] Inlining function 'fp_struct<float>::fp_struct(float)' into 'int generic_cast_IEEE754<int, (ap_q_mode)6, float>(float, bool, hls::enable_if<std::numeric_limits<int>::is_signed, bool>::type)' (/wrk/ci/prod/2022.1/rdi_builds/continuous/2022_04_18_3526262/src/shared/hls/clib/hlsmath/include/FloatingPoint/hls_case_IEEE754.h:12:0)
INFO: [HLS 214-178] Inlining function 'fp_struct<float>::mantissa() const' into 'int generic_cast_IEEE754<int, (ap_q_mode)6, float>(float, bool, hls::enable_if<std::numeric_limits<int>::is_signed, bool>::type)' (/wrk/ci/prod/2022.1/rdi_builds/continuous/2022_04_18_3526262/src/shared/hls/clib/hlsmath/include/FloatingPoint/hls_case_IEEE754.h:12:0)
INFO: [HLS 214-178] Inlining function 'fp_struct<float>::expv() const' into 'int generic_cast_IEEE754<int, (ap_q_mode)6, float>(float, bool, hls::enable_if<std::numeric_limits<int>::is_signed, bool>::type)' (/wrk/ci/prod/2022.1/rdi_builds/continuous/2022_04_18_3526262/src/shared/hls/clib/hlsmath/include/FloatingPoint/hls_case_IEEE754.h:12:0)
INFO: [HLS 214-178] Inlining function 'fp_struct<float>::__signbit() const' into 'int generic_cast_IEEE754<int, (ap_q_mode)6, float>(float, bool, hls::enable_if<std::numeric_limits<int>::is_signed, bool>::type)' (/wrk/ci/prod/2022.1/rdi_builds/continuous/2022_04_18_3526262/src/shared/hls/clib/hlsmath/include/FloatingPoint/hls_case_IEEE754.h:12:0)
INFO: [HLS 214-178] Inlining function 'int generic_cast_IEEE754<int, (ap_q_mode)6, float>(float, bool, hls::enable_if<std::numeric_limits<int>::is_signed, bool>::type)' into 'int generic_cast_IEEE754<int, float>(float, bool)' (/wrk/ci/prod/2022.1/rdi_builds/continuous/2022_04_18_3526262/src/shared/hls/clib/hlsmath/include/FloatingPoint/hls_case_IEEE754.h:116:0)
INFO: [HLS 214-178] Inlining function 'int generic_cast_IEEE754<int, float>(float, bool)' into '__hls_fptosi_float_i32' (/wrk/ci/prod/2022.1/rdi_builds/continuous/2022_04_18_3526262/src/shared/hls/clib/hlsmath/src/lib_floatconversion.cpp:51:0)
INFO: [HLS 214-178] Inlining function '__hls_fptosi_float_i32' into 'attention_int8_kernel' (attention_int8.cpp:64:0)
INFO: [HLS 214-248] Applying array_partition to '_ZZL9fast_expffE3lut': Complete partitioning on dimension 1. (attention_int8.cpp:37:0)
INFO: [HLS 214-248] Applying array_partition to 'Q_tile': Complete partitioning on dimension 2. (attention_int8.cpp:91:17)
INFO: [HLS 214-248] Applying array_partition to 'O_tile': Cyclic partitioning with factor 8 on dimension 2. (attention_int8.cpp:92:19)
INFO: [HLS 214-248] Applying array_partition to 'm_state': Complete partitioning on dimension 1. (attention_int8.cpp:93:19)
INFO: [HLS 214-248] Applying array_partition to 'l_state': Complete partitioning on dimension 1. (attention_int8.cpp:94:19)
INFO: [HLS 214-248] Applying array_partition to 'K_tile': Complete partitioning on dimension 2. (attention_int8.cpp:121:21)
INFO: [HLS 214-248] Applying array_partition to 'V_tile': Cyclic partitioning with factor 8 on dimension 2. (attention_int8.cpp:122:21)
INFO: [HLS 214-248] Applying array_partition to 'scores': Cyclic partitioning with factor 8 on dimension 2. (attention_int8.cpp:138:23)
INFO: [HLS 214-248] Applying array_partition to 'row_max': Complete partitioning on dimension 1. (attention_int8.cpp:139:23)
INFO: [HLS 214-248] Applying array_partition to 'P_row': Complete partitioning on dimension 1. (attention_int8.cpp:165:27)
INFO: [HLS 214-241] Aggregating maxi variable 'O_out' with compact=none mode in 16-bits
INFO: [HLS 214-241] Aggregating maxi variable 'V_in' with compact=none mode in 8-bits
INFO: [HLS 214-241] Aggregating maxi variable 'K_in' with compact=none mode in 8-bits
INFO: [HLS 214-241] Aggregating maxi variable 'Q_in' with compact=none mode in 8-bits
INFO: [HLS 214-115] Multiple burst writes of length 8192 and bit width 16 in loop 'VITIS_LOOP_89_2'(attention_int8.cpp:89:26) has been inferred on bundle 'gmem3'. These burst requests might be further partitioned into multiple requests during RTL generation, based on max_read_burst_length or max_write_burst_length settings. (attention_int8.cpp:89:26)
INFO: [HLS 214-115] Multiple burst reads of length 512 and bit width 8 in loop 'VITIS_LOOP_101_3'(attention_int8.cpp:101:20) has been inferred on bundle 'gmem0'. These burst requests might be further partitioned into multiple requests during RTL generation, based on max_read_burst_length or max_write_burst_length settings. (attention_int8.cpp:101:20)
INFO: [HLS 214-115] Multiple burst reads of length 8192 and bit width 8 in loop 'VITIS_LOOP_130_8'(attention_int8.cpp:130:20) has been inferred on bundle 'gmem1'. These burst requests might be further partitioned into multiple requests during RTL generation, based on max_read_burst_length or max_write_burst_length settings. (attention_int8.cpp:130:20)
INFO: [HLS 214-115] Multiple burst reads of length 8192 and bit width 8 in loop 'VITIS_LOOP_130_8'(attention_int8.cpp:130:20) has been inferred on bundle 'gmem2'. These burst requests might be further partitioned into multiple requests during RTL generation, based on max_read_burst_length or max_write_burst_length settings. (attention_int8.cpp:130:20)
INFO: [HLS 200-111] Finished Compiling Optimization and Transform: CPU user time: 9.46 seconds. CPU system time: 1.14 seconds. Elapsed time: 11.27 seconds; current allocated memory: 461.133 MB.
INFO: [HLS 200-111] Finished Checking Pragmas: CPU user time: 0 seconds. CPU system time: 0 seconds. Elapsed time: 0.01 seconds; current allocated memory: 461.133 MB.
INFO: [HLS 200-10] Starting code transformations ...
INFO: [HLS 200-111] Finished Standard Transforms: CPU user time: 1.29 seconds. CPU system time: 0.04 seconds. Elapsed time: 1.41 seconds; current allocated memory: 496.238 MB.
INFO: [HLS 200-10] Checking synthesizability ...
INFO: [HLS 200-111] Finished Checking Synthesizability: CPU user time: 0.96 seconds. CPU system time: 0.03 seconds. Elapsed time: 1.03 seconds; current allocated memory: 531.352 MB.
INFO: [XFORM 203-401] Performing if-conversion on hyperblock from (attention_int8.cpp:176:8) to (attention_int8.cpp:180:40) in function 'attention_int8_kernel'... converting 9 basic blocks.
INFO: [XFORM 203-401] Performing if-conversion on hyperblock from (attention_int8.cpp:189:32) to (attention_int8.cpp:161:36) in function 'attention_int8_kernel'... converting 9 basic blocks.
INFO: [XFORM 203-11] Balancing expressions in function 'attention_int8_kernel' (attention_int8.cpp:32:40)...74 expression(s) balanced.
INFO: [HLS 200-111] Finished Loop, function and other optimizations: CPU user time: 4.31 seconds. CPU system time: 0.07 seconds. Elapsed time: 4.46 seconds; current allocated memory: 606.574 MB.
INFO: [XFORM 203-541] Flattening a loop nest 'VITIS_LOOP_101_3' (attention_int8.cpp:101:29) in function 'attention_int8_kernel'.
INFO: [XFORM 203-541] Flattening a loop nest 'VITIS_LOOP_130_8' (attention_int8.cpp:130:29) in function 'attention_int8_kernel'.
WARNING: [HLS 200-960] Cannot flatten loop 'VITIS_LOOP_144_10' (attention_int8.cpp:139:23) in function 'attention_int8_kernel' the outer loop is not a perfect loop because there is nontrivial logic before entering the inner loop.
WARNING: [HLS 200-960] Cannot flatten loop 'VITIS_LOOP_161_13' (attention_int8.cpp:93:19) in function 'attention_int8_kernel' more than one sub loop.
INFO: [XFORM 203-541] Flattening a loop nest 'VITIS_LOOP_193_18' (attention_int8.cpp:193:41) in function 'attention_int8_kernel'.
WARNING: [HLS 200-960] Cannot flatten loop 'VITIS_LOOP_89_2' (attention_int8.cpp:91:13) in function 'attention_int8_kernel' more than one sub loop.
INFO: [HLS 200-472] Inferring partial write operation for 'Q_tile.V' (attention_int8.cpp:104:15)
INFO: [HLS 200-472] Inferring partial write operation for 'O_tile' (attention_int8.cpp:114:15)
INFO: [HLS 200-472] Inferring partial write operation for 'K_tile.V' (attention_int8.cpp:133:15)
INFO: [HLS 200-472] Inferring partial write operation for 'V_tile.V' (attention_int8.cpp:134:38)
INFO: [HLS 200-472] Inferring partial write operation for 'scores' (attention_int8.cpp:155:38)
INFO: [HLS 200-472] Inferring partial write operation for 'O_tile' (attention_int8.cpp:187:38)
INFO: [HLS 200-111] Finished Architecture Synthesis: CPU user time: 3.35 seconds. CPU system time: 0.06 seconds. Elapsed time: 3.52 seconds; current allocated memory: 705.227 MB.
INFO: [HLS 200-10] Starting hardware synthesis ...
INFO: [HLS 200-10] Synthesizing 'attention_int8_kernel' ...
INFO: [HLS 200-10] ----------------------------------------------------------------
INFO: [HLS 200-42] -- Implementing module 'attention_int8_kernel_Pipeline_VITIS_LOOP_101_3_VITIS_LOOP_102_4' 
INFO: [HLS 200-10] ----------------------------------------------------------------
INFO: [SCHED 204-11] Starting scheduling ...
INFO: [SCHED 204-61] Pipelining loop 'VITIS_LOOP_101_3_VITIS_LOOP_102_4'.
INFO: [HLS 200-1470] Pipelining result : Target II = 1, Final II = 1, Depth = 3, loop 'VITIS_LOOP_101_3_VITIS_LOOP_102_4'
INFO: [SCHED 204-11] Finished scheduling.
INFO: [HLS 200-111] Finished Scheduling: CPU user time: 0.59 seconds. CPU system time: 0.08 seconds. Elapsed time: 0.73 seconds; current allocated memory: 710.379 MB.
INFO: [BIND 205-100] Starting micro-architecture generation ...
INFO: [BIND 205-101] Performing variable lifetime analysis.
INFO: [BIND 205-101] Exploring resource sharing.
INFO: [BIND 205-101] Binding ...
INFO: [BIND 205-100] Finished micro-architecture generation.
INFO: [HLS 200-111] Finished Binding: CPU user time: 0.08 seconds. CPU system time: 0.01 seconds. Elapsed time: 0.11 seconds; current allocated memory: 710.379 MB.
INFO: [HLS 200-10] ----------------------------------------------------------------
INFO: [HLS 200-42] -- Implementing module 'attention_int8_kernel_Pipeline_VITIS_LOOP_108_5' 
INFO: [HLS 200-10] ----------------------------------------------------------------
INFO: [SCHED 204-11] Starting scheduling ...
INFO: [SCHED 204-61] Pipelining loop 'VITIS_LOOP_108_5'.
WARNING: [HLS 200-885] The II Violation in module 'attention_int8_kernel_Pipeline_VITIS_LOOP_108_5' (loop 'VITIS_LOOP_108_5'): Unable to schedule 'store' operation ('O_tile_addr_1_write_ln114', attention_int8.cpp:114) of constant 0 on array 'O_tile' due to limited memory ports (II = 1). Please consider using a memory core with more ports or partitioning the array 'O_tile'.
WARNING: [HLS 200-885] The II Violation in module 'attention_int8_kernel_Pipeline_VITIS_LOOP_108_5' (loop 'VITIS_LOOP_108_5'): Unable to schedule 'store' operation ('O_tile_addr_3_write_ln114', attention_int8.cpp:114) of constant 0 on array 'O_tile' due to limited memory ports (II = 2). Please consider using a memory core with more ports or partitioning the array 'O_tile'.
WARNING: [HLS 200-885] The II Violation in module 'attention_int8_kernel_Pipeline_VITIS_LOOP_108_5' (loop 'VITIS_LOOP_108_5'): Unable to schedule 'store' operation ('O_tile_addr_5_write_ln114', attention_int8.cpp:114) of constant 0 on array 'O_tile' due to limited memory ports (II = 3). Please consider using a memory core with more ports or partitioning the array 'O_tile'.
INFO: [HLS 200-1470] Pipelining result : Target II = 1, Final II = 4, Depth = 4, loop 'VITIS_LOOP_108_5'
INFO: [SCHED 204-11] Finished scheduling.
INFO: [HLS 200-111] Finished Scheduling: CPU user time: 0.22 seconds. CPU system time: 0 seconds. Elapsed time: 0.28 seconds; current allocated memory: 711.262 MB.
INFO: [BIND 205-100] Starting micro-architecture generation ...
INFO: [BIND 205-101] Performing variable lifetime analysis.
INFO: [BIND 205-101] Exploring resource sharing.
INFO: [BIND 205-101] Binding ...
INFO: [BIND 205-100] Finished micro-architecture generation.
INFO: [HLS 200-111] Finished Binding: CPU user time: 0.07 seconds. CPU system time: 0.01 seconds. Elapsed time: 0.11 seconds; current allocated memory: 711.262 MB.
INFO: [HLS 200-10] ----------------------------------------------------------------
INFO: [HLS 200-42] -- Implementing module 'attention_int8_kernel_Pipeline_VITIS_LOOP_130_8_VITIS_LOOP_131_9' 
INFO: [HLS 200-10] ----------------------------------------------------------------
INFO: [SCHED 204-11] Starting scheduling ...
INFO: [HLS 200-1457] Automatically inferring inferring RAM_1WNR storage type for array 'V_tile_V_7'. Use bind_storage pragma to override this type.
INFO: [HLS 200-1457] Automatically inferring inferring RAM_1WNR storage type for array 'V_tile_V'. Use bind_storage pragma to override this type.
INFO: [HLS 200-1457] Automatically inferring inferring RAM_1WNR storage type for array 'V_tile_V_1'. Use bind_storage pragma to override this type.
INFO: [HLS 200-1457] Automatically inferring inferring RAM_1WNR storage type for array 'V_tile_V_2'. Use bind_storage pragma to override this type.
INFO: [HLS 200-1457] Automatically inferring inferring RAM_1WNR storage type for array 'V_tile_V_3'. Use bind_storage pragma to override this type.
INFO: [HLS 200-1457] Automatically inferring inferring RAM_1WNR storage type for array 'V_tile_V_4'. Use bind_storage pragma to override this type.
INFO: [HLS 200-1457] Automatically inferring inferring RAM_1WNR storage type for array 'V_tile_V_5'. Use bind_storage pragma to override this type.
INFO: [HLS 200-1457] Automatically inferring inferring RAM_1WNR storage type for array 'V_tile_V_6'. Use bind_storage pragma to override this type.
INFO: [SCHED 204-61] Pipelining loop 'VITIS_LOOP_130_8_VITIS_LOOP_131_9'.
INFO: [HLS 200-1470] Pipelining result : Target II = 1, Final II = 1, Depth = 3, loop 'VITIS_LOOP_130_8_VITIS_LOOP_131_9'
INFO: [SCHED 204-11] Finished scheduling.
INFO: [HLS 200-111] Finished Scheduling: CPU user time: 0.26 seconds. CPU system time: 0.01 seconds. Elapsed time: 0.35 seconds; current allocated memory: 714.969 MB.
INFO: [BIND 205-100] Starting micro-architecture generation ...
INFO: [BIND 205-101] Performing variable lifetime analysis.
INFO: [BIND 205-101] Exploring resource sharing.
INFO: [BIND 205-101] Binding ...
INFO: [BIND 205-100] Finished micro-architecture generation.
INFO: [HLS 200-111] Finished Binding: CPU user time: 0.1 seconds. CPU system time: 0 seconds. Elapsed time: 0.17 seconds; current allocated memory: 714.969 MB.
INFO: [HLS 200-10] ----------------------------------------------------------------
INFO: [HLS 200-42] -- Implementing module 'attention_int8_kernel_Pipeline_VITIS_LOOP_146_11' 
INFO: [HLS 200-10] ----------------------------------------------------------------
INFO: [SCHED 204-11] Starting scheduling ...
INFO: [HLS 200-486] Changing DSP latency (root=mul_ln886_62) to 3 in order to utilize available DSP registers.
INFO: [HLS 200-486] Changing DSP latency (root=mul_ln886_60) to 3 in order to utilize available DSP registers.
INFO: [HLS 200-486] Changing DSP latency (root=mul_ln886_58) to 3 in order to utilize available DSP registers.
INFO: [HLS 200-486] Changing DSP latency (root=mul_ln886_56) to 3 in order to utilize available DSP registers.
INFO: [HLS 200-486] Changing DSP latency (root=mul_ln886_54) to 3 in order to utilize available DSP registers.
INFO: [HLS 200-486] Changing DSP latency (root=mul_ln886_52) to 3 in order to utilize available DSP registers.
INFO: [HLS 200-486] Changing DSP latency (root=mul_ln886_50) to 3 in order to utilize available DSP registers.
INFO: [HLS 200-486] Changing DSP latency (root=mul_ln886_48) to 3 in order to utilize available DSP registers.
INFO: [HLS 200-486] Changing DSP latency (root=mul_ln886_46) to 3 in order to utilize available DSP registers.
INFO: [HLS 200-486] Changing DSP latency (root=mul_ln886_44) to 3 in order to utilize available DSP registers.
INFO: [HLS 200-486] Changing DSP latency (root=mul_ln886_42) to 3 in order to utilize available DSP registers.
INFO: [HLS 200-486] Changing DSP latency (root=mul_ln886_40) to 3 in order to utilize available DSP registers.
INFO: [HLS 200-486] Changing DSP latency (root=mul_ln886_38) to 3 in order to utilize available DSP registers.
INFO: [HLS 200-486] Changing DSP latency (root=mul_ln886_36) to 3 in order to utilize available DSP registers.
INFO: [HLS 200-486] Changing DSP latency (root=mul_ln886_34) to 3 in order to utilize available DSP registers.
INFO: [HLS 200-486] Changing DSP latency (root=mul_ln886_32) to 3 in order to utilize available DSP registers.
INFO: [HLS 200-486] Changing DSP latency (root=mul_ln886_30) to 3 in order to utilize available DSP registers.
INFO: [HLS 200-486] Changing DSP latency (root=mul_ln886_28) to 3 in order to utilize available DSP registers.
INFO: [HLS 200-486] Changing DSP latency (root=mul_ln886_26) to 3 in order to utilize available DSP registers.
INFO: [HLS 200-486] Changing DSP latency (root=mul_ln886_24) to 3 in order to utilize available DSP registers.
INFO: [HLS 200-486] Changing DSP latency (root=mul_ln886_22) to 3 in order to utilize available DSP registers.
INFO: [HLS 200-486] Changing DSP latency (root=mul_ln886_20) to 3 in order to utilize available DSP registers.
INFO: [HLS 200-486] Changing DSP latency (root=mul_ln886_18) to 3 in order to utilize available DSP registers.
INFO: [HLS 200-486] Changing DSP latency (root=mul_ln886_16) to 3 in order to utilize available DSP registers.
INFO: [HLS 200-486] Changing DSP latency (root=mul_ln886_14) to 3 in order to utilize available DSP registers.
INFO: [HLS 200-486] Changing DSP latency (root=mul_ln886_12) to 3 in order to utilize available DSP registers.
INFO: [HLS 200-486] Changing DSP latency (root=mul_ln886_10) to 3 in order to utilize available DSP registers.
INFO: [HLS 200-486] Changing DSP latency (root=mul_ln886_8) to 3 in order to utilize available DSP registers.
INFO: [HLS 200-486] Changing DSP latency (root=mul_ln886_6) to 3 in order to utilize available DSP registers.
INFO: [HLS 200-486] Changing DSP latency (root=mul_ln886_4) to 3 in order to utilize available DSP registers.
INFO: [HLS 200-486] Changing DSP latency (root=mul_ln886_2) to 3 in order to utilize available DSP registers.
INFO: [HLS 200-486] Changing DSP latency (root=acc_V) to 3 in order to utilize available DSP registers.
INFO: [SCHED 204-61] Pipelining loop 'VITIS_LOOP_146_11'.
INFO: [HLS 200-1470] Pipelining result : Target II = 1, Final II = 1, Depth = 18, loop 'VITIS_LOOP_146_11'
WARNING: [HLS 200-871] Estimated clock period (8.479ns) exceeds the target (target clock period: 10ns, clock uncertainty: 2.7ns, effective delay budget: 7.3ns).
WARNING: [HLS 200-1016] The critical path in module 'attention_int8_kernel_Pipeline_VITIS_LOOP_146_11' consists of the following:	'fcmp' operation ('tmp_140', attention_int8.cpp:156) [791]  (5.09 ns)
	'and' operation ('and_ln156_1', attention_int8.cpp:156) [793]  (0.978 ns)
	'select' operation ('rmax', attention_int8.cpp:156) [794]  (0.796 ns)
	'store' operation ('rmax_write_ln146', attention_int8.cpp:146) of variable 'rmax', attention_int8.cpp:156 on local variable 'rmax' [796]  (1.61 ns)

INFO: [SCHED 204-11] Finished scheduling.
INFO: [HLS 200-111] Finished Scheduling: CPU user time: 0.88 seconds. CPU system time: 0.01 seconds. Elapsed time: 1.14 seconds; current allocated memory: 718.102 MB.
INFO: [BIND 205-100] Starting micro-architecture generation ...
INFO: [BIND 205-101] Performing variable lifetime analysis.
INFO: [BIND 205-101] Exploring resource sharing.
INFO: [BIND 205-101] Binding ...
INFO: [BIND 205-100] Finished micro-architecture generation.
INFO: [HLS 200-111] Finished Binding: CPU user time: 0.42 seconds. CPU system time: 0.01 seconds. Elapsed time: 0.5 seconds; current allocated memory: 718.102 MB.
INFO: [HLS 200-10] ----------------------------------------------------------------
INFO: [HLS 200-42] -- Implementing module 'attention_int8_kernel_Pipeline_VITIS_LOOP_168_14' 
INFO: [HLS 200-10] ----------------------------------------------------------------
INFO: [SCHED 204-11] Starting scheduling ...
INFO: [SCHED 204-61] Pipelining loop 'VITIS_LOOP_168_14'.
INFO: [HLS 200-1470] Pipelining result : Target II = 1, Final II = 1, Depth = 62, loop 'VITIS_LOOP_168_14'
INFO: [SCHED 204-11] Finished scheduling.
INFO: [HLS 200-111] Finished Scheduling: CPU user time: 0.95 seconds. CPU system time: 0.01 seconds. Elapsed time: 1.03 seconds; current allocated memory: 724.359 MB.
INFO: [BIND 205-100] Starting micro-architecture generation ...
INFO: [BIND 205-101] Performing variable lifetime analysis.
INFO: [BIND 205-101] Exploring resource sharing.
INFO: [BIND 205-101] Binding ...
INFO: [BIND 205-100] Finished micro-architecture generation.
INFO: [HLS 200-111] Finished Binding: CPU user time: 0.46 seconds. CPU system time: 0.01 seconds. Elapsed time: 0.52 seconds; current allocated memory: 739.148 MB.
INFO: [HLS 200-10] ----------------------------------------------------------------
INFO: [HLS 200-42] -- Implementing module 'attention_int8_kernel_Pipeline_VITIS_LOOP_180_16' 
INFO: [HLS 200-10] ----------------------------------------------------------------
INFO: [SCHED 204-11] Starting scheduling ...
INFO: [HLS 200-1457] Automatically inferring inferring RAM_1WNR storage type for array 'V_tile_V_7'. Use bind_storage pragma to override this type.
INFO: [HLS 200-1457] Automatically inferring inferring RAM_1WNR storage type for array 'V_tile_V_6'. Use bind_storage pragma to override this type.
INFO: [HLS 200-1457] Automatically inferring inferring RAM_1WNR storage type for array 'V_tile_V_5'. Use bind_storage pragma to override this type.
INFO: [HLS 200-1457] Automatically inferring inferring RAM_1WNR storage type for array 'V_tile_V_4'. Use bind_storage pragma to override this type.
INFO: [HLS 200-1457] Automatically inferring inferring RAM_1WNR storage type for array 'V_tile_V_3'. Use bind_storage pragma to override this type.
INFO: [HLS 200-1457] Automatically inferring inferring RAM_1WNR storage type for array 'V_tile_V_2'. Use bind_storage pragma to override this type.
INFO: [HLS 200-1457] Automatically inferring inferring RAM_1WNR storage type for array 'V_tile_V_1'. Use bind_storage pragma to override this type.
INFO: [HLS 200-1457] Automatically inferring inferring RAM_1WNR storage type for array 'V_tile_V'. Use bind_storage pragma to override this type.
INFO: [SCHED 204-61] Pipelining loop 'VITIS_LOOP_180_16'.
WARNING: [HLS 200-880] The II Violation in module 'attention_int8_kernel_Pipeline_VITIS_LOOP_180_16' (loop 'VITIS_LOOP_180_16'): Unable to enforce a carried dependence constraint (II = 1, distance = 1, offset = 1) between 'store' operation ('O_tile_addr_write_ln187', attention_int8.cpp:187) of variable 'add', attention_int8.cpp:187 on array 'O_tile' and 'load' operation ('O_tile_load', attention_int8.cpp:187) on array 'O_tile'.
WARNING: [HLS 200-880] The II Violation in module 'attention_int8_kernel_Pipeline_VITIS_LOOP_180_16' (loop 'VITIS_LOOP_180_16'): Unable to enforce a carried dependence constraint (II = 2, distance = 1, offset = 1) between 'store' operation ('O_tile_addr_write_ln187', attention_int8.cpp:187) of variable 'add', attention_int8.cpp:187 on array 'O_tile' and 'load' operation ('O_tile_load', attention_int8.cpp:187) on array 'O_tile'.
WARNING: [HLS 200-880] The II Violation in module 'attention_int8_kernel_Pipeline_VITIS_LOOP_180_16' (loop 'VITIS_LOOP_180_16'): Unable to enforce a carried dependence constraint (II = 3, distance = 1, offset = 1) between 'store' operation ('O_tile_addr_write_ln187', attention_int8.cpp:187) of variable 'add', attention_int8.cpp:187 on array 'O_tile' and 'load' operation ('O_tile_load', attention_int8.cpp:187) on array 'O_tile'.
WARNING: [HLS 200-880] The II Violation in module 'attention_int8_kernel_Pipeline_VITIS_LOOP_180_16' (loop 'VITIS_LOOP_180_16'): Unable to enforce a carried dependence constraint (II = 4, distance = 1, offset = 1) between 'store' operation ('O_tile_addr_write_ln187', attention_int8.cpp:187) of variable 'add', attention_int8.cpp:187 on array 'O_tile' and 'load' operation ('O_tile_load', attention_int8.cpp:187) on array 'O_tile'.
WARNING: [HLS 200-880] The II Violation in module 'attention_int8_kernel_Pipeline_VITIS_LOOP_180_16' (loop 'VITIS_LOOP_180_16'): Unable to enforce a carried dependence constraint (II = 7, distance = 1, offset = 1) between 'store' operation ('O_tile_addr_write_ln187', attention_int8.cpp:187) of variable 'add', attention_int8.cpp:187 on array 'O_tile' and 'load' operation ('O_tile_load', attention_int8.cpp:187) on array 'O_tile'.
WARNING: [HLS 200-880] The II Violation in module 'attention_int8_kernel_Pipeline_VITIS_LOOP_180_16' (loop 'VITIS_LOOP_180_16'): Unable to enforce a carried dependence constraint (II = 9, distance = 1, offset = 1) between 'store' operation ('O_tile_addr_write_ln187', attention_int8.cpp:187) of variable 'add', attention_int8.cpp:187 on array 'O_tile' and 'load' operation ('O_tile_load', attention_int8.cpp:187) on array 'O_tile'.
INFO: [HLS 200-1470] Pipelining result : Target II = 1, Final II = 10, Depth = 917, loop 'VITIS_LOOP_180_16'
WARNING: [HLS 200-871] Estimated clock period (11.321ns) exceeds the target (target clock period: 10ns, clock uncertainty: 2.7ns, effective delay budget: 7.3ns).
WARNING: [HLS 200-1016] The critical path in module 'attention_int8_kernel_Pipeline_VITIS_LOOP_180_16' consists of the following:	'fmul' operation ('mul3', attention_int8.cpp:187) [3386]  (5.78 ns)
	'fadd' operation ('add', attention_int8.cpp:187) [3387]  (5.54 ns)

INFO: [SCHED 204-11] Finished scheduling.
INFO: [HLS 200-111] Finished Scheduling: CPU user time: 35.91 seconds. CPU system time: 0.02 seconds. Elapsed time: 36.29 seconds; current allocated memory: 769.238 MB.
INFO: [BIND 205-100] Starting micro-architecture generation ...
INFO: [BIND 205-101] Performing variable lifetime analysis.
INFO: [BIND 205-101] Exploring resource sharing.
INFO: [BIND 205-101] Binding ...
INFO: [BIND 205-100] Finished micro-architecture generation.
INFO: [HLS 200-111] Finished Binding: CPU user time: 13.24 seconds. CPU system time: 0.03 seconds. Elapsed time: 13.42 seconds; current allocated memory: 770.641 MB.
INFO: [HLS 200-10] ----------------------------------------------------------------
INFO: [HLS 200-42] -- Implementing module 'attention_int8_kernel_Pipeline_VITIS_LOOP_193_18_VITIS_LOOP_195_19' 
INFO: [HLS 200-10] ----------------------------------------------------------------
INFO: [SCHED 204-11] Starting scheduling ...
INFO: [SCHED 204-61] Pipelining loop 'VITIS_LOOP_193_18_VITIS_LOOP_195_19'.
INFO: [HLS 200-1470] Pipelining result : Target II = 1, Final II = 1, Depth = 24, loop 'VITIS_LOOP_193_18_VITIS_LOOP_195_19'
INFO: [SCHED 204-11] Finished scheduling.
INFO: [HLS 200-111] Finished Scheduling: CPU user time: 4.12 seconds. CPU system time: 0.03 seconds. Elapsed time: 4.31 seconds; current allocated memory: 772.816 MB.
INFO: [BIND 205-100] Starting micro-architecture generation ...
INFO: [BIND 205-101] Performing variable lifetime analysis.
INFO: [BIND 205-101] Exploring resource sharing.
INFO: [BIND 205-101] Binding ...
INFO: [BIND 205-100] Finished micro-architecture generation.
INFO: [HLS 200-111] Finished Binding: CPU user time: 0.15 seconds. CPU system time: 0.01 seconds. Elapsed time: 0.21 seconds; current allocated memory: 772.816 MB.
INFO: [HLS 200-10] ----------------------------------------------------------------
INFO: [HLS 200-42] -- Implementing module 'attention_int8_kernel' 
INFO: [HLS 200-10] ----------------------------------------------------------------
INFO: [SCHED 204-11] Starting scheduling ...
INFO: [SCHED 204-11] Finished scheduling.
INFO: [HLS 200-111] Finished Scheduling: CPU user time: 2.09 seconds. CPU system time: 0.01 seconds. Elapsed time: 2.26 seconds; current allocated memory: 782.035 MB.
INFO: [BIND 205-100] Starting micro-architecture generation ...
INFO: [BIND 205-101] Performing variable lifetime analysis.
INFO: [BIND 205-101] Exploring resource sharing.
INFO: [BIND 205-101] Binding ...
INFO: [BIND 205-100] Starting global binding ...
INFO: [BIND 205-100] Starting global binding ...
INFO: [BIND 205-100] Starting global binding ...
INFO: [BIND 205-100] Finished micro-architecture generation.
INFO: [HLS 200-111] Finished Binding: CPU user time: 5.63 seconds. CPU system time: 0.01 seconds. Elapsed time: 5.79 seconds; current allocated memory: 788.465 MB.
INFO: [HLS 200-10] ----------------------------------------------------------------
INFO: [HLS 200-10] -- Generating RTL for module 'attention_int8_kernel_Pipeline_VITIS_LOOP_101_3_VITIS_LOOP_102_4' 
INFO: [HLS 200-10] ----------------------------------------------------------------
INFO: [HLS 200-1030] Apply Unified Pipeline Control on module 'attention_int8_kernel_Pipeline_VITIS_LOOP_101_3_VITIS_LOOP_102_4' pipeline 'VITIS_LOOP_101_3_VITIS_LOOP_102_4' pipeline type 'loop pipeline'
WARNING: [RTGEN 206-101] Setting dangling out port 'attention_int8_kernel_Pipeline_VITIS_LOOP_101_3_VITIS_LOOP_102_4/m_axi_gmem0_ARVALID' to 0.
WARNING: [RTGEN 206-101] Setting dangling out port 'attention_int8_kernel_Pipeline_VITIS_LOOP_101_3_VITIS_LOOP_102_4/m_axi_gmem0_ARADDR' to 0.
WARNING: [RTGEN 206-101] Setting dangling out port 'attention_int8_kernel_Pipeline_VITIS_LOOP_101_3_VITIS_LOOP_102_4/m_axi_gmem0_ARID' to 0.
WARNING: [RTGEN 206-101] Setting dangling out port 'attention_int8_kernel_Pipeline_VITIS_LOOP_101_3_VITIS_LOOP_102_4/m_axi_gmem0_ARLEN' to 0.
WARNING: [RTGEN 206-101] Setting dangling out port 'attention_int8_kernel_Pipeline_VITIS_LOOP_101_3_VITIS_LOOP_102_4/m_axi_gmem0_ARSIZE' to 0.
WARNING: [RTGEN 206-101] Setting dangling out port 'attention_int8_kernel_Pipeline_VITIS_LOOP_101_3_VITIS_LOOP_102_4/m_axi_gmem0_ARBURST' to 0.
WARNING: [RTGEN 206-101] Setting dangling out port 'attention_int8_kernel_Pipeline_VITIS_LOOP_101_3_VITIS_LOOP_102_4/m_axi_gmem0_ARLOCK' to 0.
WARNING: [RTGEN 206-101] Setting dangling out port 'attention_int8_kernel_Pipeline_VITIS_LOOP_101_3_VITIS_LOOP_102_4/m_axi_gmem0_ARCACHE' to 0.
WARNING: [RTGEN 206-101] Setting dangling out port 'attention_int8_kernel_Pipeline_VITIS_LOOP_101_3_VITIS_LOOP_102_4/m_axi_gmem0_ARPROT' to 0.
WARNING: [RTGEN 206-101] Setting dangling out port 'attention_int8_kernel_Pipeline_VITIS_LOOP_101_3_VITIS_LOOP_102_4/m_axi_gmem0_ARQOS' to 0.
WARNING: [RTGEN 206-101] Setting dangling out port 'attention_int8_kernel_Pipeline_VITIS_LOOP_101_3_VITIS_LOOP_102_4/m_axi_gmem0_ARREGION' to 0.
WARNING: [RTGEN 206-101] Setting dangling out port 'attention_int8_kernel_Pipeline_VITIS_LOOP_101_3_VITIS_LOOP_102_4/m_axi_gmem0_ARUSER' to 0.
INFO: [RTGEN 206-100] Finished creating RTL model for 'attention_int8_kernel_Pipeline_VITIS_LOOP_101_3_VITIS_LOOP_102_4'.
INFO: [HLS 200-111] Finished Creating RTL model: CPU user time: 4.69 seconds. CPU system time: 0.03 seconds. Elapsed time: 4.89 seconds; current allocated memory: 790.652 MB.
INFO: [HLS 200-10] ----------------------------------------------------------------
INFO: [HLS 200-10] -- Generating RTL for module 'attention_int8_kernel_Pipeline_VITIS_LOOP_108_5' 
INFO: [HLS 200-10] ----------------------------------------------------------------
INFO: [RTGEN 206-100] Finished creating RTL model for 'attention_int8_kernel_Pipeline_VITIS_LOOP_108_5'.
INFO: [HLS 200-111] Finished Creating RTL model: CPU user time: 0.24 seconds. CPU system time: 0.01 seconds. Elapsed time: 0.43 seconds; current allocated memory: 795.699 MB.
INFO: [HLS 200-10] ----------------------------------------------------------------
INFO: [HLS 200-10] -- Generating RTL for module 'attention_int8_kernel_Pipeline_VITIS_LOOP_130_8_VITIS_LOOP_131_9' 
INFO: [HLS 200-10] ----------------------------------------------------------------
INFO: [HLS 200-1030] Apply Unified Pipeline Control on module 'attention_int8_kernel_Pipeline_VITIS_LOOP_130_8_VITIS_LOOP_131_9' pipeline 'VITIS_LOOP_130_8_VITIS_LOOP_131_9' pipeline type 'loop pipeline'
WARNING: [RTGEN 206-101] Setting dangling out port 'attention_int8_kernel_Pipeline_VITIS_LOOP_130_8_VITIS_LOOP_131_9/m_axi_gmem1_ARVALID' to 0.
WARNING: [RTGEN 206-101] Setting dangling out port 'attention_int8_kernel_Pipeline_VITIS_LOOP_130_8_VITIS_LOOP_131_9/m_axi_gmem1_ARADDR' to 0.
WARNING: [RTGEN 206-101] Setting dangling out port 'attention_int8_kernel_Pipeline_VITIS_LOOP_130_8_VITIS_LOOP_131_9/m_axi_gmem1_ARID' to 0.
WARNING: [RTGEN 206-101] Setting dangling out port 'attention_int8_kernel_Pipeline_VITIS_LOOP_130_8_VITIS_LOOP_131_9/m_axi_gmem1_ARLEN' to 0.
WARNING: [RTGEN 206-101] Setting dangling out port 'attention_int8_kernel_Pipeline_VITIS_LOOP_130_8_VITIS_LOOP_131_9/m_axi_gmem1_ARSIZE' to 0.
WARNING: [RTGEN 206-101] Setting dangling out port 'attention_int8_kernel_Pipeline_VITIS_LOOP_130_8_VITIS_LOOP_131_9/m_axi_gmem1_ARBURST' to 0.
WARNING: [RTGEN 206-101] Setting dangling out port 'attention_int8_kernel_Pipeline_VITIS_LOOP_130_8_VITIS_LOOP_131_9/m_axi_gmem1_ARLOCK' to 0.
WARNING: [RTGEN 206-101] Setting dangling out port 'attention_int8_kernel_Pipeline_VITIS_LOOP_130_8_VITIS_LOOP_131_9/m_axi_gmem1_ARCACHE' to 0.
WARNING: [RTGEN 206-101] Setting dangling out port 'attention_int8_kernel_Pipeline_VITIS_LOOP_130_8_VITIS_LOOP_131_9/m_axi_gmem1_ARPROT' to 0.
WARNING: [RTGEN 206-101] Setting dangling out port 'attention_int8_kernel_Pipeline_VITIS_LOOP_130_8_VITIS_LOOP_131_9/m_axi_gmem1_ARQOS' to 0.
WARNING: [RTGEN 206-101] Setting dangling out port 'attention_int8_kernel_Pipeline_VITIS_LOOP_130_8_VITIS_LOOP_131_9/m_axi_gmem1_ARREGION' to 0.
WARNING: [RTGEN 206-101] Setting dangling out port 'attention_int8_kernel_Pipeline_VITIS_LOOP_130_8_VITIS_LOOP_131_9/m_axi_gmem1_ARUSER' to 0.
WARNING: [RTGEN 206-101] Setting dangling out port 'attention_int8_kernel_Pipeline_VITIS_LOOP_130_8_VITIS_LOOP_131_9/m_axi_gmem2_ARVALID' to 0.
WARNING: [RTGEN 206-101] Setting dangling out port 'attention_int8_kernel_Pipeline_VITIS_LOOP_130_8_VITIS_LOOP_131_9/m_axi_gmem2_ARADDR' to 0.
WARNING: [RTGEN 206-101] Setting dangling out port 'attention_int8_kernel_Pipeline_VITIS_LOOP_130_8_VITIS_LOOP_131_9/m_axi_gmem2_ARID' to 0.
WARNING: [RTGEN 206-101] Setting dangling out port 'attention_int8_kernel_Pipeline_VITIS_LOOP_130_8_VITIS_LOOP_131_9/m_axi_gmem2_ARLEN' to 0.
WARNING: [RTGEN 206-101] Setting dangling out port 'attention_int8_kernel_Pipeline_VITIS_LOOP_130_8_VITIS_LOOP_131_9/m_axi_gmem2_ARSIZE' to 0.
WARNING: [RTGEN 206-101] Setting dangling out port 'attention_int8_kernel_Pipeline_VITIS_LOOP_130_8_VITIS_LOOP_131_9/m_axi_gmem2_ARBURST' to 0.
WARNING: [RTGEN 206-101] Setting dangling out port 'attention_int8_kernel_Pipeline_VITIS_LOOP_130_8_VITIS_LOOP_131_9/m_axi_gmem2_ARLOCK' to 0.
WARNING: [RTGEN 206-101] Setting dangling out port 'attention_int8_kernel_Pipeline_VITIS_LOOP_130_8_VITIS_LOOP_131_9/m_axi_gmem2_ARCACHE' to 0.
WARNING: [RTGEN 206-101] Setting dangling out port 'attention_int8_kernel_Pipeline_VITIS_LOOP_130_8_VITIS_LOOP_131_9/m_axi_gmem2_ARPROT' to 0.
WARNING: [RTGEN 206-101] Setting dangling out port 'attention_int8_kernel_Pipeline_VITIS_LOOP_130_8_VITIS_LOOP_131_9/m_axi_gmem2_ARQOS' to 0.
WARNING: [RTGEN 206-101] Setting dangling out port 'attention_int8_kernel_Pipeline_VITIS_LOOP_130_8_VITIS_LOOP_131_9/m_axi_gmem2_ARREGION' to 0.
WARNING: [RTGEN 206-101] Setting dangling out port 'attention_int8_kernel_Pipeline_VITIS_LOOP_130_8_VITIS_LOOP_131_9/m_axi_gmem2_ARUSER' to 0.
INFO: [RTGEN 206-100] Finished creating RTL model for 'attention_int8_kernel_Pipeline_VITIS_LOOP_130_8_VITIS_LOOP_131_9'.
INFO: [HLS 200-111] Finished Creating RTL model: CPU user time: 0.28 seconds. CPU system time: 0.02 seconds. Elapsed time: 0.6 seconds; current allocated memory: 801.137 MB.
INFO: [HLS 200-10] ----------------------------------------------------------------
INFO: [HLS 200-10] -- Generating RTL for module 'attention_int8_kernel_Pipeline_VITIS_LOOP_146_11' 
INFO: [HLS 200-10] ----------------------------------------------------------------
INFO: [HLS 200-1030] Apply Unified Pipeline Control on module 'attention_int8_kernel_Pipeline_VITIS_LOOP_146_11' pipeline 'VITIS_LOOP_146_11' pipeline type 'loop pipeline'
INFO: [RTGEN 206-100] Generating core module 'fcmp_32ns_32ns_1_2_no_dsp_1': 1 instance(s).
INFO: [RTGEN 206-100] Generating core module 'fmul_32ns_32ns_32_4_max_dsp_1': 1 instance(s).
INFO: [RTGEN 206-100] Generating core module 'mac_muladd_8s_8s_16s_17_4_1': 32 instance(s).
INFO: [RTGEN 206-100] Generating core module 'mul_8s_8s_16_1_1': 32 instance(s).
INFO: [RTGEN 206-100] Generating core module 'sitofp_32s_32_6_no_dsp_1': 1 instance(s).
INFO: [RTGEN 206-100] Finished creating RTL model for 'attention_int8_kernel_Pipeline_VITIS_LOOP_146_11'.
INFO: [HLS 200-111] Finished Creating RTL model: CPU user time: 0.35 seconds. CPU system time: 0.01 seconds. Elapsed time: 0.58 seconds; current allocated memory: 810.891 MB.
INFO: [HLS 200-10] ----------------------------------------------------------------
INFO: [HLS 200-10] -- Generating RTL for module 'attention_int8_kernel_Pipeline_VITIS_LOOP_168_14' 
INFO: [HLS 200-10] ----------------------------------------------------------------
INFO: [HLS 200-1030] Apply Unified Pipeline Control on module 'attention_int8_kernel_Pipeline_VITIS_LOOP_168_14' pipeline 'VITIS_LOOP_168_14' pipeline type 'loop pipeline'
INFO: [RTGEN 206-100] Generating core module 'fadd_32ns_32ns_32_7_full_dsp_1': 1 instance(s).
INFO: [RTGEN 206-100] Generating core module 'faddfsub_32ns_32ns_32_7_full_dsp_1': 3 instance(s).
INFO: [RTGEN 206-100] Generating core module 'fcmp_32ns_32ns_1_2_no_dsp_1': 2 instance(s).
INFO: [RTGEN 206-100] Generating core module 'fdiv_32ns_32ns_32_16_no_dsp_1': 1 instance(s).
INFO: [RTGEN 206-100] Generating core module 'fmul_32ns_32ns_32_4_max_dsp_1': 2 instance(s).
INFO: [RTGEN 206-100] Generating core module 'mux_1287_32_1_1': 1 instance(s).
INFO: [RTGEN 206-100] Generating core module 'mux_6432_32_1_1': 1 instance(s).
INFO: [RTGEN 206-100] Generating core module 'mux_83_32_1_1': 1 instance(s).
INFO: [RTGEN 206-100] Generating core module 'sitofp_32ns_32_6_no_dsp_1': 1 instance(s).
INFO: [RTGEN 206-100] Finished creating RTL model for 'attention_int8_kernel_Pipeline_VITIS_LOOP_168_14'.
INFO: [HLS 200-111] Finished Creating RTL model: CPU user time: 1.47 seconds. CPU system time: 0.04 seconds. Elapsed time: 1.76 seconds; current allocated memory: 840.789 MB.
INFO: [HLS 200-10] ----------------------------------------------------------------
INFO: [HLS 200-10] -- Generating RTL for module 'attention_int8_kernel_Pipeline_VITIS_LOOP_180_16' 
INFO: [HLS 200-10] ----------------------------------------------------------------
INFO: [HLS 200-1030] Apply Unified Pipeline Control on module 'attention_int8_kernel_Pipeline_VITIS_LOOP_180_16' pipeline 'VITIS_LOOP_180_16' pipeline type 'loop pipeline'
INFO: [RTGEN 206-104] Estimated max fanout for 'attention_int8_kernel_Pipeline_VITIS_LOOP_180_16' is 31520 from HDL expression: ((1'b0 == ap_block_pp0_stage2_11001) & (1'b1 == ap_CS_fsm_pp0_stage2))
INFO: [RTGEN 206-100] Generating core module 'fadd_32ns_32ns_32_6_no_dsp_1': 1 instance(s).
INFO: [RTGEN 206-100] Generating core module 'fadd_32ns_32ns_32_7_full_dsp_1': 10 instance(s).
INFO: [RTGEN 206-100] Generating core module 'faddfsub_32ns_32ns_32_7_full_dsp_1': 3 instance(s).
INFO: [RTGEN 206-100] Generating core module 'fmul_32ns_32ns_32_4_max_dsp_1': 27 instance(s).
INFO: [RTGEN 206-100] Generating core module 'mux_83_32_1_1': 1 instance(s).
INFO: [RTGEN 206-100] Generating core module 'mux_83_8_1_1': 13 instance(s).
INFO: [RTGEN 206-100] Generating core module 'sitofp_32s_32_6_no_dsp_1': 13 instance(s).
INFO: [RTGEN 206-100] Finished creating RTL model for 'attention_int8_kernel_Pipeline_VITIS_LOOP_180_16'.
INFO: [HLS 200-111] Finished Creating RTL model: CPU user time: 3.1 seconds. CPU system time: 0.06 seconds. Elapsed time: 3.37 seconds; current allocated memory: 879.785 MB.
INFO: [HLS 200-10] ----------------------------------------------------------------
INFO: [HLS 200-10] -- Generating RTL for module 'attention_int8_kernel_Pipeline_VITIS_LOOP_193_18_VITIS_LOOP_195_19' 
INFO: [HLS 200-10] ----------------------------------------------------------------
INFO: [HLS 200-1030] Apply Unified Pipeline Control on module 'attention_int8_kernel_Pipeline_VITIS_LOOP_193_18_VITIS_LOOP_195_19' pipeline 'VITIS_LOOP_193_18_VITIS_LOOP_195_19' pipeline type 'loop pipeline'
WARNING: [RTGEN 206-101] Setting dangling out port 'attention_int8_kernel_Pipeline_VITIS_LOOP_193_18_VITIS_LOOP_195_19/m_axi_gmem3_AWVALID' to 0.
WARNING: [RTGEN 206-101] Setting dangling out port 'attention_int8_kernel_Pipeline_VITIS_LOOP_193_18_VITIS_LOOP_195_19/m_axi_gmem3_AWADDR' to 0.
WARNING: [RTGEN 206-101] Setting dangling out port 'attention_int8_kernel_Pipeline_VITIS_LOOP_193_18_VITIS_LOOP_195_19/m_axi_gmem3_AWID' to 0.
WARNING: [RTGEN 206-101] Setting dangling out port 'attention_int8_kernel_Pipeline_VITIS_LOOP_193_18_VITIS_LOOP_195_19/m_axi_gmem3_AWLEN' to 0.
WARNING: [RTGEN 206-101] Setting dangling out port 'attention_int8_kernel_Pipeline_VITIS_LOOP_193_18_VITIS_LOOP_195_19/m_axi_gmem3_AWSIZE' to 0.
WARNING: [RTGEN 206-101] Setting dangling out port 'attention_int8_kernel_Pipeline_VITIS_LOOP_193_18_VITIS_LOOP_195_19/m_axi_gmem3_AWBURST' to 0.
WARNING: [RTGEN 206-101] Setting dangling out port 'attention_int8_kernel_Pipeline_VITIS_LOOP_193_18_VITIS_LOOP_195_19/m_axi_gmem3_AWLOCK' to 0.
WARNING: [RTGEN 206-101] Setting dangling out port 'attention_int8_kernel_Pipeline_VITIS_LOOP_193_18_VITIS_LOOP_195_19/m_axi_gmem3_AWCACHE' to 0.
WARNING: [RTGEN 206-101] Setting dangling out port 'attention_int8_kernel_Pipeline_VITIS_LOOP_193_18_VITIS_LOOP_195_19/m_axi_gmem3_AWPROT' to 0.
WARNING: [RTGEN 206-101] Setting dangling out port 'attention_int8_kernel_Pipeline_VITIS_LOOP_193_18_VITIS_LOOP_195_19/m_axi_gmem3_AWQOS' to 0.
WARNING: [RTGEN 206-101] Setting dangling out port 'attention_int8_kernel_Pipeline_VITIS_LOOP_193_18_VITIS_LOOP_195_19/m_axi_gmem3_AWREGION' to 0.
WARNING: [RTGEN 206-101] Setting dangling out port 'attention_int8_kernel_Pipeline_VITIS_LOOP_193_18_VITIS_LOOP_195_19/m_axi_gmem3_AWUSER' to 0.
WARNING: [RTGEN 206-101] Setting dangling out port 'attention_int8_kernel_Pipeline_VITIS_LOOP_193_18_VITIS_LOOP_195_19/m_axi_gmem3_BREADY' to 0.
INFO: [RTGEN 206-100] Generating core module 'fcmp_32ns_32ns_1_2_no_dsp_1': 1 instance(s).
INFO: [RTGEN 206-100] Generating core module 'fdiv_32ns_32ns_32_16_no_dsp_1': 1 instance(s).
INFO: [RTGEN 206-100] Generating core module 'fmul_32ns_32ns_32_4_max_dsp_1': 1 instance(s).
INFO: [RTGEN 206-100] Generating core module 'mux_83_32_1_1': 1 instance(s).
INFO: [RTGEN 206-100] Generating core module 'mux_84_32_1_1': 2 instance(s).
INFO: [RTGEN 206-100] Generating core module 'sptohp_32ns_16_2_no_dsp_1': 1 instance(s).
INFO: [RTGEN 206-100] Finished creating RTL model for 'attention_int8_kernel_Pipeline_VITIS_LOOP_193_18_VITIS_LOOP_195_19'.
INFO: [HLS 200-111] Finished Creating RTL model: CPU user time: 11.54 seconds. CPU system time: 0.16 seconds. Elapsed time: 12.11 seconds; current allocated memory: 942.602 MB.
INFO: [HLS 200-10] ----------------------------------------------------------------
INFO: [HLS 200-10] -- Generating RTL for module 'attention_int8_kernel' 
INFO: [HLS 200-10] ----------------------------------------------------------------
WARNING: [RTGEN 206-101] Design contains AXI ports. Reset is fixed to synchronous and active low.
INFO: [RTGEN 206-500] Setting interface mode on port 'attention_int8_kernel/gmem0' to 'm_axi'.
INFO: [RTGEN 206-500] Setting interface mode on port 'attention_int8_kernel/gmem1' to 'm_axi'.
INFO: [RTGEN 206-500] Setting interface mode on port 'attention_int8_kernel/gmem2' to 'm_axi'.
INFO: [RTGEN 206-500] Setting interface mode on port 'attention_int8_kernel/gmem3' to 'm_axi'.
INFO: [RTGEN 206-500] Setting interface mode on port 'attention_int8_kernel/Q_in' to 's_axilite & ap_none'.
INFO: [RTGEN 206-500] Setting interface mode on port 'attention_int8_kernel/K_in' to 's_axilite & ap_none'.
INFO: [RTGEN 206-500] Setting interface mode on port 'attention_int8_kernel/V_in' to 's_axilite & ap_none'.
INFO: [RTGEN 206-500] Setting interface mode on port 'attention_int8_kernel/O_out' to 's_axilite & ap_none'.
INFO: [RTGEN 206-500] Setting interface mode on port 'attention_int8_kernel/q_scale' to 's_axilite & ap_none'.
INFO: [RTGEN 206-500] Setting interface mode on port 'attention_int8_kernel/v_scale' to 's_axilite & ap_none'.
INFO: [RTGEN 206-500] Setting interface mode on function 'attention_int8_kernel' to 's_axilite & ap_ctrl_hs'.
INFO: [RTGEN 206-100] Bundling port 'Q_in', 'K_in', 'V_in', 'O_out', 'q_scale', 'v_scale' to AXI-Lite port control.
INFO: [RTGEN 206-100] Generating core module 'fadd_32ns_32ns_32_7_full_dsp_1': 29 instance(s).
INFO: [RTGEN 206-100] Generating core module 'faddfsub_32ns_32ns_32_7_full_dsp_1': 3 instance(s).
INFO: [RTGEN 206-100] Generating core module 'fcmp_32ns_32ns_1_2_no_dsp_1': 2 instance(s).
INFO: [RTGEN 206-100] Generating core module 'fdiv_32ns_32ns_32_16_no_dsp_1': 1 instance(s).
INFO: [RTGEN 206-100] Generating core module 'fmul_32ns_32ns_32_4_max_dsp_1': 3 instance(s).
INFO: [RTGEN 206-100] Generating core module 'fsub_32ns_32ns_32_7_full_dsp_1': 1 instance(s).
INFO: [RTGEN 206-100] Generating core module 'mux_1287_32_1_1': 1 instance(s).
INFO: [RTGEN 206-100] Generating core module 'mux_6432_32_1_1': 1 instance(s).
INFO: [RTGEN 206-100] Generating core module 'mux_84_32_1_1': 3 instance(s).
INFO: [RTGEN 206-100] Generating core module 'sitofp_32ns_32_6_no_dsp_1': 1 instance(s).
INFO: [RTGEN 206-100] Finished creating RTL model for 'attention_int8_kernel'.
INFO: [HLS 200-111] Finished Creating RTL model: CPU user time: 1.56 seconds. CPU system time: 0.05 seconds. Elapsed time: 2.06 seconds; current allocated memory: 962.215 MB.
INFO: [RTMG 210-278] Implementing memory 'attention_int8_kernel_Q_tile_V_RAM_AUTO_1R1W_ram (RAM)' using auto RAMs.
INFO: [RTMG 210-278] Implementing memory 'attention_int8_kernel_O_tile_RAM_AUTO_1R1W_ram (RAM)' using auto RAMs.
INFO: [RTMG 210-278] Implementing memory 'attention_int8_kernel_K_tile_V_RAM_AUTO_1R1W_ram (RAM)' using auto RAMs.
INFO: [RTMG 210-278] Implementing memory 'attention_int8_kernel_V_tile_V_RAM_1WNR_AUTO_1R1W_ram (RAM_1WnR)' using auto RAMs.
INFO: [RTMG 210-278] Implementing memory 'attention_int8_kernel_scores_RAM_AUTO_1R1W_ram (RAM)' using auto RAMs.
INFO: [HLS 200-111] Finished Generating all RTL models: CPU user time: 12.74 seconds. CPU system time: 0.22 seconds. Elapsed time: 14.96 seconds; current allocated memory: 984.141 MB.
INFO: [HLS 200-1603] Design has inferred MAXI bursts and missed bursts, see Vitis HLS GUI synthesis summary report for detailed information.
