

================================================================
== Vitis HLS Report for 'attention_int8_kernel_Pipeline_VITIS_LOOP_108_5'
================================================================
* Date:           Sat Apr 25 21:21:46 2026

* Version:        2022.1 (Build 3526262 on Mon Apr 18 15:47:01 MDT 2022)
* Project:        hls_cosim_project
* Solution:       solution_cosim (Vivado IP Flow Target)
* Product family: artix7
* Target device:  xc7a200t-sbg484-1


================================================================
== Performance Estimates
================================================================
+ Timing: 
    * Summary: 
    +--------+----------+----------+------------+
    |  Clock |  Target  | Estimated| Uncertainty|
    +--------+----------+----------+------------+
    |ap_clk  |  10.00 ns|  4.697 ns|     2.70 ns|
    +--------+----------+----------+------------+

+ Latency: 
    * Summary: 
    +---------+---------+----------+----------+-----+-----+---------+
    |  Latency (cycles) |  Latency (absolute) |  Interval | Pipeline|
    |   min   |   max   |    min   |    max   | min | max |   Type  |
    +---------+---------+----------+----------+-----+-----+---------+
    |       34|       34|  0.340 us|  0.340 us|   34|   34|       no|
    +---------+---------+----------+----------+-----+-----+---------+

    + Detail: 
        * Instance: 
        N/A

        * Loop: 
        +--------------------+---------+---------+----------+-----------+-----------+------+----------+
        |                    |  Latency (cycles) | Iteration|  Initiation Interval  | Trip |          |
        |      Loop Name     |   min   |   max   |  Latency |  achieved |   target  | Count| Pipelined|
        +--------------------+---------+---------+----------+-----------+-----------+------+----------+
        |- VITIS_LOOP_108_5  |       32|       32|         4|          4|          1|     8|       yes|
        +--------------------+---------+---------+----------+-----------+-----------+------+----------+

============================================================
+ Verbose Summary: Synthesis Manager
============================================================
InlineROM: 1
ExposeGlobal: 0
============================================================
+ Verbose Summary: CDFG Model
============================================================
IsTopModel: 0
ResetActiveHigh: 1
IsCombinational: 0
IsDatapathOnly: 0
HasWiredReturn: 1
HasMFsm: 2
HasVarLatency: 1
IsPipeline: 0
IsRtlPipelined: 0
IsInstanceOverlapped: 0
IsDontTouch: 0
HasImplIP: 0
IsGatedGlobalClock: 0

+ Individual pipeline summary: 
  * Pipeline-0: initiation interval (II) = 4, depth = 4


============================================================
+ Verbose Summary: Schedule
============================================================
* Number of FSM states : 4
* Pipeline : 1
  Pipeline-0 : II = 4, D = 4, States = { 1 2 3 4 }
* Dataflow Pipeline: 0

* FSM state transitions: 
1 --> 2 
2 --> 3 
3 --> 4 
4 --> 

* FSM state operations: 

State 1 <SV = 0> <Delay = 4.69>
ST_1 : Operation 7 [1/1] (0.00ns)   --->   "%i_1 = alloca i32 1"   --->   Operation 7 'alloca' 'i_1' <Predicate = true> <Delay = 0.00>
ST_1 : Operation 8 [1/1] (0.00ns)   --->   "%m_state = alloca i32 1"   --->   Operation 8 'alloca' 'm_state' <Predicate = true> <Delay = 0.00>
ST_1 : Operation 9 [1/1] (0.00ns)   --->   "%m_state_1 = alloca i32 1"   --->   Operation 9 'alloca' 'm_state_1' <Predicate = true> <Delay = 0.00>
ST_1 : Operation 10 [1/1] (0.00ns)   --->   "%m_state_2 = alloca i32 1"   --->   Operation 10 'alloca' 'm_state_2' <Predicate = true> <Delay = 0.00>
ST_1 : Operation 11 [1/1] (0.00ns)   --->   "%m_state_3 = alloca i32 1"   --->   Operation 11 'alloca' 'm_state_3' <Predicate = true> <Delay = 0.00>
ST_1 : Operation 12 [1/1] (0.00ns)   --->   "%m_state_4 = alloca i32 1"   --->   Operation 12 'alloca' 'm_state_4' <Predicate = true> <Delay = 0.00>
ST_1 : Operation 13 [1/1] (0.00ns)   --->   "%m_state_5 = alloca i32 1"   --->   Operation 13 'alloca' 'm_state_5' <Predicate = true> <Delay = 0.00>
ST_1 : Operation 14 [1/1] (0.00ns)   --->   "%m_state_6 = alloca i32 1"   --->   Operation 14 'alloca' 'm_state_6' <Predicate = true> <Delay = 0.00>
ST_1 : Operation 15 [1/1] (0.00ns)   --->   "%m_state_7 = alloca i32 1"   --->   Operation 15 'alloca' 'm_state_7' <Predicate = true> <Delay = 0.00>
ST_1 : Operation 16 [1/1] (0.00ns)   --->   "%l_state = alloca i32 1"   --->   Operation 16 'alloca' 'l_state' <Predicate = true> <Delay = 0.00>
ST_1 : Operation 17 [1/1] (0.00ns)   --->   "%l_state_1 = alloca i32 1"   --->   Operation 17 'alloca' 'l_state_1' <Predicate = true> <Delay = 0.00>
ST_1 : Operation 18 [1/1] (0.00ns)   --->   "%l_state_2 = alloca i32 1"   --->   Operation 18 'alloca' 'l_state_2' <Predicate = true> <Delay = 0.00>
ST_1 : Operation 19 [1/1] (0.00ns)   --->   "%l_state_3 = alloca i32 1"   --->   Operation 19 'alloca' 'l_state_3' <Predicate = true> <Delay = 0.00>
ST_1 : Operation 20 [1/1] (0.00ns)   --->   "%l_state_4 = alloca i32 1"   --->   Operation 20 'alloca' 'l_state_4' <Predicate = true> <Delay = 0.00>
ST_1 : Operation 21 [1/1] (0.00ns)   --->   "%l_state_5 = alloca i32 1"   --->   Operation 21 'alloca' 'l_state_5' <Predicate = true> <Delay = 0.00>
ST_1 : Operation 22 [1/1] (0.00ns)   --->   "%l_state_6 = alloca i32 1"   --->   Operation 22 'alloca' 'l_state_6' <Predicate = true> <Delay = 0.00>
ST_1 : Operation 23 [1/1] (0.00ns)   --->   "%l_state_7 = alloca i32 1"   --->   Operation 23 'alloca' 'l_state_7' <Predicate = true> <Delay = 0.00>
ST_1 : Operation 24 [1/1] (1.61ns)   --->   "%store_ln0 = store i4 0, i4 %i_1"   --->   Operation 24 'store' 'store_ln0' <Predicate = true> <Delay = 1.61>
ST_1 : Operation 25 [1/1] (0.00ns)   --->   "%br_ln0 = br void %for.inc61"   --->   Operation 25 'br' 'br_ln0' <Predicate = true> <Delay = 0.00>
ST_1 : Operation 26 [1/1] (0.00ns)   --->   "%i = load i4 %i_1" [attention_int8.cpp:108]   --->   Operation 26 'load' 'i' <Predicate = true> <Delay = 0.00>
ST_1 : Operation 27 [1/1] (0.00ns)   --->   "%trunc_ln108 = trunc i4 %i" [attention_int8.cpp:108]   --->   Operation 27 'trunc' 'trunc_ln108' <Predicate = true> <Delay = 0.00>
ST_1 : Operation 28 [1/1] (1.44ns)   --->   "%icmp_ln108 = icmp_eq  i4 %i, i4 8" [attention_int8.cpp:108]   --->   Operation 28 'icmp' 'icmp_ln108' <Predicate = true> <Delay = 1.44> <CoreInst = "Cmp">   --->   Core 9 'Cmp' <Latency = 0> <II = 1> <Delay = 1.44> <FuncUnit> <Opcode : 'icmp'> <InPorts = 2> <OutPorts = 1>
ST_1 : Operation 29 [1/1] (0.00ns)   --->   "%empty = speclooptripcount i32 @_ssdm_op_SpecLoopTripCount, i64 8, i64 8, i64 8"   --->   Operation 29 'speclooptripcount' 'empty' <Predicate = true> <Delay = 0.00>
ST_1 : Operation 30 [1/1] (1.77ns)   --->   "%add_ln108 = add i4 %i, i4 1" [attention_int8.cpp:108]   --->   Operation 30 'add' 'add_ln108' <Predicate = true> <Delay = 1.77> <CoreInst = "Adder">   --->   Core 1 'Adder' <Latency = 0> <II = 1> <Delay = 1.77> <FuncUnit> <Opcode : 'add' 'sub'> <InPorts = 2> <OutPorts = 1>
ST_1 : Operation 31 [1/1] (0.00ns)   --->   "%br_ln108 = br i1 %icmp_ln108, void %for.inc61.split, void %if.end.exitStub" [attention_int8.cpp:108]   --->   Operation 31 'br' 'br_ln108' <Predicate = true> <Delay = 0.00>
ST_1 : Operation 32 [1/1] (0.00ns)   --->   "%tmp_s = bitconcatenate i6 @_ssdm_op_BitConcatenate.i6.i3.i3, i3 %trunc_ln108, i3 0" [attention_int8.cpp:114]   --->   Operation 32 'bitconcatenate' 'tmp_s' <Predicate = (!icmp_ln108)> <Delay = 0.00>
ST_1 : Operation 33 [1/1] (0.00ns)   --->   "%zext_ln114 = zext i6 %tmp_s" [attention_int8.cpp:114]   --->   Operation 33 'zext' 'zext_ln114' <Predicate = (!icmp_ln108)> <Delay = 0.00>
ST_1 : Operation 34 [1/1] (0.00ns)   --->   "%O_tile_addr = getelementptr i32 %O_tile, i64 0, i64 %zext_ln114" [attention_int8.cpp:114]   --->   Operation 34 'getelementptr' 'O_tile_addr' <Predicate = (!icmp_ln108)> <Delay = 0.00>
ST_1 : Operation 35 [1/1] (0.00ns)   --->   "%or_ln114 = or i6 %tmp_s, i6 1" [attention_int8.cpp:114]   --->   Operation 35 'or' 'or_ln114' <Predicate = (!icmp_ln108)> <Delay = 0.00>
ST_1 : Operation 36 [1/1] (0.00ns)   --->   "%zext_ln114_1 = zext i6 %or_ln114" [attention_int8.cpp:114]   --->   Operation 36 'zext' 'zext_ln114_1' <Predicate = (!icmp_ln108)> <Delay = 0.00>
ST_1 : Operation 37 [1/1] (0.00ns)   --->   "%O_tile_addr_1 = getelementptr i32 %O_tile, i64 0, i64 %zext_ln114_1" [attention_int8.cpp:114]   --->   Operation 37 'getelementptr' 'O_tile_addr_1' <Predicate = (!icmp_ln108)> <Delay = 0.00>
ST_1 : Operation 38 [1/1] (0.00ns)   --->   "%or_ln114_1 = or i6 %tmp_s, i6 2" [attention_int8.cpp:114]   --->   Operation 38 'or' 'or_ln114_1' <Predicate = (!icmp_ln108)> <Delay = 0.00>
ST_1 : Operation 39 [1/1] (0.00ns)   --->   "%zext_ln114_2 = zext i6 %or_ln114_1" [attention_int8.cpp:114]   --->   Operation 39 'zext' 'zext_ln114_2' <Predicate = (!icmp_ln108)> <Delay = 0.00>
ST_1 : Operation 40 [1/1] (0.00ns)   --->   "%O_tile_addr_2 = getelementptr i32 %O_tile, i64 0, i64 %zext_ln114_2" [attention_int8.cpp:114]   --->   Operation 40 'getelementptr' 'O_tile_addr_2' <Predicate = (!icmp_ln108)> <Delay = 0.00>
ST_1 : Operation 41 [1/1] (0.00ns)   --->   "%or_ln114_2 = or i6 %tmp_s, i6 3" [attention_int8.cpp:114]   --->   Operation 41 'or' 'or_ln114_2' <Predicate = (!icmp_ln108)> <Delay = 0.00>
ST_1 : Operation 42 [1/1] (0.00ns)   --->   "%zext_ln114_3 = zext i6 %or_ln114_2" [attention_int8.cpp:114]   --->   Operation 42 'zext' 'zext_ln114_3' <Predicate = (!icmp_ln108)> <Delay = 0.00>
ST_1 : Operation 43 [1/1] (0.00ns)   --->   "%O_tile_addr_3 = getelementptr i32 %O_tile, i64 0, i64 %zext_ln114_3" [attention_int8.cpp:114]   --->   Operation 43 'getelementptr' 'O_tile_addr_3' <Predicate = (!icmp_ln108)> <Delay = 0.00>
ST_1 : Operation 44 [1/1] (0.00ns)   --->   "%or_ln114_3 = or i6 %tmp_s, i6 4" [attention_int8.cpp:114]   --->   Operation 44 'or' 'or_ln114_3' <Predicate = (!icmp_ln108)> <Delay = 0.00>
ST_1 : Operation 45 [1/1] (0.00ns)   --->   "%zext_ln114_4 = zext i6 %or_ln114_3" [attention_int8.cpp:114]   --->   Operation 45 'zext' 'zext_ln114_4' <Predicate = (!icmp_ln108)> <Delay = 0.00>
ST_1 : Operation 46 [1/1] (0.00ns)   --->   "%O_tile_addr_4 = getelementptr i32 %O_tile, i64 0, i64 %zext_ln114_4" [attention_int8.cpp:114]   --->   Operation 46 'getelementptr' 'O_tile_addr_4' <Predicate = (!icmp_ln108)> <Delay = 0.00>
ST_1 : Operation 47 [1/1] (0.00ns)   --->   "%or_ln114_4 = or i6 %tmp_s, i6 5" [attention_int8.cpp:114]   --->   Operation 47 'or' 'or_ln114_4' <Predicate = (!icmp_ln108)> <Delay = 0.00>
ST_1 : Operation 48 [1/1] (0.00ns)   --->   "%zext_ln114_5 = zext i6 %or_ln114_4" [attention_int8.cpp:114]   --->   Operation 48 'zext' 'zext_ln114_5' <Predicate = (!icmp_ln108)> <Delay = 0.00>
ST_1 : Operation 49 [1/1] (0.00ns)   --->   "%O_tile_addr_5 = getelementptr i32 %O_tile, i64 0, i64 %zext_ln114_5" [attention_int8.cpp:114]   --->   Operation 49 'getelementptr' 'O_tile_addr_5' <Predicate = (!icmp_ln108)> <Delay = 0.00>
ST_1 : Operation 50 [1/1] (0.00ns)   --->   "%or_ln114_5 = or i6 %tmp_s, i6 6" [attention_int8.cpp:114]   --->   Operation 50 'or' 'or_ln114_5' <Predicate = (!icmp_ln108)> <Delay = 0.00>
ST_1 : Operation 51 [1/1] (0.00ns)   --->   "%zext_ln114_6 = zext i6 %or_ln114_5" [attention_int8.cpp:114]   --->   Operation 51 'zext' 'zext_ln114_6' <Predicate = (!icmp_ln108)> <Delay = 0.00>
ST_1 : Operation 52 [1/1] (0.00ns)   --->   "%O_tile_addr_6 = getelementptr i32 %O_tile, i64 0, i64 %zext_ln114_6" [attention_int8.cpp:114]   --->   Operation 52 'getelementptr' 'O_tile_addr_6' <Predicate = (!icmp_ln108)> <Delay = 0.00>
ST_1 : Operation 53 [1/1] (0.00ns)   --->   "%or_ln114_6 = or i6 %tmp_s, i6 7" [attention_int8.cpp:114]   --->   Operation 53 'or' 'or_ln114_6' <Predicate = (!icmp_ln108)> <Delay = 0.00>
ST_1 : Operation 54 [1/1] (0.00ns)   --->   "%zext_ln114_7 = zext i6 %or_ln114_6" [attention_int8.cpp:114]   --->   Operation 54 'zext' 'zext_ln114_7' <Predicate = (!icmp_ln108)> <Delay = 0.00>
ST_1 : Operation 55 [1/1] (0.00ns)   --->   "%O_tile_addr_7 = getelementptr i32 %O_tile, i64 0, i64 %zext_ln114_7" [attention_int8.cpp:114]   --->   Operation 55 'getelementptr' 'O_tile_addr_7' <Predicate = (!icmp_ln108)> <Delay = 0.00>
ST_1 : Operation 56 [1/1] (0.00ns)   --->   "%O_tile_1_addr = getelementptr i32 %O_tile_1, i64 0, i64 %zext_ln114" [attention_int8.cpp:114]   --->   Operation 56 'getelementptr' 'O_tile_1_addr' <Predicate = (!icmp_ln108)> <Delay = 0.00>
ST_1 : Operation 57 [1/1] (0.00ns)   --->   "%O_tile_1_addr_1 = getelementptr i32 %O_tile_1, i64 0, i64 %zext_ln114_1" [attention_int8.cpp:114]   --->   Operation 57 'getelementptr' 'O_tile_1_addr_1' <Predicate = (!icmp_ln108)> <Delay = 0.00>
ST_1 : Operation 58 [1/1] (0.00ns)   --->   "%O_tile_1_addr_2 = getelementptr i32 %O_tile_1, i64 0, i64 %zext_ln114_2" [attention_int8.cpp:114]   --->   Operation 58 'getelementptr' 'O_tile_1_addr_2' <Predicate = (!icmp_ln108)> <Delay = 0.00>
ST_1 : Operation 59 [1/1] (0.00ns)   --->   "%O_tile_1_addr_3 = getelementptr i32 %O_tile_1, i64 0, i64 %zext_ln114_3" [attention_int8.cpp:114]   --->   Operation 59 'getelementptr' 'O_tile_1_addr_3' <Predicate = (!icmp_ln108)> <Delay = 0.00>
ST_1 : Operation 60 [1/1] (0.00ns)   --->   "%O_tile_1_addr_4 = getelementptr i32 %O_tile_1, i64 0, i64 %zext_ln114_4" [attention_int8.cpp:114]   --->   Operation 60 'getelementptr' 'O_tile_1_addr_4' <Predicate = (!icmp_ln108)> <Delay = 0.00>
ST_1 : Operation 61 [1/1] (0.00ns)   --->   "%O_tile_1_addr_5 = getelementptr i32 %O_tile_1, i64 0, i64 %zext_ln114_5" [attention_int8.cpp:114]   --->   Operation 61 'getelementptr' 'O_tile_1_addr_5' <Predicate = (!icmp_ln108)> <Delay = 0.00>
ST_1 : Operation 62 [1/1] (0.00ns)   --->   "%O_tile_1_addr_6 = getelementptr i32 %O_tile_1, i64 0, i64 %zext_ln114_6" [attention_int8.cpp:114]   --->   Operation 62 'getelementptr' 'O_tile_1_addr_6' <Predicate = (!icmp_ln108)> <Delay = 0.00>
ST_1 : Operation 63 [1/1] (0.00ns)   --->   "%O_tile_1_addr_7 = getelementptr i32 %O_tile_1, i64 0, i64 %zext_ln114_7" [attention_int8.cpp:114]   --->   Operation 63 'getelementptr' 'O_tile_1_addr_7' <Predicate = (!icmp_ln108)> <Delay = 0.00>
ST_1 : Operation 64 [1/1] (0.00ns)   --->   "%O_tile_2_addr = getelementptr i32 %O_tile_2, i64 0, i64 %zext_ln114" [attention_int8.cpp:114]   --->   Operation 64 'getelementptr' 'O_tile_2_addr' <Predicate = (!icmp_ln108)> <Delay = 0.00>
ST_1 : Operation 65 [1/1] (0.00ns)   --->   "%O_tile_2_addr_1 = getelementptr i32 %O_tile_2, i64 0, i64 %zext_ln114_1" [attention_int8.cpp:114]   --->   Operation 65 'getelementptr' 'O_tile_2_addr_1' <Predicate = (!icmp_ln108)> <Delay = 0.00>
ST_1 : Operation 66 [1/1] (0.00ns)   --->   "%O_tile_2_addr_2 = getelementptr i32 %O_tile_2, i64 0, i64 %zext_ln114_2" [attention_int8.cpp:114]   --->   Operation 66 'getelementptr' 'O_tile_2_addr_2' <Predicate = (!icmp_ln108)> <Delay = 0.00>
ST_1 : Operation 67 [1/1] (0.00ns)   --->   "%O_tile_2_addr_3 = getelementptr i32 %O_tile_2, i64 0, i64 %zext_ln114_3" [attention_int8.cpp:114]   --->   Operation 67 'getelementptr' 'O_tile_2_addr_3' <Predicate = (!icmp_ln108)> <Delay = 0.00>
ST_1 : Operation 68 [1/1] (0.00ns)   --->   "%O_tile_2_addr_4 = getelementptr i32 %O_tile_2, i64 0, i64 %zext_ln114_4" [attention_int8.cpp:114]   --->   Operation 68 'getelementptr' 'O_tile_2_addr_4' <Predicate = (!icmp_ln108)> <Delay = 0.00>
ST_1 : Operation 69 [1/1] (0.00ns)   --->   "%O_tile_2_addr_5 = getelementptr i32 %O_tile_2, i64 0, i64 %zext_ln114_5" [attention_int8.cpp:114]   --->   Operation 69 'getelementptr' 'O_tile_2_addr_5' <Predicate = (!icmp_ln108)> <Delay = 0.00>
ST_1 : Operation 70 [1/1] (0.00ns)   --->   "%O_tile_2_addr_6 = getelementptr i32 %O_tile_2, i64 0, i64 %zext_ln114_6" [attention_int8.cpp:114]   --->   Operation 70 'getelementptr' 'O_tile_2_addr_6' <Predicate = (!icmp_ln108)> <Delay = 0.00>
ST_1 : Operation 71 [1/1] (0.00ns)   --->   "%O_tile_2_addr_7 = getelementptr i32 %O_tile_2, i64 0, i64 %zext_ln114_7" [attention_int8.cpp:114]   --->   Operation 71 'getelementptr' 'O_tile_2_addr_7' <Predicate = (!icmp_ln108)> <Delay = 0.00>
ST_1 : Operation 72 [1/1] (0.00ns)   --->   "%O_tile_3_addr = getelementptr i32 %O_tile_3, i64 0, i64 %zext_ln114" [attention_int8.cpp:114]   --->   Operation 72 'getelementptr' 'O_tile_3_addr' <Predicate = (!icmp_ln108)> <Delay = 0.00>
ST_1 : Operation 73 [1/1] (0.00ns)   --->   "%O_tile_3_addr_1 = getelementptr i32 %O_tile_3, i64 0, i64 %zext_ln114_1" [attention_int8.cpp:114]   --->   Operation 73 'getelementptr' 'O_tile_3_addr_1' <Predicate = (!icmp_ln108)> <Delay = 0.00>
ST_1 : Operation 74 [1/1] (0.00ns)   --->   "%O_tile_3_addr_2 = getelementptr i32 %O_tile_3, i64 0, i64 %zext_ln114_2" [attention_int8.cpp:114]   --->   Operation 74 'getelementptr' 'O_tile_3_addr_2' <Predicate = (!icmp_ln108)> <Delay = 0.00>
ST_1 : Operation 75 [1/1] (0.00ns)   --->   "%O_tile_3_addr_3 = getelementptr i32 %O_tile_3, i64 0, i64 %zext_ln114_3" [attention_int8.cpp:114]   --->   Operation 75 'getelementptr' 'O_tile_3_addr_3' <Predicate = (!icmp_ln108)> <Delay = 0.00>
ST_1 : Operation 76 [1/1] (0.00ns)   --->   "%O_tile_3_addr_4 = getelementptr i32 %O_tile_3, i64 0, i64 %zext_ln114_4" [attention_int8.cpp:114]   --->   Operation 76 'getelementptr' 'O_tile_3_addr_4' <Predicate = (!icmp_ln108)> <Delay = 0.00>
ST_1 : Operation 77 [1/1] (0.00ns)   --->   "%O_tile_3_addr_5 = getelementptr i32 %O_tile_3, i64 0, i64 %zext_ln114_5" [attention_int8.cpp:114]   --->   Operation 77 'getelementptr' 'O_tile_3_addr_5' <Predicate = (!icmp_ln108)> <Delay = 0.00>
ST_1 : Operation 78 [1/1] (0.00ns)   --->   "%O_tile_3_addr_6 = getelementptr i32 %O_tile_3, i64 0, i64 %zext_ln114_6" [attention_int8.cpp:114]   --->   Operation 78 'getelementptr' 'O_tile_3_addr_6' <Predicate = (!icmp_ln108)> <Delay = 0.00>
ST_1 : Operation 79 [1/1] (0.00ns)   --->   "%O_tile_3_addr_7 = getelementptr i32 %O_tile_3, i64 0, i64 %zext_ln114_7" [attention_int8.cpp:114]   --->   Operation 79 'getelementptr' 'O_tile_3_addr_7' <Predicate = (!icmp_ln108)> <Delay = 0.00>
ST_1 : Operation 80 [1/1] (0.00ns)   --->   "%O_tile_4_addr = getelementptr i32 %O_tile_4, i64 0, i64 %zext_ln114" [attention_int8.cpp:114]   --->   Operation 80 'getelementptr' 'O_tile_4_addr' <Predicate = (!icmp_ln108)> <Delay = 0.00>
ST_1 : Operation 81 [1/1] (0.00ns)   --->   "%O_tile_4_addr_1 = getelementptr i32 %O_tile_4, i64 0, i64 %zext_ln114_1" [attention_int8.cpp:114]   --->   Operation 81 'getelementptr' 'O_tile_4_addr_1' <Predicate = (!icmp_ln108)> <Delay = 0.00>
ST_1 : Operation 82 [1/1] (0.00ns)   --->   "%O_tile_4_addr_2 = getelementptr i32 %O_tile_4, i64 0, i64 %zext_ln114_2" [attention_int8.cpp:114]   --->   Operation 82 'getelementptr' 'O_tile_4_addr_2' <Predicate = (!icmp_ln108)> <Delay = 0.00>
ST_1 : Operation 83 [1/1] (0.00ns)   --->   "%O_tile_4_addr_3 = getelementptr i32 %O_tile_4, i64 0, i64 %zext_ln114_3" [attention_int8.cpp:114]   --->   Operation 83 'getelementptr' 'O_tile_4_addr_3' <Predicate = (!icmp_ln108)> <Delay = 0.00>
ST_1 : Operation 84 [1/1] (0.00ns)   --->   "%O_tile_4_addr_4 = getelementptr i32 %O_tile_4, i64 0, i64 %zext_ln114_4" [attention_int8.cpp:114]   --->   Operation 84 'getelementptr' 'O_tile_4_addr_4' <Predicate = (!icmp_ln108)> <Delay = 0.00>
ST_1 : Operation 85 [1/1] (0.00ns)   --->   "%O_tile_4_addr_5 = getelementptr i32 %O_tile_4, i64 0, i64 %zext_ln114_5" [attention_int8.cpp:114]   --->   Operation 85 'getelementptr' 'O_tile_4_addr_5' <Predicate = (!icmp_ln108)> <Delay = 0.00>
ST_1 : Operation 86 [1/1] (0.00ns)   --->   "%O_tile_4_addr_6 = getelementptr i32 %O_tile_4, i64 0, i64 %zext_ln114_6" [attention_int8.cpp:114]   --->   Operation 86 'getelementptr' 'O_tile_4_addr_6' <Predicate = (!icmp_ln108)> <Delay = 0.00>
ST_1 : Operation 87 [1/1] (0.00ns)   --->   "%O_tile_4_addr_7 = getelementptr i32 %O_tile_4, i64 0, i64 %zext_ln114_7" [attention_int8.cpp:114]   --->   Operation 87 'getelementptr' 'O_tile_4_addr_7' <Predicate = (!icmp_ln108)> <Delay = 0.00>
ST_1 : Operation 88 [1/1] (0.00ns)   --->   "%O_tile_5_addr = getelementptr i32 %O_tile_5, i64 0, i64 %zext_ln114" [attention_int8.cpp:114]   --->   Operation 88 'getelementptr' 'O_tile_5_addr' <Predicate = (!icmp_ln108)> <Delay = 0.00>
ST_1 : Operation 89 [1/1] (0.00ns)   --->   "%O_tile_5_addr_1 = getelementptr i32 %O_tile_5, i64 0, i64 %zext_ln114_1" [attention_int8.cpp:114]   --->   Operation 89 'getelementptr' 'O_tile_5_addr_1' <Predicate = (!icmp_ln108)> <Delay = 0.00>
ST_1 : Operation 90 [1/1] (0.00ns)   --->   "%O_tile_5_addr_2 = getelementptr i32 %O_tile_5, i64 0, i64 %zext_ln114_2" [attention_int8.cpp:114]   --->   Operation 90 'getelementptr' 'O_tile_5_addr_2' <Predicate = (!icmp_ln108)> <Delay = 0.00>
ST_1 : Operation 91 [1/1] (0.00ns)   --->   "%O_tile_5_addr_3 = getelementptr i32 %O_tile_5, i64 0, i64 %zext_ln114_3" [attention_int8.cpp:114]   --->   Operation 91 'getelementptr' 'O_tile_5_addr_3' <Predicate = (!icmp_ln108)> <Delay = 0.00>
ST_1 : Operation 92 [1/1] (0.00ns)   --->   "%O_tile_5_addr_4 = getelementptr i32 %O_tile_5, i64 0, i64 %zext_ln114_4" [attention_int8.cpp:114]   --->   Operation 92 'getelementptr' 'O_tile_5_addr_4' <Predicate = (!icmp_ln108)> <Delay = 0.00>
ST_1 : Operation 93 [1/1] (0.00ns)   --->   "%O_tile_5_addr_5 = getelementptr i32 %O_tile_5, i64 0, i64 %zext_ln114_5" [attention_int8.cpp:114]   --->   Operation 93 'getelementptr' 'O_tile_5_addr_5' <Predicate = (!icmp_ln108)> <Delay = 0.00>
ST_1 : Operation 94 [1/1] (0.00ns)   --->   "%O_tile_5_addr_6 = getelementptr i32 %O_tile_5, i64 0, i64 %zext_ln114_6" [attention_int8.cpp:114]   --->   Operation 94 'getelementptr' 'O_tile_5_addr_6' <Predicate = (!icmp_ln108)> <Delay = 0.00>
ST_1 : Operation 95 [1/1] (0.00ns)   --->   "%O_tile_5_addr_7 = getelementptr i32 %O_tile_5, i64 0, i64 %zext_ln114_7" [attention_int8.cpp:114]   --->   Operation 95 'getelementptr' 'O_tile_5_addr_7' <Predicate = (!icmp_ln108)> <Delay = 0.00>
ST_1 : Operation 96 [1/1] (0.00ns)   --->   "%O_tile_6_addr = getelementptr i32 %O_tile_6, i64 0, i64 %zext_ln114" [attention_int8.cpp:114]   --->   Operation 96 'getelementptr' 'O_tile_6_addr' <Predicate = (!icmp_ln108)> <Delay = 0.00>
ST_1 : Operation 97 [1/1] (0.00ns)   --->   "%O_tile_6_addr_1 = getelementptr i32 %O_tile_6, i64 0, i64 %zext_ln114_1" [attention_int8.cpp:114]   --->   Operation 97 'getelementptr' 'O_tile_6_addr_1' <Predicate = (!icmp_ln108)> <Delay = 0.00>
ST_1 : Operation 98 [1/1] (0.00ns)   --->   "%O_tile_6_addr_2 = getelementptr i32 %O_tile_6, i64 0, i64 %zext_ln114_2" [attention_int8.cpp:114]   --->   Operation 98 'getelementptr' 'O_tile_6_addr_2' <Predicate = (!icmp_ln108)> <Delay = 0.00>
ST_1 : Operation 99 [1/1] (0.00ns)   --->   "%O_tile_6_addr_3 = getelementptr i32 %O_tile_6, i64 0, i64 %zext_ln114_3" [attention_int8.cpp:114]   --->   Operation 99 'getelementptr' 'O_tile_6_addr_3' <Predicate = (!icmp_ln108)> <Delay = 0.00>
ST_1 : Operation 100 [1/1] (0.00ns)   --->   "%O_tile_6_addr_4 = getelementptr i32 %O_tile_6, i64 0, i64 %zext_ln114_4" [attention_int8.cpp:114]   --->   Operation 100 'getelementptr' 'O_tile_6_addr_4' <Predicate = (!icmp_ln108)> <Delay = 0.00>
ST_1 : Operation 101 [1/1] (0.00ns)   --->   "%O_tile_6_addr_5 = getelementptr i32 %O_tile_6, i64 0, i64 %zext_ln114_5" [attention_int8.cpp:114]   --->   Operation 101 'getelementptr' 'O_tile_6_addr_5' <Predicate = (!icmp_ln108)> <Delay = 0.00>
ST_1 : Operation 102 [1/1] (0.00ns)   --->   "%O_tile_6_addr_6 = getelementptr i32 %O_tile_6, i64 0, i64 %zext_ln114_6" [attention_int8.cpp:114]   --->   Operation 102 'getelementptr' 'O_tile_6_addr_6' <Predicate = (!icmp_ln108)> <Delay = 0.00>
ST_1 : Operation 103 [1/1] (0.00ns)   --->   "%O_tile_6_addr_7 = getelementptr i32 %O_tile_6, i64 0, i64 %zext_ln114_7" [attention_int8.cpp:114]   --->   Operation 103 'getelementptr' 'O_tile_6_addr_7' <Predicate = (!icmp_ln108)> <Delay = 0.00>
ST_1 : Operation 104 [1/1] (0.00ns)   --->   "%O_tile_7_addr = getelementptr i32 %O_tile_7, i64 0, i64 %zext_ln114" [attention_int8.cpp:114]   --->   Operation 104 'getelementptr' 'O_tile_7_addr' <Predicate = (!icmp_ln108)> <Delay = 0.00>
ST_1 : Operation 105 [1/1] (0.00ns)   --->   "%O_tile_7_addr_1 = getelementptr i32 %O_tile_7, i64 0, i64 %zext_ln114_1" [attention_int8.cpp:114]   --->   Operation 105 'getelementptr' 'O_tile_7_addr_1' <Predicate = (!icmp_ln108)> <Delay = 0.00>
ST_1 : Operation 106 [1/1] (0.00ns)   --->   "%O_tile_7_addr_2 = getelementptr i32 %O_tile_7, i64 0, i64 %zext_ln114_2" [attention_int8.cpp:114]   --->   Operation 106 'getelementptr' 'O_tile_7_addr_2' <Predicate = (!icmp_ln108)> <Delay = 0.00>
ST_1 : Operation 107 [1/1] (0.00ns)   --->   "%O_tile_7_addr_3 = getelementptr i32 %O_tile_7, i64 0, i64 %zext_ln114_3" [attention_int8.cpp:114]   --->   Operation 107 'getelementptr' 'O_tile_7_addr_3' <Predicate = (!icmp_ln108)> <Delay = 0.00>
ST_1 : Operation 108 [1/1] (0.00ns)   --->   "%O_tile_7_addr_4 = getelementptr i32 %O_tile_7, i64 0, i64 %zext_ln114_4" [attention_int8.cpp:114]   --->   Operation 108 'getelementptr' 'O_tile_7_addr_4' <Predicate = (!icmp_ln108)> <Delay = 0.00>
ST_1 : Operation 109 [1/1] (0.00ns)   --->   "%O_tile_7_addr_5 = getelementptr i32 %O_tile_7, i64 0, i64 %zext_ln114_5" [attention_int8.cpp:114]   --->   Operation 109 'getelementptr' 'O_tile_7_addr_5' <Predicate = (!icmp_ln108)> <Delay = 0.00>
ST_1 : Operation 110 [1/1] (0.00ns)   --->   "%O_tile_7_addr_6 = getelementptr i32 %O_tile_7, i64 0, i64 %zext_ln114_6" [attention_int8.cpp:114]   --->   Operation 110 'getelementptr' 'O_tile_7_addr_6' <Predicate = (!icmp_ln108)> <Delay = 0.00>
ST_1 : Operation 111 [1/1] (0.00ns)   --->   "%O_tile_7_addr_7 = getelementptr i32 %O_tile_7, i64 0, i64 %zext_ln114_7" [attention_int8.cpp:114]   --->   Operation 111 'getelementptr' 'O_tile_7_addr_7' <Predicate = (!icmp_ln108)> <Delay = 0.00>
ST_1 : Operation 112 [1/1] (0.00ns)   --->   "%specpipeline_ln109 = specpipeline void @_ssdm_op_SpecPipeline, i32 1, i32 0, i32 0, i32 0, void @empty_13" [attention_int8.cpp:109]   --->   Operation 112 'specpipeline' 'specpipeline_ln109' <Predicate = (!icmp_ln108)> <Delay = 0.00>
ST_1 : Operation 113 [1/1] (0.00ns)   --->   "%specloopname_ln93 = specloopname void @_ssdm_op_SpecLoopName, void @empty_22" [attention_int8.cpp:93]   --->   Operation 113 'specloopname' 'specloopname_ln93' <Predicate = (!icmp_ln108)> <Delay = 0.00>
ST_1 : Operation 114 [1/1] (0.93ns)   --->   "%switch_ln110 = switch i3 %trunc_ln108, void %arrayidx51.case.7, i3 0, void %for.inc61.split.arrayidx51.exit_crit_edge, i3 1, void %for.inc61.split.arrayidx51.exit_crit_edge8, i3 2, void %arrayidx51.case.2, i3 3, void %arrayidx51.case.3, i3 4, void %arrayidx51.case.4, i3 5, void %arrayidx51.case.5, i3 6, void %arrayidx51.case.6" [attention_int8.cpp:110]   --->   Operation 114 'switch' 'switch_ln110' <Predicate = (!icmp_ln108)> <Delay = 0.93>
ST_1 : Operation 115 [1/1] (0.00ns)   --->   "%store_ln111 = store i32 0, i32 %l_state_6" [attention_int8.cpp:111]   --->   Operation 115 'store' 'store_ln111' <Predicate = (!icmp_ln108 & trunc_ln108 == 6)> <Delay = 0.00>
ST_1 : Operation 116 [1/1] (0.00ns)   --->   "%store_ln111 = store i32 -1e+30, i32 %m_state_6" [attention_int8.cpp:111]   --->   Operation 116 'store' 'store_ln111' <Predicate = (!icmp_ln108 & trunc_ln108 == 6)> <Delay = 0.00>
ST_1 : Operation 117 [1/1] (0.00ns)   --->   "%br_ln111 = br void %arrayidx51.exit" [attention_int8.cpp:111]   --->   Operation 117 'br' 'br_ln111' <Predicate = (!icmp_ln108 & trunc_ln108 == 6)> <Delay = 0.00>
ST_1 : Operation 118 [1/1] (0.00ns)   --->   "%store_ln111 = store i32 0, i32 %l_state_5" [attention_int8.cpp:111]   --->   Operation 118 'store' 'store_ln111' <Predicate = (!icmp_ln108 & trunc_ln108 == 5)> <Delay = 0.00>
ST_1 : Operation 119 [1/1] (0.00ns)   --->   "%store_ln111 = store i32 -1e+30, i32 %m_state_5" [attention_int8.cpp:111]   --->   Operation 119 'store' 'store_ln111' <Predicate = (!icmp_ln108 & trunc_ln108 == 5)> <Delay = 0.00>
ST_1 : Operation 120 [1/1] (0.00ns)   --->   "%br_ln111 = br void %arrayidx51.exit" [attention_int8.cpp:111]   --->   Operation 120 'br' 'br_ln111' <Predicate = (!icmp_ln108 & trunc_ln108 == 5)> <Delay = 0.00>
ST_1 : Operation 121 [1/1] (0.00ns)   --->   "%store_ln111 = store i32 0, i32 %l_state_4" [attention_int8.cpp:111]   --->   Operation 121 'store' 'store_ln111' <Predicate = (!icmp_ln108 & trunc_ln108 == 4)> <Delay = 0.00>
ST_1 : Operation 122 [1/1] (0.00ns)   --->   "%store_ln111 = store i32 -1e+30, i32 %m_state_4" [attention_int8.cpp:111]   --->   Operation 122 'store' 'store_ln111' <Predicate = (!icmp_ln108 & trunc_ln108 == 4)> <Delay = 0.00>
ST_1 : Operation 123 [1/1] (0.00ns)   --->   "%br_ln111 = br void %arrayidx51.exit" [attention_int8.cpp:111]   --->   Operation 123 'br' 'br_ln111' <Predicate = (!icmp_ln108 & trunc_ln108 == 4)> <Delay = 0.00>
ST_1 : Operation 124 [1/1] (0.00ns)   --->   "%store_ln111 = store i32 0, i32 %l_state_3" [attention_int8.cpp:111]   --->   Operation 124 'store' 'store_ln111' <Predicate = (!icmp_ln108 & trunc_ln108 == 3)> <Delay = 0.00>
ST_1 : Operation 125 [1/1] (0.00ns)   --->   "%store_ln111 = store i32 -1e+30, i32 %m_state_3" [attention_int8.cpp:111]   --->   Operation 125 'store' 'store_ln111' <Predicate = (!icmp_ln108 & trunc_ln108 == 3)> <Delay = 0.00>
ST_1 : Operation 126 [1/1] (0.00ns)   --->   "%br_ln111 = br void %arrayidx51.exit" [attention_int8.cpp:111]   --->   Operation 126 'br' 'br_ln111' <Predicate = (!icmp_ln108 & trunc_ln108 == 3)> <Delay = 0.00>
ST_1 : Operation 127 [1/1] (0.00ns)   --->   "%store_ln111 = store i32 0, i32 %l_state_2" [attention_int8.cpp:111]   --->   Operation 127 'store' 'store_ln111' <Predicate = (!icmp_ln108 & trunc_ln108 == 2)> <Delay = 0.00>
ST_1 : Operation 128 [1/1] (0.00ns)   --->   "%store_ln111 = store i32 -1e+30, i32 %m_state_2" [attention_int8.cpp:111]   --->   Operation 128 'store' 'store_ln111' <Predicate = (!icmp_ln108 & trunc_ln108 == 2)> <Delay = 0.00>
ST_1 : Operation 129 [1/1] (0.00ns)   --->   "%br_ln111 = br void %arrayidx51.exit" [attention_int8.cpp:111]   --->   Operation 129 'br' 'br_ln111' <Predicate = (!icmp_ln108 & trunc_ln108 == 2)> <Delay = 0.00>
ST_1 : Operation 130 [1/1] (0.00ns)   --->   "%store_ln110 = store i32 0, i32 %l_state_1" [attention_int8.cpp:110]   --->   Operation 130 'store' 'store_ln110' <Predicate = (!icmp_ln108 & trunc_ln108 == 1)> <Delay = 0.00>
ST_1 : Operation 131 [1/1] (0.00ns)   --->   "%store_ln110 = store i32 -1e+30, i32 %m_state_1" [attention_int8.cpp:110]   --->   Operation 131 'store' 'store_ln110' <Predicate = (!icmp_ln108 & trunc_ln108 == 1)> <Delay = 0.00>
ST_1 : Operation 132 [1/1] (0.00ns)   --->   "%br_ln110 = br void %arrayidx51.exit" [attention_int8.cpp:110]   --->   Operation 132 'br' 'br_ln110' <Predicate = (!icmp_ln108 & trunc_ln108 == 1)> <Delay = 0.00>
ST_1 : Operation 133 [1/1] (0.00ns)   --->   "%store_ln110 = store i32 0, i32 %l_state" [attention_int8.cpp:110]   --->   Operation 133 'store' 'store_ln110' <Predicate = (!icmp_ln108 & trunc_ln108 == 0)> <Delay = 0.00>
ST_1 : Operation 134 [1/1] (0.00ns)   --->   "%store_ln110 = store i32 -1e+30, i32 %m_state" [attention_int8.cpp:110]   --->   Operation 134 'store' 'store_ln110' <Predicate = (!icmp_ln108 & trunc_ln108 == 0)> <Delay = 0.00>
ST_1 : Operation 135 [1/1] (0.00ns)   --->   "%br_ln110 = br void %arrayidx51.exit" [attention_int8.cpp:110]   --->   Operation 135 'br' 'br_ln110' <Predicate = (!icmp_ln108 & trunc_ln108 == 0)> <Delay = 0.00>
ST_1 : Operation 136 [1/1] (0.00ns)   --->   "%store_ln111 = store i32 0, i32 %l_state_7" [attention_int8.cpp:111]   --->   Operation 136 'store' 'store_ln111' <Predicate = (!icmp_ln108 & trunc_ln108 == 7)> <Delay = 0.00>
ST_1 : Operation 137 [1/1] (0.00ns)   --->   "%store_ln111 = store i32 -1e+30, i32 %m_state_7" [attention_int8.cpp:111]   --->   Operation 137 'store' 'store_ln111' <Predicate = (!icmp_ln108 & trunc_ln108 == 7)> <Delay = 0.00>
ST_1 : Operation 138 [1/1] (0.00ns)   --->   "%br_ln111 = br void %arrayidx51.exit" [attention_int8.cpp:111]   --->   Operation 138 'br' 'br_ln111' <Predicate = (!icmp_ln108 & trunc_ln108 == 7)> <Delay = 0.00>
ST_1 : Operation 139 [1/1] (3.25ns)   --->   "%store_ln114 = store i32 0, i6 %O_tile_addr" [attention_int8.cpp:114]   --->   Operation 139 'store' 'store_ln114' <Predicate = (!icmp_ln108)> <Delay = 3.25> <CoreInst = "RAM">   --->   Core 82 'RAM' <Latency = 1> <II = 1> <Delay = 3.25> <Storage> <Opcode : 'load' 'store'> <Ports = 2> <Width = 32> <Depth = 64> <RAM>
ST_1 : Operation 140 [1/1] (3.25ns)   --->   "%store_ln114 = store i32 0, i6 %O_tile_1_addr" [attention_int8.cpp:114]   --->   Operation 140 'store' 'store_ln114' <Predicate = (!icmp_ln108)> <Delay = 3.25> <CoreInst = "RAM">   --->   Core 82 'RAM' <Latency = 1> <II = 1> <Delay = 3.25> <Storage> <Opcode : 'load' 'store'> <Ports = 2> <Width = 32> <Depth = 64> <RAM>
ST_1 : Operation 141 [1/1] (3.25ns)   --->   "%store_ln114 = store i32 0, i6 %O_tile_2_addr" [attention_int8.cpp:114]   --->   Operation 141 'store' 'store_ln114' <Predicate = (!icmp_ln108)> <Delay = 3.25> <CoreInst = "RAM">   --->   Core 82 'RAM' <Latency = 1> <II = 1> <Delay = 3.25> <Storage> <Opcode : 'load' 'store'> <Ports = 2> <Width = 32> <Depth = 64> <RAM>
ST_1 : Operation 142 [1/1] (3.25ns)   --->   "%store_ln114 = store i32 0, i6 %O_tile_3_addr" [attention_int8.cpp:114]   --->   Operation 142 'store' 'store_ln114' <Predicate = (!icmp_ln108)> <Delay = 3.25> <CoreInst = "RAM">   --->   Core 82 'RAM' <Latency = 1> <II = 1> <Delay = 3.25> <Storage> <Opcode : 'load' 'store'> <Ports = 2> <Width = 32> <Depth = 64> <RAM>
ST_1 : Operation 143 [1/1] (3.25ns)   --->   "%store_ln114 = store i32 0, i6 %O_tile_4_addr" [attention_int8.cpp:114]   --->   Operation 143 'store' 'store_ln114' <Predicate = (!icmp_ln108)> <Delay = 3.25> <CoreInst = "RAM">   --->   Core 82 'RAM' <Latency = 1> <II = 1> <Delay = 3.25> <Storage> <Opcode : 'load' 'store'> <Ports = 2> <Width = 32> <Depth = 64> <RAM>
ST_1 : Operation 144 [1/1] (3.25ns)   --->   "%store_ln114 = store i32 0, i6 %O_tile_5_addr" [attention_int8.cpp:114]   --->   Operation 144 'store' 'store_ln114' <Predicate = (!icmp_ln108)> <Delay = 3.25> <CoreInst = "RAM">   --->   Core 82 'RAM' <Latency = 1> <II = 1> <Delay = 3.25> <Storage> <Opcode : 'load' 'store'> <Ports = 2> <Width = 32> <Depth = 64> <RAM>
ST_1 : Operation 145 [1/1] (3.25ns)   --->   "%store_ln114 = store i32 0, i6 %O_tile_6_addr" [attention_int8.cpp:114]   --->   Operation 145 'store' 'store_ln114' <Predicate = (!icmp_ln108)> <Delay = 3.25> <CoreInst = "RAM">   --->   Core 82 'RAM' <Latency = 1> <II = 1> <Delay = 3.25> <Storage> <Opcode : 'load' 'store'> <Ports = 2> <Width = 32> <Depth = 64> <RAM>
ST_1 : Operation 146 [1/1] (3.25ns)   --->   "%store_ln114 = store i32 0, i6 %O_tile_7_addr" [attention_int8.cpp:114]   --->   Operation 146 'store' 'store_ln114' <Predicate = (!icmp_ln108)> <Delay = 3.25> <CoreInst = "RAM">   --->   Core 82 'RAM' <Latency = 1> <II = 1> <Delay = 3.25> <Storage> <Opcode : 'load' 'store'> <Ports = 2> <Width = 32> <Depth = 64> <RAM>
ST_1 : Operation 147 [1/1] (3.25ns)   --->   "%store_ln114 = store i32 0, i6 %O_tile_addr_1" [attention_int8.cpp:114]   --->   Operation 147 'store' 'store_ln114' <Predicate = (!icmp_ln108)> <Delay = 3.25> <CoreInst = "RAM">   --->   Core 82 'RAM' <Latency = 1> <II = 1> <Delay = 3.25> <Storage> <Opcode : 'load' 'store'> <Ports = 2> <Width = 32> <Depth = 64> <RAM>
ST_1 : Operation 148 [1/1] (3.25ns)   --->   "%store_ln114 = store i32 0, i6 %O_tile_1_addr_1" [attention_int8.cpp:114]   --->   Operation 148 'store' 'store_ln114' <Predicate = (!icmp_ln108)> <Delay = 3.25> <CoreInst = "RAM">   --->   Core 82 'RAM' <Latency = 1> <II = 1> <Delay = 3.25> <Storage> <Opcode : 'load' 'store'> <Ports = 2> <Width = 32> <Depth = 64> <RAM>
ST_1 : Operation 149 [1/1] (3.25ns)   --->   "%store_ln114 = store i32 0, i6 %O_tile_2_addr_1" [attention_int8.cpp:114]   --->   Operation 149 'store' 'store_ln114' <Predicate = (!icmp_ln108)> <Delay = 3.25> <CoreInst = "RAM">   --->   Core 82 'RAM' <Latency = 1> <II = 1> <Delay = 3.25> <Storage> <Opcode : 'load' 'store'> <Ports = 2> <Width = 32> <Depth = 64> <RAM>
ST_1 : Operation 150 [1/1] (3.25ns)   --->   "%store_ln114 = store i32 0, i6 %O_tile_3_addr_1" [attention_int8.cpp:114]   --->   Operation 150 'store' 'store_ln114' <Predicate = (!icmp_ln108)> <Delay = 3.25> <CoreInst = "RAM">   --->   Core 82 'RAM' <Latency = 1> <II = 1> <Delay = 3.25> <Storage> <Opcode : 'load' 'store'> <Ports = 2> <Width = 32> <Depth = 64> <RAM>
ST_1 : Operation 151 [1/1] (3.25ns)   --->   "%store_ln114 = store i32 0, i6 %O_tile_4_addr_1" [attention_int8.cpp:114]   --->   Operation 151 'store' 'store_ln114' <Predicate = (!icmp_ln108)> <Delay = 3.25> <CoreInst = "RAM">   --->   Core 82 'RAM' <Latency = 1> <II = 1> <Delay = 3.25> <Storage> <Opcode : 'load' 'store'> <Ports = 2> <Width = 32> <Depth = 64> <RAM>
ST_1 : Operation 152 [1/1] (3.25ns)   --->   "%store_ln114 = store i32 0, i6 %O_tile_5_addr_1" [attention_int8.cpp:114]   --->   Operation 152 'store' 'store_ln114' <Predicate = (!icmp_ln108)> <Delay = 3.25> <CoreInst = "RAM">   --->   Core 82 'RAM' <Latency = 1> <II = 1> <Delay = 3.25> <Storage> <Opcode : 'load' 'store'> <Ports = 2> <Width = 32> <Depth = 64> <RAM>
ST_1 : Operation 153 [1/1] (3.25ns)   --->   "%store_ln114 = store i32 0, i6 %O_tile_6_addr_1" [attention_int8.cpp:114]   --->   Operation 153 'store' 'store_ln114' <Predicate = (!icmp_ln108)> <Delay = 3.25> <CoreInst = "RAM">   --->   Core 82 'RAM' <Latency = 1> <II = 1> <Delay = 3.25> <Storage> <Opcode : 'load' 'store'> <Ports = 2> <Width = 32> <Depth = 64> <RAM>
ST_1 : Operation 154 [1/1] (3.25ns)   --->   "%store_ln114 = store i32 0, i6 %O_tile_7_addr_1" [attention_int8.cpp:114]   --->   Operation 154 'store' 'store_ln114' <Predicate = (!icmp_ln108)> <Delay = 3.25> <CoreInst = "RAM">   --->   Core 82 'RAM' <Latency = 1> <II = 1> <Delay = 3.25> <Storage> <Opcode : 'load' 'store'> <Ports = 2> <Width = 32> <Depth = 64> <RAM>
ST_1 : Operation 155 [1/1] (1.61ns)   --->   "%store_ln108 = store i4 %add_ln108, i4 %i_1" [attention_int8.cpp:108]   --->   Operation 155 'store' 'store_ln108' <Predicate = (!icmp_ln108)> <Delay = 1.61>
ST_1 : Operation 205 [1/1] (0.00ns)   --->   "%m_state_load = load i32 %m_state"   --->   Operation 205 'load' 'm_state_load' <Predicate = (icmp_ln108)> <Delay = 0.00>
ST_1 : Operation 206 [1/1] (0.00ns)   --->   "%m_state_1_load = load i32 %m_state_1"   --->   Operation 206 'load' 'm_state_1_load' <Predicate = (icmp_ln108)> <Delay = 0.00>
ST_1 : Operation 207 [1/1] (0.00ns)   --->   "%m_state_2_load = load i32 %m_state_2"   --->   Operation 207 'load' 'm_state_2_load' <Predicate = (icmp_ln108)> <Delay = 0.00>
ST_1 : Operation 208 [1/1] (0.00ns)   --->   "%m_state_3_load = load i32 %m_state_3"   --->   Operation 208 'load' 'm_state_3_load' <Predicate = (icmp_ln108)> <Delay = 0.00>
ST_1 : Operation 209 [1/1] (0.00ns)   --->   "%m_state_4_load = load i32 %m_state_4"   --->   Operation 209 'load' 'm_state_4_load' <Predicate = (icmp_ln108)> <Delay = 0.00>
ST_1 : Operation 210 [1/1] (0.00ns)   --->   "%m_state_5_load = load i32 %m_state_5"   --->   Operation 210 'load' 'm_state_5_load' <Predicate = (icmp_ln108)> <Delay = 0.00>
ST_1 : Operation 211 [1/1] (0.00ns)   --->   "%m_state_6_load = load i32 %m_state_6"   --->   Operation 211 'load' 'm_state_6_load' <Predicate = (icmp_ln108)> <Delay = 0.00>
ST_1 : Operation 212 [1/1] (0.00ns)   --->   "%m_state_7_load = load i32 %m_state_7"   --->   Operation 212 'load' 'm_state_7_load' <Predicate = (icmp_ln108)> <Delay = 0.00>
ST_1 : Operation 213 [1/1] (0.00ns)   --->   "%l_state_load = load i32 %l_state"   --->   Operation 213 'load' 'l_state_load' <Predicate = (icmp_ln108)> <Delay = 0.00>
ST_1 : Operation 214 [1/1] (0.00ns)   --->   "%l_state_1_load = load i32 %l_state_1"   --->   Operation 214 'load' 'l_state_1_load' <Predicate = (icmp_ln108)> <Delay = 0.00>
ST_1 : Operation 215 [1/1] (0.00ns)   --->   "%l_state_2_load = load i32 %l_state_2"   --->   Operation 215 'load' 'l_state_2_load' <Predicate = (icmp_ln108)> <Delay = 0.00>
ST_1 : Operation 216 [1/1] (0.00ns)   --->   "%l_state_3_load = load i32 %l_state_3"   --->   Operation 216 'load' 'l_state_3_load' <Predicate = (icmp_ln108)> <Delay = 0.00>
ST_1 : Operation 217 [1/1] (0.00ns)   --->   "%l_state_4_load = load i32 %l_state_4"   --->   Operation 217 'load' 'l_state_4_load' <Predicate = (icmp_ln108)> <Delay = 0.00>
ST_1 : Operation 218 [1/1] (0.00ns)   --->   "%l_state_5_load = load i32 %l_state_5"   --->   Operation 218 'load' 'l_state_5_load' <Predicate = (icmp_ln108)> <Delay = 0.00>
ST_1 : Operation 219 [1/1] (0.00ns)   --->   "%l_state_6_load = load i32 %l_state_6"   --->   Operation 219 'load' 'l_state_6_load' <Predicate = (icmp_ln108)> <Delay = 0.00>
ST_1 : Operation 220 [1/1] (0.00ns)   --->   "%l_state_7_load = load i32 %l_state_7"   --->   Operation 220 'load' 'l_state_7_load' <Predicate = (icmp_ln108)> <Delay = 0.00>
ST_1 : Operation 221 [1/1] (0.00ns)   --->   "%write_ln0 = write void @_ssdm_op_Write.ap_auto.floatP0A, i32 %l_state_7_out, i32 %l_state_7_load"   --->   Operation 221 'write' 'write_ln0' <Predicate = (icmp_ln108)> <Delay = 0.00>
ST_1 : Operation 222 [1/1] (0.00ns)   --->   "%write_ln0 = write void @_ssdm_op_Write.ap_auto.floatP0A, i32 %l_state_6_out, i32 %l_state_6_load"   --->   Operation 222 'write' 'write_ln0' <Predicate = (icmp_ln108)> <Delay = 0.00>
ST_1 : Operation 223 [1/1] (0.00ns)   --->   "%write_ln0 = write void @_ssdm_op_Write.ap_auto.floatP0A, i32 %l_state_5_out, i32 %l_state_5_load"   --->   Operation 223 'write' 'write_ln0' <Predicate = (icmp_ln108)> <Delay = 0.00>
ST_1 : Operation 224 [1/1] (0.00ns)   --->   "%write_ln0 = write void @_ssdm_op_Write.ap_auto.floatP0A, i32 %l_state_4_out, i32 %l_state_4_load"   --->   Operation 224 'write' 'write_ln0' <Predicate = (icmp_ln108)> <Delay = 0.00>
ST_1 : Operation 225 [1/1] (0.00ns)   --->   "%write_ln0 = write void @_ssdm_op_Write.ap_auto.floatP0A, i32 %l_state_3_out, i32 %l_state_3_load"   --->   Operation 225 'write' 'write_ln0' <Predicate = (icmp_ln108)> <Delay = 0.00>
ST_1 : Operation 226 [1/1] (0.00ns)   --->   "%write_ln0 = write void @_ssdm_op_Write.ap_auto.floatP0A, i32 %l_state_2_out, i32 %l_state_2_load"   --->   Operation 226 'write' 'write_ln0' <Predicate = (icmp_ln108)> <Delay = 0.00>
ST_1 : Operation 227 [1/1] (0.00ns)   --->   "%write_ln0 = write void @_ssdm_op_Write.ap_auto.floatP0A, i32 %l_state_1_out, i32 %l_state_1_load"   --->   Operation 227 'write' 'write_ln0' <Predicate = (icmp_ln108)> <Delay = 0.00>
ST_1 : Operation 228 [1/1] (0.00ns)   --->   "%write_ln0 = write void @_ssdm_op_Write.ap_auto.floatP0A, i32 %l_state_out, i32 %l_state_load"   --->   Operation 228 'write' 'write_ln0' <Predicate = (icmp_ln108)> <Delay = 0.00>
ST_1 : Operation 229 [1/1] (0.00ns)   --->   "%write_ln0 = write void @_ssdm_op_Write.ap_auto.floatP0A, i32 %m_state_7_out, i32 %m_state_7_load"   --->   Operation 229 'write' 'write_ln0' <Predicate = (icmp_ln108)> <Delay = 0.00>
ST_1 : Operation 230 [1/1] (0.00ns)   --->   "%write_ln0 = write void @_ssdm_op_Write.ap_auto.floatP0A, i32 %m_state_6_out, i32 %m_state_6_load"   --->   Operation 230 'write' 'write_ln0' <Predicate = (icmp_ln108)> <Delay = 0.00>
ST_1 : Operation 231 [1/1] (0.00ns)   --->   "%write_ln0 = write void @_ssdm_op_Write.ap_auto.floatP0A, i32 %m_state_5_out, i32 %m_state_5_load"   --->   Operation 231 'write' 'write_ln0' <Predicate = (icmp_ln108)> <Delay = 0.00>
ST_1 : Operation 232 [1/1] (0.00ns)   --->   "%write_ln0 = write void @_ssdm_op_Write.ap_auto.floatP0A, i32 %m_state_4_out, i32 %m_state_4_load"   --->   Operation 232 'write' 'write_ln0' <Predicate = (icmp_ln108)> <Delay = 0.00>
ST_1 : Operation 233 [1/1] (0.00ns)   --->   "%write_ln0 = write void @_ssdm_op_Write.ap_auto.floatP0A, i32 %m_state_3_out, i32 %m_state_3_load"   --->   Operation 233 'write' 'write_ln0' <Predicate = (icmp_ln108)> <Delay = 0.00>
ST_1 : Operation 234 [1/1] (0.00ns)   --->   "%write_ln0 = write void @_ssdm_op_Write.ap_auto.floatP0A, i32 %m_state_2_out, i32 %m_state_2_load"   --->   Operation 234 'write' 'write_ln0' <Predicate = (icmp_ln108)> <Delay = 0.00>
ST_1 : Operation 235 [1/1] (0.00ns)   --->   "%write_ln0 = write void @_ssdm_op_Write.ap_auto.floatP0A, i32 %m_state_1_out, i32 %m_state_1_load"   --->   Operation 235 'write' 'write_ln0' <Predicate = (icmp_ln108)> <Delay = 0.00>
ST_1 : Operation 236 [1/1] (0.00ns)   --->   "%write_ln0 = write void @_ssdm_op_Write.ap_auto.floatP0A, i32 %m_state_out, i32 %m_state_load"   --->   Operation 236 'write' 'write_ln0' <Predicate = (icmp_ln108)> <Delay = 0.00>
ST_1 : Operation 237 [1/1] (0.00ns)   --->   "%ret_ln0 = ret"   --->   Operation 237 'ret' 'ret_ln0' <Predicate = (icmp_ln108)> <Delay = 0.00>

State 2 <SV = 1> <Delay = 3.25>
ST_2 : Operation 156 [1/1] (3.25ns)   --->   "%store_ln114 = store i32 0, i6 %O_tile_addr_2" [attention_int8.cpp:114]   --->   Operation 156 'store' 'store_ln114' <Predicate = true> <Delay = 3.25> <CoreInst = "RAM">   --->   Core 82 'RAM' <Latency = 1> <II = 1> <Delay = 3.25> <Storage> <Opcode : 'load' 'store'> <Ports = 2> <Width = 32> <Depth = 64> <RAM>
ST_2 : Operation 157 [1/1] (3.25ns)   --->   "%store_ln114 = store i32 0, i6 %O_tile_1_addr_2" [attention_int8.cpp:114]   --->   Operation 157 'store' 'store_ln114' <Predicate = true> <Delay = 3.25> <CoreInst = "RAM">   --->   Core 82 'RAM' <Latency = 1> <II = 1> <Delay = 3.25> <Storage> <Opcode : 'load' 'store'> <Ports = 2> <Width = 32> <Depth = 64> <RAM>
ST_2 : Operation 158 [1/1] (3.25ns)   --->   "%store_ln114 = store i32 0, i6 %O_tile_2_addr_2" [attention_int8.cpp:114]   --->   Operation 158 'store' 'store_ln114' <Predicate = true> <Delay = 3.25> <CoreInst = "RAM">   --->   Core 82 'RAM' <Latency = 1> <II = 1> <Delay = 3.25> <Storage> <Opcode : 'load' 'store'> <Ports = 2> <Width = 32> <Depth = 64> <RAM>
ST_2 : Operation 159 [1/1] (3.25ns)   --->   "%store_ln114 = store i32 0, i6 %O_tile_3_addr_2" [attention_int8.cpp:114]   --->   Operation 159 'store' 'store_ln114' <Predicate = true> <Delay = 3.25> <CoreInst = "RAM">   --->   Core 82 'RAM' <Latency = 1> <II = 1> <Delay = 3.25> <Storage> <Opcode : 'load' 'store'> <Ports = 2> <Width = 32> <Depth = 64> <RAM>
ST_2 : Operation 160 [1/1] (3.25ns)   --->   "%store_ln114 = store i32 0, i6 %O_tile_4_addr_2" [attention_int8.cpp:114]   --->   Operation 160 'store' 'store_ln114' <Predicate = true> <Delay = 3.25> <CoreInst = "RAM">   --->   Core 82 'RAM' <Latency = 1> <II = 1> <Delay = 3.25> <Storage> <Opcode : 'load' 'store'> <Ports = 2> <Width = 32> <Depth = 64> <RAM>
ST_2 : Operation 161 [1/1] (3.25ns)   --->   "%store_ln114 = store i32 0, i6 %O_tile_5_addr_2" [attention_int8.cpp:114]   --->   Operation 161 'store' 'store_ln114' <Predicate = true> <Delay = 3.25> <CoreInst = "RAM">   --->   Core 82 'RAM' <Latency = 1> <II = 1> <Delay = 3.25> <Storage> <Opcode : 'load' 'store'> <Ports = 2> <Width = 32> <Depth = 64> <RAM>
ST_2 : Operation 162 [1/1] (3.25ns)   --->   "%store_ln114 = store i32 0, i6 %O_tile_6_addr_2" [attention_int8.cpp:114]   --->   Operation 162 'store' 'store_ln114' <Predicate = true> <Delay = 3.25> <CoreInst = "RAM">   --->   Core 82 'RAM' <Latency = 1> <II = 1> <Delay = 3.25> <Storage> <Opcode : 'load' 'store'> <Ports = 2> <Width = 32> <Depth = 64> <RAM>
ST_2 : Operation 163 [1/1] (3.25ns)   --->   "%store_ln114 = store i32 0, i6 %O_tile_7_addr_2" [attention_int8.cpp:114]   --->   Operation 163 'store' 'store_ln114' <Predicate = true> <Delay = 3.25> <CoreInst = "RAM">   --->   Core 82 'RAM' <Latency = 1> <II = 1> <Delay = 3.25> <Storage> <Opcode : 'load' 'store'> <Ports = 2> <Width = 32> <Depth = 64> <RAM>
ST_2 : Operation 164 [1/1] (3.25ns)   --->   "%store_ln114 = store i32 0, i6 %O_tile_addr_3" [attention_int8.cpp:114]   --->   Operation 164 'store' 'store_ln114' <Predicate = true> <Delay = 3.25> <CoreInst = "RAM">   --->   Core 82 'RAM' <Latency = 1> <II = 1> <Delay = 3.25> <Storage> <Opcode : 'load' 'store'> <Ports = 2> <Width = 32> <Depth = 64> <RAM>
ST_2 : Operation 165 [1/1] (3.25ns)   --->   "%store_ln114 = store i32 0, i6 %O_tile_1_addr_3" [attention_int8.cpp:114]   --->   Operation 165 'store' 'store_ln114' <Predicate = true> <Delay = 3.25> <CoreInst = "RAM">   --->   Core 82 'RAM' <Latency = 1> <II = 1> <Delay = 3.25> <Storage> <Opcode : 'load' 'store'> <Ports = 2> <Width = 32> <Depth = 64> <RAM>
ST_2 : Operation 166 [1/1] (3.25ns)   --->   "%store_ln114 = store i32 0, i6 %O_tile_2_addr_3" [attention_int8.cpp:114]   --->   Operation 166 'store' 'store_ln114' <Predicate = true> <Delay = 3.25> <CoreInst = "RAM">   --->   Core 82 'RAM' <Latency = 1> <II = 1> <Delay = 3.25> <Storage> <Opcode : 'load' 'store'> <Ports = 2> <Width = 32> <Depth = 64> <RAM>
ST_2 : Operation 167 [1/1] (3.25ns)   --->   "%store_ln114 = store i32 0, i6 %O_tile_3_addr_3" [attention_int8.cpp:114]   --->   Operation 167 'store' 'store_ln114' <Predicate = true> <Delay = 3.25> <CoreInst = "RAM">   --->   Core 82 'RAM' <Latency = 1> <II = 1> <Delay = 3.25> <Storage> <Opcode : 'load' 'store'> <Ports = 2> <Width = 32> <Depth = 64> <RAM>
ST_2 : Operation 168 [1/1] (3.25ns)   --->   "%store_ln114 = store i32 0, i6 %O_tile_4_addr_3" [attention_int8.cpp:114]   --->   Operation 168 'store' 'store_ln114' <Predicate = true> <Delay = 3.25> <CoreInst = "RAM">   --->   Core 82 'RAM' <Latency = 1> <II = 1> <Delay = 3.25> <Storage> <Opcode : 'load' 'store'> <Ports = 2> <Width = 32> <Depth = 64> <RAM>
ST_2 : Operation 169 [1/1] (3.25ns)   --->   "%store_ln114 = store i32 0, i6 %O_tile_5_addr_3" [attention_int8.cpp:114]   --->   Operation 169 'store' 'store_ln114' <Predicate = true> <Delay = 3.25> <CoreInst = "RAM">   --->   Core 82 'RAM' <Latency = 1> <II = 1> <Delay = 3.25> <Storage> <Opcode : 'load' 'store'> <Ports = 2> <Width = 32> <Depth = 64> <RAM>
ST_2 : Operation 170 [1/1] (3.25ns)   --->   "%store_ln114 = store i32 0, i6 %O_tile_6_addr_3" [attention_int8.cpp:114]   --->   Operation 170 'store' 'store_ln114' <Predicate = true> <Delay = 3.25> <CoreInst = "RAM">   --->   Core 82 'RAM' <Latency = 1> <II = 1> <Delay = 3.25> <Storage> <Opcode : 'load' 'store'> <Ports = 2> <Width = 32> <Depth = 64> <RAM>
ST_2 : Operation 171 [1/1] (3.25ns)   --->   "%store_ln114 = store i32 0, i6 %O_tile_7_addr_3" [attention_int8.cpp:114]   --->   Operation 171 'store' 'store_ln114' <Predicate = true> <Delay = 3.25> <CoreInst = "RAM">   --->   Core 82 'RAM' <Latency = 1> <II = 1> <Delay = 3.25> <Storage> <Opcode : 'load' 'store'> <Ports = 2> <Width = 32> <Depth = 64> <RAM>

State 3 <SV = 2> <Delay = 3.25>
ST_3 : Operation 172 [1/1] (3.25ns)   --->   "%store_ln114 = store i32 0, i6 %O_tile_addr_4" [attention_int8.cpp:114]   --->   Operation 172 'store' 'store_ln114' <Predicate = true> <Delay = 3.25> <CoreInst = "RAM">   --->   Core 82 'RAM' <Latency = 1> <II = 1> <Delay = 3.25> <Storage> <Opcode : 'load' 'store'> <Ports = 2> <Width = 32> <Depth = 64> <RAM>
ST_3 : Operation 173 [1/1] (3.25ns)   --->   "%store_ln114 = store i32 0, i6 %O_tile_1_addr_4" [attention_int8.cpp:114]   --->   Operation 173 'store' 'store_ln114' <Predicate = true> <Delay = 3.25> <CoreInst = "RAM">   --->   Core 82 'RAM' <Latency = 1> <II = 1> <Delay = 3.25> <Storage> <Opcode : 'load' 'store'> <Ports = 2> <Width = 32> <Depth = 64> <RAM>
ST_3 : Operation 174 [1/1] (3.25ns)   --->   "%store_ln114 = store i32 0, i6 %O_tile_2_addr_4" [attention_int8.cpp:114]   --->   Operation 174 'store' 'store_ln114' <Predicate = true> <Delay = 3.25> <CoreInst = "RAM">   --->   Core 82 'RAM' <Latency = 1> <II = 1> <Delay = 3.25> <Storage> <Opcode : 'load' 'store'> <Ports = 2> <Width = 32> <Depth = 64> <RAM>
ST_3 : Operation 175 [1/1] (3.25ns)   --->   "%store_ln114 = store i32 0, i6 %O_tile_3_addr_4" [attention_int8.cpp:114]   --->   Operation 175 'store' 'store_ln114' <Predicate = true> <Delay = 3.25> <CoreInst = "RAM">   --->   Core 82 'RAM' <Latency = 1> <II = 1> <Delay = 3.25> <Storage> <Opcode : 'load' 'store'> <Ports = 2> <Width = 32> <Depth = 64> <RAM>
ST_3 : Operation 176 [1/1] (3.25ns)   --->   "%store_ln114 = store i32 0, i6 %O_tile_4_addr_4" [attention_int8.cpp:114]   --->   Operation 176 'store' 'store_ln114' <Predicate = true> <Delay = 3.25> <CoreInst = "RAM">   --->   Core 82 'RAM' <Latency = 1> <II = 1> <Delay = 3.25> <Storage> <Opcode : 'load' 'store'> <Ports = 2> <Width = 32> <Depth = 64> <RAM>
ST_3 : Operation 177 [1/1] (3.25ns)   --->   "%store_ln114 = store i32 0, i6 %O_tile_5_addr_4" [attention_int8.cpp:114]   --->   Operation 177 'store' 'store_ln114' <Predicate = true> <Delay = 3.25> <CoreInst = "RAM">   --->   Core 82 'RAM' <Latency = 1> <II = 1> <Delay = 3.25> <Storage> <Opcode : 'load' 'store'> <Ports = 2> <Width = 32> <Depth = 64> <RAM>
ST_3 : Operation 178 [1/1] (3.25ns)   --->   "%store_ln114 = store i32 0, i6 %O_tile_6_addr_4" [attention_int8.cpp:114]   --->   Operation 178 'store' 'store_ln114' <Predicate = true> <Delay = 3.25> <CoreInst = "RAM">   --->   Core 82 'RAM' <Latency = 1> <II = 1> <Delay = 3.25> <Storage> <Opcode : 'load' 'store'> <Ports = 2> <Width = 32> <Depth = 64> <RAM>
ST_3 : Operation 179 [1/1] (3.25ns)   --->   "%store_ln114 = store i32 0, i6 %O_tile_7_addr_4" [attention_int8.cpp:114]   --->   Operation 179 'store' 'store_ln114' <Predicate = true> <Delay = 3.25> <CoreInst = "RAM">   --->   Core 82 'RAM' <Latency = 1> <II = 1> <Delay = 3.25> <Storage> <Opcode : 'load' 'store'> <Ports = 2> <Width = 32> <Depth = 64> <RAM>
ST_3 : Operation 180 [1/1] (3.25ns)   --->   "%store_ln114 = store i32 0, i6 %O_tile_addr_5" [attention_int8.cpp:114]   --->   Operation 180 'store' 'store_ln114' <Predicate = true> <Delay = 3.25> <CoreInst = "RAM">   --->   Core 82 'RAM' <Latency = 1> <II = 1> <Delay = 3.25> <Storage> <Opcode : 'load' 'store'> <Ports = 2> <Width = 32> <Depth = 64> <RAM>
ST_3 : Operation 181 [1/1] (3.25ns)   --->   "%store_ln114 = store i32 0, i6 %O_tile_1_addr_5" [attention_int8.cpp:114]   --->   Operation 181 'store' 'store_ln114' <Predicate = true> <Delay = 3.25> <CoreInst = "RAM">   --->   Core 82 'RAM' <Latency = 1> <II = 1> <Delay = 3.25> <Storage> <Opcode : 'load' 'store'> <Ports = 2> <Width = 32> <Depth = 64> <RAM>
ST_3 : Operation 182 [1/1] (3.25ns)   --->   "%store_ln114 = store i32 0, i6 %O_tile_2_addr_5" [attention_int8.cpp:114]   --->   Operation 182 'store' 'store_ln114' <Predicate = true> <Delay = 3.25> <CoreInst = "RAM">   --->   Core 82 'RAM' <Latency = 1> <II = 1> <Delay = 3.25> <Storage> <Opcode : 'load' 'store'> <Ports = 2> <Width = 32> <Depth = 64> <RAM>
ST_3 : Operation 183 [1/1] (3.25ns)   --->   "%store_ln114 = store i32 0, i6 %O_tile_3_addr_5" [attention_int8.cpp:114]   --->   Operation 183 'store' 'store_ln114' <Predicate = true> <Delay = 3.25> <CoreInst = "RAM">   --->   Core 82 'RAM' <Latency = 1> <II = 1> <Delay = 3.25> <Storage> <Opcode : 'load' 'store'> <Ports = 2> <Width = 32> <Depth = 64> <RAM>
ST_3 : Operation 184 [1/1] (3.25ns)   --->   "%store_ln114 = store i32 0, i6 %O_tile_4_addr_5" [attention_int8.cpp:114]   --->   Operation 184 'store' 'store_ln114' <Predicate = true> <Delay = 3.25> <CoreInst = "RAM">   --->   Core 82 'RAM' <Latency = 1> <II = 1> <Delay = 3.25> <Storage> <Opcode : 'load' 'store'> <Ports = 2> <Width = 32> <Depth = 64> <RAM>
ST_3 : Operation 185 [1/1] (3.25ns)   --->   "%store_ln114 = store i32 0, i6 %O_tile_5_addr_5" [attention_int8.cpp:114]   --->   Operation 185 'store' 'store_ln114' <Predicate = true> <Delay = 3.25> <CoreInst = "RAM">   --->   Core 82 'RAM' <Latency = 1> <II = 1> <Delay = 3.25> <Storage> <Opcode : 'load' 'store'> <Ports = 2> <Width = 32> <Depth = 64> <RAM>
ST_3 : Operation 186 [1/1] (3.25ns)   --->   "%store_ln114 = store i32 0, i6 %O_tile_6_addr_5" [attention_int8.cpp:114]   --->   Operation 186 'store' 'store_ln114' <Predicate = true> <Delay = 3.25> <CoreInst = "RAM">   --->   Core 82 'RAM' <Latency = 1> <II = 1> <Delay = 3.25> <Storage> <Opcode : 'load' 'store'> <Ports = 2> <Width = 32> <Depth = 64> <RAM>
ST_3 : Operation 187 [1/1] (3.25ns)   --->   "%store_ln114 = store i32 0, i6 %O_tile_7_addr_5" [attention_int8.cpp:114]   --->   Operation 187 'store' 'store_ln114' <Predicate = true> <Delay = 3.25> <CoreInst = "RAM">   --->   Core 82 'RAM' <Latency = 1> <II = 1> <Delay = 3.25> <Storage> <Opcode : 'load' 'store'> <Ports = 2> <Width = 32> <Depth = 64> <RAM>

State 4 <SV = 3> <Delay = 3.25>
ST_4 : Operation 188 [1/1] (3.25ns)   --->   "%store_ln114 = store i32 0, i6 %O_tile_addr_6" [attention_int8.cpp:114]   --->   Operation 188 'store' 'store_ln114' <Predicate = true> <Delay = 3.25> <CoreInst = "RAM">   --->   Core 82 'RAM' <Latency = 1> <II = 1> <Delay = 3.25> <Storage> <Opcode : 'load' 'store'> <Ports = 2> <Width = 32> <Depth = 64> <RAM>
ST_4 : Operation 189 [1/1] (3.25ns)   --->   "%store_ln114 = store i32 0, i6 %O_tile_1_addr_6" [attention_int8.cpp:114]   --->   Operation 189 'store' 'store_ln114' <Predicate = true> <Delay = 3.25> <CoreInst = "RAM">   --->   Core 82 'RAM' <Latency = 1> <II = 1> <Delay = 3.25> <Storage> <Opcode : 'load' 'store'> <Ports = 2> <Width = 32> <Depth = 64> <RAM>
ST_4 : Operation 190 [1/1] (3.25ns)   --->   "%store_ln114 = store i32 0, i6 %O_tile_2_addr_6" [attention_int8.cpp:114]   --->   Operation 190 'store' 'store_ln114' <Predicate = true> <Delay = 3.25> <CoreInst = "RAM">   --->   Core 82 'RAM' <Latency = 1> <II = 1> <Delay = 3.25> <Storage> <Opcode : 'load' 'store'> <Ports = 2> <Width = 32> <Depth = 64> <RAM>
ST_4 : Operation 191 [1/1] (3.25ns)   --->   "%store_ln114 = store i32 0, i6 %O_tile_3_addr_6" [attention_int8.cpp:114]   --->   Operation 191 'store' 'store_ln114' <Predicate = true> <Delay = 3.25> <CoreInst = "RAM">   --->   Core 82 'RAM' <Latency = 1> <II = 1> <Delay = 3.25> <Storage> <Opcode : 'load' 'store'> <Ports = 2> <Width = 32> <Depth = 64> <RAM>
ST_4 : Operation 192 [1/1] (3.25ns)   --->   "%store_ln114 = store i32 0, i6 %O_tile_4_addr_6" [attention_int8.cpp:114]   --->   Operation 192 'store' 'store_ln114' <Predicate = true> <Delay = 3.25> <CoreInst = "RAM">   --->   Core 82 'RAM' <Latency = 1> <II = 1> <Delay = 3.25> <Storage> <Opcode : 'load' 'store'> <Ports = 2> <Width = 32> <Depth = 64> <RAM>
ST_4 : Operation 193 [1/1] (3.25ns)   --->   "%store_ln114 = store i32 0, i6 %O_tile_5_addr_6" [attention_int8.cpp:114]   --->   Operation 193 'store' 'store_ln114' <Predicate = true> <Delay = 3.25> <CoreInst = "RAM">   --->   Core 82 'RAM' <Latency = 1> <II = 1> <Delay = 3.25> <Storage> <Opcode : 'load' 'store'> <Ports = 2> <Width = 32> <Depth = 64> <RAM>
ST_4 : Operation 194 [1/1] (3.25ns)   --->   "%store_ln114 = store i32 0, i6 %O_tile_6_addr_6" [attention_int8.cpp:114]   --->   Operation 194 'store' 'store_ln114' <Predicate = true> <Delay = 3.25> <CoreInst = "RAM">   --->   Core 82 'RAM' <Latency = 1> <II = 1> <Delay = 3.25> <Storage> <Opcode : 'load' 'store'> <Ports = 2> <Width = 32> <Depth = 64> <RAM>
ST_4 : Operation 195 [1/1] (3.25ns)   --->   "%store_ln114 = store i32 0, i6 %O_tile_7_addr_6" [attention_int8.cpp:114]   --->   Operation 195 'store' 'store_ln114' <Predicate = true> <Delay = 3.25> <CoreInst = "RAM">   --->   Core 82 'RAM' <Latency = 1> <II = 1> <Delay = 3.25> <Storage> <Opcode : 'load' 'store'> <Ports = 2> <Width = 32> <Depth = 64> <RAM>
ST_4 : Operation 196 [1/1] (3.25ns)   --->   "%store_ln114 = store i32 0, i6 %O_tile_addr_7" [attention_int8.cpp:114]   --->   Operation 196 'store' 'store_ln114' <Predicate = true> <Delay = 3.25> <CoreInst = "RAM">   --->   Core 82 'RAM' <Latency = 1> <II = 1> <Delay = 3.25> <Storage> <Opcode : 'load' 'store'> <Ports = 2> <Width = 32> <Depth = 64> <RAM>
ST_4 : Operation 197 [1/1] (3.25ns)   --->   "%store_ln114 = store i32 0, i6 %O_tile_1_addr_7" [attention_int8.cpp:114]   --->   Operation 197 'store' 'store_ln114' <Predicate = true> <Delay = 3.25> <CoreInst = "RAM">   --->   Core 82 'RAM' <Latency = 1> <II = 1> <Delay = 3.25> <Storage> <Opcode : 'load' 'store'> <Ports = 2> <Width = 32> <Depth = 64> <RAM>
ST_4 : Operation 198 [1/1] (3.25ns)   --->   "%store_ln114 = store i32 0, i6 %O_tile_2_addr_7" [attention_int8.cpp:114]   --->   Operation 198 'store' 'store_ln114' <Predicate = true> <Delay = 3.25> <CoreInst = "RAM">   --->   Core 82 'RAM' <Latency = 1> <II = 1> <Delay = 3.25> <Storage> <Opcode : 'load' 'store'> <Ports = 2> <Width = 32> <Depth = 64> <RAM>
ST_4 : Operation 199 [1/1] (3.25ns)   --->   "%store_ln114 = store i32 0, i6 %O_tile_3_addr_7" [attention_int8.cpp:114]   --->   Operation 199 'store' 'store_ln114' <Predicate = true> <Delay = 3.25> <CoreInst = "RAM">   --->   Core 82 'RAM' <Latency = 1> <II = 1> <Delay = 3.25> <Storage> <Opcode : 'load' 'store'> <Ports = 2> <Width = 32> <Depth = 64> <RAM>
ST_4 : Operation 200 [1/1] (3.25ns)   --->   "%store_ln114 = store i32 0, i6 %O_tile_4_addr_7" [attention_int8.cpp:114]   --->   Operation 200 'store' 'store_ln114' <Predicate = true> <Delay = 3.25> <CoreInst = "RAM">   --->   Core 82 'RAM' <Latency = 1> <II = 1> <Delay = 3.25> <Storage> <Opcode : 'load' 'store'> <Ports = 2> <Width = 32> <Depth = 64> <RAM>
ST_4 : Operation 201 [1/1] (3.25ns)   --->   "%store_ln114 = store i32 0, i6 %O_tile_5_addr_7" [attention_int8.cpp:114]   --->   Operation 201 'store' 'store_ln114' <Predicate = true> <Delay = 3.25> <CoreInst = "RAM">   --->   Core 82 'RAM' <Latency = 1> <II = 1> <Delay = 3.25> <Storage> <Opcode : 'load' 'store'> <Ports = 2> <Width = 32> <Depth = 64> <RAM>
ST_4 : Operation 202 [1/1] (3.25ns)   --->   "%store_ln114 = store i32 0, i6 %O_tile_6_addr_7" [attention_int8.cpp:114]   --->   Operation 202 'store' 'store_ln114' <Predicate = true> <Delay = 3.25> <CoreInst = "RAM">   --->   Core 82 'RAM' <Latency = 1> <II = 1> <Delay = 3.25> <Storage> <Opcode : 'load' 'store'> <Ports = 2> <Width = 32> <Depth = 64> <RAM>
ST_4 : Operation 203 [1/1] (3.25ns)   --->   "%store_ln114 = store i32 0, i6 %O_tile_7_addr_7" [attention_int8.cpp:114]   --->   Operation 203 'store' 'store_ln114' <Predicate = true> <Delay = 3.25> <CoreInst = "RAM">   --->   Core 82 'RAM' <Latency = 1> <II = 1> <Delay = 3.25> <Storage> <Opcode : 'load' 'store'> <Ports = 2> <Width = 32> <Depth = 64> <RAM>
ST_4 : Operation 204 [1/1] (0.00ns)   --->   "%br_ln108 = br void %for.inc61" [attention_int8.cpp:108]   --->   Operation 204 'br' 'br_ln108' <Predicate = true> <Delay = 0.00>


============================================================
+ Verbose Summary: Timing violations
============================================================
Target clock period: 10ns, clock uncertainty: 2.7ns.

 <State 1>: 4.7ns
The critical path consists of the following:
	'alloca' operation ('i') [25]  (0 ns)
	'load' operation ('i', attention_int8.cpp:108) on local variable 'i' [45]  (0 ns)
	'add' operation ('add_ln108', attention_int8.cpp:108) [49]  (1.78 ns)
	'store' operation ('store_ln108', attention_int8.cpp:108) of variable 'add_ln108', attention_int8.cpp:108 on local variable 'i' [232]  (1.61 ns)
	blocking operation 1.31 ns on control path)

 <State 2>: 3.26ns
The critical path consists of the following:
	'store' operation ('store_ln114', attention_int8.cpp:114) of constant 0 on array 'O_tile' [184]  (3.26 ns)

 <State 3>: 3.26ns
The critical path consists of the following:
	'store' operation ('store_ln114', attention_int8.cpp:114) of constant 0 on array 'O_tile' [200]  (3.26 ns)

 <State 4>: 3.26ns
The critical path consists of the following:
	'store' operation ('store_ln114', attention_int8.cpp:114) of constant 0 on array 'O_tile' [216]  (3.26 ns)


============================================================
+ Verbose Summary: Binding
============================================================
N/A
* FSMD analyzer results:
  - Output states:
 - Input state : 
  - Chain level:
	State 1
	State 2
	State 3
	State 4


============================================================
+ Verbose Summary: Datapath Resource usage 
============================================================
N/A
