

================================================================
== Vitis HLS Report for 'attention_int8_kernel_Pipeline_VITIS_LOOP_193_18_VITIS_LOOP_195_19'
================================================================
* Date:           Sat Apr 25 21:22:44 2026

* Version:        2022.1 (Build 3526262 on Mon Apr 18 15:47:01 MDT 2022)
* Project:        hls_cosim_project
* Solution:       solution_cosim (Vivado IP Flow Target)
* Product family: artix7
* Target device:  xc7a200t-sbg484-1


================================================================
== Performance Estimates
================================================================
+ Timing: 
    * Summary: 
    +--------+----------+----------+------------+
    |  Clock |  Target  | Estimated| Uncertainty|
    +--------+----------+----------+------------+
    |ap_clk  |  10.00 ns|  7.300 ns|     2.70 ns|
    +--------+----------+----------+------------+

+ Latency: 
    * Summary: 
    +---------+---------+----------+----------+-----+-----+---------+
    |  Latency (cycles) |  Latency (absolute) |  Interval | Pipeline|
    |   min   |   max   |    min   |    max   | min | max |   Type  |
    +---------+---------+----------+----------+-----+-----+---------+
    |      536|      536|  5.360 us|  5.360 us|  536|  536|       no|
    +---------+---------+----------+----------+-----+-----+---------+

    + Detail: 
        * Instance: 
        N/A

        * Loop: 
        +---------------------------------------+---------+---------+----------+-----------+-----------+------+----------+
        |                                       |  Latency (cycles) | Iteration|  Initiation Interval  | Trip |          |
        |               Loop Name               |   min   |   max   |  Latency |  achieved |   target  | Count| Pipelined|
        +---------------------------------------+---------+---------+----------+-----------+-----------+------+----------+
        |- VITIS_LOOP_193_18_VITIS_LOOP_195_19  |      534|      534|        24|          1|          1|   512|       yes|
        +---------------------------------------+---------+---------+----------+-----------+-----------+------+----------+

============================================================
+ Verbose Summary: Synthesis Manager
============================================================
InlineROM: 1
ExposeGlobal: 0
============================================================
+ Verbose Summary: CDFG Model
============================================================
IsTopModel: 0
ResetActiveHigh: 1
IsCombinational: 0
IsDatapathOnly: 0
HasWiredReturn: 1
HasMFsm: 2
HasVarLatency: 1
IsPipeline: 0
IsRtlPipelined: 0
IsInstanceOverlapped: 0
IsDontTouch: 0
HasImplIP: 0
IsGatedGlobalClock: 0

+ Individual pipeline summary: 
  * Pipeline-0: initiation interval (II) = 1, depth = 24


============================================================
+ Verbose Summary: Schedule
============================================================
* Number of FSM states : 24
* Pipeline : 1
  Pipeline-0 : II = 1, D = 24, States = { 1 2 3 4 5 6 7 8 9 10 11 12 13 14 15 16 17 18 19 20 21 22 23 24 }
* Dataflow Pipeline: 0

* FSM state transitions: 
1 --> 2 
2 --> 3 
3 --> 4 
4 --> 5 
5 --> 6 
6 --> 7 
7 --> 8 
8 --> 9 
9 --> 10 
10 --> 11 
11 --> 12 
12 --> 13 
13 --> 14 
14 --> 15 
15 --> 16 
16 --> 17 
17 --> 18 
18 --> 19 
19 --> 20 
20 --> 21 
21 --> 22 
22 --> 23 
23 --> 24 
24 --> 

* FSM state operations: 

State 1 <SV = 0> <Delay = 6.09>
ST_1 : Operation 27 [1/1] (0.00ns)   --->   "%d = alloca i32 1"   --->   Operation 27 'alloca' 'd' <Predicate = true> <Delay = 0.00>
ST_1 : Operation 28 [1/1] (0.00ns)   --->   "%i = alloca i32 1"   --->   Operation 28 'alloca' 'i' <Predicate = true> <Delay = 0.00>
ST_1 : Operation 29 [1/1] (0.00ns)   --->   "%indvar_flatten141 = alloca i32 1"   --->   Operation 29 'alloca' 'indvar_flatten141' <Predicate = true> <Delay = 0.00>
ST_1 : Operation 30 [1/1] (0.00ns)   --->   "%l_state_23_read = read i32 @_ssdm_op_Read.ap_auto.float, i32 %l_state_23"   --->   Operation 30 'read' 'l_state_23_read' <Predicate = true> <Delay = 0.00>
ST_1 : Operation 31 [1/1] (0.00ns)   --->   "%l_state_22_read = read i32 @_ssdm_op_Read.ap_auto.float, i32 %l_state_22"   --->   Operation 31 'read' 'l_state_22_read' <Predicate = true> <Delay = 0.00>
ST_1 : Operation 32 [1/1] (0.00ns)   --->   "%l_state_21_read = read i32 @_ssdm_op_Read.ap_auto.float, i32 %l_state_21"   --->   Operation 32 'read' 'l_state_21_read' <Predicate = true> <Delay = 0.00>
ST_1 : Operation 33 [1/1] (0.00ns)   --->   "%l_state_20_read = read i32 @_ssdm_op_Read.ap_auto.float, i32 %l_state_20"   --->   Operation 33 'read' 'l_state_20_read' <Predicate = true> <Delay = 0.00>
ST_1 : Operation 34 [1/1] (0.00ns)   --->   "%l_state_19_read = read i32 @_ssdm_op_Read.ap_auto.float, i32 %l_state_19"   --->   Operation 34 'read' 'l_state_19_read' <Predicate = true> <Delay = 0.00>
ST_1 : Operation 35 [1/1] (0.00ns)   --->   "%l_state_18_read = read i32 @_ssdm_op_Read.ap_auto.float, i32 %l_state_18"   --->   Operation 35 'read' 'l_state_18_read' <Predicate = true> <Delay = 0.00>
ST_1 : Operation 36 [1/1] (0.00ns)   --->   "%l_state_17_read = read i32 @_ssdm_op_Read.ap_auto.float, i32 %l_state_17"   --->   Operation 36 'read' 'l_state_17_read' <Predicate = true> <Delay = 0.00>
ST_1 : Operation 37 [1/1] (0.00ns)   --->   "%l_state_16_read = read i32 @_ssdm_op_Read.ap_auto.float, i32 %l_state_16"   --->   Operation 37 'read' 'l_state_16_read' <Predicate = true> <Delay = 0.00>
ST_1 : Operation 38 [1/1] (0.00ns)   --->   "%sext_ln89_read = read i63 @_ssdm_op_Read.ap_auto.i63, i63 %sext_ln89"   --->   Operation 38 'read' 'sext_ln89_read' <Predicate = true> <Delay = 0.00>
ST_1 : Operation 39 [1/1] (0.00ns)   --->   "%sext_ln89_cast = sext i63 %sext_ln89_read"   --->   Operation 39 'sext' 'sext_ln89_cast' <Predicate = true> <Delay = 0.00>
ST_1 : Operation 40 [1/1] (0.00ns)   --->   "%specinterface_ln0 = specinterface void @_ssdm_op_SpecInterface, i16 %gmem3, void @empty_3, i32 0, i32 0, void @empty_13, i32 0, i32 8192, void @empty_28, void @empty_20, void @empty_13, i32 16, i32 16, i32 16, i32 16, void @empty_13, void @empty_13, i32 4294967295, i32 0"   --->   Operation 40 'specinterface' 'specinterface_ln0' <Predicate = true> <Delay = 0.00>
ST_1 : Operation 41 [1/1] (1.61ns)   --->   "%store_ln0 = store i10 0, i10 %indvar_flatten141"   --->   Operation 41 'store' 'store_ln0' <Predicate = true> <Delay = 1.61>
ST_1 : Operation 42 [1/1] (1.61ns)   --->   "%store_ln0 = store i4 0, i4 %i"   --->   Operation 42 'store' 'store_ln0' <Predicate = true> <Delay = 1.61>
ST_1 : Operation 43 [1/1] (1.61ns)   --->   "%store_ln0 = store i7 0, i7 %d"   --->   Operation 43 'store' 'store_ln0' <Predicate = true> <Delay = 1.61>
ST_1 : Operation 44 [1/1] (0.00ns)   --->   "%br_ln0 = br void %for.inc309"   --->   Operation 44 'br' 'br_ln0' <Predicate = true> <Delay = 0.00>
ST_1 : Operation 45 [1/1] (0.00ns)   --->   "%i_1 = load i4 %i" [attention_int8.cpp:193]   --->   Operation 45 'load' 'i_1' <Predicate = true> <Delay = 0.00>
ST_1 : Operation 46 [1/1] (0.00ns)   --->   "%indvar_flatten141_load = load i10 %indvar_flatten141" [attention_int8.cpp:193]   --->   Operation 46 'load' 'indvar_flatten141_load' <Predicate = true> <Delay = 0.00>
ST_1 : Operation 47 [1/1] (1.80ns)   --->   "%tmp_s = mux i32 @_ssdm_op_Mux.ap_auto.8float.i4, i32 %l_state_16_read, i32 %l_state_17_read, i32 %l_state_18_read, i32 %l_state_19_read, i32 %l_state_20_read, i32 %l_state_21_read, i32 %l_state_22_read, i32 %l_state_23_read, i4 %i_1" [attention_int8.cpp:194]   --->   Operation 47 'mux' 'tmp_s' <Predicate = true> <Delay = 1.80> <CoreInst = "Multiplexer">   --->   Core 76 'Multiplexer' <Latency = 0> <II = 1> <Delay = 1.80> <FuncUnit> <Opcode : 'mux'> <InPorts = 2> <OutPorts = 1>
ST_1 : Operation 48 [1/1] (1.70ns)   --->   "%icmp_ln193 = icmp_eq  i10 %indvar_flatten141_load, i10 512" [attention_int8.cpp:193]   --->   Operation 48 'icmp' 'icmp_ln193' <Predicate = true> <Delay = 1.70> <CoreInst = "Cmp">   --->   Core 9 'Cmp' <Latency = 0> <II = 1> <Delay = 1.70> <FuncUnit> <Opcode : 'icmp'> <InPorts = 2> <OutPorts = 1>
ST_1 : Operation 49 [1/1] (2.12ns)   --->   "%add_ln193_1 = add i10 %indvar_flatten141_load, i10 1" [attention_int8.cpp:193]   --->   Operation 49 'add' 'add_ln193_1' <Predicate = true> <Delay = 2.12> <CoreInst = "Adder">   --->   Core 1 'Adder' <Latency = 0> <II = 1> <Delay = 2.12> <FuncUnit> <Opcode : 'add' 'sub'> <InPorts = 2> <OutPorts = 1>
ST_1 : Operation 50 [1/1] (0.00ns)   --->   "%br_ln193 = br i1 %icmp_ln193, void %for.inc313, void %for.inc317.exitStub" [attention_int8.cpp:193]   --->   Operation 50 'br' 'br_ln193' <Predicate = true> <Delay = 0.00>
ST_1 : Operation 51 [1/1] (0.00ns)   --->   "%d_load = load i7 %d" [attention_int8.cpp:195]   --->   Operation 51 'load' 'd_load' <Predicate = (!icmp_ln193)> <Delay = 0.00>
ST_1 : Operation 52 [1/1] (1.77ns)   --->   "%add_ln193 = add i4 %i_1, i4 1" [attention_int8.cpp:193]   --->   Operation 52 'add' 'add_ln193' <Predicate = (!icmp_ln193)> <Delay = 1.77> <CoreInst = "Adder">   --->   Core 1 'Adder' <Latency = 0> <II = 1> <Delay = 1.77> <FuncUnit> <Opcode : 'add' 'sub'> <InPorts = 2> <OutPorts = 1>
ST_1 : Operation 53 [1/1] (1.46ns)   --->   "%icmp_ln195 = icmp_eq  i7 %d_load, i7 64" [attention_int8.cpp:195]   --->   Operation 53 'icmp' 'icmp_ln195' <Predicate = (!icmp_ln193)> <Delay = 1.46> <CoreInst = "Cmp">   --->   Core 9 'Cmp' <Latency = 0> <II = 1> <Delay = 1.46> <FuncUnit> <Opcode : 'icmp'> <InPorts = 2> <OutPorts = 1>
ST_1 : Operation 54 [1/1] (0.99ns)   --->   "%select_ln193 = select i1 %icmp_ln195, i7 0, i7 %d_load" [attention_int8.cpp:193]   --->   Operation 54 'select' 'select_ln193' <Predicate = (!icmp_ln193)> <Delay = 0.99> <CoreInst = "Sel">   --->   Core 73 'Sel' <Latency = 0> <II = 1> <Delay = 0.99> <FuncUnit> <Opcode : 'select'> <InPorts = 3> <OutPorts = 1>
ST_1 : Operation 55 [1/1] (0.99ns)   --->   "%select_ln193_1 = select i1 %icmp_ln195, i4 %add_ln193, i4 %i_1" [attention_int8.cpp:193]   --->   Operation 55 'select' 'select_ln193_1' <Predicate = (!icmp_ln193)> <Delay = 0.99> <CoreInst = "Sel">   --->   Core 73 'Sel' <Latency = 0> <II = 1> <Delay = 0.99> <FuncUnit> <Opcode : 'select'> <InPorts = 3> <OutPorts = 1>
ST_1 : Operation 56 [1/1] (0.00ns)   --->   "%trunc_ln194_1 = trunc i4 %select_ln193_1" [attention_int8.cpp:194]   --->   Operation 56 'trunc' 'trunc_ln194_1' <Predicate = (!icmp_ln193)> <Delay = 0.00>
ST_1 : Operation 57 [1/1] (1.80ns)   --->   "%tmp_mid1 = mux i32 @_ssdm_op_Mux.ap_auto.8float.i4, i32 %l_state_16_read, i32 %l_state_17_read, i32 %l_state_18_read, i32 %l_state_19_read, i32 %l_state_20_read, i32 %l_state_21_read, i32 %l_state_22_read, i32 %l_state_23_read, i4 %add_ln193" [attention_int8.cpp:194]   --->   Operation 57 'mux' 'tmp_mid1' <Predicate = (!icmp_ln193)> <Delay = 1.80> <CoreInst = "Multiplexer">   --->   Core 76 'Multiplexer' <Latency = 0> <II = 1> <Delay = 1.80> <FuncUnit> <Opcode : 'mux'> <InPorts = 2> <OutPorts = 1>
ST_1 : Operation 58 [1/1] (0.00ns)   --->   "%trunc_ln195 = trunc i7 %select_ln193" [attention_int8.cpp:195]   --->   Operation 58 'trunc' 'trunc_ln195' <Predicate = (!icmp_ln193)> <Delay = 0.00>
ST_1 : Operation 59 [1/1] (0.00ns)   --->   "%lshr_ln2 = partselect i3 @_ssdm_op_PartSelect.i3.i7.i32.i32, i7 %select_ln193, i32 3, i32 5" [attention_int8.cpp:197]   --->   Operation 59 'partselect' 'lshr_ln2' <Predicate = (!icmp_ln193)> <Delay = 0.00>
ST_1 : Operation 60 [1/1] (2.03ns)   --->   "%add_ln195 = add i7 %select_ln193, i7 1" [attention_int8.cpp:195]   --->   Operation 60 'add' 'add_ln195' <Predicate = (!icmp_ln193)> <Delay = 2.03> <CoreInst = "Adder">   --->   Core 1 'Adder' <Latency = 0> <II = 1> <Delay = 2.03> <FuncUnit> <Opcode : 'add' 'sub'> <InPorts = 2> <OutPorts = 1>
ST_1 : Operation 61 [1/1] (1.61ns)   --->   "%store_ln195 = store i10 %add_ln193_1, i10 %indvar_flatten141" [attention_int8.cpp:195]   --->   Operation 61 'store' 'store_ln195' <Predicate = (!icmp_ln193)> <Delay = 1.61>
ST_1 : Operation 62 [1/1] (1.61ns)   --->   "%store_ln195 = store i4 %select_ln193_1, i4 %i" [attention_int8.cpp:195]   --->   Operation 62 'store' 'store_ln195' <Predicate = (!icmp_ln193)> <Delay = 1.61>
ST_1 : Operation 63 [1/1] (1.61ns)   --->   "%store_ln195 = store i7 %add_ln195, i7 %d" [attention_int8.cpp:195]   --->   Operation 63 'store' 'store_ln195' <Predicate = (!icmp_ln193)> <Delay = 1.61>

State 2 <SV = 1> <Delay = 6.30>
ST_2 : Operation 64 [1/1] (0.00ns)   --->   "%bitcast_ln194 = bitcast i32 %tmp_s" [attention_int8.cpp:194]   --->   Operation 64 'bitcast' 'bitcast_ln194' <Predicate = (!icmp_ln195)> <Delay = 0.00>
ST_2 : Operation 65 [1/1] (0.00ns)   --->   "%tmp_1 = partselect i8 @_ssdm_op_PartSelect.i8.i32.i32.i32, i32 %bitcast_ln194, i32 23, i32 30" [attention_int8.cpp:194]   --->   Operation 65 'partselect' 'tmp_1' <Predicate = (!icmp_ln195)> <Delay = 0.00>
ST_2 : Operation 66 [1/1] (0.00ns)   --->   "%trunc_ln194 = trunc i32 %bitcast_ln194" [attention_int8.cpp:194]   --->   Operation 66 'trunc' 'trunc_ln194' <Predicate = (!icmp_ln195)> <Delay = 0.00>
ST_2 : Operation 67 [1/1] (1.47ns)   --->   "%icmp_ln194 = icmp_ne  i8 %tmp_1, i8 255" [attention_int8.cpp:194]   --->   Operation 67 'icmp' 'icmp_ln194' <Predicate = (!icmp_ln195)> <Delay = 1.47> <CoreInst = "Cmp">   --->   Core 9 'Cmp' <Latency = 0> <II = 1> <Delay = 1.47> <FuncUnit> <Opcode : 'icmp'> <InPorts = 2> <OutPorts = 1>
ST_2 : Operation 68 [1/1] (2.40ns)   --->   "%icmp_ln194_1 = icmp_eq  i23 %trunc_ln194, i23 0" [attention_int8.cpp:194]   --->   Operation 68 'icmp' 'icmp_ln194_1' <Predicate = (!icmp_ln195)> <Delay = 2.40> <CoreInst = "Cmp">   --->   Core 9 'Cmp' <Latency = 0> <II = 1> <Delay = 2.40> <FuncUnit> <Opcode : 'icmp'> <InPorts = 2> <OutPorts = 1>
ST_2 : Operation 69 [2/2] (5.09ns)   --->   "%tmp_3 = fcmp_ogt  i32 %tmp_s, i32 0" [attention_int8.cpp:194]   --->   Operation 69 'fcmp' 'tmp_3' <Predicate = (!icmp_ln195)> <Delay = 5.09> <CoreInst = "FCompare">   --->   Core 19 'FCompare' <Latency = 1> <II = 1> <Delay = 5.09> <FuncUnit> <Opcode : 'fcmp'> <InPorts = 2> <OutPorts = 1>
ST_2 : Operation 70 [16/16] (6.30ns)   --->   "%div = fdiv i32 1, i32 %tmp_s" [attention_int8.cpp:194]   --->   Operation 70 'fdiv' 'div' <Predicate = (!icmp_ln195)> <Delay = 6.30> <CoreInst = "FDiv">   --->   Core 20 'FDiv' <Latency = 15> <II = 1> <Delay = 6.30> <FuncUnit> <Opcode : 'fdiv' 'frem'> <InPorts = 2> <OutPorts = 1>
ST_2 : Operation 71 [1/1] (0.00ns)   --->   "%bitcast_ln194_1 = bitcast i32 %tmp_mid1" [attention_int8.cpp:194]   --->   Operation 71 'bitcast' 'bitcast_ln194_1' <Predicate = (!icmp_ln193 & icmp_ln195)> <Delay = 0.00>
ST_2 : Operation 72 [1/1] (0.00ns)   --->   "%tmp_146_mid1 = partselect i8 @_ssdm_op_PartSelect.i8.i32.i32.i32, i32 %bitcast_ln194_1, i32 23, i32 30" [attention_int8.cpp:194]   --->   Operation 72 'partselect' 'tmp_146_mid1' <Predicate = (!icmp_ln193 & icmp_ln195)> <Delay = 0.00>
ST_2 : Operation 73 [1/1] (0.00ns)   --->   "%trunc_ln194_2 = trunc i32 %bitcast_ln194_1" [attention_int8.cpp:194]   --->   Operation 73 'trunc' 'trunc_ln194_2' <Predicate = (!icmp_ln193 & icmp_ln195)> <Delay = 0.00>
ST_2 : Operation 74 [1/1] (1.47ns)   --->   "%icmp_ln194_2 = icmp_ne  i8 %tmp_146_mid1, i8 255" [attention_int8.cpp:194]   --->   Operation 74 'icmp' 'icmp_ln194_2' <Predicate = (!icmp_ln193 & icmp_ln195)> <Delay = 1.47> <CoreInst = "Cmp">   --->   Core 9 'Cmp' <Latency = 0> <II = 1> <Delay = 1.47> <FuncUnit> <Opcode : 'icmp'> <InPorts = 2> <OutPorts = 1>
ST_2 : Operation 75 [1/1] (2.40ns)   --->   "%icmp_ln194_3 = icmp_eq  i23 %trunc_ln194_2, i23 0" [attention_int8.cpp:194]   --->   Operation 75 'icmp' 'icmp_ln194_3' <Predicate = (!icmp_ln193 & icmp_ln195)> <Delay = 2.40> <CoreInst = "Cmp">   --->   Core 9 'Cmp' <Latency = 0> <II = 1> <Delay = 2.40> <FuncUnit> <Opcode : 'icmp'> <InPorts = 2> <OutPorts = 1>
ST_2 : Operation 76 [2/2] (5.09ns)   --->   "%tmp_147_mid1 = fcmp_ogt  i32 %tmp_mid1, i32 0" [attention_int8.cpp:194]   --->   Operation 76 'fcmp' 'tmp_147_mid1' <Predicate = (!icmp_ln193 & icmp_ln195)> <Delay = 5.09> <CoreInst = "FCompare">   --->   Core 19 'FCompare' <Latency = 1> <II = 1> <Delay = 5.09> <FuncUnit> <Opcode : 'fcmp'> <InPorts = 2> <OutPorts = 1>
ST_2 : Operation 77 [16/16] (6.30ns)   --->   "%div_mid1 = fdiv i32 1, i32 %tmp_mid1" [attention_int8.cpp:194]   --->   Operation 77 'fdiv' 'div_mid1' <Predicate = (!icmp_ln193 & icmp_ln195)> <Delay = 6.30> <CoreInst = "FDiv">   --->   Core 20 'FDiv' <Latency = 15> <II = 1> <Delay = 6.30> <FuncUnit> <Opcode : 'fdiv' 'frem'> <InPorts = 2> <OutPorts = 1>

State 3 <SV = 2> <Delay = 6.30>
ST_3 : Operation 78 [1/2] (5.09ns)   --->   "%tmp_3 = fcmp_ogt  i32 %tmp_s, i32 0" [attention_int8.cpp:194]   --->   Operation 78 'fcmp' 'tmp_3' <Predicate = (!icmp_ln195)> <Delay = 5.09> <CoreInst = "FCompare">   --->   Core 19 'FCompare' <Latency = 1> <II = 1> <Delay = 5.09> <FuncUnit> <Opcode : 'fcmp'> <InPorts = 2> <OutPorts = 1>
ST_3 : Operation 79 [15/16] (6.30ns)   --->   "%div = fdiv i32 1, i32 %tmp_s" [attention_int8.cpp:194]   --->   Operation 79 'fdiv' 'div' <Predicate = (!icmp_ln195)> <Delay = 6.30> <CoreInst = "FDiv">   --->   Core 20 'FDiv' <Latency = 15> <II = 1> <Delay = 6.30> <FuncUnit> <Opcode : 'fdiv' 'frem'> <InPorts = 2> <OutPorts = 1>
ST_3 : Operation 80 [1/2] (5.09ns)   --->   "%tmp_147_mid1 = fcmp_ogt  i32 %tmp_mid1, i32 0" [attention_int8.cpp:194]   --->   Operation 80 'fcmp' 'tmp_147_mid1' <Predicate = (!icmp_ln193 & icmp_ln195)> <Delay = 5.09> <CoreInst = "FCompare">   --->   Core 19 'FCompare' <Latency = 1> <II = 1> <Delay = 5.09> <FuncUnit> <Opcode : 'fcmp'> <InPorts = 2> <OutPorts = 1>
ST_3 : Operation 81 [15/16] (6.30ns)   --->   "%div_mid1 = fdiv i32 1, i32 %tmp_mid1" [attention_int8.cpp:194]   --->   Operation 81 'fdiv' 'div_mid1' <Predicate = (!icmp_ln193 & icmp_ln195)> <Delay = 6.30> <CoreInst = "FDiv">   --->   Core 20 'FDiv' <Latency = 15> <II = 1> <Delay = 6.30> <FuncUnit> <Opcode : 'fdiv' 'frem'> <InPorts = 2> <OutPorts = 1>

State 4 <SV = 3> <Delay = 6.30>
ST_4 : Operation 82 [14/16] (6.30ns)   --->   "%div = fdiv i32 1, i32 %tmp_s" [attention_int8.cpp:194]   --->   Operation 82 'fdiv' 'div' <Predicate = (!icmp_ln195)> <Delay = 6.30> <CoreInst = "FDiv">   --->   Core 20 'FDiv' <Latency = 15> <II = 1> <Delay = 6.30> <FuncUnit> <Opcode : 'fdiv' 'frem'> <InPorts = 2> <OutPorts = 1>
ST_4 : Operation 83 [14/16] (6.30ns)   --->   "%div_mid1 = fdiv i32 1, i32 %tmp_mid1" [attention_int8.cpp:194]   --->   Operation 83 'fdiv' 'div_mid1' <Predicate = (!icmp_ln193 & icmp_ln195)> <Delay = 6.30> <CoreInst = "FDiv">   --->   Core 20 'FDiv' <Latency = 15> <II = 1> <Delay = 6.30> <FuncUnit> <Opcode : 'fdiv' 'frem'> <InPorts = 2> <OutPorts = 1>

State 5 <SV = 4> <Delay = 6.30>
ST_5 : Operation 84 [13/16] (6.30ns)   --->   "%div = fdiv i32 1, i32 %tmp_s" [attention_int8.cpp:194]   --->   Operation 84 'fdiv' 'div' <Predicate = (!icmp_ln195)> <Delay = 6.30> <CoreInst = "FDiv">   --->   Core 20 'FDiv' <Latency = 15> <II = 1> <Delay = 6.30> <FuncUnit> <Opcode : 'fdiv' 'frem'> <InPorts = 2> <OutPorts = 1>
ST_5 : Operation 85 [13/16] (6.30ns)   --->   "%div_mid1 = fdiv i32 1, i32 %tmp_mid1" [attention_int8.cpp:194]   --->   Operation 85 'fdiv' 'div_mid1' <Predicate = (!icmp_ln193 & icmp_ln195)> <Delay = 6.30> <CoreInst = "FDiv">   --->   Core 20 'FDiv' <Latency = 15> <II = 1> <Delay = 6.30> <FuncUnit> <Opcode : 'fdiv' 'frem'> <InPorts = 2> <OutPorts = 1>

State 6 <SV = 5> <Delay = 6.30>
ST_6 : Operation 86 [12/16] (6.30ns)   --->   "%div = fdiv i32 1, i32 %tmp_s" [attention_int8.cpp:194]   --->   Operation 86 'fdiv' 'div' <Predicate = (!icmp_ln195)> <Delay = 6.30> <CoreInst = "FDiv">   --->   Core 20 'FDiv' <Latency = 15> <II = 1> <Delay = 6.30> <FuncUnit> <Opcode : 'fdiv' 'frem'> <InPorts = 2> <OutPorts = 1>
ST_6 : Operation 87 [12/16] (6.30ns)   --->   "%div_mid1 = fdiv i32 1, i32 %tmp_mid1" [attention_int8.cpp:194]   --->   Operation 87 'fdiv' 'div_mid1' <Predicate = (!icmp_ln193 & icmp_ln195)> <Delay = 6.30> <CoreInst = "FDiv">   --->   Core 20 'FDiv' <Latency = 15> <II = 1> <Delay = 6.30> <FuncUnit> <Opcode : 'fdiv' 'frem'> <InPorts = 2> <OutPorts = 1>

State 7 <SV = 6> <Delay = 6.30>
ST_7 : Operation 88 [11/16] (6.30ns)   --->   "%div = fdiv i32 1, i32 %tmp_s" [attention_int8.cpp:194]   --->   Operation 88 'fdiv' 'div' <Predicate = (!icmp_ln195)> <Delay = 6.30> <CoreInst = "FDiv">   --->   Core 20 'FDiv' <Latency = 15> <II = 1> <Delay = 6.30> <FuncUnit> <Opcode : 'fdiv' 'frem'> <InPorts = 2> <OutPorts = 1>
ST_7 : Operation 89 [11/16] (6.30ns)   --->   "%div_mid1 = fdiv i32 1, i32 %tmp_mid1" [attention_int8.cpp:194]   --->   Operation 89 'fdiv' 'div_mid1' <Predicate = (!icmp_ln193 & icmp_ln195)> <Delay = 6.30> <CoreInst = "FDiv">   --->   Core 20 'FDiv' <Latency = 15> <II = 1> <Delay = 6.30> <FuncUnit> <Opcode : 'fdiv' 'frem'> <InPorts = 2> <OutPorts = 1>

State 8 <SV = 7> <Delay = 6.30>
ST_8 : Operation 90 [10/16] (6.30ns)   --->   "%div = fdiv i32 1, i32 %tmp_s" [attention_int8.cpp:194]   --->   Operation 90 'fdiv' 'div' <Predicate = (!icmp_ln195)> <Delay = 6.30> <CoreInst = "FDiv">   --->   Core 20 'FDiv' <Latency = 15> <II = 1> <Delay = 6.30> <FuncUnit> <Opcode : 'fdiv' 'frem'> <InPorts = 2> <OutPorts = 1>
ST_8 : Operation 91 [10/16] (6.30ns)   --->   "%div_mid1 = fdiv i32 1, i32 %tmp_mid1" [attention_int8.cpp:194]   --->   Operation 91 'fdiv' 'div_mid1' <Predicate = (!icmp_ln193 & icmp_ln195)> <Delay = 6.30> <CoreInst = "FDiv">   --->   Core 20 'FDiv' <Latency = 15> <II = 1> <Delay = 6.30> <FuncUnit> <Opcode : 'fdiv' 'frem'> <InPorts = 2> <OutPorts = 1>

State 9 <SV = 8> <Delay = 6.30>
ST_9 : Operation 92 [9/16] (6.30ns)   --->   "%div = fdiv i32 1, i32 %tmp_s" [attention_int8.cpp:194]   --->   Operation 92 'fdiv' 'div' <Predicate = (!icmp_ln195)> <Delay = 6.30> <CoreInst = "FDiv">   --->   Core 20 'FDiv' <Latency = 15> <II = 1> <Delay = 6.30> <FuncUnit> <Opcode : 'fdiv' 'frem'> <InPorts = 2> <OutPorts = 1>
ST_9 : Operation 93 [9/16] (6.30ns)   --->   "%div_mid1 = fdiv i32 1, i32 %tmp_mid1" [attention_int8.cpp:194]   --->   Operation 93 'fdiv' 'div_mid1' <Predicate = (!icmp_ln193 & icmp_ln195)> <Delay = 6.30> <CoreInst = "FDiv">   --->   Core 20 'FDiv' <Latency = 15> <II = 1> <Delay = 6.30> <FuncUnit> <Opcode : 'fdiv' 'frem'> <InPorts = 2> <OutPorts = 1>

State 10 <SV = 9> <Delay = 6.30>
ST_10 : Operation 94 [8/16] (6.30ns)   --->   "%div = fdiv i32 1, i32 %tmp_s" [attention_int8.cpp:194]   --->   Operation 94 'fdiv' 'div' <Predicate = (!icmp_ln195)> <Delay = 6.30> <CoreInst = "FDiv">   --->   Core 20 'FDiv' <Latency = 15> <II = 1> <Delay = 6.30> <FuncUnit> <Opcode : 'fdiv' 'frem'> <InPorts = 2> <OutPorts = 1>
ST_10 : Operation 95 [8/16] (6.30ns)   --->   "%div_mid1 = fdiv i32 1, i32 %tmp_mid1" [attention_int8.cpp:194]   --->   Operation 95 'fdiv' 'div_mid1' <Predicate = (!icmp_ln193 & icmp_ln195)> <Delay = 6.30> <CoreInst = "FDiv">   --->   Core 20 'FDiv' <Latency = 15> <II = 1> <Delay = 6.30> <FuncUnit> <Opcode : 'fdiv' 'frem'> <InPorts = 2> <OutPorts = 1>

State 11 <SV = 10> <Delay = 6.30>
ST_11 : Operation 96 [7/16] (6.30ns)   --->   "%div = fdiv i32 1, i32 %tmp_s" [attention_int8.cpp:194]   --->   Operation 96 'fdiv' 'div' <Predicate = (!icmp_ln195)> <Delay = 6.30> <CoreInst = "FDiv">   --->   Core 20 'FDiv' <Latency = 15> <II = 1> <Delay = 6.30> <FuncUnit> <Opcode : 'fdiv' 'frem'> <InPorts = 2> <OutPorts = 1>
ST_11 : Operation 97 [7/16] (6.30ns)   --->   "%div_mid1 = fdiv i32 1, i32 %tmp_mid1" [attention_int8.cpp:194]   --->   Operation 97 'fdiv' 'div_mid1' <Predicate = (!icmp_ln193 & icmp_ln195)> <Delay = 6.30> <CoreInst = "FDiv">   --->   Core 20 'FDiv' <Latency = 15> <II = 1> <Delay = 6.30> <FuncUnit> <Opcode : 'fdiv' 'frem'> <InPorts = 2> <OutPorts = 1>

State 12 <SV = 11> <Delay = 6.30>
ST_12 : Operation 98 [6/16] (6.30ns)   --->   "%div = fdiv i32 1, i32 %tmp_s" [attention_int8.cpp:194]   --->   Operation 98 'fdiv' 'div' <Predicate = (!icmp_ln195)> <Delay = 6.30> <CoreInst = "FDiv">   --->   Core 20 'FDiv' <Latency = 15> <II = 1> <Delay = 6.30> <FuncUnit> <Opcode : 'fdiv' 'frem'> <InPorts = 2> <OutPorts = 1>
ST_12 : Operation 99 [6/16] (6.30ns)   --->   "%div_mid1 = fdiv i32 1, i32 %tmp_mid1" [attention_int8.cpp:194]   --->   Operation 99 'fdiv' 'div_mid1' <Predicate = (!icmp_ln193 & icmp_ln195)> <Delay = 6.30> <CoreInst = "FDiv">   --->   Core 20 'FDiv' <Latency = 15> <II = 1> <Delay = 6.30> <FuncUnit> <Opcode : 'fdiv' 'frem'> <InPorts = 2> <OutPorts = 1>

State 13 <SV = 12> <Delay = 6.30>
ST_13 : Operation 100 [5/16] (6.30ns)   --->   "%div = fdiv i32 1, i32 %tmp_s" [attention_int8.cpp:194]   --->   Operation 100 'fdiv' 'div' <Predicate = (!icmp_ln195)> <Delay = 6.30> <CoreInst = "FDiv">   --->   Core 20 'FDiv' <Latency = 15> <II = 1> <Delay = 6.30> <FuncUnit> <Opcode : 'fdiv' 'frem'> <InPorts = 2> <OutPorts = 1>
ST_13 : Operation 101 [5/16] (6.30ns)   --->   "%div_mid1 = fdiv i32 1, i32 %tmp_mid1" [attention_int8.cpp:194]   --->   Operation 101 'fdiv' 'div_mid1' <Predicate = (!icmp_ln193 & icmp_ln195)> <Delay = 6.30> <CoreInst = "FDiv">   --->   Core 20 'FDiv' <Latency = 15> <II = 1> <Delay = 6.30> <FuncUnit> <Opcode : 'fdiv' 'frem'> <InPorts = 2> <OutPorts = 1>

State 14 <SV = 13> <Delay = 6.30>
ST_14 : Operation 102 [4/16] (6.30ns)   --->   "%div = fdiv i32 1, i32 %tmp_s" [attention_int8.cpp:194]   --->   Operation 102 'fdiv' 'div' <Predicate = (!icmp_ln195)> <Delay = 6.30> <CoreInst = "FDiv">   --->   Core 20 'FDiv' <Latency = 15> <II = 1> <Delay = 6.30> <FuncUnit> <Opcode : 'fdiv' 'frem'> <InPorts = 2> <OutPorts = 1>
ST_14 : Operation 103 [4/16] (6.30ns)   --->   "%div_mid1 = fdiv i32 1, i32 %tmp_mid1" [attention_int8.cpp:194]   --->   Operation 103 'fdiv' 'div_mid1' <Predicate = (!icmp_ln193 & icmp_ln195)> <Delay = 6.30> <CoreInst = "FDiv">   --->   Core 20 'FDiv' <Latency = 15> <II = 1> <Delay = 6.30> <FuncUnit> <Opcode : 'fdiv' 'frem'> <InPorts = 2> <OutPorts = 1>

State 15 <SV = 14> <Delay = 6.30>
ST_15 : Operation 104 [3/16] (6.30ns)   --->   "%div = fdiv i32 1, i32 %tmp_s" [attention_int8.cpp:194]   --->   Operation 104 'fdiv' 'div' <Predicate = (!icmp_ln195)> <Delay = 6.30> <CoreInst = "FDiv">   --->   Core 20 'FDiv' <Latency = 15> <II = 1> <Delay = 6.30> <FuncUnit> <Opcode : 'fdiv' 'frem'> <InPorts = 2> <OutPorts = 1>
ST_15 : Operation 105 [3/16] (6.30ns)   --->   "%div_mid1 = fdiv i32 1, i32 %tmp_mid1" [attention_int8.cpp:194]   --->   Operation 105 'fdiv' 'div_mid1' <Predicate = (!icmp_ln193 & icmp_ln195)> <Delay = 6.30> <CoreInst = "FDiv">   --->   Core 20 'FDiv' <Latency = 15> <II = 1> <Delay = 6.30> <FuncUnit> <Opcode : 'fdiv' 'frem'> <InPorts = 2> <OutPorts = 1>

State 16 <SV = 15> <Delay = 6.30>
ST_16 : Operation 106 [2/16] (6.30ns)   --->   "%div = fdiv i32 1, i32 %tmp_s" [attention_int8.cpp:194]   --->   Operation 106 'fdiv' 'div' <Predicate = (!icmp_ln195)> <Delay = 6.30> <CoreInst = "FDiv">   --->   Core 20 'FDiv' <Latency = 15> <II = 1> <Delay = 6.30> <FuncUnit> <Opcode : 'fdiv' 'frem'> <InPorts = 2> <OutPorts = 1>
ST_16 : Operation 107 [2/16] (6.30ns)   --->   "%div_mid1 = fdiv i32 1, i32 %tmp_mid1" [attention_int8.cpp:194]   --->   Operation 107 'fdiv' 'div_mid1' <Predicate = (!icmp_ln193 & icmp_ln195)> <Delay = 6.30> <CoreInst = "FDiv">   --->   Core 20 'FDiv' <Latency = 15> <II = 1> <Delay = 6.30> <FuncUnit> <Opcode : 'fdiv' 'frem'> <InPorts = 2> <OutPorts = 1>
ST_16 : Operation 108 [1/1] (0.00ns)   --->   "%tmp_4 = bitconcatenate i6 @_ssdm_op_BitConcatenate.i6.i3.i3, i3 %trunc_ln194_1, i3 %lshr_ln2" [attention_int8.cpp:197]   --->   Operation 108 'bitconcatenate' 'tmp_4' <Predicate = (!icmp_ln193)> <Delay = 0.00>
ST_16 : Operation 109 [1/1] (0.00ns)   --->   "%zext_ln197 = zext i6 %tmp_4" [attention_int8.cpp:197]   --->   Operation 109 'zext' 'zext_ln197' <Predicate = (!icmp_ln193)> <Delay = 0.00>
ST_16 : Operation 110 [1/1] (0.00ns)   --->   "%O_tile_addr = getelementptr i32 %O_tile, i64 0, i64 %zext_ln197" [attention_int8.cpp:197]   --->   Operation 110 'getelementptr' 'O_tile_addr' <Predicate = (!icmp_ln193)> <Delay = 0.00>
ST_16 : Operation 111 [1/1] (0.00ns)   --->   "%O_tile_1_addr = getelementptr i32 %O_tile_1, i64 0, i64 %zext_ln197" [attention_int8.cpp:197]   --->   Operation 111 'getelementptr' 'O_tile_1_addr' <Predicate = (!icmp_ln193)> <Delay = 0.00>
ST_16 : Operation 112 [1/1] (0.00ns)   --->   "%O_tile_2_addr = getelementptr i32 %O_tile_2, i64 0, i64 %zext_ln197" [attention_int8.cpp:197]   --->   Operation 112 'getelementptr' 'O_tile_2_addr' <Predicate = (!icmp_ln193)> <Delay = 0.00>
ST_16 : Operation 113 [1/1] (0.00ns)   --->   "%O_tile_3_addr = getelementptr i32 %O_tile_3, i64 0, i64 %zext_ln197" [attention_int8.cpp:197]   --->   Operation 113 'getelementptr' 'O_tile_3_addr' <Predicate = (!icmp_ln193)> <Delay = 0.00>
ST_16 : Operation 114 [1/1] (0.00ns)   --->   "%O_tile_4_addr = getelementptr i32 %O_tile_4, i64 0, i64 %zext_ln197" [attention_int8.cpp:197]   --->   Operation 114 'getelementptr' 'O_tile_4_addr' <Predicate = (!icmp_ln193)> <Delay = 0.00>
ST_16 : Operation 115 [1/1] (0.00ns)   --->   "%O_tile_5_addr = getelementptr i32 %O_tile_5, i64 0, i64 %zext_ln197" [attention_int8.cpp:197]   --->   Operation 115 'getelementptr' 'O_tile_5_addr' <Predicate = (!icmp_ln193)> <Delay = 0.00>
ST_16 : Operation 116 [1/1] (0.00ns)   --->   "%O_tile_6_addr = getelementptr i32 %O_tile_6, i64 0, i64 %zext_ln197" [attention_int8.cpp:197]   --->   Operation 116 'getelementptr' 'O_tile_6_addr' <Predicate = (!icmp_ln193)> <Delay = 0.00>
ST_16 : Operation 117 [1/1] (0.00ns)   --->   "%O_tile_7_addr = getelementptr i32 %O_tile_7, i64 0, i64 %zext_ln197" [attention_int8.cpp:197]   --->   Operation 117 'getelementptr' 'O_tile_7_addr' <Predicate = (!icmp_ln193)> <Delay = 0.00>
ST_16 : Operation 118 [2/2] (3.25ns)   --->   "%O_tile_load = load i6 %O_tile_addr" [attention_int8.cpp:197]   --->   Operation 118 'load' 'O_tile_load' <Predicate = (!icmp_ln193)> <Delay = 3.25> <CoreInst = "RAM">   --->   Core 82 'RAM' <Latency = 1> <II = 1> <Delay = 3.25> <Storage> <Opcode : 'load' 'store'> <Ports = 2> <Width = 32> <Depth = 64> <RAM>
ST_16 : Operation 119 [2/2] (3.25ns)   --->   "%O_tile_1_load = load i6 %O_tile_1_addr" [attention_int8.cpp:197]   --->   Operation 119 'load' 'O_tile_1_load' <Predicate = (!icmp_ln193)> <Delay = 3.25> <CoreInst = "RAM">   --->   Core 82 'RAM' <Latency = 1> <II = 1> <Delay = 3.25> <Storage> <Opcode : 'load' 'store'> <Ports = 2> <Width = 32> <Depth = 64> <RAM>
ST_16 : Operation 120 [2/2] (3.25ns)   --->   "%O_tile_2_load = load i6 %O_tile_2_addr" [attention_int8.cpp:197]   --->   Operation 120 'load' 'O_tile_2_load' <Predicate = (!icmp_ln193)> <Delay = 3.25> <CoreInst = "RAM">   --->   Core 82 'RAM' <Latency = 1> <II = 1> <Delay = 3.25> <Storage> <Opcode : 'load' 'store'> <Ports = 2> <Width = 32> <Depth = 64> <RAM>
ST_16 : Operation 121 [2/2] (3.25ns)   --->   "%O_tile_3_load = load i6 %O_tile_3_addr" [attention_int8.cpp:197]   --->   Operation 121 'load' 'O_tile_3_load' <Predicate = (!icmp_ln193)> <Delay = 3.25> <CoreInst = "RAM">   --->   Core 82 'RAM' <Latency = 1> <II = 1> <Delay = 3.25> <Storage> <Opcode : 'load' 'store'> <Ports = 2> <Width = 32> <Depth = 64> <RAM>
ST_16 : Operation 122 [2/2] (3.25ns)   --->   "%O_tile_4_load = load i6 %O_tile_4_addr" [attention_int8.cpp:197]   --->   Operation 122 'load' 'O_tile_4_load' <Predicate = (!icmp_ln193)> <Delay = 3.25> <CoreInst = "RAM">   --->   Core 82 'RAM' <Latency = 1> <II = 1> <Delay = 3.25> <Storage> <Opcode : 'load' 'store'> <Ports = 2> <Width = 32> <Depth = 64> <RAM>
ST_16 : Operation 123 [2/2] (3.25ns)   --->   "%O_tile_5_load = load i6 %O_tile_5_addr" [attention_int8.cpp:197]   --->   Operation 123 'load' 'O_tile_5_load' <Predicate = (!icmp_ln193)> <Delay = 3.25> <CoreInst = "RAM">   --->   Core 82 'RAM' <Latency = 1> <II = 1> <Delay = 3.25> <Storage> <Opcode : 'load' 'store'> <Ports = 2> <Width = 32> <Depth = 64> <RAM>
ST_16 : Operation 124 [2/2] (3.25ns)   --->   "%O_tile_6_load = load i6 %O_tile_6_addr" [attention_int8.cpp:197]   --->   Operation 124 'load' 'O_tile_6_load' <Predicate = (!icmp_ln193)> <Delay = 3.25> <CoreInst = "RAM">   --->   Core 82 'RAM' <Latency = 1> <II = 1> <Delay = 3.25> <Storage> <Opcode : 'load' 'store'> <Ports = 2> <Width = 32> <Depth = 64> <RAM>
ST_16 : Operation 125 [2/2] (3.25ns)   --->   "%O_tile_7_load = load i6 %O_tile_7_addr" [attention_int8.cpp:197]   --->   Operation 125 'load' 'O_tile_7_load' <Predicate = (!icmp_ln193)> <Delay = 3.25> <CoreInst = "RAM">   --->   Core 82 'RAM' <Latency = 1> <II = 1> <Delay = 3.25> <Storage> <Opcode : 'load' 'store'> <Ports = 2> <Width = 32> <Depth = 64> <RAM>

State 17 <SV = 16> <Delay = 7.27>
ST_17 : Operation 126 [1/1] (0.00ns) (grouped into LUT with out node inv_l)   --->   "%or_ln194 = or i1 %icmp_ln194_1, i1 %icmp_ln194" [attention_int8.cpp:194]   --->   Operation 126 'or' 'or_ln194' <Predicate = (!icmp_ln195)> <Delay = 0.00> <CoreInst = "LogicGate">   --->   Core 74 'LogicGate' <Latency = 0> <II = 1> <Delay = 0.97> <FuncUnit> <Opcode : 'and' 'or' 'xor'> <InPorts = 2> <OutPorts = 1>
ST_17 : Operation 127 [1/1] (0.00ns) (grouped into LUT with out node inv_l)   --->   "%and_ln194 = and i1 %or_ln194, i1 %tmp_3" [attention_int8.cpp:194]   --->   Operation 127 'and' 'and_ln194' <Predicate = (!icmp_ln195)> <Delay = 0.00> <CoreInst = "LogicGate">   --->   Core 74 'LogicGate' <Latency = 0> <II = 1> <Delay = 0.97> <FuncUnit> <Opcode : 'and' 'or' 'xor'> <InPorts = 2> <OutPorts = 1>
ST_17 : Operation 128 [1/16] (6.30ns)   --->   "%div = fdiv i32 1, i32 %tmp_s" [attention_int8.cpp:194]   --->   Operation 128 'fdiv' 'div' <Predicate = (!icmp_ln195)> <Delay = 6.30> <CoreInst = "FDiv">   --->   Core 20 'FDiv' <Latency = 15> <II = 1> <Delay = 6.30> <FuncUnit> <Opcode : 'fdiv' 'frem'> <InPorts = 2> <OutPorts = 1>
ST_17 : Operation 129 [1/1] (0.97ns) (out node of the LUT)   --->   "%inv_l = select i1 %and_ln194, i32 %div, i32 0" [attention_int8.cpp:194]   --->   Operation 129 'select' 'inv_l' <Predicate = (!icmp_ln195)> <Delay = 0.97> <CoreInst = "Sel">   --->   Core 73 'Sel' <Latency = 0> <II = 1> <Delay = 0.79> <FuncUnit> <Opcode : 'select'> <InPorts = 3> <OutPorts = 1>
ST_17 : Operation 130 [1/16] (6.30ns)   --->   "%div_mid1 = fdiv i32 1, i32 %tmp_mid1" [attention_int8.cpp:194]   --->   Operation 130 'fdiv' 'div_mid1' <Predicate = (!icmp_ln193 & icmp_ln195)> <Delay = 6.30> <CoreInst = "FDiv">   --->   Core 20 'FDiv' <Latency = 15> <II = 1> <Delay = 6.30> <FuncUnit> <Opcode : 'fdiv' 'frem'> <InPorts = 2> <OutPorts = 1>
ST_17 : Operation 131 [1/2] (3.25ns)   --->   "%O_tile_load = load i6 %O_tile_addr" [attention_int8.cpp:197]   --->   Operation 131 'load' 'O_tile_load' <Predicate = (!icmp_ln193)> <Delay = 3.25> <CoreInst = "RAM">   --->   Core 82 'RAM' <Latency = 1> <II = 1> <Delay = 3.25> <Storage> <Opcode : 'load' 'store'> <Ports = 2> <Width = 32> <Depth = 64> <RAM>
ST_17 : Operation 132 [1/2] (3.25ns)   --->   "%O_tile_1_load = load i6 %O_tile_1_addr" [attention_int8.cpp:197]   --->   Operation 132 'load' 'O_tile_1_load' <Predicate = (!icmp_ln193)> <Delay = 3.25> <CoreInst = "RAM">   --->   Core 82 'RAM' <Latency = 1> <II = 1> <Delay = 3.25> <Storage> <Opcode : 'load' 'store'> <Ports = 2> <Width = 32> <Depth = 64> <RAM>
ST_17 : Operation 133 [1/2] (3.25ns)   --->   "%O_tile_2_load = load i6 %O_tile_2_addr" [attention_int8.cpp:197]   --->   Operation 133 'load' 'O_tile_2_load' <Predicate = (!icmp_ln193)> <Delay = 3.25> <CoreInst = "RAM">   --->   Core 82 'RAM' <Latency = 1> <II = 1> <Delay = 3.25> <Storage> <Opcode : 'load' 'store'> <Ports = 2> <Width = 32> <Depth = 64> <RAM>
ST_17 : Operation 134 [1/2] (3.25ns)   --->   "%O_tile_3_load = load i6 %O_tile_3_addr" [attention_int8.cpp:197]   --->   Operation 134 'load' 'O_tile_3_load' <Predicate = (!icmp_ln193)> <Delay = 3.25> <CoreInst = "RAM">   --->   Core 82 'RAM' <Latency = 1> <II = 1> <Delay = 3.25> <Storage> <Opcode : 'load' 'store'> <Ports = 2> <Width = 32> <Depth = 64> <RAM>
ST_17 : Operation 135 [1/2] (3.25ns)   --->   "%O_tile_4_load = load i6 %O_tile_4_addr" [attention_int8.cpp:197]   --->   Operation 135 'load' 'O_tile_4_load' <Predicate = (!icmp_ln193)> <Delay = 3.25> <CoreInst = "RAM">   --->   Core 82 'RAM' <Latency = 1> <II = 1> <Delay = 3.25> <Storage> <Opcode : 'load' 'store'> <Ports = 2> <Width = 32> <Depth = 64> <RAM>
ST_17 : Operation 136 [1/2] (3.25ns)   --->   "%O_tile_5_load = load i6 %O_tile_5_addr" [attention_int8.cpp:197]   --->   Operation 136 'load' 'O_tile_5_load' <Predicate = (!icmp_ln193)> <Delay = 3.25> <CoreInst = "RAM">   --->   Core 82 'RAM' <Latency = 1> <II = 1> <Delay = 3.25> <Storage> <Opcode : 'load' 'store'> <Ports = 2> <Width = 32> <Depth = 64> <RAM>
ST_17 : Operation 137 [1/2] (3.25ns)   --->   "%O_tile_6_load = load i6 %O_tile_6_addr" [attention_int8.cpp:197]   --->   Operation 137 'load' 'O_tile_6_load' <Predicate = (!icmp_ln193)> <Delay = 3.25> <CoreInst = "RAM">   --->   Core 82 'RAM' <Latency = 1> <II = 1> <Delay = 3.25> <Storage> <Opcode : 'load' 'store'> <Ports = 2> <Width = 32> <Depth = 64> <RAM>
ST_17 : Operation 138 [1/2] (3.25ns)   --->   "%O_tile_7_load = load i6 %O_tile_7_addr" [attention_int8.cpp:197]   --->   Operation 138 'load' 'O_tile_7_load' <Predicate = (!icmp_ln193)> <Delay = 3.25> <CoreInst = "RAM">   --->   Core 82 'RAM' <Latency = 1> <II = 1> <Delay = 3.25> <Storage> <Opcode : 'load' 'store'> <Ports = 2> <Width = 32> <Depth = 64> <RAM>
ST_17 : Operation 139 [1/1] (1.80ns)   --->   "%tmp_2 = mux i32 @_ssdm_op_Mux.ap_auto.8float.i3, i32 %O_tile_load, i32 %O_tile_1_load, i32 %O_tile_2_load, i32 %O_tile_3_load, i32 %O_tile_4_load, i32 %O_tile_5_load, i32 %O_tile_6_load, i32 %O_tile_7_load, i3 %trunc_ln195" [attention_int8.cpp:197]   --->   Operation 139 'mux' 'tmp_2' <Predicate = (!icmp_ln193)> <Delay = 1.80> <CoreInst = "Multiplexer">   --->   Core 76 'Multiplexer' <Latency = 0> <II = 1> <Delay = 1.80> <FuncUnit> <Opcode : 'mux'> <InPorts = 2> <OutPorts = 1>

State 18 <SV = 17> <Delay = 6.76>
ST_18 : Operation 140 [1/1] (0.00ns) (grouped into LUT with out node select_ln193_2)   --->   "%or_ln194_1 = or i1 %icmp_ln194_3, i1 %icmp_ln194_2" [attention_int8.cpp:194]   --->   Operation 140 'or' 'or_ln194_1' <Predicate = (!icmp_ln193 & icmp_ln195)> <Delay = 0.00> <CoreInst = "LogicGate">   --->   Core 74 'LogicGate' <Latency = 0> <II = 1> <Delay = 0.97> <FuncUnit> <Opcode : 'and' 'or' 'xor'> <InPorts = 2> <OutPorts = 1>
ST_18 : Operation 141 [1/1] (0.00ns) (grouped into LUT with out node select_ln193_2)   --->   "%and_ln194_1 = and i1 %or_ln194_1, i1 %tmp_147_mid1" [attention_int8.cpp:194]   --->   Operation 141 'and' 'and_ln194_1' <Predicate = (!icmp_ln193 & icmp_ln195)> <Delay = 0.00> <CoreInst = "LogicGate">   --->   Core 74 'LogicGate' <Latency = 0> <II = 1> <Delay = 0.97> <FuncUnit> <Opcode : 'and' 'or' 'xor'> <InPorts = 2> <OutPorts = 1>
ST_18 : Operation 142 [1/1] (0.00ns) (grouped into LUT with out node select_ln193_2)   --->   "%select_ln194 = select i1 %and_ln194_1, i32 %div_mid1, i32 0" [attention_int8.cpp:194]   --->   Operation 142 'select' 'select_ln194' <Predicate = (!icmp_ln193 & icmp_ln195)> <Delay = 0.00> <CoreInst = "Sel">   --->   Core 73 'Sel' <Latency = 0> <II = 1> <Delay = 0.79> <FuncUnit> <Opcode : 'select'> <InPorts = 3> <OutPorts = 1>
ST_18 : Operation 143 [1/1] (0.97ns) (out node of the LUT)   --->   "%select_ln193_2 = select i1 %icmp_ln195, i32 %select_ln194, i32 %inv_l" [attention_int8.cpp:193]   --->   Operation 143 'select' 'select_ln193_2' <Predicate = (!icmp_ln193)> <Delay = 0.97> <CoreInst = "Sel">   --->   Core 73 'Sel' <Latency = 0> <II = 1> <Delay = 0.79> <FuncUnit> <Opcode : 'select'> <InPorts = 3> <OutPorts = 1>
ST_18 : Operation 144 [4/4] (5.78ns)   --->   "%v = fmul i32 %tmp_2, i32 %select_ln193_2" [attention_int8.cpp:197]   --->   Operation 144 'fmul' 'v' <Predicate = (!icmp_ln193)> <Delay = 5.78> <CoreInst = "FMul_maxdsp">   --->   Core 30 'FMul_maxdsp' <Latency = 3> <II = 1> <Delay = 5.78> <FuncUnit> <Opcode : 'fmul'> <InPorts = 2> <OutPorts = 1>

State 19 <SV = 18> <Delay = 5.78>
ST_19 : Operation 145 [3/4] (5.78ns)   --->   "%v = fmul i32 %tmp_2, i32 %select_ln193_2" [attention_int8.cpp:197]   --->   Operation 145 'fmul' 'v' <Predicate = (!icmp_ln193)> <Delay = 5.78> <CoreInst = "FMul_maxdsp">   --->   Core 30 'FMul_maxdsp' <Latency = 3> <II = 1> <Delay = 5.78> <FuncUnit> <Opcode : 'fmul'> <InPorts = 2> <OutPorts = 1>

State 20 <SV = 19> <Delay = 5.78>
ST_20 : Operation 146 [2/4] (5.78ns)   --->   "%v = fmul i32 %tmp_2, i32 %select_ln193_2" [attention_int8.cpp:197]   --->   Operation 146 'fmul' 'v' <Predicate = (!icmp_ln193)> <Delay = 5.78> <CoreInst = "FMul_maxdsp">   --->   Core 30 'FMul_maxdsp' <Latency = 3> <II = 1> <Delay = 5.78> <FuncUnit> <Opcode : 'fmul'> <InPorts = 2> <OutPorts = 1>

State 21 <SV = 20> <Delay = 5.78>
ST_21 : Operation 147 [1/4] (5.78ns)   --->   "%v = fmul i32 %tmp_2, i32 %select_ln193_2" [attention_int8.cpp:197]   --->   Operation 147 'fmul' 'v' <Predicate = (!icmp_ln193)> <Delay = 5.78> <CoreInst = "FMul_maxdsp">   --->   Core 30 'FMul_maxdsp' <Latency = 3> <II = 1> <Delay = 5.78> <FuncUnit> <Opcode : 'fmul'> <InPorts = 2> <OutPorts = 1>

State 22 <SV = 21> <Delay = 5.12>
ST_22 : Operation 148 [2/2] (5.12ns)   --->   "%conv1 = sptohp i32 %v" [attention_int8.cpp:198]   --->   Operation 148 'sptohp' 'conv1' <Predicate = (!icmp_ln193)> <Delay = 5.12> <CoreInst = "Float2Half">   --->   Core 69 'Float2Half' <Latency = 1> <II = 1> <Delay = 5.12> <FuncUnit> <Opcode : 'sptohp'> <InPorts = 1> <OutPorts = 1>

State 23 <SV = 22> <Delay = 5.12>
ST_23 : Operation 149 [1/1] (0.00ns)   --->   "%specbitsmap_ln0 = specbitsmap void @_ssdm_op_SpecBitsMap, i16 %gmem3"   --->   Operation 149 'specbitsmap' 'specbitsmap_ln0' <Predicate = true> <Delay = 0.00>
ST_23 : Operation 150 [1/1] (0.00ns)   --->   "%gmem3_addr = getelementptr i16 %gmem3, i64 %sext_ln89_cast" [attention_int8.cpp:89]   --->   Operation 150 'getelementptr' 'gmem3_addr' <Predicate = true> <Delay = 0.00>
ST_23 : Operation 151 [1/2] (5.12ns)   --->   "%conv1 = sptohp i32 %v" [attention_int8.cpp:198]   --->   Operation 151 'sptohp' 'conv1' <Predicate = (!icmp_ln193)> <Delay = 5.12> <CoreInst = "Float2Half">   --->   Core 69 'Float2Half' <Latency = 1> <II = 1> <Delay = 5.12> <FuncUnit> <Opcode : 'sptohp'> <InPorts = 1> <OutPorts = 1>
ST_23 : Operation 159 [1/1] (0.00ns)   --->   "%ret_ln0 = ret"   --->   Operation 159 'ret' 'ret_ln0' <Predicate = (icmp_ln193)> <Delay = 0.00>

State 24 <SV = 23> <Delay = 7.30>
ST_24 : Operation 152 [1/1] (0.00ns)   --->   "%specloopname_ln0 = specloopname void @_ssdm_op_SpecLoopName, void @VITIS_LOOP_193_18_VITIS_LOOP_195_19_str"   --->   Operation 152 'specloopname' 'specloopname_ln0' <Predicate = true> <Delay = 0.00>
ST_24 : Operation 153 [1/1] (0.00ns)   --->   "%empty = speclooptripcount i32 @_ssdm_op_SpecLoopTripCount, i64 512, i64 512, i64 512"   --->   Operation 153 'speclooptripcount' 'empty' <Predicate = true> <Delay = 0.00>
ST_24 : Operation 154 [1/1] (0.00ns)   --->   "%specpipeline_ln196 = specpipeline void @_ssdm_op_SpecPipeline, i32 1, i32 0, i32 0, i32 0, void @empty_13" [attention_int8.cpp:196]   --->   Operation 154 'specpipeline' 'specpipeline_ln196' <Predicate = true> <Delay = 0.00>
ST_24 : Operation 155 [1/1] (0.00ns)   --->   "%specloopname_ln195 = specloopname void @_ssdm_op_SpecLoopName, void @empty_15" [attention_int8.cpp:195]   --->   Operation 155 'specloopname' 'specloopname_ln195' <Predicate = true> <Delay = 0.00>
ST_24 : Operation 156 [1/1] (0.00ns)   --->   "%bitcast_ln200 = bitcast i16 %conv1" [attention_int8.cpp:200]   --->   Operation 156 'bitcast' 'bitcast_ln200' <Predicate = true> <Delay = 0.00>
ST_24 : Operation 157 [1/1] (7.30ns)   --->   "%write_ln200 = write void @_ssdm_op_Write.m_axi.p1i16, i16 %gmem3_addr, i16 %bitcast_ln200, i2 3" [attention_int8.cpp:200]   --->   Operation 157 'write' 'write_ln200' <Predicate = true> <Delay = 7.30> <CoreInst = "m_axi">   --->   Core 113 'm_axi' <Latency = 0> <II = 1> <Delay = 1.00> <Adapter> <Opcode : 'read' 'write' 'readreq' 'writereq' 'writeresp'>
ST_24 : Operation 158 [1/1] (0.00ns)   --->   "%br_ln195 = br void %for.inc309" [attention_int8.cpp:195]   --->   Operation 158 'br' 'br_ln195' <Predicate = true> <Delay = 0.00>


============================================================
+ Verbose Summary: Timing violations
============================================================
Target clock period: 10ns, clock uncertainty: 2.7ns.

 <State 1>: 6.1ns
The critical path consists of the following:
	'alloca' operation ('d') [19]  (0 ns)
	'load' operation ('d_load', attention_int8.cpp:195) on local variable 'd' [57]  (0 ns)
	'icmp' operation ('icmp_ln195', attention_int8.cpp:195) [61]  (1.47 ns)
	'select' operation ('select_ln193', attention_int8.cpp:193) [62]  (0.99 ns)
	'add' operation ('add_ln195', attention_int8.cpp:195) [104]  (2.03 ns)
	'store' operation ('store_ln195', attention_int8.cpp:195) of variable 'add_ln195', attention_int8.cpp:195 on local variable 'd' [107]  (1.61 ns)

 <State 2>: 6.3ns
The critical path consists of the following:
	'fdiv' operation ('div', attention_int8.cpp:194) [51]  (6.3 ns)

 <State 3>: 6.3ns
The critical path consists of the following:
	'fdiv' operation ('div', attention_int8.cpp:194) [51]  (6.3 ns)

 <State 4>: 6.3ns
The critical path consists of the following:
	'fdiv' operation ('div', attention_int8.cpp:194) [51]  (6.3 ns)

 <State 5>: 6.3ns
The critical path consists of the following:
	'fdiv' operation ('div', attention_int8.cpp:194) [51]  (6.3 ns)

 <State 6>: 6.3ns
The critical path consists of the following:
	'fdiv' operation ('div', attention_int8.cpp:194) [51]  (6.3 ns)

 <State 7>: 6.3ns
The critical path consists of the following:
	'fdiv' operation ('div', attention_int8.cpp:194) [51]  (6.3 ns)

 <State 8>: 6.3ns
The critical path consists of the following:
	'fdiv' operation ('div', attention_int8.cpp:194) [51]  (6.3 ns)

 <State 9>: 6.3ns
The critical path consists of the following:
	'fdiv' operation ('div', attention_int8.cpp:194) [51]  (6.3 ns)

 <State 10>: 6.3ns
The critical path consists of the following:
	'fdiv' operation ('div', attention_int8.cpp:194) [51]  (6.3 ns)

 <State 11>: 6.3ns
The critical path consists of the following:
	'fdiv' operation ('div', attention_int8.cpp:194) [51]  (6.3 ns)

 <State 12>: 6.3ns
The critical path consists of the following:
	'fdiv' operation ('div', attention_int8.cpp:194) [51]  (6.3 ns)

 <State 13>: 6.3ns
The critical path consists of the following:
	'fdiv' operation ('div', attention_int8.cpp:194) [51]  (6.3 ns)

 <State 14>: 6.3ns
The critical path consists of the following:
	'fdiv' operation ('div', attention_int8.cpp:194) [51]  (6.3 ns)

 <State 15>: 6.3ns
The critical path consists of the following:
	'fdiv' operation ('div', attention_int8.cpp:194) [51]  (6.3 ns)

 <State 16>: 6.3ns
The critical path consists of the following:
	'fdiv' operation ('div', attention_int8.cpp:194) [51]  (6.3 ns)

 <State 17>: 7.28ns
The critical path consists of the following:
	'fdiv' operation ('div', attention_int8.cpp:194) [51]  (6.3 ns)
	'select' operation ('inv_l', attention_int8.cpp:194) [52]  (0.978 ns)

 <State 18>: 6.76ns
The critical path consists of the following:
	'or' operation ('or_ln194_1', attention_int8.cpp:194) [71]  (0 ns)
	'and' operation ('and_ln194_1', attention_int8.cpp:194) [73]  (0 ns)
	'select' operation ('select_ln194', attention_int8.cpp:194) [75]  (0 ns)
	'select' operation ('select_ln193_2', attention_int8.cpp:193) [76]  (0.978 ns)
	'fmul' operation ('v', attention_int8.cpp:197) [100]  (5.78 ns)

 <State 19>: 5.78ns
The critical path consists of the following:
	'fmul' operation ('v', attention_int8.cpp:197) [100]  (5.78 ns)

 <State 20>: 5.78ns
The critical path consists of the following:
	'fmul' operation ('v', attention_int8.cpp:197) [100]  (5.78 ns)

 <State 21>: 5.78ns
The critical path consists of the following:
	'fmul' operation ('v', attention_int8.cpp:197) [100]  (5.78 ns)

 <State 22>: 5.12ns
The critical path consists of the following:
	'sptohp' operation ('conv1', attention_int8.cpp:198) [101]  (5.12 ns)

 <State 23>: 5.12ns
The critical path consists of the following:
	'sptohp' operation ('conv1', attention_int8.cpp:198) [101]  (5.12 ns)

 <State 24>: 7.3ns
The critical path consists of the following:
	bus write operation ('write_ln200', attention_int8.cpp:200) on port 'gmem3' (attention_int8.cpp:200) [103]  (7.3 ns)


============================================================
+ Verbose Summary: Binding
============================================================
N/A
* FSMD analyzer results:
  - Output states:
 - Input state : 
  - Chain level:
	State 1
	State 2
	State 3
	State 4
	State 5
	State 6
	State 7
	State 8
	State 9
	State 10
	State 11
	State 12
	State 13
	State 14
	State 15
	State 16
	State 17
	State 18
	State 19
	State 20
	State 21
	State 22
	State 23
	State 24


============================================================
+ Verbose Summary: Datapath Resource usage 
============================================================
N/A
