

================================================================
== Vitis HLS Report for 'attention_int8_kernel_Pipeline_VITIS_LOOP_130_8_VITIS_LOOP_131_9'
================================================================
* Date:           Sat Apr 25 21:21:46 2026

* Version:        2022.1 (Build 3526262 on Mon Apr 18 15:47:01 MDT 2022)
* Project:        hls_cosim_project
* Solution:       solution_cosim (Vivado IP Flow Target)
* Product family: artix7
* Target device:  xc7a200t-sbg484-1


================================================================
== Performance Estimates
================================================================
+ Timing: 
    * Summary: 
    +--------+----------+----------+------------+
    |  Clock |  Target  | Estimated| Uncertainty|
    +--------+----------+----------+------------+
    |ap_clk  |  10.00 ns|  7.300 ns|     2.70 ns|
    +--------+----------+----------+------------+

+ Latency: 
    * Summary: 
    +---------+---------+-----------+-----------+------+------+---------+
    |  Latency (cycles) |   Latency (absolute)  |   Interval  | Pipeline|
    |   min   |   max   |    min    |    max    |  min |  max |   Type  |
    +---------+---------+-----------+-----------+------+------+---------+
    |     8195|     8195|  81.950 us|  81.950 us|  8195|  8195|       no|
    +---------+---------+-----------+-----------+------+------+---------+

    + Detail: 
        * Instance: 
        N/A

        * Loop: 
        +-------------------------------------+---------+---------+----------+-----------+-----------+------+----------+
        |                                     |  Latency (cycles) | Iteration|  Initiation Interval  | Trip |          |
        |              Loop Name              |   min   |   max   |  Latency |  achieved |   target  | Count| Pipelined|
        +-------------------------------------+---------+---------+----------+-----------+-----------+------+----------+
        |- VITIS_LOOP_130_8_VITIS_LOOP_131_9  |     8193|     8193|         3|          1|          1|  8192|       yes|
        +-------------------------------------+---------+---------+----------+-----------+-----------+------+----------+

============================================================
+ Verbose Summary: Synthesis Manager
============================================================
InlineROM: 1
ExposeGlobal: 0
============================================================
+ Verbose Summary: CDFG Model
============================================================
IsTopModel: 0
ResetActiveHigh: 1
IsCombinational: 0
IsDatapathOnly: 0
HasWiredReturn: 1
HasMFsm: 2
HasVarLatency: 1
IsPipeline: 0
IsRtlPipelined: 0
IsInstanceOverlapped: 0
IsDontTouch: 0
HasImplIP: 0
IsGatedGlobalClock: 0

+ Individual pipeline summary: 
  * Pipeline-0: initiation interval (II) = 1, depth = 3


============================================================
+ Verbose Summary: Schedule
============================================================
* Number of FSM states : 3
* Pipeline : 1
  Pipeline-0 : II = 1, D = 3, States = { 1 2 3 }
* Dataflow Pipeline: 0

* FSM state transitions: 
1 --> 2 
2 --> 3 
3 --> 

* FSM state operations: 

State 1 <SV = 0> <Delay = 6.09>
ST_1 : Operation 6 [1/1] (0.00ns)   --->   "%d_1 = alloca i32 1"   --->   Operation 6 'alloca' 'd_1' <Predicate = true> <Delay = 0.00>
ST_1 : Operation 7 [1/1] (0.00ns)   --->   "%j = alloca i32 1"   --->   Operation 7 'alloca' 'j' <Predicate = true> <Delay = 0.00>
ST_1 : Operation 8 [1/1] (0.00ns)   --->   "%indvar_flatten134 = alloca i32 1"   --->   Operation 8 'alloca' 'indvar_flatten134' <Predicate = true> <Delay = 0.00>
ST_1 : Operation 9 [1/1] (0.00ns)   --->   "%specinterface_ln0 = specinterface void @_ssdm_op_SpecInterface, i8 %gmem2, void @empty_3, i32 0, i32 0, void @empty_13, i32 0, i32 8192, void @empty, void @empty_20, void @empty_13, i32 16, i32 16, i32 16, i32 16, void @empty_13, void @empty_13, i32 4294967295, i32 0"   --->   Operation 9 'specinterface' 'specinterface_ln0' <Predicate = true> <Delay = 0.00>
ST_1 : Operation 10 [1/1] (0.00ns)   --->   "%specinterface_ln0 = specinterface void @_ssdm_op_SpecInterface, i8 %gmem1, void @empty_3, i32 0, i32 0, void @empty_13, i32 0, i32 8192, void @empty_27, void @empty_20, void @empty_13, i32 16, i32 16, i32 16, i32 16, void @empty_13, void @empty_13, i32 4294967295, i32 0"   --->   Operation 10 'specinterface' 'specinterface_ln0' <Predicate = true> <Delay = 0.00>
ST_1 : Operation 11 [1/1] (0.00ns)   --->   "%V_in_read = read i64 @_ssdm_op_Read.ap_auto.i64, i64 %V_in"   --->   Operation 11 'read' 'V_in_read' <Predicate = true> <Delay = 0.00>
ST_1 : Operation 12 [1/1] (0.00ns)   --->   "%K_in_read = read i64 @_ssdm_op_Read.ap_auto.i64, i64 %K_in"   --->   Operation 12 'read' 'K_in_read' <Predicate = true> <Delay = 0.00>
ST_1 : Operation 13 [1/1] (1.61ns)   --->   "%store_ln0 = store i14 0, i14 %indvar_flatten134"   --->   Operation 13 'store' 'store_ln0' <Predicate = true> <Delay = 1.61>
ST_1 : Operation 14 [1/1] (1.61ns)   --->   "%store_ln0 = store i8 0, i8 %j"   --->   Operation 14 'store' 'store_ln0' <Predicate = true> <Delay = 1.61>
ST_1 : Operation 15 [1/1] (1.61ns)   --->   "%store_ln0 = store i7 0, i7 %d_1"   --->   Operation 15 'store' 'store_ln0' <Predicate = true> <Delay = 1.61>
ST_1 : Operation 16 [1/1] (0.00ns)   --->   "%br_ln0 = br void %for.inc126"   --->   Operation 16 'br' 'br_ln0' <Predicate = true> <Delay = 0.00>
ST_1 : Operation 17 [1/1] (0.00ns)   --->   "%indvar_flatten134_load = load i14 %indvar_flatten134" [attention_int8.cpp:130]   --->   Operation 17 'load' 'indvar_flatten134_load' <Predicate = true> <Delay = 0.00>
ST_1 : Operation 18 [1/1] (0.00ns)   --->   "%specbitsmap_ln0 = specbitsmap void @_ssdm_op_SpecBitsMap, i8 %gmem2"   --->   Operation 18 'specbitsmap' 'specbitsmap_ln0' <Predicate = true> <Delay = 0.00>
ST_1 : Operation 19 [1/1] (0.00ns)   --->   "%specbitsmap_ln0 = specbitsmap void @_ssdm_op_SpecBitsMap, i8 %gmem1"   --->   Operation 19 'specbitsmap' 'specbitsmap_ln0' <Predicate = true> <Delay = 0.00>
ST_1 : Operation 20 [1/1] (0.00ns)   --->   "%gmem1_addr = getelementptr i8 %gmem1, i64 %K_in_read" [attention_int8.cpp:130]   --->   Operation 20 'getelementptr' 'gmem1_addr' <Predicate = true> <Delay = 0.00>
ST_1 : Operation 21 [1/1] (0.00ns)   --->   "%gmem2_addr = getelementptr i8 %gmem2, i64 %V_in_read" [attention_int8.cpp:130]   --->   Operation 21 'getelementptr' 'gmem2_addr' <Predicate = true> <Delay = 0.00>
ST_1 : Operation 22 [1/1] (2.15ns)   --->   "%icmp_ln130 = icmp_eq  i14 %indvar_flatten134_load, i14 8192" [attention_int8.cpp:130]   --->   Operation 22 'icmp' 'icmp_ln130' <Predicate = true> <Delay = 2.15> <CoreInst = "Cmp">   --->   Core 9 'Cmp' <Latency = 0> <II = 1> <Delay = 2.15> <FuncUnit> <Opcode : 'icmp'> <InPorts = 2> <OutPorts = 1>
ST_1 : Operation 23 [1/1] (2.13ns)   --->   "%add_ln130_1 = add i14 %indvar_flatten134_load, i14 1" [attention_int8.cpp:130]   --->   Operation 23 'add' 'add_ln130_1' <Predicate = true> <Delay = 2.13> <CoreInst = "Adder">   --->   Core 1 'Adder' <Latency = 0> <II = 1> <Delay = 2.13> <FuncUnit> <Opcode : 'add' 'sub'> <InPorts = 2> <OutPorts = 1>
ST_1 : Operation 24 [1/1] (0.00ns)   --->   "%br_ln130 = br i1 %icmp_ln130, void %for.inc129, void %VITIS_LOOP_146_11.preheader.exitStub" [attention_int8.cpp:130]   --->   Operation 24 'br' 'br_ln130' <Predicate = true> <Delay = 0.00>
ST_1 : Operation 25 [1/1] (0.00ns)   --->   "%d_1_load = load i7 %d_1" [attention_int8.cpp:131]   --->   Operation 25 'load' 'd_1_load' <Predicate = (!icmp_ln130)> <Delay = 0.00>
ST_1 : Operation 26 [1/1] (1.46ns)   --->   "%icmp_ln131 = icmp_eq  i7 %d_1_load, i7 64" [attention_int8.cpp:131]   --->   Operation 26 'icmp' 'icmp_ln131' <Predicate = (!icmp_ln130)> <Delay = 1.46> <CoreInst = "Cmp">   --->   Core 9 'Cmp' <Latency = 0> <II = 1> <Delay = 1.46> <FuncUnit> <Opcode : 'icmp'> <InPorts = 2> <OutPorts = 1>
ST_1 : Operation 27 [1/1] (0.99ns)   --->   "%select_ln130 = select i1 %icmp_ln131, i7 0, i7 %d_1_load" [attention_int8.cpp:130]   --->   Operation 27 'select' 'select_ln130' <Predicate = (!icmp_ln130)> <Delay = 0.99> <CoreInst = "Sel">   --->   Core 73 'Sel' <Latency = 0> <II = 1> <Delay = 0.99> <FuncUnit> <Opcode : 'select'> <InPorts = 3> <OutPorts = 1>
ST_1 : Operation 28 [1/1] (0.00ns)   --->   "%trunc_ln131 = trunc i7 %select_ln130" [attention_int8.cpp:131]   --->   Operation 28 'trunc' 'trunc_ln131' <Predicate = (!icmp_ln130)> <Delay = 0.00>
ST_1 : Operation 29 [1/1] (0.93ns)   --->   "%switch_ln133 = switch i6 %trunc_ln131, void %arrayidx11611.case.63, i6 0, void %arrayidx11611.case.0, i6 1, void %arrayidx11611.case.1, i6 2, void %arrayidx11611.case.2, i6 3, void %arrayidx11611.case.3, i6 4, void %arrayidx11611.case.4, i6 5, void %arrayidx11611.case.5, i6 6, void %arrayidx11611.case.6, i6 7, void %arrayidx11611.case.7, i6 8, void %arrayidx11611.case.8, i6 9, void %arrayidx11611.case.9, i6 10, void %arrayidx11611.case.10, i6 11, void %arrayidx11611.case.11, i6 12, void %arrayidx11611.case.12, i6 13, void %arrayidx11611.case.13, i6 14, void %arrayidx11611.case.14, i6 15, void %arrayidx11611.case.15, i6 16, void %arrayidx11611.case.16, i6 17, void %arrayidx11611.case.17, i6 18, void %arrayidx11611.case.18, i6 19, void %arrayidx11611.case.19, i6 20, void %arrayidx11611.case.20, i6 21, void %arrayidx11611.case.21, i6 22, void %arrayidx11611.case.22, i6 23, void %arrayidx11611.case.23, i6 24, void %arrayidx11611.case.24, i6 25, void %arrayidx11611.case.25, i6 26, void %arrayidx11611.case.26, i6 27, void %arrayidx11611.case.27, i6 28, void %arrayidx11611.case.28, i6 29, void %arrayidx11611.case.29, i6 30, void %arrayidx11611.case.30, i6 31, void %arrayidx11611.case.31, i6 32, void %arrayidx11611.case.32, i6 33, void %arrayidx11611.case.33, i6 34, void %arrayidx11611.case.34, i6 35, void %arrayidx11611.case.35, i6 36, void %arrayidx11611.case.36, i6 37, void %arrayidx11611.case.37, i6 38, void %arrayidx11611.case.38, i6 39, void %arrayidx11611.case.39, i6 40, void %arrayidx11611.case.40, i6 41, void %arrayidx11611.case.41, i6 42, void %arrayidx11611.case.42, i6 43, void %arrayidx11611.case.43, i6 44, void %arrayidx11611.case.44, i6 45, void %arrayidx11611.case.45, i6 46, void %arrayidx11611.case.46, i6 47, void %arrayidx11611.case.47, i6 48, void %arrayidx11611.case.48, i6 49, void %arrayidx11611.case.49, i6 50, void %arrayidx11611.case.50, i6 51, void %arrayidx11611.case.51, i6 52, void %arrayidx11611.case.52, i6 53, void %arrayidx11611.case.53, i6 54, void %arrayidx11611.case.54, i6 55, void %arrayidx11611.case.55, i6 56, void %arrayidx11611.case.56, i6 57, void %arrayidx11611.case.57, i6 58, void %arrayidx11611.case.58, i6 59, void %arrayidx11611.case.59, i6 60, void %arrayidx11611.case.60, i6 61, void %arrayidx11611.case.61, i6 62, void %arrayidx11611.case.62" [attention_int8.cpp:133]   --->   Operation 29 'switch' 'switch_ln133' <Predicate = (!icmp_ln130)> <Delay = 0.93>
ST_1 : Operation 30 [1/1] (0.00ns)   --->   "%br_ln133 = br void %arrayidx11611.exit" [attention_int8.cpp:133]   --->   Operation 30 'br' 'br_ln133' <Predicate = (!icmp_ln130 & trunc_ln131 == 62)> <Delay = 0.00>
ST_1 : Operation 31 [1/1] (0.00ns)   --->   "%br_ln133 = br void %arrayidx11611.exit" [attention_int8.cpp:133]   --->   Operation 31 'br' 'br_ln133' <Predicate = (!icmp_ln130 & trunc_ln131 == 61)> <Delay = 0.00>
ST_1 : Operation 32 [1/1] (0.00ns)   --->   "%br_ln133 = br void %arrayidx11611.exit" [attention_int8.cpp:133]   --->   Operation 32 'br' 'br_ln133' <Predicate = (!icmp_ln130 & trunc_ln131 == 60)> <Delay = 0.00>
ST_1 : Operation 33 [1/1] (0.00ns)   --->   "%br_ln133 = br void %arrayidx11611.exit" [attention_int8.cpp:133]   --->   Operation 33 'br' 'br_ln133' <Predicate = (!icmp_ln130 & trunc_ln131 == 59)> <Delay = 0.00>
ST_1 : Operation 34 [1/1] (0.00ns)   --->   "%br_ln133 = br void %arrayidx11611.exit" [attention_int8.cpp:133]   --->   Operation 34 'br' 'br_ln133' <Predicate = (!icmp_ln130 & trunc_ln131 == 58)> <Delay = 0.00>
ST_1 : Operation 35 [1/1] (0.00ns)   --->   "%br_ln133 = br void %arrayidx11611.exit" [attention_int8.cpp:133]   --->   Operation 35 'br' 'br_ln133' <Predicate = (!icmp_ln130 & trunc_ln131 == 57)> <Delay = 0.00>
ST_1 : Operation 36 [1/1] (0.00ns)   --->   "%br_ln133 = br void %arrayidx11611.exit" [attention_int8.cpp:133]   --->   Operation 36 'br' 'br_ln133' <Predicate = (!icmp_ln130 & trunc_ln131 == 56)> <Delay = 0.00>
ST_1 : Operation 37 [1/1] (0.00ns)   --->   "%br_ln133 = br void %arrayidx11611.exit" [attention_int8.cpp:133]   --->   Operation 37 'br' 'br_ln133' <Predicate = (!icmp_ln130 & trunc_ln131 == 55)> <Delay = 0.00>
ST_1 : Operation 38 [1/1] (0.00ns)   --->   "%br_ln133 = br void %arrayidx11611.exit" [attention_int8.cpp:133]   --->   Operation 38 'br' 'br_ln133' <Predicate = (!icmp_ln130 & trunc_ln131 == 54)> <Delay = 0.00>
ST_1 : Operation 39 [1/1] (0.00ns)   --->   "%br_ln133 = br void %arrayidx11611.exit" [attention_int8.cpp:133]   --->   Operation 39 'br' 'br_ln133' <Predicate = (!icmp_ln130 & trunc_ln131 == 53)> <Delay = 0.00>
ST_1 : Operation 40 [1/1] (0.00ns)   --->   "%br_ln133 = br void %arrayidx11611.exit" [attention_int8.cpp:133]   --->   Operation 40 'br' 'br_ln133' <Predicate = (!icmp_ln130 & trunc_ln131 == 52)> <Delay = 0.00>
ST_1 : Operation 41 [1/1] (0.00ns)   --->   "%br_ln133 = br void %arrayidx11611.exit" [attention_int8.cpp:133]   --->   Operation 41 'br' 'br_ln133' <Predicate = (!icmp_ln130 & trunc_ln131 == 51)> <Delay = 0.00>
ST_1 : Operation 42 [1/1] (0.00ns)   --->   "%br_ln133 = br void %arrayidx11611.exit" [attention_int8.cpp:133]   --->   Operation 42 'br' 'br_ln133' <Predicate = (!icmp_ln130 & trunc_ln131 == 50)> <Delay = 0.00>
ST_1 : Operation 43 [1/1] (0.00ns)   --->   "%br_ln133 = br void %arrayidx11611.exit" [attention_int8.cpp:133]   --->   Operation 43 'br' 'br_ln133' <Predicate = (!icmp_ln130 & trunc_ln131 == 49)> <Delay = 0.00>
ST_1 : Operation 44 [1/1] (0.00ns)   --->   "%br_ln133 = br void %arrayidx11611.exit" [attention_int8.cpp:133]   --->   Operation 44 'br' 'br_ln133' <Predicate = (!icmp_ln130 & trunc_ln131 == 48)> <Delay = 0.00>
ST_1 : Operation 45 [1/1] (0.00ns)   --->   "%br_ln133 = br void %arrayidx11611.exit" [attention_int8.cpp:133]   --->   Operation 45 'br' 'br_ln133' <Predicate = (!icmp_ln130 & trunc_ln131 == 47)> <Delay = 0.00>
ST_1 : Operation 46 [1/1] (0.00ns)   --->   "%br_ln133 = br void %arrayidx11611.exit" [attention_int8.cpp:133]   --->   Operation 46 'br' 'br_ln133' <Predicate = (!icmp_ln130 & trunc_ln131 == 46)> <Delay = 0.00>
ST_1 : Operation 47 [1/1] (0.00ns)   --->   "%br_ln133 = br void %arrayidx11611.exit" [attention_int8.cpp:133]   --->   Operation 47 'br' 'br_ln133' <Predicate = (!icmp_ln130 & trunc_ln131 == 45)> <Delay = 0.00>
ST_1 : Operation 48 [1/1] (0.00ns)   --->   "%br_ln133 = br void %arrayidx11611.exit" [attention_int8.cpp:133]   --->   Operation 48 'br' 'br_ln133' <Predicate = (!icmp_ln130 & trunc_ln131 == 44)> <Delay = 0.00>
ST_1 : Operation 49 [1/1] (0.00ns)   --->   "%br_ln133 = br void %arrayidx11611.exit" [attention_int8.cpp:133]   --->   Operation 49 'br' 'br_ln133' <Predicate = (!icmp_ln130 & trunc_ln131 == 43)> <Delay = 0.00>
ST_1 : Operation 50 [1/1] (0.00ns)   --->   "%br_ln133 = br void %arrayidx11611.exit" [attention_int8.cpp:133]   --->   Operation 50 'br' 'br_ln133' <Predicate = (!icmp_ln130 & trunc_ln131 == 42)> <Delay = 0.00>
ST_1 : Operation 51 [1/1] (0.00ns)   --->   "%br_ln133 = br void %arrayidx11611.exit" [attention_int8.cpp:133]   --->   Operation 51 'br' 'br_ln133' <Predicate = (!icmp_ln130 & trunc_ln131 == 41)> <Delay = 0.00>
ST_1 : Operation 52 [1/1] (0.00ns)   --->   "%br_ln133 = br void %arrayidx11611.exit" [attention_int8.cpp:133]   --->   Operation 52 'br' 'br_ln133' <Predicate = (!icmp_ln130 & trunc_ln131 == 40)> <Delay = 0.00>
ST_1 : Operation 53 [1/1] (0.00ns)   --->   "%br_ln133 = br void %arrayidx11611.exit" [attention_int8.cpp:133]   --->   Operation 53 'br' 'br_ln133' <Predicate = (!icmp_ln130 & trunc_ln131 == 39)> <Delay = 0.00>
ST_1 : Operation 54 [1/1] (0.00ns)   --->   "%br_ln133 = br void %arrayidx11611.exit" [attention_int8.cpp:133]   --->   Operation 54 'br' 'br_ln133' <Predicate = (!icmp_ln130 & trunc_ln131 == 38)> <Delay = 0.00>
ST_1 : Operation 55 [1/1] (0.00ns)   --->   "%br_ln133 = br void %arrayidx11611.exit" [attention_int8.cpp:133]   --->   Operation 55 'br' 'br_ln133' <Predicate = (!icmp_ln130 & trunc_ln131 == 37)> <Delay = 0.00>
ST_1 : Operation 56 [1/1] (0.00ns)   --->   "%br_ln133 = br void %arrayidx11611.exit" [attention_int8.cpp:133]   --->   Operation 56 'br' 'br_ln133' <Predicate = (!icmp_ln130 & trunc_ln131 == 36)> <Delay = 0.00>
ST_1 : Operation 57 [1/1] (0.00ns)   --->   "%br_ln133 = br void %arrayidx11611.exit" [attention_int8.cpp:133]   --->   Operation 57 'br' 'br_ln133' <Predicate = (!icmp_ln130 & trunc_ln131 == 35)> <Delay = 0.00>
ST_1 : Operation 58 [1/1] (0.00ns)   --->   "%br_ln133 = br void %arrayidx11611.exit" [attention_int8.cpp:133]   --->   Operation 58 'br' 'br_ln133' <Predicate = (!icmp_ln130 & trunc_ln131 == 34)> <Delay = 0.00>
ST_1 : Operation 59 [1/1] (0.00ns)   --->   "%br_ln133 = br void %arrayidx11611.exit" [attention_int8.cpp:133]   --->   Operation 59 'br' 'br_ln133' <Predicate = (!icmp_ln130 & trunc_ln131 == 33)> <Delay = 0.00>
ST_1 : Operation 60 [1/1] (0.00ns)   --->   "%br_ln133 = br void %arrayidx11611.exit" [attention_int8.cpp:133]   --->   Operation 60 'br' 'br_ln133' <Predicate = (!icmp_ln130 & trunc_ln131 == 32)> <Delay = 0.00>
ST_1 : Operation 61 [1/1] (0.00ns)   --->   "%br_ln133 = br void %arrayidx11611.exit" [attention_int8.cpp:133]   --->   Operation 61 'br' 'br_ln133' <Predicate = (!icmp_ln130 & trunc_ln131 == 31)> <Delay = 0.00>
ST_1 : Operation 62 [1/1] (0.00ns)   --->   "%br_ln133 = br void %arrayidx11611.exit" [attention_int8.cpp:133]   --->   Operation 62 'br' 'br_ln133' <Predicate = (!icmp_ln130 & trunc_ln131 == 30)> <Delay = 0.00>
ST_1 : Operation 63 [1/1] (0.00ns)   --->   "%br_ln133 = br void %arrayidx11611.exit" [attention_int8.cpp:133]   --->   Operation 63 'br' 'br_ln133' <Predicate = (!icmp_ln130 & trunc_ln131 == 29)> <Delay = 0.00>
ST_1 : Operation 64 [1/1] (0.00ns)   --->   "%br_ln133 = br void %arrayidx11611.exit" [attention_int8.cpp:133]   --->   Operation 64 'br' 'br_ln133' <Predicate = (!icmp_ln130 & trunc_ln131 == 28)> <Delay = 0.00>
ST_1 : Operation 65 [1/1] (0.00ns)   --->   "%br_ln133 = br void %arrayidx11611.exit" [attention_int8.cpp:133]   --->   Operation 65 'br' 'br_ln133' <Predicate = (!icmp_ln130 & trunc_ln131 == 27)> <Delay = 0.00>
ST_1 : Operation 66 [1/1] (0.00ns)   --->   "%br_ln133 = br void %arrayidx11611.exit" [attention_int8.cpp:133]   --->   Operation 66 'br' 'br_ln133' <Predicate = (!icmp_ln130 & trunc_ln131 == 26)> <Delay = 0.00>
ST_1 : Operation 67 [1/1] (0.00ns)   --->   "%br_ln133 = br void %arrayidx11611.exit" [attention_int8.cpp:133]   --->   Operation 67 'br' 'br_ln133' <Predicate = (!icmp_ln130 & trunc_ln131 == 25)> <Delay = 0.00>
ST_1 : Operation 68 [1/1] (0.00ns)   --->   "%br_ln133 = br void %arrayidx11611.exit" [attention_int8.cpp:133]   --->   Operation 68 'br' 'br_ln133' <Predicate = (!icmp_ln130 & trunc_ln131 == 24)> <Delay = 0.00>
ST_1 : Operation 69 [1/1] (0.00ns)   --->   "%br_ln133 = br void %arrayidx11611.exit" [attention_int8.cpp:133]   --->   Operation 69 'br' 'br_ln133' <Predicate = (!icmp_ln130 & trunc_ln131 == 23)> <Delay = 0.00>
ST_1 : Operation 70 [1/1] (0.00ns)   --->   "%br_ln133 = br void %arrayidx11611.exit" [attention_int8.cpp:133]   --->   Operation 70 'br' 'br_ln133' <Predicate = (!icmp_ln130 & trunc_ln131 == 22)> <Delay = 0.00>
ST_1 : Operation 71 [1/1] (0.00ns)   --->   "%br_ln133 = br void %arrayidx11611.exit" [attention_int8.cpp:133]   --->   Operation 71 'br' 'br_ln133' <Predicate = (!icmp_ln130 & trunc_ln131 == 21)> <Delay = 0.00>
ST_1 : Operation 72 [1/1] (0.00ns)   --->   "%br_ln133 = br void %arrayidx11611.exit" [attention_int8.cpp:133]   --->   Operation 72 'br' 'br_ln133' <Predicate = (!icmp_ln130 & trunc_ln131 == 20)> <Delay = 0.00>
ST_1 : Operation 73 [1/1] (0.00ns)   --->   "%br_ln133 = br void %arrayidx11611.exit" [attention_int8.cpp:133]   --->   Operation 73 'br' 'br_ln133' <Predicate = (!icmp_ln130 & trunc_ln131 == 19)> <Delay = 0.00>
ST_1 : Operation 74 [1/1] (0.00ns)   --->   "%br_ln133 = br void %arrayidx11611.exit" [attention_int8.cpp:133]   --->   Operation 74 'br' 'br_ln133' <Predicate = (!icmp_ln130 & trunc_ln131 == 18)> <Delay = 0.00>
ST_1 : Operation 75 [1/1] (0.00ns)   --->   "%br_ln133 = br void %arrayidx11611.exit" [attention_int8.cpp:133]   --->   Operation 75 'br' 'br_ln133' <Predicate = (!icmp_ln130 & trunc_ln131 == 17)> <Delay = 0.00>
ST_1 : Operation 76 [1/1] (0.00ns)   --->   "%br_ln133 = br void %arrayidx11611.exit" [attention_int8.cpp:133]   --->   Operation 76 'br' 'br_ln133' <Predicate = (!icmp_ln130 & trunc_ln131 == 16)> <Delay = 0.00>
ST_1 : Operation 77 [1/1] (0.00ns)   --->   "%br_ln133 = br void %arrayidx11611.exit" [attention_int8.cpp:133]   --->   Operation 77 'br' 'br_ln133' <Predicate = (!icmp_ln130 & trunc_ln131 == 15)> <Delay = 0.00>
ST_1 : Operation 78 [1/1] (0.00ns)   --->   "%br_ln133 = br void %arrayidx11611.exit" [attention_int8.cpp:133]   --->   Operation 78 'br' 'br_ln133' <Predicate = (!icmp_ln130 & trunc_ln131 == 14)> <Delay = 0.00>
ST_1 : Operation 79 [1/1] (0.00ns)   --->   "%br_ln133 = br void %arrayidx11611.exit" [attention_int8.cpp:133]   --->   Operation 79 'br' 'br_ln133' <Predicate = (!icmp_ln130 & trunc_ln131 == 13)> <Delay = 0.00>
ST_1 : Operation 80 [1/1] (0.00ns)   --->   "%br_ln133 = br void %arrayidx11611.exit" [attention_int8.cpp:133]   --->   Operation 80 'br' 'br_ln133' <Predicate = (!icmp_ln130 & trunc_ln131 == 12)> <Delay = 0.00>
ST_1 : Operation 81 [1/1] (0.00ns)   --->   "%br_ln133 = br void %arrayidx11611.exit" [attention_int8.cpp:133]   --->   Operation 81 'br' 'br_ln133' <Predicate = (!icmp_ln130 & trunc_ln131 == 11)> <Delay = 0.00>
ST_1 : Operation 82 [1/1] (0.00ns)   --->   "%br_ln133 = br void %arrayidx11611.exit" [attention_int8.cpp:133]   --->   Operation 82 'br' 'br_ln133' <Predicate = (!icmp_ln130 & trunc_ln131 == 10)> <Delay = 0.00>
ST_1 : Operation 83 [1/1] (0.00ns)   --->   "%br_ln133 = br void %arrayidx11611.exit" [attention_int8.cpp:133]   --->   Operation 83 'br' 'br_ln133' <Predicate = (!icmp_ln130 & trunc_ln131 == 9)> <Delay = 0.00>
ST_1 : Operation 84 [1/1] (0.00ns)   --->   "%br_ln133 = br void %arrayidx11611.exit" [attention_int8.cpp:133]   --->   Operation 84 'br' 'br_ln133' <Predicate = (!icmp_ln130 & trunc_ln131 == 8)> <Delay = 0.00>
ST_1 : Operation 85 [1/1] (0.00ns)   --->   "%br_ln133 = br void %arrayidx11611.exit" [attention_int8.cpp:133]   --->   Operation 85 'br' 'br_ln133' <Predicate = (!icmp_ln130 & trunc_ln131 == 7)> <Delay = 0.00>
ST_1 : Operation 86 [1/1] (0.00ns)   --->   "%br_ln133 = br void %arrayidx11611.exit" [attention_int8.cpp:133]   --->   Operation 86 'br' 'br_ln133' <Predicate = (!icmp_ln130 & trunc_ln131 == 6)> <Delay = 0.00>
ST_1 : Operation 87 [1/1] (0.00ns)   --->   "%br_ln133 = br void %arrayidx11611.exit" [attention_int8.cpp:133]   --->   Operation 87 'br' 'br_ln133' <Predicate = (!icmp_ln130 & trunc_ln131 == 5)> <Delay = 0.00>
ST_1 : Operation 88 [1/1] (0.00ns)   --->   "%br_ln133 = br void %arrayidx11611.exit" [attention_int8.cpp:133]   --->   Operation 88 'br' 'br_ln133' <Predicate = (!icmp_ln130 & trunc_ln131 == 4)> <Delay = 0.00>
ST_1 : Operation 89 [1/1] (0.00ns)   --->   "%br_ln133 = br void %arrayidx11611.exit" [attention_int8.cpp:133]   --->   Operation 89 'br' 'br_ln133' <Predicate = (!icmp_ln130 & trunc_ln131 == 3)> <Delay = 0.00>
ST_1 : Operation 90 [1/1] (0.00ns)   --->   "%br_ln133 = br void %arrayidx11611.exit" [attention_int8.cpp:133]   --->   Operation 90 'br' 'br_ln133' <Predicate = (!icmp_ln130 & trunc_ln131 == 2)> <Delay = 0.00>
ST_1 : Operation 91 [1/1] (0.00ns)   --->   "%br_ln133 = br void %arrayidx11611.exit" [attention_int8.cpp:133]   --->   Operation 91 'br' 'br_ln133' <Predicate = (!icmp_ln130 & trunc_ln131 == 1)> <Delay = 0.00>
ST_1 : Operation 92 [1/1] (0.00ns)   --->   "%br_ln133 = br void %arrayidx11611.exit" [attention_int8.cpp:133]   --->   Operation 92 'br' 'br_ln133' <Predicate = (!icmp_ln130 & trunc_ln131 == 0)> <Delay = 0.00>
ST_1 : Operation 93 [1/1] (0.00ns)   --->   "%br_ln133 = br void %arrayidx11611.exit" [attention_int8.cpp:133]   --->   Operation 93 'br' 'br_ln133' <Predicate = (!icmp_ln130 & trunc_ln131 == 63)> <Delay = 0.00>
ST_1 : Operation 94 [1/1] (2.03ns)   --->   "%add_ln131 = add i7 %select_ln130, i7 1" [attention_int8.cpp:131]   --->   Operation 94 'add' 'add_ln131' <Predicate = (!icmp_ln130)> <Delay = 2.03> <CoreInst = "Adder">   --->   Core 1 'Adder' <Latency = 0> <II = 1> <Delay = 2.03> <FuncUnit> <Opcode : 'add' 'sub'> <InPorts = 2> <OutPorts = 1>
ST_1 : Operation 95 [1/1] (1.61ns)   --->   "%store_ln131 = store i14 %add_ln130_1, i14 %indvar_flatten134" [attention_int8.cpp:131]   --->   Operation 95 'store' 'store_ln131' <Predicate = (!icmp_ln130)> <Delay = 1.61>
ST_1 : Operation 96 [1/1] (1.61ns)   --->   "%store_ln131 = store i7 %add_ln131, i7 %d_1" [attention_int8.cpp:131]   --->   Operation 96 'store' 'store_ln131' <Predicate = (!icmp_ln130)> <Delay = 1.61>

State 2 <SV = 1> <Delay = 7.30>
ST_2 : Operation 97 [1/1] (7.30ns)   --->   "%gmem1_addr_read = read i8 @_ssdm_op_Read.m_axi.p1i8, i8 %gmem1_addr" [attention_int8.cpp:133]   --->   Operation 97 'read' 'gmem1_addr_read' <Predicate = true> <Delay = 7.30> <CoreInst = "m_axi">   --->   Core 113 'm_axi' <Latency = 0> <II = 1> <Delay = 1.00> <Adapter> <Opcode : 'read' 'write' 'readreq' 'writereq' 'writeresp'>
ST_2 : Operation 98 [1/1] (0.00ns)   --->   "%lshr_ln = partselect i3 @_ssdm_op_PartSelect.i3.i7.i32.i32, i7 %select_ln130, i32 3, i32 5" [attention_int8.cpp:134]   --->   Operation 98 'partselect' 'lshr_ln' <Predicate = true> <Delay = 0.00>
ST_2 : Operation 99 [1/1] (7.30ns)   --->   "%gmem2_addr_read = read i8 @_ssdm_op_Read.m_axi.p1i8, i8 %gmem2_addr" [attention_int8.cpp:134]   --->   Operation 99 'read' 'gmem2_addr_read' <Predicate = true> <Delay = 7.30> <CoreInst = "m_axi">   --->   Core 113 'm_axi' <Latency = 0> <II = 1> <Delay = 1.00> <Adapter> <Opcode : 'read' 'write' 'readreq' 'writereq' 'writeresp'>
ST_2 : Operation 100 [1/1] (0.00ns)   --->   "%trunc_ln134_1 = trunc i7 %select_ln130" [attention_int8.cpp:134]   --->   Operation 100 'trunc' 'trunc_ln134_1' <Predicate = true> <Delay = 0.00>
ST_2 : Operation 101 [1/1] (0.93ns)   --->   "%switch_ln134 = switch i3 %trunc_ln134_1, void %arrayidx12513.case.7, i3 0, void %arrayidx12513.case.0, i3 1, void %arrayidx12513.case.1, i3 2, void %arrayidx12513.case.2, i3 3, void %arrayidx12513.case.3, i3 4, void %arrayidx12513.case.4, i3 5, void %arrayidx12513.case.5, i3 6, void %arrayidx12513.case.6" [attention_int8.cpp:134]   --->   Operation 101 'switch' 'switch_ln134' <Predicate = true> <Delay = 0.93>
ST_2 : Operation 267 [1/1] (0.00ns)   --->   "%ret_ln0 = ret"   --->   Operation 267 'ret' 'ret_ln0' <Predicate = (icmp_ln130)> <Delay = 0.00>

State 3 <SV = 2> <Delay = 6.41>
ST_3 : Operation 102 [1/1] (0.00ns)   --->   "%j_load = load i8 %j" [attention_int8.cpp:130]   --->   Operation 102 'load' 'j_load' <Predicate = true> <Delay = 0.00>
ST_3 : Operation 103 [1/1] (2.11ns)   --->   "%add_ln130 = add i8 %j_load, i8 1" [attention_int8.cpp:130]   --->   Operation 103 'add' 'add_ln130' <Predicate = (icmp_ln131)> <Delay = 2.11> <CoreInst = "Adder">   --->   Core 1 'Adder' <Latency = 0> <II = 1> <Delay = 2.11> <FuncUnit> <Opcode : 'add' 'sub'> <InPorts = 2> <OutPorts = 1>
ST_3 : Operation 104 [1/1] (0.00ns)   --->   "%specloopname_ln0 = specloopname void @_ssdm_op_SpecLoopName, void @VITIS_LOOP_130_8_VITIS_LOOP_131_9_str"   --->   Operation 104 'specloopname' 'specloopname_ln0' <Predicate = true> <Delay = 0.00>
ST_3 : Operation 105 [1/1] (0.00ns)   --->   "%empty = speclooptripcount i32 @_ssdm_op_SpecLoopTripCount, i64 8192, i64 8192, i64 8192"   --->   Operation 105 'speclooptripcount' 'empty' <Predicate = true> <Delay = 0.00>
ST_3 : Operation 106 [1/1] (1.04ns)   --->   "%select_ln130_1 = select i1 %icmp_ln131, i8 %add_ln130, i8 %j_load" [attention_int8.cpp:130]   --->   Operation 106 'select' 'select_ln130_1' <Predicate = true> <Delay = 1.04> <CoreInst = "Sel">   --->   Core 73 'Sel' <Latency = 0> <II = 1> <Delay = 1.04> <FuncUnit> <Opcode : 'select'> <InPorts = 3> <OutPorts = 1>
ST_3 : Operation 107 [1/1] (0.00ns)   --->   "%zext_ln130 = zext i8 %select_ln130_1" [attention_int8.cpp:130]   --->   Operation 107 'zext' 'zext_ln130' <Predicate = true> <Delay = 0.00>
ST_3 : Operation 108 [1/1] (0.00ns)   --->   "%specpipeline_ln132 = specpipeline void @_ssdm_op_SpecPipeline, i32 1, i32 0, i32 0, i32 0, void @empty_13" [attention_int8.cpp:132]   --->   Operation 108 'specpipeline' 'specpipeline_ln132' <Predicate = true> <Delay = 0.00>
ST_3 : Operation 109 [1/1] (0.00ns)   --->   "%specloopname_ln131 = specloopname void @_ssdm_op_SpecLoopName, void @empty_14" [attention_int8.cpp:131]   --->   Operation 109 'specloopname' 'specloopname_ln131' <Predicate = true> <Delay = 0.00>
ST_3 : Operation 110 [1/1] (0.00ns)   --->   "%K_tile_V_62_addr = getelementptr i8 %K_tile_V_62, i64 0, i64 %zext_ln130" [attention_int8.cpp:130]   --->   Operation 110 'getelementptr' 'K_tile_V_62_addr' <Predicate = (trunc_ln131 == 62)> <Delay = 0.00>
ST_3 : Operation 111 [1/1] (3.25ns)   --->   "%store_ln133 = store i8 %gmem1_addr_read, i7 %K_tile_V_62_addr" [attention_int8.cpp:133]   --->   Operation 111 'store' 'store_ln133' <Predicate = (trunc_ln131 == 62)> <Delay = 3.25> <CoreInst = "RAM">   --->   Core 82 'RAM' <Latency = 1> <II = 1> <Delay = 3.25> <Storage> <Opcode : 'load' 'store'> <Ports = 2> <Width = 8> <Depth = 128> <RAM>
ST_3 : Operation 112 [1/1] (0.00ns)   --->   "%K_tile_V_61_addr = getelementptr i8 %K_tile_V_61, i64 0, i64 %zext_ln130" [attention_int8.cpp:130]   --->   Operation 112 'getelementptr' 'K_tile_V_61_addr' <Predicate = (trunc_ln131 == 61)> <Delay = 0.00>
ST_3 : Operation 113 [1/1] (3.25ns)   --->   "%store_ln133 = store i8 %gmem1_addr_read, i7 %K_tile_V_61_addr" [attention_int8.cpp:133]   --->   Operation 113 'store' 'store_ln133' <Predicate = (trunc_ln131 == 61)> <Delay = 3.25> <CoreInst = "RAM">   --->   Core 82 'RAM' <Latency = 1> <II = 1> <Delay = 3.25> <Storage> <Opcode : 'load' 'store'> <Ports = 2> <Width = 8> <Depth = 128> <RAM>
ST_3 : Operation 114 [1/1] (0.00ns)   --->   "%K_tile_V_60_addr = getelementptr i8 %K_tile_V_60, i64 0, i64 %zext_ln130" [attention_int8.cpp:130]   --->   Operation 114 'getelementptr' 'K_tile_V_60_addr' <Predicate = (trunc_ln131 == 60)> <Delay = 0.00>
ST_3 : Operation 115 [1/1] (3.25ns)   --->   "%store_ln133 = store i8 %gmem1_addr_read, i7 %K_tile_V_60_addr" [attention_int8.cpp:133]   --->   Operation 115 'store' 'store_ln133' <Predicate = (trunc_ln131 == 60)> <Delay = 3.25> <CoreInst = "RAM">   --->   Core 82 'RAM' <Latency = 1> <II = 1> <Delay = 3.25> <Storage> <Opcode : 'load' 'store'> <Ports = 2> <Width = 8> <Depth = 128> <RAM>
ST_3 : Operation 116 [1/1] (0.00ns)   --->   "%K_tile_V_59_addr = getelementptr i8 %K_tile_V_59, i64 0, i64 %zext_ln130" [attention_int8.cpp:130]   --->   Operation 116 'getelementptr' 'K_tile_V_59_addr' <Predicate = (trunc_ln131 == 59)> <Delay = 0.00>
ST_3 : Operation 117 [1/1] (3.25ns)   --->   "%store_ln133 = store i8 %gmem1_addr_read, i7 %K_tile_V_59_addr" [attention_int8.cpp:133]   --->   Operation 117 'store' 'store_ln133' <Predicate = (trunc_ln131 == 59)> <Delay = 3.25> <CoreInst = "RAM">   --->   Core 82 'RAM' <Latency = 1> <II = 1> <Delay = 3.25> <Storage> <Opcode : 'load' 'store'> <Ports = 2> <Width = 8> <Depth = 128> <RAM>
ST_3 : Operation 118 [1/1] (0.00ns)   --->   "%K_tile_V_58_addr = getelementptr i8 %K_tile_V_58, i64 0, i64 %zext_ln130" [attention_int8.cpp:130]   --->   Operation 118 'getelementptr' 'K_tile_V_58_addr' <Predicate = (trunc_ln131 == 58)> <Delay = 0.00>
ST_3 : Operation 119 [1/1] (3.25ns)   --->   "%store_ln133 = store i8 %gmem1_addr_read, i7 %K_tile_V_58_addr" [attention_int8.cpp:133]   --->   Operation 119 'store' 'store_ln133' <Predicate = (trunc_ln131 == 58)> <Delay = 3.25> <CoreInst = "RAM">   --->   Core 82 'RAM' <Latency = 1> <II = 1> <Delay = 3.25> <Storage> <Opcode : 'load' 'store'> <Ports = 2> <Width = 8> <Depth = 128> <RAM>
ST_3 : Operation 120 [1/1] (0.00ns)   --->   "%K_tile_V_57_addr = getelementptr i8 %K_tile_V_57, i64 0, i64 %zext_ln130" [attention_int8.cpp:130]   --->   Operation 120 'getelementptr' 'K_tile_V_57_addr' <Predicate = (trunc_ln131 == 57)> <Delay = 0.00>
ST_3 : Operation 121 [1/1] (3.25ns)   --->   "%store_ln133 = store i8 %gmem1_addr_read, i7 %K_tile_V_57_addr" [attention_int8.cpp:133]   --->   Operation 121 'store' 'store_ln133' <Predicate = (trunc_ln131 == 57)> <Delay = 3.25> <CoreInst = "RAM">   --->   Core 82 'RAM' <Latency = 1> <II = 1> <Delay = 3.25> <Storage> <Opcode : 'load' 'store'> <Ports = 2> <Width = 8> <Depth = 128> <RAM>
ST_3 : Operation 122 [1/1] (0.00ns)   --->   "%K_tile_V_56_addr = getelementptr i8 %K_tile_V_56, i64 0, i64 %zext_ln130" [attention_int8.cpp:130]   --->   Operation 122 'getelementptr' 'K_tile_V_56_addr' <Predicate = (trunc_ln131 == 56)> <Delay = 0.00>
ST_3 : Operation 123 [1/1] (3.25ns)   --->   "%store_ln133 = store i8 %gmem1_addr_read, i7 %K_tile_V_56_addr" [attention_int8.cpp:133]   --->   Operation 123 'store' 'store_ln133' <Predicate = (trunc_ln131 == 56)> <Delay = 3.25> <CoreInst = "RAM">   --->   Core 82 'RAM' <Latency = 1> <II = 1> <Delay = 3.25> <Storage> <Opcode : 'load' 'store'> <Ports = 2> <Width = 8> <Depth = 128> <RAM>
ST_3 : Operation 124 [1/1] (0.00ns)   --->   "%K_tile_V_55_addr = getelementptr i8 %K_tile_V_55, i64 0, i64 %zext_ln130" [attention_int8.cpp:130]   --->   Operation 124 'getelementptr' 'K_tile_V_55_addr' <Predicate = (trunc_ln131 == 55)> <Delay = 0.00>
ST_3 : Operation 125 [1/1] (3.25ns)   --->   "%store_ln133 = store i8 %gmem1_addr_read, i7 %K_tile_V_55_addr" [attention_int8.cpp:133]   --->   Operation 125 'store' 'store_ln133' <Predicate = (trunc_ln131 == 55)> <Delay = 3.25> <CoreInst = "RAM">   --->   Core 82 'RAM' <Latency = 1> <II = 1> <Delay = 3.25> <Storage> <Opcode : 'load' 'store'> <Ports = 2> <Width = 8> <Depth = 128> <RAM>
ST_3 : Operation 126 [1/1] (0.00ns)   --->   "%K_tile_V_54_addr = getelementptr i8 %K_tile_V_54, i64 0, i64 %zext_ln130" [attention_int8.cpp:130]   --->   Operation 126 'getelementptr' 'K_tile_V_54_addr' <Predicate = (trunc_ln131 == 54)> <Delay = 0.00>
ST_3 : Operation 127 [1/1] (3.25ns)   --->   "%store_ln133 = store i8 %gmem1_addr_read, i7 %K_tile_V_54_addr" [attention_int8.cpp:133]   --->   Operation 127 'store' 'store_ln133' <Predicate = (trunc_ln131 == 54)> <Delay = 3.25> <CoreInst = "RAM">   --->   Core 82 'RAM' <Latency = 1> <II = 1> <Delay = 3.25> <Storage> <Opcode : 'load' 'store'> <Ports = 2> <Width = 8> <Depth = 128> <RAM>
ST_3 : Operation 128 [1/1] (0.00ns)   --->   "%K_tile_V_53_addr = getelementptr i8 %K_tile_V_53, i64 0, i64 %zext_ln130" [attention_int8.cpp:130]   --->   Operation 128 'getelementptr' 'K_tile_V_53_addr' <Predicate = (trunc_ln131 == 53)> <Delay = 0.00>
ST_3 : Operation 129 [1/1] (3.25ns)   --->   "%store_ln133 = store i8 %gmem1_addr_read, i7 %K_tile_V_53_addr" [attention_int8.cpp:133]   --->   Operation 129 'store' 'store_ln133' <Predicate = (trunc_ln131 == 53)> <Delay = 3.25> <CoreInst = "RAM">   --->   Core 82 'RAM' <Latency = 1> <II = 1> <Delay = 3.25> <Storage> <Opcode : 'load' 'store'> <Ports = 2> <Width = 8> <Depth = 128> <RAM>
ST_3 : Operation 130 [1/1] (0.00ns)   --->   "%K_tile_V_52_addr = getelementptr i8 %K_tile_V_52, i64 0, i64 %zext_ln130" [attention_int8.cpp:130]   --->   Operation 130 'getelementptr' 'K_tile_V_52_addr' <Predicate = (trunc_ln131 == 52)> <Delay = 0.00>
ST_3 : Operation 131 [1/1] (3.25ns)   --->   "%store_ln133 = store i8 %gmem1_addr_read, i7 %K_tile_V_52_addr" [attention_int8.cpp:133]   --->   Operation 131 'store' 'store_ln133' <Predicate = (trunc_ln131 == 52)> <Delay = 3.25> <CoreInst = "RAM">   --->   Core 82 'RAM' <Latency = 1> <II = 1> <Delay = 3.25> <Storage> <Opcode : 'load' 'store'> <Ports = 2> <Width = 8> <Depth = 128> <RAM>
ST_3 : Operation 132 [1/1] (0.00ns)   --->   "%K_tile_V_51_addr = getelementptr i8 %K_tile_V_51, i64 0, i64 %zext_ln130" [attention_int8.cpp:130]   --->   Operation 132 'getelementptr' 'K_tile_V_51_addr' <Predicate = (trunc_ln131 == 51)> <Delay = 0.00>
ST_3 : Operation 133 [1/1] (3.25ns)   --->   "%store_ln133 = store i8 %gmem1_addr_read, i7 %K_tile_V_51_addr" [attention_int8.cpp:133]   --->   Operation 133 'store' 'store_ln133' <Predicate = (trunc_ln131 == 51)> <Delay = 3.25> <CoreInst = "RAM">   --->   Core 82 'RAM' <Latency = 1> <II = 1> <Delay = 3.25> <Storage> <Opcode : 'load' 'store'> <Ports = 2> <Width = 8> <Depth = 128> <RAM>
ST_3 : Operation 134 [1/1] (0.00ns)   --->   "%K_tile_V_50_addr = getelementptr i8 %K_tile_V_50, i64 0, i64 %zext_ln130" [attention_int8.cpp:130]   --->   Operation 134 'getelementptr' 'K_tile_V_50_addr' <Predicate = (trunc_ln131 == 50)> <Delay = 0.00>
ST_3 : Operation 135 [1/1] (3.25ns)   --->   "%store_ln133 = store i8 %gmem1_addr_read, i7 %K_tile_V_50_addr" [attention_int8.cpp:133]   --->   Operation 135 'store' 'store_ln133' <Predicate = (trunc_ln131 == 50)> <Delay = 3.25> <CoreInst = "RAM">   --->   Core 82 'RAM' <Latency = 1> <II = 1> <Delay = 3.25> <Storage> <Opcode : 'load' 'store'> <Ports = 2> <Width = 8> <Depth = 128> <RAM>
ST_3 : Operation 136 [1/1] (0.00ns)   --->   "%K_tile_V_49_addr = getelementptr i8 %K_tile_V_49, i64 0, i64 %zext_ln130" [attention_int8.cpp:130]   --->   Operation 136 'getelementptr' 'K_tile_V_49_addr' <Predicate = (trunc_ln131 == 49)> <Delay = 0.00>
ST_3 : Operation 137 [1/1] (3.25ns)   --->   "%store_ln133 = store i8 %gmem1_addr_read, i7 %K_tile_V_49_addr" [attention_int8.cpp:133]   --->   Operation 137 'store' 'store_ln133' <Predicate = (trunc_ln131 == 49)> <Delay = 3.25> <CoreInst = "RAM">   --->   Core 82 'RAM' <Latency = 1> <II = 1> <Delay = 3.25> <Storage> <Opcode : 'load' 'store'> <Ports = 2> <Width = 8> <Depth = 128> <RAM>
ST_3 : Operation 138 [1/1] (0.00ns)   --->   "%K_tile_V_48_addr = getelementptr i8 %K_tile_V_48, i64 0, i64 %zext_ln130" [attention_int8.cpp:130]   --->   Operation 138 'getelementptr' 'K_tile_V_48_addr' <Predicate = (trunc_ln131 == 48)> <Delay = 0.00>
ST_3 : Operation 139 [1/1] (3.25ns)   --->   "%store_ln133 = store i8 %gmem1_addr_read, i7 %K_tile_V_48_addr" [attention_int8.cpp:133]   --->   Operation 139 'store' 'store_ln133' <Predicate = (trunc_ln131 == 48)> <Delay = 3.25> <CoreInst = "RAM">   --->   Core 82 'RAM' <Latency = 1> <II = 1> <Delay = 3.25> <Storage> <Opcode : 'load' 'store'> <Ports = 2> <Width = 8> <Depth = 128> <RAM>
ST_3 : Operation 140 [1/1] (0.00ns)   --->   "%K_tile_V_47_addr = getelementptr i8 %K_tile_V_47, i64 0, i64 %zext_ln130" [attention_int8.cpp:130]   --->   Operation 140 'getelementptr' 'K_tile_V_47_addr' <Predicate = (trunc_ln131 == 47)> <Delay = 0.00>
ST_3 : Operation 141 [1/1] (3.25ns)   --->   "%store_ln133 = store i8 %gmem1_addr_read, i7 %K_tile_V_47_addr" [attention_int8.cpp:133]   --->   Operation 141 'store' 'store_ln133' <Predicate = (trunc_ln131 == 47)> <Delay = 3.25> <CoreInst = "RAM">   --->   Core 82 'RAM' <Latency = 1> <II = 1> <Delay = 3.25> <Storage> <Opcode : 'load' 'store'> <Ports = 2> <Width = 8> <Depth = 128> <RAM>
ST_3 : Operation 142 [1/1] (0.00ns)   --->   "%K_tile_V_46_addr = getelementptr i8 %K_tile_V_46, i64 0, i64 %zext_ln130" [attention_int8.cpp:130]   --->   Operation 142 'getelementptr' 'K_tile_V_46_addr' <Predicate = (trunc_ln131 == 46)> <Delay = 0.00>
ST_3 : Operation 143 [1/1] (3.25ns)   --->   "%store_ln133 = store i8 %gmem1_addr_read, i7 %K_tile_V_46_addr" [attention_int8.cpp:133]   --->   Operation 143 'store' 'store_ln133' <Predicate = (trunc_ln131 == 46)> <Delay = 3.25> <CoreInst = "RAM">   --->   Core 82 'RAM' <Latency = 1> <II = 1> <Delay = 3.25> <Storage> <Opcode : 'load' 'store'> <Ports = 2> <Width = 8> <Depth = 128> <RAM>
ST_3 : Operation 144 [1/1] (0.00ns)   --->   "%K_tile_V_45_addr = getelementptr i8 %K_tile_V_45, i64 0, i64 %zext_ln130" [attention_int8.cpp:130]   --->   Operation 144 'getelementptr' 'K_tile_V_45_addr' <Predicate = (trunc_ln131 == 45)> <Delay = 0.00>
ST_3 : Operation 145 [1/1] (3.25ns)   --->   "%store_ln133 = store i8 %gmem1_addr_read, i7 %K_tile_V_45_addr" [attention_int8.cpp:133]   --->   Operation 145 'store' 'store_ln133' <Predicate = (trunc_ln131 == 45)> <Delay = 3.25> <CoreInst = "RAM">   --->   Core 82 'RAM' <Latency = 1> <II = 1> <Delay = 3.25> <Storage> <Opcode : 'load' 'store'> <Ports = 2> <Width = 8> <Depth = 128> <RAM>
ST_3 : Operation 146 [1/1] (0.00ns)   --->   "%K_tile_V_44_addr = getelementptr i8 %K_tile_V_44, i64 0, i64 %zext_ln130" [attention_int8.cpp:130]   --->   Operation 146 'getelementptr' 'K_tile_V_44_addr' <Predicate = (trunc_ln131 == 44)> <Delay = 0.00>
ST_3 : Operation 147 [1/1] (3.25ns)   --->   "%store_ln133 = store i8 %gmem1_addr_read, i7 %K_tile_V_44_addr" [attention_int8.cpp:133]   --->   Operation 147 'store' 'store_ln133' <Predicate = (trunc_ln131 == 44)> <Delay = 3.25> <CoreInst = "RAM">   --->   Core 82 'RAM' <Latency = 1> <II = 1> <Delay = 3.25> <Storage> <Opcode : 'load' 'store'> <Ports = 2> <Width = 8> <Depth = 128> <RAM>
ST_3 : Operation 148 [1/1] (0.00ns)   --->   "%K_tile_V_43_addr = getelementptr i8 %K_tile_V_43, i64 0, i64 %zext_ln130" [attention_int8.cpp:130]   --->   Operation 148 'getelementptr' 'K_tile_V_43_addr' <Predicate = (trunc_ln131 == 43)> <Delay = 0.00>
ST_3 : Operation 149 [1/1] (3.25ns)   --->   "%store_ln133 = store i8 %gmem1_addr_read, i7 %K_tile_V_43_addr" [attention_int8.cpp:133]   --->   Operation 149 'store' 'store_ln133' <Predicate = (trunc_ln131 == 43)> <Delay = 3.25> <CoreInst = "RAM">   --->   Core 82 'RAM' <Latency = 1> <II = 1> <Delay = 3.25> <Storage> <Opcode : 'load' 'store'> <Ports = 2> <Width = 8> <Depth = 128> <RAM>
ST_3 : Operation 150 [1/1] (0.00ns)   --->   "%K_tile_V_42_addr = getelementptr i8 %K_tile_V_42, i64 0, i64 %zext_ln130" [attention_int8.cpp:130]   --->   Operation 150 'getelementptr' 'K_tile_V_42_addr' <Predicate = (trunc_ln131 == 42)> <Delay = 0.00>
ST_3 : Operation 151 [1/1] (3.25ns)   --->   "%store_ln133 = store i8 %gmem1_addr_read, i7 %K_tile_V_42_addr" [attention_int8.cpp:133]   --->   Operation 151 'store' 'store_ln133' <Predicate = (trunc_ln131 == 42)> <Delay = 3.25> <CoreInst = "RAM">   --->   Core 82 'RAM' <Latency = 1> <II = 1> <Delay = 3.25> <Storage> <Opcode : 'load' 'store'> <Ports = 2> <Width = 8> <Depth = 128> <RAM>
ST_3 : Operation 152 [1/1] (0.00ns)   --->   "%K_tile_V_41_addr = getelementptr i8 %K_tile_V_41, i64 0, i64 %zext_ln130" [attention_int8.cpp:130]   --->   Operation 152 'getelementptr' 'K_tile_V_41_addr' <Predicate = (trunc_ln131 == 41)> <Delay = 0.00>
ST_3 : Operation 153 [1/1] (3.25ns)   --->   "%store_ln133 = store i8 %gmem1_addr_read, i7 %K_tile_V_41_addr" [attention_int8.cpp:133]   --->   Operation 153 'store' 'store_ln133' <Predicate = (trunc_ln131 == 41)> <Delay = 3.25> <CoreInst = "RAM">   --->   Core 82 'RAM' <Latency = 1> <II = 1> <Delay = 3.25> <Storage> <Opcode : 'load' 'store'> <Ports = 2> <Width = 8> <Depth = 128> <RAM>
ST_3 : Operation 154 [1/1] (0.00ns)   --->   "%K_tile_V_40_addr = getelementptr i8 %K_tile_V_40, i64 0, i64 %zext_ln130" [attention_int8.cpp:130]   --->   Operation 154 'getelementptr' 'K_tile_V_40_addr' <Predicate = (trunc_ln131 == 40)> <Delay = 0.00>
ST_3 : Operation 155 [1/1] (3.25ns)   --->   "%store_ln133 = store i8 %gmem1_addr_read, i7 %K_tile_V_40_addr" [attention_int8.cpp:133]   --->   Operation 155 'store' 'store_ln133' <Predicate = (trunc_ln131 == 40)> <Delay = 3.25> <CoreInst = "RAM">   --->   Core 82 'RAM' <Latency = 1> <II = 1> <Delay = 3.25> <Storage> <Opcode : 'load' 'store'> <Ports = 2> <Width = 8> <Depth = 128> <RAM>
ST_3 : Operation 156 [1/1] (0.00ns)   --->   "%K_tile_V_39_addr = getelementptr i8 %K_tile_V_39, i64 0, i64 %zext_ln130" [attention_int8.cpp:130]   --->   Operation 156 'getelementptr' 'K_tile_V_39_addr' <Predicate = (trunc_ln131 == 39)> <Delay = 0.00>
ST_3 : Operation 157 [1/1] (3.25ns)   --->   "%store_ln133 = store i8 %gmem1_addr_read, i7 %K_tile_V_39_addr" [attention_int8.cpp:133]   --->   Operation 157 'store' 'store_ln133' <Predicate = (trunc_ln131 == 39)> <Delay = 3.25> <CoreInst = "RAM">   --->   Core 82 'RAM' <Latency = 1> <II = 1> <Delay = 3.25> <Storage> <Opcode : 'load' 'store'> <Ports = 2> <Width = 8> <Depth = 128> <RAM>
ST_3 : Operation 158 [1/1] (0.00ns)   --->   "%K_tile_V_38_addr = getelementptr i8 %K_tile_V_38, i64 0, i64 %zext_ln130" [attention_int8.cpp:130]   --->   Operation 158 'getelementptr' 'K_tile_V_38_addr' <Predicate = (trunc_ln131 == 38)> <Delay = 0.00>
ST_3 : Operation 159 [1/1] (3.25ns)   --->   "%store_ln133 = store i8 %gmem1_addr_read, i7 %K_tile_V_38_addr" [attention_int8.cpp:133]   --->   Operation 159 'store' 'store_ln133' <Predicate = (trunc_ln131 == 38)> <Delay = 3.25> <CoreInst = "RAM">   --->   Core 82 'RAM' <Latency = 1> <II = 1> <Delay = 3.25> <Storage> <Opcode : 'load' 'store'> <Ports = 2> <Width = 8> <Depth = 128> <RAM>
ST_3 : Operation 160 [1/1] (0.00ns)   --->   "%K_tile_V_37_addr = getelementptr i8 %K_tile_V_37, i64 0, i64 %zext_ln130" [attention_int8.cpp:130]   --->   Operation 160 'getelementptr' 'K_tile_V_37_addr' <Predicate = (trunc_ln131 == 37)> <Delay = 0.00>
ST_3 : Operation 161 [1/1] (3.25ns)   --->   "%store_ln133 = store i8 %gmem1_addr_read, i7 %K_tile_V_37_addr" [attention_int8.cpp:133]   --->   Operation 161 'store' 'store_ln133' <Predicate = (trunc_ln131 == 37)> <Delay = 3.25> <CoreInst = "RAM">   --->   Core 82 'RAM' <Latency = 1> <II = 1> <Delay = 3.25> <Storage> <Opcode : 'load' 'store'> <Ports = 2> <Width = 8> <Depth = 128> <RAM>
ST_3 : Operation 162 [1/1] (0.00ns)   --->   "%K_tile_V_36_addr = getelementptr i8 %K_tile_V_36, i64 0, i64 %zext_ln130" [attention_int8.cpp:130]   --->   Operation 162 'getelementptr' 'K_tile_V_36_addr' <Predicate = (trunc_ln131 == 36)> <Delay = 0.00>
ST_3 : Operation 163 [1/1] (3.25ns)   --->   "%store_ln133 = store i8 %gmem1_addr_read, i7 %K_tile_V_36_addr" [attention_int8.cpp:133]   --->   Operation 163 'store' 'store_ln133' <Predicate = (trunc_ln131 == 36)> <Delay = 3.25> <CoreInst = "RAM">   --->   Core 82 'RAM' <Latency = 1> <II = 1> <Delay = 3.25> <Storage> <Opcode : 'load' 'store'> <Ports = 2> <Width = 8> <Depth = 128> <RAM>
ST_3 : Operation 164 [1/1] (0.00ns)   --->   "%K_tile_V_35_addr = getelementptr i8 %K_tile_V_35, i64 0, i64 %zext_ln130" [attention_int8.cpp:130]   --->   Operation 164 'getelementptr' 'K_tile_V_35_addr' <Predicate = (trunc_ln131 == 35)> <Delay = 0.00>
ST_3 : Operation 165 [1/1] (3.25ns)   --->   "%store_ln133 = store i8 %gmem1_addr_read, i7 %K_tile_V_35_addr" [attention_int8.cpp:133]   --->   Operation 165 'store' 'store_ln133' <Predicate = (trunc_ln131 == 35)> <Delay = 3.25> <CoreInst = "RAM">   --->   Core 82 'RAM' <Latency = 1> <II = 1> <Delay = 3.25> <Storage> <Opcode : 'load' 'store'> <Ports = 2> <Width = 8> <Depth = 128> <RAM>
ST_3 : Operation 166 [1/1] (0.00ns)   --->   "%K_tile_V_34_addr = getelementptr i8 %K_tile_V_34, i64 0, i64 %zext_ln130" [attention_int8.cpp:130]   --->   Operation 166 'getelementptr' 'K_tile_V_34_addr' <Predicate = (trunc_ln131 == 34)> <Delay = 0.00>
ST_3 : Operation 167 [1/1] (3.25ns)   --->   "%store_ln133 = store i8 %gmem1_addr_read, i7 %K_tile_V_34_addr" [attention_int8.cpp:133]   --->   Operation 167 'store' 'store_ln133' <Predicate = (trunc_ln131 == 34)> <Delay = 3.25> <CoreInst = "RAM">   --->   Core 82 'RAM' <Latency = 1> <II = 1> <Delay = 3.25> <Storage> <Opcode : 'load' 'store'> <Ports = 2> <Width = 8> <Depth = 128> <RAM>
ST_3 : Operation 168 [1/1] (0.00ns)   --->   "%K_tile_V_33_addr = getelementptr i8 %K_tile_V_33, i64 0, i64 %zext_ln130" [attention_int8.cpp:130]   --->   Operation 168 'getelementptr' 'K_tile_V_33_addr' <Predicate = (trunc_ln131 == 33)> <Delay = 0.00>
ST_3 : Operation 169 [1/1] (3.25ns)   --->   "%store_ln133 = store i8 %gmem1_addr_read, i7 %K_tile_V_33_addr" [attention_int8.cpp:133]   --->   Operation 169 'store' 'store_ln133' <Predicate = (trunc_ln131 == 33)> <Delay = 3.25> <CoreInst = "RAM">   --->   Core 82 'RAM' <Latency = 1> <II = 1> <Delay = 3.25> <Storage> <Opcode : 'load' 'store'> <Ports = 2> <Width = 8> <Depth = 128> <RAM>
ST_3 : Operation 170 [1/1] (0.00ns)   --->   "%K_tile_V_32_addr = getelementptr i8 %K_tile_V_32, i64 0, i64 %zext_ln130" [attention_int8.cpp:130]   --->   Operation 170 'getelementptr' 'K_tile_V_32_addr' <Predicate = (trunc_ln131 == 32)> <Delay = 0.00>
ST_3 : Operation 171 [1/1] (3.25ns)   --->   "%store_ln133 = store i8 %gmem1_addr_read, i7 %K_tile_V_32_addr" [attention_int8.cpp:133]   --->   Operation 171 'store' 'store_ln133' <Predicate = (trunc_ln131 == 32)> <Delay = 3.25> <CoreInst = "RAM">   --->   Core 82 'RAM' <Latency = 1> <II = 1> <Delay = 3.25> <Storage> <Opcode : 'load' 'store'> <Ports = 2> <Width = 8> <Depth = 128> <RAM>
ST_3 : Operation 172 [1/1] (0.00ns)   --->   "%K_tile_V_31_addr = getelementptr i8 %K_tile_V_31, i64 0, i64 %zext_ln130" [attention_int8.cpp:130]   --->   Operation 172 'getelementptr' 'K_tile_V_31_addr' <Predicate = (trunc_ln131 == 31)> <Delay = 0.00>
ST_3 : Operation 173 [1/1] (3.25ns)   --->   "%store_ln133 = store i8 %gmem1_addr_read, i7 %K_tile_V_31_addr" [attention_int8.cpp:133]   --->   Operation 173 'store' 'store_ln133' <Predicate = (trunc_ln131 == 31)> <Delay = 3.25> <CoreInst = "RAM">   --->   Core 82 'RAM' <Latency = 1> <II = 1> <Delay = 3.25> <Storage> <Opcode : 'load' 'store'> <Ports = 2> <Width = 8> <Depth = 128> <RAM>
ST_3 : Operation 174 [1/1] (0.00ns)   --->   "%K_tile_V_30_addr = getelementptr i8 %K_tile_V_30, i64 0, i64 %zext_ln130" [attention_int8.cpp:130]   --->   Operation 174 'getelementptr' 'K_tile_V_30_addr' <Predicate = (trunc_ln131 == 30)> <Delay = 0.00>
ST_3 : Operation 175 [1/1] (3.25ns)   --->   "%store_ln133 = store i8 %gmem1_addr_read, i7 %K_tile_V_30_addr" [attention_int8.cpp:133]   --->   Operation 175 'store' 'store_ln133' <Predicate = (trunc_ln131 == 30)> <Delay = 3.25> <CoreInst = "RAM">   --->   Core 82 'RAM' <Latency = 1> <II = 1> <Delay = 3.25> <Storage> <Opcode : 'load' 'store'> <Ports = 2> <Width = 8> <Depth = 128> <RAM>
ST_3 : Operation 176 [1/1] (0.00ns)   --->   "%K_tile_V_29_addr = getelementptr i8 %K_tile_V_29, i64 0, i64 %zext_ln130" [attention_int8.cpp:130]   --->   Operation 176 'getelementptr' 'K_tile_V_29_addr' <Predicate = (trunc_ln131 == 29)> <Delay = 0.00>
ST_3 : Operation 177 [1/1] (3.25ns)   --->   "%store_ln133 = store i8 %gmem1_addr_read, i7 %K_tile_V_29_addr" [attention_int8.cpp:133]   --->   Operation 177 'store' 'store_ln133' <Predicate = (trunc_ln131 == 29)> <Delay = 3.25> <CoreInst = "RAM">   --->   Core 82 'RAM' <Latency = 1> <II = 1> <Delay = 3.25> <Storage> <Opcode : 'load' 'store'> <Ports = 2> <Width = 8> <Depth = 128> <RAM>
ST_3 : Operation 178 [1/1] (0.00ns)   --->   "%K_tile_V_28_addr = getelementptr i8 %K_tile_V_28, i64 0, i64 %zext_ln130" [attention_int8.cpp:130]   --->   Operation 178 'getelementptr' 'K_tile_V_28_addr' <Predicate = (trunc_ln131 == 28)> <Delay = 0.00>
ST_3 : Operation 179 [1/1] (3.25ns)   --->   "%store_ln133 = store i8 %gmem1_addr_read, i7 %K_tile_V_28_addr" [attention_int8.cpp:133]   --->   Operation 179 'store' 'store_ln133' <Predicate = (trunc_ln131 == 28)> <Delay = 3.25> <CoreInst = "RAM">   --->   Core 82 'RAM' <Latency = 1> <II = 1> <Delay = 3.25> <Storage> <Opcode : 'load' 'store'> <Ports = 2> <Width = 8> <Depth = 128> <RAM>
ST_3 : Operation 180 [1/1] (0.00ns)   --->   "%K_tile_V_27_addr = getelementptr i8 %K_tile_V_27, i64 0, i64 %zext_ln130" [attention_int8.cpp:130]   --->   Operation 180 'getelementptr' 'K_tile_V_27_addr' <Predicate = (trunc_ln131 == 27)> <Delay = 0.00>
ST_3 : Operation 181 [1/1] (3.25ns)   --->   "%store_ln133 = store i8 %gmem1_addr_read, i7 %K_tile_V_27_addr" [attention_int8.cpp:133]   --->   Operation 181 'store' 'store_ln133' <Predicate = (trunc_ln131 == 27)> <Delay = 3.25> <CoreInst = "RAM">   --->   Core 82 'RAM' <Latency = 1> <II = 1> <Delay = 3.25> <Storage> <Opcode : 'load' 'store'> <Ports = 2> <Width = 8> <Depth = 128> <RAM>
ST_3 : Operation 182 [1/1] (0.00ns)   --->   "%K_tile_V_26_addr = getelementptr i8 %K_tile_V_26, i64 0, i64 %zext_ln130" [attention_int8.cpp:130]   --->   Operation 182 'getelementptr' 'K_tile_V_26_addr' <Predicate = (trunc_ln131 == 26)> <Delay = 0.00>
ST_3 : Operation 183 [1/1] (3.25ns)   --->   "%store_ln133 = store i8 %gmem1_addr_read, i7 %K_tile_V_26_addr" [attention_int8.cpp:133]   --->   Operation 183 'store' 'store_ln133' <Predicate = (trunc_ln131 == 26)> <Delay = 3.25> <CoreInst = "RAM">   --->   Core 82 'RAM' <Latency = 1> <II = 1> <Delay = 3.25> <Storage> <Opcode : 'load' 'store'> <Ports = 2> <Width = 8> <Depth = 128> <RAM>
ST_3 : Operation 184 [1/1] (0.00ns)   --->   "%K_tile_V_25_addr = getelementptr i8 %K_tile_V_25, i64 0, i64 %zext_ln130" [attention_int8.cpp:130]   --->   Operation 184 'getelementptr' 'K_tile_V_25_addr' <Predicate = (trunc_ln131 == 25)> <Delay = 0.00>
ST_3 : Operation 185 [1/1] (3.25ns)   --->   "%store_ln133 = store i8 %gmem1_addr_read, i7 %K_tile_V_25_addr" [attention_int8.cpp:133]   --->   Operation 185 'store' 'store_ln133' <Predicate = (trunc_ln131 == 25)> <Delay = 3.25> <CoreInst = "RAM">   --->   Core 82 'RAM' <Latency = 1> <II = 1> <Delay = 3.25> <Storage> <Opcode : 'load' 'store'> <Ports = 2> <Width = 8> <Depth = 128> <RAM>
ST_3 : Operation 186 [1/1] (0.00ns)   --->   "%K_tile_V_24_addr = getelementptr i8 %K_tile_V_24, i64 0, i64 %zext_ln130" [attention_int8.cpp:130]   --->   Operation 186 'getelementptr' 'K_tile_V_24_addr' <Predicate = (trunc_ln131 == 24)> <Delay = 0.00>
ST_3 : Operation 187 [1/1] (3.25ns)   --->   "%store_ln133 = store i8 %gmem1_addr_read, i7 %K_tile_V_24_addr" [attention_int8.cpp:133]   --->   Operation 187 'store' 'store_ln133' <Predicate = (trunc_ln131 == 24)> <Delay = 3.25> <CoreInst = "RAM">   --->   Core 82 'RAM' <Latency = 1> <II = 1> <Delay = 3.25> <Storage> <Opcode : 'load' 'store'> <Ports = 2> <Width = 8> <Depth = 128> <RAM>
ST_3 : Operation 188 [1/1] (0.00ns)   --->   "%K_tile_V_23_addr = getelementptr i8 %K_tile_V_23, i64 0, i64 %zext_ln130" [attention_int8.cpp:130]   --->   Operation 188 'getelementptr' 'K_tile_V_23_addr' <Predicate = (trunc_ln131 == 23)> <Delay = 0.00>
ST_3 : Operation 189 [1/1] (3.25ns)   --->   "%store_ln133 = store i8 %gmem1_addr_read, i7 %K_tile_V_23_addr" [attention_int8.cpp:133]   --->   Operation 189 'store' 'store_ln133' <Predicate = (trunc_ln131 == 23)> <Delay = 3.25> <CoreInst = "RAM">   --->   Core 82 'RAM' <Latency = 1> <II = 1> <Delay = 3.25> <Storage> <Opcode : 'load' 'store'> <Ports = 2> <Width = 8> <Depth = 128> <RAM>
ST_3 : Operation 190 [1/1] (0.00ns)   --->   "%K_tile_V_22_addr = getelementptr i8 %K_tile_V_22, i64 0, i64 %zext_ln130" [attention_int8.cpp:130]   --->   Operation 190 'getelementptr' 'K_tile_V_22_addr' <Predicate = (trunc_ln131 == 22)> <Delay = 0.00>
ST_3 : Operation 191 [1/1] (3.25ns)   --->   "%store_ln133 = store i8 %gmem1_addr_read, i7 %K_tile_V_22_addr" [attention_int8.cpp:133]   --->   Operation 191 'store' 'store_ln133' <Predicate = (trunc_ln131 == 22)> <Delay = 3.25> <CoreInst = "RAM">   --->   Core 82 'RAM' <Latency = 1> <II = 1> <Delay = 3.25> <Storage> <Opcode : 'load' 'store'> <Ports = 2> <Width = 8> <Depth = 128> <RAM>
ST_3 : Operation 192 [1/1] (0.00ns)   --->   "%K_tile_V_21_addr = getelementptr i8 %K_tile_V_21, i64 0, i64 %zext_ln130" [attention_int8.cpp:130]   --->   Operation 192 'getelementptr' 'K_tile_V_21_addr' <Predicate = (trunc_ln131 == 21)> <Delay = 0.00>
ST_3 : Operation 193 [1/1] (3.25ns)   --->   "%store_ln133 = store i8 %gmem1_addr_read, i7 %K_tile_V_21_addr" [attention_int8.cpp:133]   --->   Operation 193 'store' 'store_ln133' <Predicate = (trunc_ln131 == 21)> <Delay = 3.25> <CoreInst = "RAM">   --->   Core 82 'RAM' <Latency = 1> <II = 1> <Delay = 3.25> <Storage> <Opcode : 'load' 'store'> <Ports = 2> <Width = 8> <Depth = 128> <RAM>
ST_3 : Operation 194 [1/1] (0.00ns)   --->   "%K_tile_V_20_addr = getelementptr i8 %K_tile_V_20, i64 0, i64 %zext_ln130" [attention_int8.cpp:130]   --->   Operation 194 'getelementptr' 'K_tile_V_20_addr' <Predicate = (trunc_ln131 == 20)> <Delay = 0.00>
ST_3 : Operation 195 [1/1] (3.25ns)   --->   "%store_ln133 = store i8 %gmem1_addr_read, i7 %K_tile_V_20_addr" [attention_int8.cpp:133]   --->   Operation 195 'store' 'store_ln133' <Predicate = (trunc_ln131 == 20)> <Delay = 3.25> <CoreInst = "RAM">   --->   Core 82 'RAM' <Latency = 1> <II = 1> <Delay = 3.25> <Storage> <Opcode : 'load' 'store'> <Ports = 2> <Width = 8> <Depth = 128> <RAM>
ST_3 : Operation 196 [1/1] (0.00ns)   --->   "%K_tile_V_19_addr = getelementptr i8 %K_tile_V_19, i64 0, i64 %zext_ln130" [attention_int8.cpp:130]   --->   Operation 196 'getelementptr' 'K_tile_V_19_addr' <Predicate = (trunc_ln131 == 19)> <Delay = 0.00>
ST_3 : Operation 197 [1/1] (3.25ns)   --->   "%store_ln133 = store i8 %gmem1_addr_read, i7 %K_tile_V_19_addr" [attention_int8.cpp:133]   --->   Operation 197 'store' 'store_ln133' <Predicate = (trunc_ln131 == 19)> <Delay = 3.25> <CoreInst = "RAM">   --->   Core 82 'RAM' <Latency = 1> <II = 1> <Delay = 3.25> <Storage> <Opcode : 'load' 'store'> <Ports = 2> <Width = 8> <Depth = 128> <RAM>
ST_3 : Operation 198 [1/1] (0.00ns)   --->   "%K_tile_V_18_addr = getelementptr i8 %K_tile_V_18, i64 0, i64 %zext_ln130" [attention_int8.cpp:130]   --->   Operation 198 'getelementptr' 'K_tile_V_18_addr' <Predicate = (trunc_ln131 == 18)> <Delay = 0.00>
ST_3 : Operation 199 [1/1] (3.25ns)   --->   "%store_ln133 = store i8 %gmem1_addr_read, i7 %K_tile_V_18_addr" [attention_int8.cpp:133]   --->   Operation 199 'store' 'store_ln133' <Predicate = (trunc_ln131 == 18)> <Delay = 3.25> <CoreInst = "RAM">   --->   Core 82 'RAM' <Latency = 1> <II = 1> <Delay = 3.25> <Storage> <Opcode : 'load' 'store'> <Ports = 2> <Width = 8> <Depth = 128> <RAM>
ST_3 : Operation 200 [1/1] (0.00ns)   --->   "%K_tile_V_17_addr = getelementptr i8 %K_tile_V_17, i64 0, i64 %zext_ln130" [attention_int8.cpp:130]   --->   Operation 200 'getelementptr' 'K_tile_V_17_addr' <Predicate = (trunc_ln131 == 17)> <Delay = 0.00>
ST_3 : Operation 201 [1/1] (3.25ns)   --->   "%store_ln133 = store i8 %gmem1_addr_read, i7 %K_tile_V_17_addr" [attention_int8.cpp:133]   --->   Operation 201 'store' 'store_ln133' <Predicate = (trunc_ln131 == 17)> <Delay = 3.25> <CoreInst = "RAM">   --->   Core 82 'RAM' <Latency = 1> <II = 1> <Delay = 3.25> <Storage> <Opcode : 'load' 'store'> <Ports = 2> <Width = 8> <Depth = 128> <RAM>
ST_3 : Operation 202 [1/1] (0.00ns)   --->   "%K_tile_V_16_addr = getelementptr i8 %K_tile_V_16, i64 0, i64 %zext_ln130" [attention_int8.cpp:130]   --->   Operation 202 'getelementptr' 'K_tile_V_16_addr' <Predicate = (trunc_ln131 == 16)> <Delay = 0.00>
ST_3 : Operation 203 [1/1] (3.25ns)   --->   "%store_ln133 = store i8 %gmem1_addr_read, i7 %K_tile_V_16_addr" [attention_int8.cpp:133]   --->   Operation 203 'store' 'store_ln133' <Predicate = (trunc_ln131 == 16)> <Delay = 3.25> <CoreInst = "RAM">   --->   Core 82 'RAM' <Latency = 1> <II = 1> <Delay = 3.25> <Storage> <Opcode : 'load' 'store'> <Ports = 2> <Width = 8> <Depth = 128> <RAM>
ST_3 : Operation 204 [1/1] (0.00ns)   --->   "%K_tile_V_15_addr = getelementptr i8 %K_tile_V_15, i64 0, i64 %zext_ln130" [attention_int8.cpp:130]   --->   Operation 204 'getelementptr' 'K_tile_V_15_addr' <Predicate = (trunc_ln131 == 15)> <Delay = 0.00>
ST_3 : Operation 205 [1/1] (3.25ns)   --->   "%store_ln133 = store i8 %gmem1_addr_read, i7 %K_tile_V_15_addr" [attention_int8.cpp:133]   --->   Operation 205 'store' 'store_ln133' <Predicate = (trunc_ln131 == 15)> <Delay = 3.25> <CoreInst = "RAM">   --->   Core 82 'RAM' <Latency = 1> <II = 1> <Delay = 3.25> <Storage> <Opcode : 'load' 'store'> <Ports = 2> <Width = 8> <Depth = 128> <RAM>
ST_3 : Operation 206 [1/1] (0.00ns)   --->   "%K_tile_V_14_addr = getelementptr i8 %K_tile_V_14, i64 0, i64 %zext_ln130" [attention_int8.cpp:130]   --->   Operation 206 'getelementptr' 'K_tile_V_14_addr' <Predicate = (trunc_ln131 == 14)> <Delay = 0.00>
ST_3 : Operation 207 [1/1] (3.25ns)   --->   "%store_ln133 = store i8 %gmem1_addr_read, i7 %K_tile_V_14_addr" [attention_int8.cpp:133]   --->   Operation 207 'store' 'store_ln133' <Predicate = (trunc_ln131 == 14)> <Delay = 3.25> <CoreInst = "RAM">   --->   Core 82 'RAM' <Latency = 1> <II = 1> <Delay = 3.25> <Storage> <Opcode : 'load' 'store'> <Ports = 2> <Width = 8> <Depth = 128> <RAM>
ST_3 : Operation 208 [1/1] (0.00ns)   --->   "%K_tile_V_13_addr = getelementptr i8 %K_tile_V_13, i64 0, i64 %zext_ln130" [attention_int8.cpp:130]   --->   Operation 208 'getelementptr' 'K_tile_V_13_addr' <Predicate = (trunc_ln131 == 13)> <Delay = 0.00>
ST_3 : Operation 209 [1/1] (3.25ns)   --->   "%store_ln133 = store i8 %gmem1_addr_read, i7 %K_tile_V_13_addr" [attention_int8.cpp:133]   --->   Operation 209 'store' 'store_ln133' <Predicate = (trunc_ln131 == 13)> <Delay = 3.25> <CoreInst = "RAM">   --->   Core 82 'RAM' <Latency = 1> <II = 1> <Delay = 3.25> <Storage> <Opcode : 'load' 'store'> <Ports = 2> <Width = 8> <Depth = 128> <RAM>
ST_3 : Operation 210 [1/1] (0.00ns)   --->   "%K_tile_V_12_addr = getelementptr i8 %K_tile_V_12, i64 0, i64 %zext_ln130" [attention_int8.cpp:130]   --->   Operation 210 'getelementptr' 'K_tile_V_12_addr' <Predicate = (trunc_ln131 == 12)> <Delay = 0.00>
ST_3 : Operation 211 [1/1] (3.25ns)   --->   "%store_ln133 = store i8 %gmem1_addr_read, i7 %K_tile_V_12_addr" [attention_int8.cpp:133]   --->   Operation 211 'store' 'store_ln133' <Predicate = (trunc_ln131 == 12)> <Delay = 3.25> <CoreInst = "RAM">   --->   Core 82 'RAM' <Latency = 1> <II = 1> <Delay = 3.25> <Storage> <Opcode : 'load' 'store'> <Ports = 2> <Width = 8> <Depth = 128> <RAM>
ST_3 : Operation 212 [1/1] (0.00ns)   --->   "%K_tile_V_11_addr = getelementptr i8 %K_tile_V_11, i64 0, i64 %zext_ln130" [attention_int8.cpp:130]   --->   Operation 212 'getelementptr' 'K_tile_V_11_addr' <Predicate = (trunc_ln131 == 11)> <Delay = 0.00>
ST_3 : Operation 213 [1/1] (3.25ns)   --->   "%store_ln133 = store i8 %gmem1_addr_read, i7 %K_tile_V_11_addr" [attention_int8.cpp:133]   --->   Operation 213 'store' 'store_ln133' <Predicate = (trunc_ln131 == 11)> <Delay = 3.25> <CoreInst = "RAM">   --->   Core 82 'RAM' <Latency = 1> <II = 1> <Delay = 3.25> <Storage> <Opcode : 'load' 'store'> <Ports = 2> <Width = 8> <Depth = 128> <RAM>
ST_3 : Operation 214 [1/1] (0.00ns)   --->   "%K_tile_V_10_addr = getelementptr i8 %K_tile_V_10, i64 0, i64 %zext_ln130" [attention_int8.cpp:130]   --->   Operation 214 'getelementptr' 'K_tile_V_10_addr' <Predicate = (trunc_ln131 == 10)> <Delay = 0.00>
ST_3 : Operation 215 [1/1] (3.25ns)   --->   "%store_ln133 = store i8 %gmem1_addr_read, i7 %K_tile_V_10_addr" [attention_int8.cpp:133]   --->   Operation 215 'store' 'store_ln133' <Predicate = (trunc_ln131 == 10)> <Delay = 3.25> <CoreInst = "RAM">   --->   Core 82 'RAM' <Latency = 1> <II = 1> <Delay = 3.25> <Storage> <Opcode : 'load' 'store'> <Ports = 2> <Width = 8> <Depth = 128> <RAM>
ST_3 : Operation 216 [1/1] (0.00ns)   --->   "%K_tile_V_9_addr = getelementptr i8 %K_tile_V_9, i64 0, i64 %zext_ln130" [attention_int8.cpp:130]   --->   Operation 216 'getelementptr' 'K_tile_V_9_addr' <Predicate = (trunc_ln131 == 9)> <Delay = 0.00>
ST_3 : Operation 217 [1/1] (3.25ns)   --->   "%store_ln133 = store i8 %gmem1_addr_read, i7 %K_tile_V_9_addr" [attention_int8.cpp:133]   --->   Operation 217 'store' 'store_ln133' <Predicate = (trunc_ln131 == 9)> <Delay = 3.25> <CoreInst = "RAM">   --->   Core 82 'RAM' <Latency = 1> <II = 1> <Delay = 3.25> <Storage> <Opcode : 'load' 'store'> <Ports = 2> <Width = 8> <Depth = 128> <RAM>
ST_3 : Operation 218 [1/1] (0.00ns)   --->   "%K_tile_V_8_addr = getelementptr i8 %K_tile_V_8, i64 0, i64 %zext_ln130" [attention_int8.cpp:130]   --->   Operation 218 'getelementptr' 'K_tile_V_8_addr' <Predicate = (trunc_ln131 == 8)> <Delay = 0.00>
ST_3 : Operation 219 [1/1] (3.25ns)   --->   "%store_ln133 = store i8 %gmem1_addr_read, i7 %K_tile_V_8_addr" [attention_int8.cpp:133]   --->   Operation 219 'store' 'store_ln133' <Predicate = (trunc_ln131 == 8)> <Delay = 3.25> <CoreInst = "RAM">   --->   Core 82 'RAM' <Latency = 1> <II = 1> <Delay = 3.25> <Storage> <Opcode : 'load' 'store'> <Ports = 2> <Width = 8> <Depth = 128> <RAM>
ST_3 : Operation 220 [1/1] (0.00ns)   --->   "%K_tile_V_7_addr = getelementptr i8 %K_tile_V_7, i64 0, i64 %zext_ln130" [attention_int8.cpp:130]   --->   Operation 220 'getelementptr' 'K_tile_V_7_addr' <Predicate = (trunc_ln131 == 7)> <Delay = 0.00>
ST_3 : Operation 221 [1/1] (3.25ns)   --->   "%store_ln133 = store i8 %gmem1_addr_read, i7 %K_tile_V_7_addr" [attention_int8.cpp:133]   --->   Operation 221 'store' 'store_ln133' <Predicate = (trunc_ln131 == 7)> <Delay = 3.25> <CoreInst = "RAM">   --->   Core 82 'RAM' <Latency = 1> <II = 1> <Delay = 3.25> <Storage> <Opcode : 'load' 'store'> <Ports = 2> <Width = 8> <Depth = 128> <RAM>
ST_3 : Operation 222 [1/1] (0.00ns)   --->   "%K_tile_V_6_addr = getelementptr i8 %K_tile_V_6, i64 0, i64 %zext_ln130" [attention_int8.cpp:130]   --->   Operation 222 'getelementptr' 'K_tile_V_6_addr' <Predicate = (trunc_ln131 == 6)> <Delay = 0.00>
ST_3 : Operation 223 [1/1] (3.25ns)   --->   "%store_ln133 = store i8 %gmem1_addr_read, i7 %K_tile_V_6_addr" [attention_int8.cpp:133]   --->   Operation 223 'store' 'store_ln133' <Predicate = (trunc_ln131 == 6)> <Delay = 3.25> <CoreInst = "RAM">   --->   Core 82 'RAM' <Latency = 1> <II = 1> <Delay = 3.25> <Storage> <Opcode : 'load' 'store'> <Ports = 2> <Width = 8> <Depth = 128> <RAM>
ST_3 : Operation 224 [1/1] (0.00ns)   --->   "%K_tile_V_5_addr = getelementptr i8 %K_tile_V_5, i64 0, i64 %zext_ln130" [attention_int8.cpp:130]   --->   Operation 224 'getelementptr' 'K_tile_V_5_addr' <Predicate = (trunc_ln131 == 5)> <Delay = 0.00>
ST_3 : Operation 225 [1/1] (3.25ns)   --->   "%store_ln133 = store i8 %gmem1_addr_read, i7 %K_tile_V_5_addr" [attention_int8.cpp:133]   --->   Operation 225 'store' 'store_ln133' <Predicate = (trunc_ln131 == 5)> <Delay = 3.25> <CoreInst = "RAM">   --->   Core 82 'RAM' <Latency = 1> <II = 1> <Delay = 3.25> <Storage> <Opcode : 'load' 'store'> <Ports = 2> <Width = 8> <Depth = 128> <RAM>
ST_3 : Operation 226 [1/1] (0.00ns)   --->   "%K_tile_V_4_addr = getelementptr i8 %K_tile_V_4, i64 0, i64 %zext_ln130" [attention_int8.cpp:130]   --->   Operation 226 'getelementptr' 'K_tile_V_4_addr' <Predicate = (trunc_ln131 == 4)> <Delay = 0.00>
ST_3 : Operation 227 [1/1] (3.25ns)   --->   "%store_ln133 = store i8 %gmem1_addr_read, i7 %K_tile_V_4_addr" [attention_int8.cpp:133]   --->   Operation 227 'store' 'store_ln133' <Predicate = (trunc_ln131 == 4)> <Delay = 3.25> <CoreInst = "RAM">   --->   Core 82 'RAM' <Latency = 1> <II = 1> <Delay = 3.25> <Storage> <Opcode : 'load' 'store'> <Ports = 2> <Width = 8> <Depth = 128> <RAM>
ST_3 : Operation 228 [1/1] (0.00ns)   --->   "%K_tile_V_3_addr = getelementptr i8 %K_tile_V_3, i64 0, i64 %zext_ln130" [attention_int8.cpp:130]   --->   Operation 228 'getelementptr' 'K_tile_V_3_addr' <Predicate = (trunc_ln131 == 3)> <Delay = 0.00>
ST_3 : Operation 229 [1/1] (3.25ns)   --->   "%store_ln133 = store i8 %gmem1_addr_read, i7 %K_tile_V_3_addr" [attention_int8.cpp:133]   --->   Operation 229 'store' 'store_ln133' <Predicate = (trunc_ln131 == 3)> <Delay = 3.25> <CoreInst = "RAM">   --->   Core 82 'RAM' <Latency = 1> <II = 1> <Delay = 3.25> <Storage> <Opcode : 'load' 'store'> <Ports = 2> <Width = 8> <Depth = 128> <RAM>
ST_3 : Operation 230 [1/1] (0.00ns)   --->   "%K_tile_V_2_addr = getelementptr i8 %K_tile_V_2, i64 0, i64 %zext_ln130" [attention_int8.cpp:130]   --->   Operation 230 'getelementptr' 'K_tile_V_2_addr' <Predicate = (trunc_ln131 == 2)> <Delay = 0.00>
ST_3 : Operation 231 [1/1] (3.25ns)   --->   "%store_ln133 = store i8 %gmem1_addr_read, i7 %K_tile_V_2_addr" [attention_int8.cpp:133]   --->   Operation 231 'store' 'store_ln133' <Predicate = (trunc_ln131 == 2)> <Delay = 3.25> <CoreInst = "RAM">   --->   Core 82 'RAM' <Latency = 1> <II = 1> <Delay = 3.25> <Storage> <Opcode : 'load' 'store'> <Ports = 2> <Width = 8> <Depth = 128> <RAM>
ST_3 : Operation 232 [1/1] (0.00ns)   --->   "%K_tile_V_1_addr = getelementptr i8 %K_tile_V_1, i64 0, i64 %zext_ln130" [attention_int8.cpp:130]   --->   Operation 232 'getelementptr' 'K_tile_V_1_addr' <Predicate = (trunc_ln131 == 1)> <Delay = 0.00>
ST_3 : Operation 233 [1/1] (3.25ns)   --->   "%store_ln133 = store i8 %gmem1_addr_read, i7 %K_tile_V_1_addr" [attention_int8.cpp:133]   --->   Operation 233 'store' 'store_ln133' <Predicate = (trunc_ln131 == 1)> <Delay = 3.25> <CoreInst = "RAM">   --->   Core 82 'RAM' <Latency = 1> <II = 1> <Delay = 3.25> <Storage> <Opcode : 'load' 'store'> <Ports = 2> <Width = 8> <Depth = 128> <RAM>
ST_3 : Operation 234 [1/1] (0.00ns)   --->   "%K_tile_V_addr = getelementptr i8 %K_tile_V, i64 0, i64 %zext_ln130" [attention_int8.cpp:130]   --->   Operation 234 'getelementptr' 'K_tile_V_addr' <Predicate = (trunc_ln131 == 0)> <Delay = 0.00>
ST_3 : Operation 235 [1/1] (3.25ns)   --->   "%store_ln133 = store i8 %gmem1_addr_read, i7 %K_tile_V_addr" [attention_int8.cpp:133]   --->   Operation 235 'store' 'store_ln133' <Predicate = (trunc_ln131 == 0)> <Delay = 3.25> <CoreInst = "RAM">   --->   Core 82 'RAM' <Latency = 1> <II = 1> <Delay = 3.25> <Storage> <Opcode : 'load' 'store'> <Ports = 2> <Width = 8> <Depth = 128> <RAM>
ST_3 : Operation 236 [1/1] (0.00ns)   --->   "%K_tile_V_63_addr = getelementptr i8 %K_tile_V_63, i64 0, i64 %zext_ln130" [attention_int8.cpp:130]   --->   Operation 236 'getelementptr' 'K_tile_V_63_addr' <Predicate = (trunc_ln131 == 63)> <Delay = 0.00>
ST_3 : Operation 237 [1/1] (3.25ns)   --->   "%store_ln133 = store i8 %gmem1_addr_read, i7 %K_tile_V_63_addr" [attention_int8.cpp:133]   --->   Operation 237 'store' 'store_ln133' <Predicate = (trunc_ln131 == 63)> <Delay = 3.25> <CoreInst = "RAM">   --->   Core 82 'RAM' <Latency = 1> <II = 1> <Delay = 3.25> <Storage> <Opcode : 'load' 'store'> <Ports = 2> <Width = 8> <Depth = 128> <RAM>
ST_3 : Operation 238 [1/1] (0.00ns)   --->   "%trunc_ln134 = trunc i8 %select_ln130_1" [attention_int8.cpp:134]   --->   Operation 238 'trunc' 'trunc_ln134' <Predicate = true> <Delay = 0.00>
ST_3 : Operation 239 [1/1] (0.00ns)   --->   "%tmp_s = bitconcatenate i10 @_ssdm_op_BitConcatenate.i10.i7.i3, i7 %trunc_ln134, i3 %lshr_ln" [attention_int8.cpp:134]   --->   Operation 239 'bitconcatenate' 'tmp_s' <Predicate = true> <Delay = 0.00>
ST_3 : Operation 240 [1/1] (0.00ns)   --->   "%zext_ln134 = zext i10 %tmp_s" [attention_int8.cpp:134]   --->   Operation 240 'zext' 'zext_ln134' <Predicate = true> <Delay = 0.00>
ST_3 : Operation 241 [1/1] (0.00ns)   --->   "%V_tile_V_addr = getelementptr i8 %V_tile_V, i64 0, i64 %zext_ln134" [attention_int8.cpp:134]   --->   Operation 241 'getelementptr' 'V_tile_V_addr' <Predicate = true> <Delay = 0.00>
ST_3 : Operation 242 [1/1] (0.00ns)   --->   "%V_tile_V_1_addr = getelementptr i8 %V_tile_V_1, i64 0, i64 %zext_ln134" [attention_int8.cpp:134]   --->   Operation 242 'getelementptr' 'V_tile_V_1_addr' <Predicate = true> <Delay = 0.00>
ST_3 : Operation 243 [1/1] (0.00ns)   --->   "%V_tile_V_2_addr = getelementptr i8 %V_tile_V_2, i64 0, i64 %zext_ln134" [attention_int8.cpp:134]   --->   Operation 243 'getelementptr' 'V_tile_V_2_addr' <Predicate = true> <Delay = 0.00>
ST_3 : Operation 244 [1/1] (0.00ns)   --->   "%V_tile_V_3_addr = getelementptr i8 %V_tile_V_3, i64 0, i64 %zext_ln134" [attention_int8.cpp:134]   --->   Operation 244 'getelementptr' 'V_tile_V_3_addr' <Predicate = true> <Delay = 0.00>
ST_3 : Operation 245 [1/1] (0.00ns)   --->   "%V_tile_V_4_addr = getelementptr i8 %V_tile_V_4, i64 0, i64 %zext_ln134" [attention_int8.cpp:134]   --->   Operation 245 'getelementptr' 'V_tile_V_4_addr' <Predicate = true> <Delay = 0.00>
ST_3 : Operation 246 [1/1] (0.00ns)   --->   "%V_tile_V_5_addr = getelementptr i8 %V_tile_V_5, i64 0, i64 %zext_ln134" [attention_int8.cpp:134]   --->   Operation 246 'getelementptr' 'V_tile_V_5_addr' <Predicate = true> <Delay = 0.00>
ST_3 : Operation 247 [1/1] (0.00ns)   --->   "%V_tile_V_6_addr = getelementptr i8 %V_tile_V_6, i64 0, i64 %zext_ln134" [attention_int8.cpp:134]   --->   Operation 247 'getelementptr' 'V_tile_V_6_addr' <Predicate = true> <Delay = 0.00>
ST_3 : Operation 248 [1/1] (0.00ns)   --->   "%V_tile_V_7_addr = getelementptr i8 %V_tile_V_7, i64 0, i64 %zext_ln134" [attention_int8.cpp:134]   --->   Operation 248 'getelementptr' 'V_tile_V_7_addr' <Predicate = true> <Delay = 0.00>
ST_3 : Operation 249 [1/1] (3.25ns)   --->   "%store_ln134 = store i8 %gmem2_addr_read, i10 %V_tile_V_6_addr" [attention_int8.cpp:134]   --->   Operation 249 'store' 'store_ln134' <Predicate = (trunc_ln134_1 == 6)> <Delay = 3.25> <CoreInst = "RAM_1WnR">   --->   Core 83 'RAM_1WnR' <Latency = 1> <II = 1> <Delay = 3.25> <Storage> <Opcode : 'load' 'store'> <Ports = 17> <Width = 8> <Depth = 1024> <RAM>
ST_3 : Operation 250 [1/1] (0.00ns)   --->   "%br_ln134 = br void %arrayidx12513.exit" [attention_int8.cpp:134]   --->   Operation 250 'br' 'br_ln134' <Predicate = (trunc_ln134_1 == 6)> <Delay = 0.00>
ST_3 : Operation 251 [1/1] (3.25ns)   --->   "%store_ln134 = store i8 %gmem2_addr_read, i10 %V_tile_V_5_addr" [attention_int8.cpp:134]   --->   Operation 251 'store' 'store_ln134' <Predicate = (trunc_ln134_1 == 5)> <Delay = 3.25> <CoreInst = "RAM_1WnR">   --->   Core 83 'RAM_1WnR' <Latency = 1> <II = 1> <Delay = 3.25> <Storage> <Opcode : 'load' 'store'> <Ports = 17> <Width = 8> <Depth = 1024> <RAM>
ST_3 : Operation 252 [1/1] (0.00ns)   --->   "%br_ln134 = br void %arrayidx12513.exit" [attention_int8.cpp:134]   --->   Operation 252 'br' 'br_ln134' <Predicate = (trunc_ln134_1 == 5)> <Delay = 0.00>
ST_3 : Operation 253 [1/1] (3.25ns)   --->   "%store_ln134 = store i8 %gmem2_addr_read, i10 %V_tile_V_4_addr" [attention_int8.cpp:134]   --->   Operation 253 'store' 'store_ln134' <Predicate = (trunc_ln134_1 == 4)> <Delay = 3.25> <CoreInst = "RAM_1WnR">   --->   Core 83 'RAM_1WnR' <Latency = 1> <II = 1> <Delay = 3.25> <Storage> <Opcode : 'load' 'store'> <Ports = 17> <Width = 8> <Depth = 1024> <RAM>
ST_3 : Operation 254 [1/1] (0.00ns)   --->   "%br_ln134 = br void %arrayidx12513.exit" [attention_int8.cpp:134]   --->   Operation 254 'br' 'br_ln134' <Predicate = (trunc_ln134_1 == 4)> <Delay = 0.00>
ST_3 : Operation 255 [1/1] (3.25ns)   --->   "%store_ln134 = store i8 %gmem2_addr_read, i10 %V_tile_V_3_addr" [attention_int8.cpp:134]   --->   Operation 255 'store' 'store_ln134' <Predicate = (trunc_ln134_1 == 3)> <Delay = 3.25> <CoreInst = "RAM_1WnR">   --->   Core 83 'RAM_1WnR' <Latency = 1> <II = 1> <Delay = 3.25> <Storage> <Opcode : 'load' 'store'> <Ports = 17> <Width = 8> <Depth = 1024> <RAM>
ST_3 : Operation 256 [1/1] (0.00ns)   --->   "%br_ln134 = br void %arrayidx12513.exit" [attention_int8.cpp:134]   --->   Operation 256 'br' 'br_ln134' <Predicate = (trunc_ln134_1 == 3)> <Delay = 0.00>
ST_3 : Operation 257 [1/1] (3.25ns)   --->   "%store_ln134 = store i8 %gmem2_addr_read, i10 %V_tile_V_2_addr" [attention_int8.cpp:134]   --->   Operation 257 'store' 'store_ln134' <Predicate = (trunc_ln134_1 == 2)> <Delay = 3.25> <CoreInst = "RAM_1WnR">   --->   Core 83 'RAM_1WnR' <Latency = 1> <II = 1> <Delay = 3.25> <Storage> <Opcode : 'load' 'store'> <Ports = 17> <Width = 8> <Depth = 1024> <RAM>
ST_3 : Operation 258 [1/1] (0.00ns)   --->   "%br_ln134 = br void %arrayidx12513.exit" [attention_int8.cpp:134]   --->   Operation 258 'br' 'br_ln134' <Predicate = (trunc_ln134_1 == 2)> <Delay = 0.00>
ST_3 : Operation 259 [1/1] (3.25ns)   --->   "%store_ln134 = store i8 %gmem2_addr_read, i10 %V_tile_V_1_addr" [attention_int8.cpp:134]   --->   Operation 259 'store' 'store_ln134' <Predicate = (trunc_ln134_1 == 1)> <Delay = 3.25> <CoreInst = "RAM_1WnR">   --->   Core 83 'RAM_1WnR' <Latency = 1> <II = 1> <Delay = 3.25> <Storage> <Opcode : 'load' 'store'> <Ports = 17> <Width = 8> <Depth = 1024> <RAM>
ST_3 : Operation 260 [1/1] (0.00ns)   --->   "%br_ln134 = br void %arrayidx12513.exit" [attention_int8.cpp:134]   --->   Operation 260 'br' 'br_ln134' <Predicate = (trunc_ln134_1 == 1)> <Delay = 0.00>
ST_3 : Operation 261 [1/1] (3.25ns)   --->   "%store_ln134 = store i8 %gmem2_addr_read, i10 %V_tile_V_addr" [attention_int8.cpp:134]   --->   Operation 261 'store' 'store_ln134' <Predicate = (trunc_ln134_1 == 0)> <Delay = 3.25> <CoreInst = "RAM_1WnR">   --->   Core 83 'RAM_1WnR' <Latency = 1> <II = 1> <Delay = 3.25> <Storage> <Opcode : 'load' 'store'> <Ports = 17> <Width = 8> <Depth = 1024> <RAM>
ST_3 : Operation 262 [1/1] (0.00ns)   --->   "%br_ln134 = br void %arrayidx12513.exit" [attention_int8.cpp:134]   --->   Operation 262 'br' 'br_ln134' <Predicate = (trunc_ln134_1 == 0)> <Delay = 0.00>
ST_3 : Operation 263 [1/1] (3.25ns)   --->   "%store_ln134 = store i8 %gmem2_addr_read, i10 %V_tile_V_7_addr" [attention_int8.cpp:134]   --->   Operation 263 'store' 'store_ln134' <Predicate = (trunc_ln134_1 == 7)> <Delay = 3.25> <CoreInst = "RAM_1WnR">   --->   Core 83 'RAM_1WnR' <Latency = 1> <II = 1> <Delay = 3.25> <Storage> <Opcode : 'load' 'store'> <Ports = 17> <Width = 8> <Depth = 1024> <RAM>
ST_3 : Operation 264 [1/1] (0.00ns)   --->   "%br_ln134 = br void %arrayidx12513.exit" [attention_int8.cpp:134]   --->   Operation 264 'br' 'br_ln134' <Predicate = (trunc_ln134_1 == 7)> <Delay = 0.00>
ST_3 : Operation 265 [1/1] (1.61ns)   --->   "%store_ln131 = store i8 %select_ln130_1, i8 %j" [attention_int8.cpp:131]   --->   Operation 265 'store' 'store_ln131' <Predicate = true> <Delay = 1.61>
ST_3 : Operation 266 [1/1] (0.00ns)   --->   "%br_ln131 = br void %for.inc126" [attention_int8.cpp:131]   --->   Operation 266 'br' 'br_ln131' <Predicate = true> <Delay = 0.00>


============================================================
+ Verbose Summary: Timing violations
============================================================
Target clock period: 10ns, clock uncertainty: 2.7ns.

 <State 1>: 6.1ns
The critical path consists of the following:
	'alloca' operation ('d') [77]  (0 ns)
	'load' operation ('d_1_load', attention_int8.cpp:131) on local variable 'd' [98]  (0 ns)
	'icmp' operation ('icmp_ln131', attention_int8.cpp:131) [103]  (1.47 ns)
	'select' operation ('select_ln130', attention_int8.cpp:130) [104]  (0.99 ns)
	'add' operation ('add_ln131', attention_int8.cpp:131) [409]  (2.03 ns)
	'store' operation ('store_ln131', attention_int8.cpp:131) of variable 'add_ln131', attention_int8.cpp:131 on local variable 'd' [412]  (1.61 ns)

 <State 2>: 7.3ns
The critical path consists of the following:
	bus read operation ('gmem1_addr_read', attention_int8.cpp:133) on port 'gmem1' (attention_int8.cpp:133) [110]  (7.3 ns)

 <State 3>: 6.41ns
The critical path consists of the following:
	'load' operation ('j_load', attention_int8.cpp:130) on local variable 'j' [99]  (0 ns)
	'add' operation ('add_ln130', attention_int8.cpp:130) [100]  (2.12 ns)
	'select' operation ('select_ln130_1', attention_int8.cpp:130) [105]  (1.04 ns)
	'getelementptr' operation ('V_tile_V_5_addr', attention_int8.cpp:134) [378]  (0 ns)
	'store' operation ('store_ln134', attention_int8.cpp:134) of variable 'gmem2_addr_read', attention_int8.cpp:134 on array 'V_tile_V_5' [388]  (3.26 ns)


============================================================
+ Verbose Summary: Binding
============================================================
N/A
* FSMD analyzer results:
  - Output states:
 - Input state : 
  - Chain level:
	State 1
	State 2
	State 3


============================================================
+ Verbose Summary: Datapath Resource usage 
============================================================
N/A
