

================================================================
== Vitis HLS Report for 'attention_int8_kernel_Pipeline_VITIS_LOOP_101_3_VITIS_LOOP_102_4'
================================================================
* Date:           Sat Apr 25 21:21:45 2026

* Version:        2022.1 (Build 3526262 on Mon Apr 18 15:47:01 MDT 2022)
* Project:        hls_cosim_project
* Solution:       solution_cosim (Vivado IP Flow Target)
* Product family: artix7
* Target device:  xc7a200t-sbg484-1


================================================================
== Performance Estimates
================================================================
+ Timing: 
    * Summary: 
    +--------+----------+----------+------------+
    |  Clock |  Target  | Estimated| Uncertainty|
    +--------+----------+----------+------------+
    |ap_clk  |  10.00 ns|  7.300 ns|     2.70 ns|
    +--------+----------+----------+------------+

+ Latency: 
    * Summary: 
    +---------+---------+----------+----------+-----+-----+---------+
    |  Latency (cycles) |  Latency (absolute) |  Interval | Pipeline|
    |   min   |   max   |    min   |    max   | min | max |   Type  |
    +---------+---------+----------+----------+-----+-----+---------+
    |      515|      515|  5.150 us|  5.150 us|  515|  515|       no|
    +---------+---------+----------+----------+-----+-----+---------+

    + Detail: 
        * Instance: 
        N/A

        * Loop: 
        +-------------------------------------+---------+---------+----------+-----------+-----------+------+----------+
        |                                     |  Latency (cycles) | Iteration|  Initiation Interval  | Trip |          |
        |              Loop Name              |   min   |   max   |  Latency |  achieved |   target  | Count| Pipelined|
        +-------------------------------------+---------+---------+----------+-----------+-----------+------+----------+
        |- VITIS_LOOP_101_3_VITIS_LOOP_102_4  |      513|      513|         3|          1|          1|   512|       yes|
        +-------------------------------------+---------+---------+----------+-----------+-----------+------+----------+

============================================================
+ Verbose Summary: Synthesis Manager
============================================================
InlineROM: 1
ExposeGlobal: 0
============================================================
+ Verbose Summary: CDFG Model
============================================================
IsTopModel: 0
ResetActiveHigh: 1
IsCombinational: 0
IsDatapathOnly: 0
HasWiredReturn: 1
HasMFsm: 2
HasVarLatency: 1
IsPipeline: 0
IsRtlPipelined: 0
IsInstanceOverlapped: 0
IsDontTouch: 0
HasImplIP: 0
IsGatedGlobalClock: 0

+ Individual pipeline summary: 
  * Pipeline-0: initiation interval (II) = 1, depth = 3


============================================================
+ Verbose Summary: Schedule
============================================================
* Number of FSM states : 3
* Pipeline : 1
  Pipeline-0 : II = 1, D = 3, States = { 1 2 3 }
* Dataflow Pipeline: 0

* FSM state transitions: 
1 --> 2 
2 --> 3 
3 --> 

* FSM state operations: 

State 1 <SV = 0> <Delay = 3.73>
ST_1 : Operation 6 [1/1] (0.00ns)   --->   "%d = alloca i32 1"   --->   Operation 6 'alloca' 'd' <Predicate = true> <Delay = 0.00>
ST_1 : Operation 7 [1/1] (0.00ns)   --->   "%i = alloca i32 1"   --->   Operation 7 'alloca' 'i' <Predicate = true> <Delay = 0.00>
ST_1 : Operation 8 [1/1] (0.00ns)   --->   "%indvar_flatten = alloca i32 1"   --->   Operation 8 'alloca' 'indvar_flatten' <Predicate = true> <Delay = 0.00>
ST_1 : Operation 9 [1/1] (0.00ns)   --->   "%specinterface_ln0 = specinterface void @_ssdm_op_SpecInterface, i8 %gmem0, void @empty_3, i32 0, i32 0, void @empty_13, i32 0, i32 8192, void @empty_1, void @empty_20, void @empty_13, i32 16, i32 16, i32 16, i32 16, void @empty_13, void @empty_13, i32 4294967295, i32 0"   --->   Operation 9 'specinterface' 'specinterface_ln0' <Predicate = true> <Delay = 0.00>
ST_1 : Operation 10 [1/1] (0.00ns)   --->   "%add_ln91_read = read i64 @_ssdm_op_Read.ap_auto.i64, i64 %add_ln91"   --->   Operation 10 'read' 'add_ln91_read' <Predicate = true> <Delay = 0.00>
ST_1 : Operation 11 [1/1] (1.61ns)   --->   "%store_ln0 = store i10 0, i10 %indvar_flatten"   --->   Operation 11 'store' 'store_ln0' <Predicate = true> <Delay = 1.61>
ST_1 : Operation 12 [1/1] (1.61ns)   --->   "%store_ln0 = store i4 0, i4 %i"   --->   Operation 12 'store' 'store_ln0' <Predicate = true> <Delay = 1.61>
ST_1 : Operation 13 [1/1] (1.61ns)   --->   "%store_ln0 = store i7 0, i7 %d"   --->   Operation 13 'store' 'store_ln0' <Predicate = true> <Delay = 1.61>
ST_1 : Operation 14 [1/1] (0.00ns)   --->   "%br_ln0 = br void %for.inc"   --->   Operation 14 'br' 'br_ln0' <Predicate = true> <Delay = 0.00>
ST_1 : Operation 15 [1/1] (0.00ns)   --->   "%indvar_flatten_load = load i10 %indvar_flatten" [attention_int8.cpp:101]   --->   Operation 15 'load' 'indvar_flatten_load' <Predicate = true> <Delay = 0.00>
ST_1 : Operation 16 [1/1] (0.00ns)   --->   "%specbitsmap_ln0 = specbitsmap void @_ssdm_op_SpecBitsMap, i8 %gmem0"   --->   Operation 16 'specbitsmap' 'specbitsmap_ln0' <Predicate = true> <Delay = 0.00>
ST_1 : Operation 17 [1/1] (0.00ns)   --->   "%gmem0_addr = getelementptr i8 %gmem0, i64 %add_ln91_read" [attention_int8.cpp:101]   --->   Operation 17 'getelementptr' 'gmem0_addr' <Predicate = true> <Delay = 0.00>
ST_1 : Operation 18 [1/1] (1.70ns)   --->   "%icmp_ln101 = icmp_eq  i10 %indvar_flatten_load, i10 512" [attention_int8.cpp:101]   --->   Operation 18 'icmp' 'icmp_ln101' <Predicate = true> <Delay = 1.70> <CoreInst = "Cmp">   --->   Core 9 'Cmp' <Latency = 0> <II = 1> <Delay = 1.70> <FuncUnit> <Opcode : 'icmp'> <InPorts = 2> <OutPorts = 1>
ST_1 : Operation 19 [1/1] (2.12ns)   --->   "%add_ln101_1 = add i10 %indvar_flatten_load, i10 1" [attention_int8.cpp:101]   --->   Operation 19 'add' 'add_ln101_1' <Predicate = true> <Delay = 2.12> <CoreInst = "Adder">   --->   Core 1 'Adder' <Latency = 0> <II = 1> <Delay = 2.12> <FuncUnit> <Opcode : 'add' 'sub'> <InPorts = 2> <OutPorts = 1>
ST_1 : Operation 20 [1/1] (0.00ns)   --->   "%br_ln101 = br i1 %icmp_ln101, void %for.inc40, void %for.inc61.preheader.exitStub" [attention_int8.cpp:101]   --->   Operation 20 'br' 'br_ln101' <Predicate = true> <Delay = 0.00>
ST_1 : Operation 21 [1/1] (1.61ns)   --->   "%store_ln102 = store i10 %add_ln101_1, i10 %indvar_flatten" [attention_int8.cpp:102]   --->   Operation 21 'store' 'store_ln102' <Predicate = (!icmp_ln101)> <Delay = 1.61>

State 2 <SV = 1> <Delay = 7.30>
ST_2 : Operation 22 [1/1] (7.30ns)   --->   "%gmem0_addr_read = read i8 @_ssdm_op_Read.m_axi.p1i8, i8 %gmem0_addr" [attention_int8.cpp:104]   --->   Operation 22 'read' 'gmem0_addr_read' <Predicate = true> <Delay = 7.30> <CoreInst = "m_axi">   --->   Core 113 'm_axi' <Latency = 0> <II = 1> <Delay = 1.00> <Adapter> <Opcode : 'read' 'write' 'readreq' 'writereq' 'writeresp'>
ST_2 : Operation 232 [1/1] (0.00ns)   --->   "%ret_ln0 = ret"   --->   Operation 232 'ret' 'ret_ln0' <Predicate = (icmp_ln101)> <Delay = 0.00>

State 3 <SV = 2> <Delay = 6.09>
ST_3 : Operation 23 [1/1] (0.00ns)   --->   "%d_load = load i7 %d" [attention_int8.cpp:102]   --->   Operation 23 'load' 'd_load' <Predicate = true> <Delay = 0.00>
ST_3 : Operation 24 [1/1] (0.00ns)   --->   "%i_load = load i4 %i" [attention_int8.cpp:101]   --->   Operation 24 'load' 'i_load' <Predicate = true> <Delay = 0.00>
ST_3 : Operation 25 [1/1] (1.77ns)   --->   "%add_ln101 = add i4 %i_load, i4 1" [attention_int8.cpp:101]   --->   Operation 25 'add' 'add_ln101' <Predicate = true> <Delay = 1.77> <CoreInst = "Adder">   --->   Core 1 'Adder' <Latency = 0> <II = 1> <Delay = 1.77> <FuncUnit> <Opcode : 'add' 'sub'> <InPorts = 2> <OutPorts = 1>
ST_3 : Operation 26 [1/1] (0.00ns)   --->   "%specloopname_ln0 = specloopname void @_ssdm_op_SpecLoopName, void @VITIS_LOOP_101_3_VITIS_LOOP_102_4_str"   --->   Operation 26 'specloopname' 'specloopname_ln0' <Predicate = true> <Delay = 0.00>
ST_3 : Operation 27 [1/1] (0.00ns)   --->   "%empty = speclooptripcount i32 @_ssdm_op_SpecLoopTripCount, i64 512, i64 512, i64 512"   --->   Operation 27 'speclooptripcount' 'empty' <Predicate = true> <Delay = 0.00>
ST_3 : Operation 28 [1/1] (1.46ns)   --->   "%icmp_ln102 = icmp_eq  i7 %d_load, i7 64" [attention_int8.cpp:102]   --->   Operation 28 'icmp' 'icmp_ln102' <Predicate = true> <Delay = 1.46> <CoreInst = "Cmp">   --->   Core 9 'Cmp' <Latency = 0> <II = 1> <Delay = 1.46> <FuncUnit> <Opcode : 'icmp'> <InPorts = 2> <OutPorts = 1>
ST_3 : Operation 29 [1/1] (0.99ns)   --->   "%select_ln101 = select i1 %icmp_ln102, i7 0, i7 %d_load" [attention_int8.cpp:101]   --->   Operation 29 'select' 'select_ln101' <Predicate = true> <Delay = 0.99> <CoreInst = "Sel">   --->   Core 73 'Sel' <Latency = 0> <II = 1> <Delay = 0.99> <FuncUnit> <Opcode : 'select'> <InPorts = 3> <OutPorts = 1>
ST_3 : Operation 30 [1/1] (0.99ns)   --->   "%select_ln101_1 = select i1 %icmp_ln102, i4 %add_ln101, i4 %i_load" [attention_int8.cpp:101]   --->   Operation 30 'select' 'select_ln101_1' <Predicate = true> <Delay = 0.99> <CoreInst = "Sel">   --->   Core 73 'Sel' <Latency = 0> <II = 1> <Delay = 0.99> <FuncUnit> <Opcode : 'select'> <InPorts = 3> <OutPorts = 1>
ST_3 : Operation 31 [1/1] (0.00ns)   --->   "%zext_ln101 = zext i4 %select_ln101_1" [attention_int8.cpp:101]   --->   Operation 31 'zext' 'zext_ln101' <Predicate = true> <Delay = 0.00>
ST_3 : Operation 32 [1/1] (0.00ns)   --->   "%specpipeline_ln103 = specpipeline void @_ssdm_op_SpecPipeline, i32 1, i32 0, i32 0, i32 0, void @empty_13" [attention_int8.cpp:103]   --->   Operation 32 'specpipeline' 'specpipeline_ln103' <Predicate = true> <Delay = 0.00>
ST_3 : Operation 33 [1/1] (0.00ns)   --->   "%specloopname_ln102 = specloopname void @_ssdm_op_SpecLoopName, void @empty_23" [attention_int8.cpp:102]   --->   Operation 33 'specloopname' 'specloopname_ln102' <Predicate = true> <Delay = 0.00>
ST_3 : Operation 34 [1/1] (0.00ns)   --->   "%trunc_ln104 = trunc i7 %select_ln101" [attention_int8.cpp:104]   --->   Operation 34 'trunc' 'trunc_ln104' <Predicate = true> <Delay = 0.00>
ST_3 : Operation 35 [1/1] (0.93ns)   --->   "%switch_ln104 = switch i6 %trunc_ln104, void %arrayidx3916.case.63, i6 0, void %arrayidx3916.case.0, i6 1, void %arrayidx3916.case.1, i6 2, void %arrayidx3916.case.2, i6 3, void %arrayidx3916.case.3, i6 4, void %arrayidx3916.case.4, i6 5, void %arrayidx3916.case.5, i6 6, void %arrayidx3916.case.6, i6 7, void %arrayidx3916.case.7, i6 8, void %arrayidx3916.case.8, i6 9, void %arrayidx3916.case.9, i6 10, void %arrayidx3916.case.10, i6 11, void %arrayidx3916.case.11, i6 12, void %arrayidx3916.case.12, i6 13, void %arrayidx3916.case.13, i6 14, void %arrayidx3916.case.14, i6 15, void %arrayidx3916.case.15, i6 16, void %arrayidx3916.case.16, i6 17, void %arrayidx3916.case.17, i6 18, void %arrayidx3916.case.18, i6 19, void %arrayidx3916.case.19, i6 20, void %arrayidx3916.case.20, i6 21, void %arrayidx3916.case.21, i6 22, void %arrayidx3916.case.22, i6 23, void %arrayidx3916.case.23, i6 24, void %arrayidx3916.case.24, i6 25, void %arrayidx3916.case.25, i6 26, void %arrayidx3916.case.26, i6 27, void %arrayidx3916.case.27, i6 28, void %arrayidx3916.case.28, i6 29, void %arrayidx3916.case.29, i6 30, void %arrayidx3916.case.30, i6 31, void %arrayidx3916.case.31, i6 32, void %arrayidx3916.case.32, i6 33, void %arrayidx3916.case.33, i6 34, void %arrayidx3916.case.34, i6 35, void %arrayidx3916.case.35, i6 36, void %arrayidx3916.case.36, i6 37, void %arrayidx3916.case.37, i6 38, void %arrayidx3916.case.38, i6 39, void %arrayidx3916.case.39, i6 40, void %arrayidx3916.case.40, i6 41, void %arrayidx3916.case.41, i6 42, void %arrayidx3916.case.42, i6 43, void %arrayidx3916.case.43, i6 44, void %arrayidx3916.case.44, i6 45, void %arrayidx3916.case.45, i6 46, void %arrayidx3916.case.46, i6 47, void %arrayidx3916.case.47, i6 48, void %arrayidx3916.case.48, i6 49, void %arrayidx3916.case.49, i6 50, void %arrayidx3916.case.50, i6 51, void %arrayidx3916.case.51, i6 52, void %arrayidx3916.case.52, i6 53, void %arrayidx3916.case.53, i6 54, void %arrayidx3916.case.54, i6 55, void %arrayidx3916.case.55, i6 56, void %arrayidx3916.case.56, i6 57, void %arrayidx3916.case.57, i6 58, void %arrayidx3916.case.58, i6 59, void %arrayidx3916.case.59, i6 60, void %arrayidx3916.case.60, i6 61, void %arrayidx3916.case.61, i6 62, void %arrayidx3916.case.62" [attention_int8.cpp:104]   --->   Operation 35 'switch' 'switch_ln104' <Predicate = true> <Delay = 0.93>
ST_3 : Operation 36 [1/1] (0.00ns)   --->   "%Q_tile_V_62_addr = getelementptr i8 %Q_tile_V_62, i64 0, i64 %zext_ln101" [attention_int8.cpp:101]   --->   Operation 36 'getelementptr' 'Q_tile_V_62_addr' <Predicate = (trunc_ln104 == 62)> <Delay = 0.00>
ST_3 : Operation 37 [1/1] (2.15ns)   --->   "%store_ln104 = store i8 %gmem0_addr_read, i3 %Q_tile_V_62_addr" [attention_int8.cpp:104]   --->   Operation 37 'store' 'store_ln104' <Predicate = (trunc_ln104 == 62)> <Delay = 2.15> <CoreInst = "RAM">   --->   Core 82 'RAM' <Latency = 1> <II = 1> <Delay = 2.15> <Storage> <Opcode : 'load' 'store'> <Ports = 2> <Width = 8> <Depth = 8> <RAM>
ST_3 : Operation 38 [1/1] (0.00ns)   --->   "%br_ln104 = br void %arrayidx3916.exit" [attention_int8.cpp:104]   --->   Operation 38 'br' 'br_ln104' <Predicate = (trunc_ln104 == 62)> <Delay = 0.00>
ST_3 : Operation 39 [1/1] (0.00ns)   --->   "%Q_tile_V_61_addr = getelementptr i8 %Q_tile_V_61, i64 0, i64 %zext_ln101" [attention_int8.cpp:101]   --->   Operation 39 'getelementptr' 'Q_tile_V_61_addr' <Predicate = (trunc_ln104 == 61)> <Delay = 0.00>
ST_3 : Operation 40 [1/1] (2.15ns)   --->   "%store_ln104 = store i8 %gmem0_addr_read, i3 %Q_tile_V_61_addr" [attention_int8.cpp:104]   --->   Operation 40 'store' 'store_ln104' <Predicate = (trunc_ln104 == 61)> <Delay = 2.15> <CoreInst = "RAM">   --->   Core 82 'RAM' <Latency = 1> <II = 1> <Delay = 2.15> <Storage> <Opcode : 'load' 'store'> <Ports = 2> <Width = 8> <Depth = 8> <RAM>
ST_3 : Operation 41 [1/1] (0.00ns)   --->   "%br_ln104 = br void %arrayidx3916.exit" [attention_int8.cpp:104]   --->   Operation 41 'br' 'br_ln104' <Predicate = (trunc_ln104 == 61)> <Delay = 0.00>
ST_3 : Operation 42 [1/1] (0.00ns)   --->   "%Q_tile_V_60_addr = getelementptr i8 %Q_tile_V_60, i64 0, i64 %zext_ln101" [attention_int8.cpp:101]   --->   Operation 42 'getelementptr' 'Q_tile_V_60_addr' <Predicate = (trunc_ln104 == 60)> <Delay = 0.00>
ST_3 : Operation 43 [1/1] (2.15ns)   --->   "%store_ln104 = store i8 %gmem0_addr_read, i3 %Q_tile_V_60_addr" [attention_int8.cpp:104]   --->   Operation 43 'store' 'store_ln104' <Predicate = (trunc_ln104 == 60)> <Delay = 2.15> <CoreInst = "RAM">   --->   Core 82 'RAM' <Latency = 1> <II = 1> <Delay = 2.15> <Storage> <Opcode : 'load' 'store'> <Ports = 2> <Width = 8> <Depth = 8> <RAM>
ST_3 : Operation 44 [1/1] (0.00ns)   --->   "%br_ln104 = br void %arrayidx3916.exit" [attention_int8.cpp:104]   --->   Operation 44 'br' 'br_ln104' <Predicate = (trunc_ln104 == 60)> <Delay = 0.00>
ST_3 : Operation 45 [1/1] (0.00ns)   --->   "%Q_tile_V_59_addr = getelementptr i8 %Q_tile_V_59, i64 0, i64 %zext_ln101" [attention_int8.cpp:101]   --->   Operation 45 'getelementptr' 'Q_tile_V_59_addr' <Predicate = (trunc_ln104 == 59)> <Delay = 0.00>
ST_3 : Operation 46 [1/1] (2.15ns)   --->   "%store_ln104 = store i8 %gmem0_addr_read, i3 %Q_tile_V_59_addr" [attention_int8.cpp:104]   --->   Operation 46 'store' 'store_ln104' <Predicate = (trunc_ln104 == 59)> <Delay = 2.15> <CoreInst = "RAM">   --->   Core 82 'RAM' <Latency = 1> <II = 1> <Delay = 2.15> <Storage> <Opcode : 'load' 'store'> <Ports = 2> <Width = 8> <Depth = 8> <RAM>
ST_3 : Operation 47 [1/1] (0.00ns)   --->   "%br_ln104 = br void %arrayidx3916.exit" [attention_int8.cpp:104]   --->   Operation 47 'br' 'br_ln104' <Predicate = (trunc_ln104 == 59)> <Delay = 0.00>
ST_3 : Operation 48 [1/1] (0.00ns)   --->   "%Q_tile_V_58_addr = getelementptr i8 %Q_tile_V_58, i64 0, i64 %zext_ln101" [attention_int8.cpp:101]   --->   Operation 48 'getelementptr' 'Q_tile_V_58_addr' <Predicate = (trunc_ln104 == 58)> <Delay = 0.00>
ST_3 : Operation 49 [1/1] (2.15ns)   --->   "%store_ln104 = store i8 %gmem0_addr_read, i3 %Q_tile_V_58_addr" [attention_int8.cpp:104]   --->   Operation 49 'store' 'store_ln104' <Predicate = (trunc_ln104 == 58)> <Delay = 2.15> <CoreInst = "RAM">   --->   Core 82 'RAM' <Latency = 1> <II = 1> <Delay = 2.15> <Storage> <Opcode : 'load' 'store'> <Ports = 2> <Width = 8> <Depth = 8> <RAM>
ST_3 : Operation 50 [1/1] (0.00ns)   --->   "%br_ln104 = br void %arrayidx3916.exit" [attention_int8.cpp:104]   --->   Operation 50 'br' 'br_ln104' <Predicate = (trunc_ln104 == 58)> <Delay = 0.00>
ST_3 : Operation 51 [1/1] (0.00ns)   --->   "%Q_tile_V_57_addr = getelementptr i8 %Q_tile_V_57, i64 0, i64 %zext_ln101" [attention_int8.cpp:101]   --->   Operation 51 'getelementptr' 'Q_tile_V_57_addr' <Predicate = (trunc_ln104 == 57)> <Delay = 0.00>
ST_3 : Operation 52 [1/1] (2.15ns)   --->   "%store_ln104 = store i8 %gmem0_addr_read, i3 %Q_tile_V_57_addr" [attention_int8.cpp:104]   --->   Operation 52 'store' 'store_ln104' <Predicate = (trunc_ln104 == 57)> <Delay = 2.15> <CoreInst = "RAM">   --->   Core 82 'RAM' <Latency = 1> <II = 1> <Delay = 2.15> <Storage> <Opcode : 'load' 'store'> <Ports = 2> <Width = 8> <Depth = 8> <RAM>
ST_3 : Operation 53 [1/1] (0.00ns)   --->   "%br_ln104 = br void %arrayidx3916.exit" [attention_int8.cpp:104]   --->   Operation 53 'br' 'br_ln104' <Predicate = (trunc_ln104 == 57)> <Delay = 0.00>
ST_3 : Operation 54 [1/1] (0.00ns)   --->   "%Q_tile_V_56_addr = getelementptr i8 %Q_tile_V_56, i64 0, i64 %zext_ln101" [attention_int8.cpp:101]   --->   Operation 54 'getelementptr' 'Q_tile_V_56_addr' <Predicate = (trunc_ln104 == 56)> <Delay = 0.00>
ST_3 : Operation 55 [1/1] (2.15ns)   --->   "%store_ln104 = store i8 %gmem0_addr_read, i3 %Q_tile_V_56_addr" [attention_int8.cpp:104]   --->   Operation 55 'store' 'store_ln104' <Predicate = (trunc_ln104 == 56)> <Delay = 2.15> <CoreInst = "RAM">   --->   Core 82 'RAM' <Latency = 1> <II = 1> <Delay = 2.15> <Storage> <Opcode : 'load' 'store'> <Ports = 2> <Width = 8> <Depth = 8> <RAM>
ST_3 : Operation 56 [1/1] (0.00ns)   --->   "%br_ln104 = br void %arrayidx3916.exit" [attention_int8.cpp:104]   --->   Operation 56 'br' 'br_ln104' <Predicate = (trunc_ln104 == 56)> <Delay = 0.00>
ST_3 : Operation 57 [1/1] (0.00ns)   --->   "%Q_tile_V_55_addr = getelementptr i8 %Q_tile_V_55, i64 0, i64 %zext_ln101" [attention_int8.cpp:101]   --->   Operation 57 'getelementptr' 'Q_tile_V_55_addr' <Predicate = (trunc_ln104 == 55)> <Delay = 0.00>
ST_3 : Operation 58 [1/1] (2.15ns)   --->   "%store_ln104 = store i8 %gmem0_addr_read, i3 %Q_tile_V_55_addr" [attention_int8.cpp:104]   --->   Operation 58 'store' 'store_ln104' <Predicate = (trunc_ln104 == 55)> <Delay = 2.15> <CoreInst = "RAM">   --->   Core 82 'RAM' <Latency = 1> <II = 1> <Delay = 2.15> <Storage> <Opcode : 'load' 'store'> <Ports = 2> <Width = 8> <Depth = 8> <RAM>
ST_3 : Operation 59 [1/1] (0.00ns)   --->   "%br_ln104 = br void %arrayidx3916.exit" [attention_int8.cpp:104]   --->   Operation 59 'br' 'br_ln104' <Predicate = (trunc_ln104 == 55)> <Delay = 0.00>
ST_3 : Operation 60 [1/1] (0.00ns)   --->   "%Q_tile_V_54_addr = getelementptr i8 %Q_tile_V_54, i64 0, i64 %zext_ln101" [attention_int8.cpp:101]   --->   Operation 60 'getelementptr' 'Q_tile_V_54_addr' <Predicate = (trunc_ln104 == 54)> <Delay = 0.00>
ST_3 : Operation 61 [1/1] (2.15ns)   --->   "%store_ln104 = store i8 %gmem0_addr_read, i3 %Q_tile_V_54_addr" [attention_int8.cpp:104]   --->   Operation 61 'store' 'store_ln104' <Predicate = (trunc_ln104 == 54)> <Delay = 2.15> <CoreInst = "RAM">   --->   Core 82 'RAM' <Latency = 1> <II = 1> <Delay = 2.15> <Storage> <Opcode : 'load' 'store'> <Ports = 2> <Width = 8> <Depth = 8> <RAM>
ST_3 : Operation 62 [1/1] (0.00ns)   --->   "%br_ln104 = br void %arrayidx3916.exit" [attention_int8.cpp:104]   --->   Operation 62 'br' 'br_ln104' <Predicate = (trunc_ln104 == 54)> <Delay = 0.00>
ST_3 : Operation 63 [1/1] (0.00ns)   --->   "%Q_tile_V_53_addr = getelementptr i8 %Q_tile_V_53, i64 0, i64 %zext_ln101" [attention_int8.cpp:101]   --->   Operation 63 'getelementptr' 'Q_tile_V_53_addr' <Predicate = (trunc_ln104 == 53)> <Delay = 0.00>
ST_3 : Operation 64 [1/1] (2.15ns)   --->   "%store_ln104 = store i8 %gmem0_addr_read, i3 %Q_tile_V_53_addr" [attention_int8.cpp:104]   --->   Operation 64 'store' 'store_ln104' <Predicate = (trunc_ln104 == 53)> <Delay = 2.15> <CoreInst = "RAM">   --->   Core 82 'RAM' <Latency = 1> <II = 1> <Delay = 2.15> <Storage> <Opcode : 'load' 'store'> <Ports = 2> <Width = 8> <Depth = 8> <RAM>
ST_3 : Operation 65 [1/1] (0.00ns)   --->   "%br_ln104 = br void %arrayidx3916.exit" [attention_int8.cpp:104]   --->   Operation 65 'br' 'br_ln104' <Predicate = (trunc_ln104 == 53)> <Delay = 0.00>
ST_3 : Operation 66 [1/1] (0.00ns)   --->   "%Q_tile_V_52_addr = getelementptr i8 %Q_tile_V_52, i64 0, i64 %zext_ln101" [attention_int8.cpp:101]   --->   Operation 66 'getelementptr' 'Q_tile_V_52_addr' <Predicate = (trunc_ln104 == 52)> <Delay = 0.00>
ST_3 : Operation 67 [1/1] (2.15ns)   --->   "%store_ln104 = store i8 %gmem0_addr_read, i3 %Q_tile_V_52_addr" [attention_int8.cpp:104]   --->   Operation 67 'store' 'store_ln104' <Predicate = (trunc_ln104 == 52)> <Delay = 2.15> <CoreInst = "RAM">   --->   Core 82 'RAM' <Latency = 1> <II = 1> <Delay = 2.15> <Storage> <Opcode : 'load' 'store'> <Ports = 2> <Width = 8> <Depth = 8> <RAM>
ST_3 : Operation 68 [1/1] (0.00ns)   --->   "%br_ln104 = br void %arrayidx3916.exit" [attention_int8.cpp:104]   --->   Operation 68 'br' 'br_ln104' <Predicate = (trunc_ln104 == 52)> <Delay = 0.00>
ST_3 : Operation 69 [1/1] (0.00ns)   --->   "%Q_tile_V_51_addr = getelementptr i8 %Q_tile_V_51, i64 0, i64 %zext_ln101" [attention_int8.cpp:101]   --->   Operation 69 'getelementptr' 'Q_tile_V_51_addr' <Predicate = (trunc_ln104 == 51)> <Delay = 0.00>
ST_3 : Operation 70 [1/1] (2.15ns)   --->   "%store_ln104 = store i8 %gmem0_addr_read, i3 %Q_tile_V_51_addr" [attention_int8.cpp:104]   --->   Operation 70 'store' 'store_ln104' <Predicate = (trunc_ln104 == 51)> <Delay = 2.15> <CoreInst = "RAM">   --->   Core 82 'RAM' <Latency = 1> <II = 1> <Delay = 2.15> <Storage> <Opcode : 'load' 'store'> <Ports = 2> <Width = 8> <Depth = 8> <RAM>
ST_3 : Operation 71 [1/1] (0.00ns)   --->   "%br_ln104 = br void %arrayidx3916.exit" [attention_int8.cpp:104]   --->   Operation 71 'br' 'br_ln104' <Predicate = (trunc_ln104 == 51)> <Delay = 0.00>
ST_3 : Operation 72 [1/1] (0.00ns)   --->   "%Q_tile_V_50_addr = getelementptr i8 %Q_tile_V_50, i64 0, i64 %zext_ln101" [attention_int8.cpp:101]   --->   Operation 72 'getelementptr' 'Q_tile_V_50_addr' <Predicate = (trunc_ln104 == 50)> <Delay = 0.00>
ST_3 : Operation 73 [1/1] (2.15ns)   --->   "%store_ln104 = store i8 %gmem0_addr_read, i3 %Q_tile_V_50_addr" [attention_int8.cpp:104]   --->   Operation 73 'store' 'store_ln104' <Predicate = (trunc_ln104 == 50)> <Delay = 2.15> <CoreInst = "RAM">   --->   Core 82 'RAM' <Latency = 1> <II = 1> <Delay = 2.15> <Storage> <Opcode : 'load' 'store'> <Ports = 2> <Width = 8> <Depth = 8> <RAM>
ST_3 : Operation 74 [1/1] (0.00ns)   --->   "%br_ln104 = br void %arrayidx3916.exit" [attention_int8.cpp:104]   --->   Operation 74 'br' 'br_ln104' <Predicate = (trunc_ln104 == 50)> <Delay = 0.00>
ST_3 : Operation 75 [1/1] (0.00ns)   --->   "%Q_tile_V_49_addr = getelementptr i8 %Q_tile_V_49, i64 0, i64 %zext_ln101" [attention_int8.cpp:101]   --->   Operation 75 'getelementptr' 'Q_tile_V_49_addr' <Predicate = (trunc_ln104 == 49)> <Delay = 0.00>
ST_3 : Operation 76 [1/1] (2.15ns)   --->   "%store_ln104 = store i8 %gmem0_addr_read, i3 %Q_tile_V_49_addr" [attention_int8.cpp:104]   --->   Operation 76 'store' 'store_ln104' <Predicate = (trunc_ln104 == 49)> <Delay = 2.15> <CoreInst = "RAM">   --->   Core 82 'RAM' <Latency = 1> <II = 1> <Delay = 2.15> <Storage> <Opcode : 'load' 'store'> <Ports = 2> <Width = 8> <Depth = 8> <RAM>
ST_3 : Operation 77 [1/1] (0.00ns)   --->   "%br_ln104 = br void %arrayidx3916.exit" [attention_int8.cpp:104]   --->   Operation 77 'br' 'br_ln104' <Predicate = (trunc_ln104 == 49)> <Delay = 0.00>
ST_3 : Operation 78 [1/1] (0.00ns)   --->   "%Q_tile_V_48_addr = getelementptr i8 %Q_tile_V_48, i64 0, i64 %zext_ln101" [attention_int8.cpp:101]   --->   Operation 78 'getelementptr' 'Q_tile_V_48_addr' <Predicate = (trunc_ln104 == 48)> <Delay = 0.00>
ST_3 : Operation 79 [1/1] (2.15ns)   --->   "%store_ln104 = store i8 %gmem0_addr_read, i3 %Q_tile_V_48_addr" [attention_int8.cpp:104]   --->   Operation 79 'store' 'store_ln104' <Predicate = (trunc_ln104 == 48)> <Delay = 2.15> <CoreInst = "RAM">   --->   Core 82 'RAM' <Latency = 1> <II = 1> <Delay = 2.15> <Storage> <Opcode : 'load' 'store'> <Ports = 2> <Width = 8> <Depth = 8> <RAM>
ST_3 : Operation 80 [1/1] (0.00ns)   --->   "%br_ln104 = br void %arrayidx3916.exit" [attention_int8.cpp:104]   --->   Operation 80 'br' 'br_ln104' <Predicate = (trunc_ln104 == 48)> <Delay = 0.00>
ST_3 : Operation 81 [1/1] (0.00ns)   --->   "%Q_tile_V_47_addr = getelementptr i8 %Q_tile_V_47, i64 0, i64 %zext_ln101" [attention_int8.cpp:101]   --->   Operation 81 'getelementptr' 'Q_tile_V_47_addr' <Predicate = (trunc_ln104 == 47)> <Delay = 0.00>
ST_3 : Operation 82 [1/1] (2.15ns)   --->   "%store_ln104 = store i8 %gmem0_addr_read, i3 %Q_tile_V_47_addr" [attention_int8.cpp:104]   --->   Operation 82 'store' 'store_ln104' <Predicate = (trunc_ln104 == 47)> <Delay = 2.15> <CoreInst = "RAM">   --->   Core 82 'RAM' <Latency = 1> <II = 1> <Delay = 2.15> <Storage> <Opcode : 'load' 'store'> <Ports = 2> <Width = 8> <Depth = 8> <RAM>
ST_3 : Operation 83 [1/1] (0.00ns)   --->   "%br_ln104 = br void %arrayidx3916.exit" [attention_int8.cpp:104]   --->   Operation 83 'br' 'br_ln104' <Predicate = (trunc_ln104 == 47)> <Delay = 0.00>
ST_3 : Operation 84 [1/1] (0.00ns)   --->   "%Q_tile_V_46_addr = getelementptr i8 %Q_tile_V_46, i64 0, i64 %zext_ln101" [attention_int8.cpp:101]   --->   Operation 84 'getelementptr' 'Q_tile_V_46_addr' <Predicate = (trunc_ln104 == 46)> <Delay = 0.00>
ST_3 : Operation 85 [1/1] (2.15ns)   --->   "%store_ln104 = store i8 %gmem0_addr_read, i3 %Q_tile_V_46_addr" [attention_int8.cpp:104]   --->   Operation 85 'store' 'store_ln104' <Predicate = (trunc_ln104 == 46)> <Delay = 2.15> <CoreInst = "RAM">   --->   Core 82 'RAM' <Latency = 1> <II = 1> <Delay = 2.15> <Storage> <Opcode : 'load' 'store'> <Ports = 2> <Width = 8> <Depth = 8> <RAM>
ST_3 : Operation 86 [1/1] (0.00ns)   --->   "%br_ln104 = br void %arrayidx3916.exit" [attention_int8.cpp:104]   --->   Operation 86 'br' 'br_ln104' <Predicate = (trunc_ln104 == 46)> <Delay = 0.00>
ST_3 : Operation 87 [1/1] (0.00ns)   --->   "%Q_tile_V_45_addr = getelementptr i8 %Q_tile_V_45, i64 0, i64 %zext_ln101" [attention_int8.cpp:101]   --->   Operation 87 'getelementptr' 'Q_tile_V_45_addr' <Predicate = (trunc_ln104 == 45)> <Delay = 0.00>
ST_3 : Operation 88 [1/1] (2.15ns)   --->   "%store_ln104 = store i8 %gmem0_addr_read, i3 %Q_tile_V_45_addr" [attention_int8.cpp:104]   --->   Operation 88 'store' 'store_ln104' <Predicate = (trunc_ln104 == 45)> <Delay = 2.15> <CoreInst = "RAM">   --->   Core 82 'RAM' <Latency = 1> <II = 1> <Delay = 2.15> <Storage> <Opcode : 'load' 'store'> <Ports = 2> <Width = 8> <Depth = 8> <RAM>
ST_3 : Operation 89 [1/1] (0.00ns)   --->   "%br_ln104 = br void %arrayidx3916.exit" [attention_int8.cpp:104]   --->   Operation 89 'br' 'br_ln104' <Predicate = (trunc_ln104 == 45)> <Delay = 0.00>
ST_3 : Operation 90 [1/1] (0.00ns)   --->   "%Q_tile_V_44_addr = getelementptr i8 %Q_tile_V_44, i64 0, i64 %zext_ln101" [attention_int8.cpp:101]   --->   Operation 90 'getelementptr' 'Q_tile_V_44_addr' <Predicate = (trunc_ln104 == 44)> <Delay = 0.00>
ST_3 : Operation 91 [1/1] (2.15ns)   --->   "%store_ln104 = store i8 %gmem0_addr_read, i3 %Q_tile_V_44_addr" [attention_int8.cpp:104]   --->   Operation 91 'store' 'store_ln104' <Predicate = (trunc_ln104 == 44)> <Delay = 2.15> <CoreInst = "RAM">   --->   Core 82 'RAM' <Latency = 1> <II = 1> <Delay = 2.15> <Storage> <Opcode : 'load' 'store'> <Ports = 2> <Width = 8> <Depth = 8> <RAM>
ST_3 : Operation 92 [1/1] (0.00ns)   --->   "%br_ln104 = br void %arrayidx3916.exit" [attention_int8.cpp:104]   --->   Operation 92 'br' 'br_ln104' <Predicate = (trunc_ln104 == 44)> <Delay = 0.00>
ST_3 : Operation 93 [1/1] (0.00ns)   --->   "%Q_tile_V_43_addr = getelementptr i8 %Q_tile_V_43, i64 0, i64 %zext_ln101" [attention_int8.cpp:101]   --->   Operation 93 'getelementptr' 'Q_tile_V_43_addr' <Predicate = (trunc_ln104 == 43)> <Delay = 0.00>
ST_3 : Operation 94 [1/1] (2.15ns)   --->   "%store_ln104 = store i8 %gmem0_addr_read, i3 %Q_tile_V_43_addr" [attention_int8.cpp:104]   --->   Operation 94 'store' 'store_ln104' <Predicate = (trunc_ln104 == 43)> <Delay = 2.15> <CoreInst = "RAM">   --->   Core 82 'RAM' <Latency = 1> <II = 1> <Delay = 2.15> <Storage> <Opcode : 'load' 'store'> <Ports = 2> <Width = 8> <Depth = 8> <RAM>
ST_3 : Operation 95 [1/1] (0.00ns)   --->   "%br_ln104 = br void %arrayidx3916.exit" [attention_int8.cpp:104]   --->   Operation 95 'br' 'br_ln104' <Predicate = (trunc_ln104 == 43)> <Delay = 0.00>
ST_3 : Operation 96 [1/1] (0.00ns)   --->   "%Q_tile_V_42_addr = getelementptr i8 %Q_tile_V_42, i64 0, i64 %zext_ln101" [attention_int8.cpp:101]   --->   Operation 96 'getelementptr' 'Q_tile_V_42_addr' <Predicate = (trunc_ln104 == 42)> <Delay = 0.00>
ST_3 : Operation 97 [1/1] (2.15ns)   --->   "%store_ln104 = store i8 %gmem0_addr_read, i3 %Q_tile_V_42_addr" [attention_int8.cpp:104]   --->   Operation 97 'store' 'store_ln104' <Predicate = (trunc_ln104 == 42)> <Delay = 2.15> <CoreInst = "RAM">   --->   Core 82 'RAM' <Latency = 1> <II = 1> <Delay = 2.15> <Storage> <Opcode : 'load' 'store'> <Ports = 2> <Width = 8> <Depth = 8> <RAM>
ST_3 : Operation 98 [1/1] (0.00ns)   --->   "%br_ln104 = br void %arrayidx3916.exit" [attention_int8.cpp:104]   --->   Operation 98 'br' 'br_ln104' <Predicate = (trunc_ln104 == 42)> <Delay = 0.00>
ST_3 : Operation 99 [1/1] (0.00ns)   --->   "%Q_tile_V_41_addr = getelementptr i8 %Q_tile_V_41, i64 0, i64 %zext_ln101" [attention_int8.cpp:101]   --->   Operation 99 'getelementptr' 'Q_tile_V_41_addr' <Predicate = (trunc_ln104 == 41)> <Delay = 0.00>
ST_3 : Operation 100 [1/1] (2.15ns)   --->   "%store_ln104 = store i8 %gmem0_addr_read, i3 %Q_tile_V_41_addr" [attention_int8.cpp:104]   --->   Operation 100 'store' 'store_ln104' <Predicate = (trunc_ln104 == 41)> <Delay = 2.15> <CoreInst = "RAM">   --->   Core 82 'RAM' <Latency = 1> <II = 1> <Delay = 2.15> <Storage> <Opcode : 'load' 'store'> <Ports = 2> <Width = 8> <Depth = 8> <RAM>
ST_3 : Operation 101 [1/1] (0.00ns)   --->   "%br_ln104 = br void %arrayidx3916.exit" [attention_int8.cpp:104]   --->   Operation 101 'br' 'br_ln104' <Predicate = (trunc_ln104 == 41)> <Delay = 0.00>
ST_3 : Operation 102 [1/1] (0.00ns)   --->   "%Q_tile_V_40_addr = getelementptr i8 %Q_tile_V_40, i64 0, i64 %zext_ln101" [attention_int8.cpp:101]   --->   Operation 102 'getelementptr' 'Q_tile_V_40_addr' <Predicate = (trunc_ln104 == 40)> <Delay = 0.00>
ST_3 : Operation 103 [1/1] (2.15ns)   --->   "%store_ln104 = store i8 %gmem0_addr_read, i3 %Q_tile_V_40_addr" [attention_int8.cpp:104]   --->   Operation 103 'store' 'store_ln104' <Predicate = (trunc_ln104 == 40)> <Delay = 2.15> <CoreInst = "RAM">   --->   Core 82 'RAM' <Latency = 1> <II = 1> <Delay = 2.15> <Storage> <Opcode : 'load' 'store'> <Ports = 2> <Width = 8> <Depth = 8> <RAM>
ST_3 : Operation 104 [1/1] (0.00ns)   --->   "%br_ln104 = br void %arrayidx3916.exit" [attention_int8.cpp:104]   --->   Operation 104 'br' 'br_ln104' <Predicate = (trunc_ln104 == 40)> <Delay = 0.00>
ST_3 : Operation 105 [1/1] (0.00ns)   --->   "%Q_tile_V_39_addr = getelementptr i8 %Q_tile_V_39, i64 0, i64 %zext_ln101" [attention_int8.cpp:101]   --->   Operation 105 'getelementptr' 'Q_tile_V_39_addr' <Predicate = (trunc_ln104 == 39)> <Delay = 0.00>
ST_3 : Operation 106 [1/1] (2.15ns)   --->   "%store_ln104 = store i8 %gmem0_addr_read, i3 %Q_tile_V_39_addr" [attention_int8.cpp:104]   --->   Operation 106 'store' 'store_ln104' <Predicate = (trunc_ln104 == 39)> <Delay = 2.15> <CoreInst = "RAM">   --->   Core 82 'RAM' <Latency = 1> <II = 1> <Delay = 2.15> <Storage> <Opcode : 'load' 'store'> <Ports = 2> <Width = 8> <Depth = 8> <RAM>
ST_3 : Operation 107 [1/1] (0.00ns)   --->   "%br_ln104 = br void %arrayidx3916.exit" [attention_int8.cpp:104]   --->   Operation 107 'br' 'br_ln104' <Predicate = (trunc_ln104 == 39)> <Delay = 0.00>
ST_3 : Operation 108 [1/1] (0.00ns)   --->   "%Q_tile_V_38_addr = getelementptr i8 %Q_tile_V_38, i64 0, i64 %zext_ln101" [attention_int8.cpp:101]   --->   Operation 108 'getelementptr' 'Q_tile_V_38_addr' <Predicate = (trunc_ln104 == 38)> <Delay = 0.00>
ST_3 : Operation 109 [1/1] (2.15ns)   --->   "%store_ln104 = store i8 %gmem0_addr_read, i3 %Q_tile_V_38_addr" [attention_int8.cpp:104]   --->   Operation 109 'store' 'store_ln104' <Predicate = (trunc_ln104 == 38)> <Delay = 2.15> <CoreInst = "RAM">   --->   Core 82 'RAM' <Latency = 1> <II = 1> <Delay = 2.15> <Storage> <Opcode : 'load' 'store'> <Ports = 2> <Width = 8> <Depth = 8> <RAM>
ST_3 : Operation 110 [1/1] (0.00ns)   --->   "%br_ln104 = br void %arrayidx3916.exit" [attention_int8.cpp:104]   --->   Operation 110 'br' 'br_ln104' <Predicate = (trunc_ln104 == 38)> <Delay = 0.00>
ST_3 : Operation 111 [1/1] (0.00ns)   --->   "%Q_tile_V_37_addr = getelementptr i8 %Q_tile_V_37, i64 0, i64 %zext_ln101" [attention_int8.cpp:101]   --->   Operation 111 'getelementptr' 'Q_tile_V_37_addr' <Predicate = (trunc_ln104 == 37)> <Delay = 0.00>
ST_3 : Operation 112 [1/1] (2.15ns)   --->   "%store_ln104 = store i8 %gmem0_addr_read, i3 %Q_tile_V_37_addr" [attention_int8.cpp:104]   --->   Operation 112 'store' 'store_ln104' <Predicate = (trunc_ln104 == 37)> <Delay = 2.15> <CoreInst = "RAM">   --->   Core 82 'RAM' <Latency = 1> <II = 1> <Delay = 2.15> <Storage> <Opcode : 'load' 'store'> <Ports = 2> <Width = 8> <Depth = 8> <RAM>
ST_3 : Operation 113 [1/1] (0.00ns)   --->   "%br_ln104 = br void %arrayidx3916.exit" [attention_int8.cpp:104]   --->   Operation 113 'br' 'br_ln104' <Predicate = (trunc_ln104 == 37)> <Delay = 0.00>
ST_3 : Operation 114 [1/1] (0.00ns)   --->   "%Q_tile_V_36_addr = getelementptr i8 %Q_tile_V_36, i64 0, i64 %zext_ln101" [attention_int8.cpp:101]   --->   Operation 114 'getelementptr' 'Q_tile_V_36_addr' <Predicate = (trunc_ln104 == 36)> <Delay = 0.00>
ST_3 : Operation 115 [1/1] (2.15ns)   --->   "%store_ln104 = store i8 %gmem0_addr_read, i3 %Q_tile_V_36_addr" [attention_int8.cpp:104]   --->   Operation 115 'store' 'store_ln104' <Predicate = (trunc_ln104 == 36)> <Delay = 2.15> <CoreInst = "RAM">   --->   Core 82 'RAM' <Latency = 1> <II = 1> <Delay = 2.15> <Storage> <Opcode : 'load' 'store'> <Ports = 2> <Width = 8> <Depth = 8> <RAM>
ST_3 : Operation 116 [1/1] (0.00ns)   --->   "%br_ln104 = br void %arrayidx3916.exit" [attention_int8.cpp:104]   --->   Operation 116 'br' 'br_ln104' <Predicate = (trunc_ln104 == 36)> <Delay = 0.00>
ST_3 : Operation 117 [1/1] (0.00ns)   --->   "%Q_tile_V_35_addr = getelementptr i8 %Q_tile_V_35, i64 0, i64 %zext_ln101" [attention_int8.cpp:101]   --->   Operation 117 'getelementptr' 'Q_tile_V_35_addr' <Predicate = (trunc_ln104 == 35)> <Delay = 0.00>
ST_3 : Operation 118 [1/1] (2.15ns)   --->   "%store_ln104 = store i8 %gmem0_addr_read, i3 %Q_tile_V_35_addr" [attention_int8.cpp:104]   --->   Operation 118 'store' 'store_ln104' <Predicate = (trunc_ln104 == 35)> <Delay = 2.15> <CoreInst = "RAM">   --->   Core 82 'RAM' <Latency = 1> <II = 1> <Delay = 2.15> <Storage> <Opcode : 'load' 'store'> <Ports = 2> <Width = 8> <Depth = 8> <RAM>
ST_3 : Operation 119 [1/1] (0.00ns)   --->   "%br_ln104 = br void %arrayidx3916.exit" [attention_int8.cpp:104]   --->   Operation 119 'br' 'br_ln104' <Predicate = (trunc_ln104 == 35)> <Delay = 0.00>
ST_3 : Operation 120 [1/1] (0.00ns)   --->   "%Q_tile_V_34_addr = getelementptr i8 %Q_tile_V_34, i64 0, i64 %zext_ln101" [attention_int8.cpp:101]   --->   Operation 120 'getelementptr' 'Q_tile_V_34_addr' <Predicate = (trunc_ln104 == 34)> <Delay = 0.00>
ST_3 : Operation 121 [1/1] (2.15ns)   --->   "%store_ln104 = store i8 %gmem0_addr_read, i3 %Q_tile_V_34_addr" [attention_int8.cpp:104]   --->   Operation 121 'store' 'store_ln104' <Predicate = (trunc_ln104 == 34)> <Delay = 2.15> <CoreInst = "RAM">   --->   Core 82 'RAM' <Latency = 1> <II = 1> <Delay = 2.15> <Storage> <Opcode : 'load' 'store'> <Ports = 2> <Width = 8> <Depth = 8> <RAM>
ST_3 : Operation 122 [1/1] (0.00ns)   --->   "%br_ln104 = br void %arrayidx3916.exit" [attention_int8.cpp:104]   --->   Operation 122 'br' 'br_ln104' <Predicate = (trunc_ln104 == 34)> <Delay = 0.00>
ST_3 : Operation 123 [1/1] (0.00ns)   --->   "%Q_tile_V_33_addr = getelementptr i8 %Q_tile_V_33, i64 0, i64 %zext_ln101" [attention_int8.cpp:101]   --->   Operation 123 'getelementptr' 'Q_tile_V_33_addr' <Predicate = (trunc_ln104 == 33)> <Delay = 0.00>
ST_3 : Operation 124 [1/1] (2.15ns)   --->   "%store_ln104 = store i8 %gmem0_addr_read, i3 %Q_tile_V_33_addr" [attention_int8.cpp:104]   --->   Operation 124 'store' 'store_ln104' <Predicate = (trunc_ln104 == 33)> <Delay = 2.15> <CoreInst = "RAM">   --->   Core 82 'RAM' <Latency = 1> <II = 1> <Delay = 2.15> <Storage> <Opcode : 'load' 'store'> <Ports = 2> <Width = 8> <Depth = 8> <RAM>
ST_3 : Operation 125 [1/1] (0.00ns)   --->   "%br_ln104 = br void %arrayidx3916.exit" [attention_int8.cpp:104]   --->   Operation 125 'br' 'br_ln104' <Predicate = (trunc_ln104 == 33)> <Delay = 0.00>
ST_3 : Operation 126 [1/1] (0.00ns)   --->   "%Q_tile_V_32_addr = getelementptr i8 %Q_tile_V_32, i64 0, i64 %zext_ln101" [attention_int8.cpp:101]   --->   Operation 126 'getelementptr' 'Q_tile_V_32_addr' <Predicate = (trunc_ln104 == 32)> <Delay = 0.00>
ST_3 : Operation 127 [1/1] (2.15ns)   --->   "%store_ln104 = store i8 %gmem0_addr_read, i3 %Q_tile_V_32_addr" [attention_int8.cpp:104]   --->   Operation 127 'store' 'store_ln104' <Predicate = (trunc_ln104 == 32)> <Delay = 2.15> <CoreInst = "RAM">   --->   Core 82 'RAM' <Latency = 1> <II = 1> <Delay = 2.15> <Storage> <Opcode : 'load' 'store'> <Ports = 2> <Width = 8> <Depth = 8> <RAM>
ST_3 : Operation 128 [1/1] (0.00ns)   --->   "%br_ln104 = br void %arrayidx3916.exit" [attention_int8.cpp:104]   --->   Operation 128 'br' 'br_ln104' <Predicate = (trunc_ln104 == 32)> <Delay = 0.00>
ST_3 : Operation 129 [1/1] (0.00ns)   --->   "%Q_tile_V_31_addr = getelementptr i8 %Q_tile_V_31, i64 0, i64 %zext_ln101" [attention_int8.cpp:101]   --->   Operation 129 'getelementptr' 'Q_tile_V_31_addr' <Predicate = (trunc_ln104 == 31)> <Delay = 0.00>
ST_3 : Operation 130 [1/1] (2.15ns)   --->   "%store_ln104 = store i8 %gmem0_addr_read, i3 %Q_tile_V_31_addr" [attention_int8.cpp:104]   --->   Operation 130 'store' 'store_ln104' <Predicate = (trunc_ln104 == 31)> <Delay = 2.15> <CoreInst = "RAM">   --->   Core 82 'RAM' <Latency = 1> <II = 1> <Delay = 2.15> <Storage> <Opcode : 'load' 'store'> <Ports = 2> <Width = 8> <Depth = 8> <RAM>
ST_3 : Operation 131 [1/1] (0.00ns)   --->   "%br_ln104 = br void %arrayidx3916.exit" [attention_int8.cpp:104]   --->   Operation 131 'br' 'br_ln104' <Predicate = (trunc_ln104 == 31)> <Delay = 0.00>
ST_3 : Operation 132 [1/1] (0.00ns)   --->   "%Q_tile_V_30_addr = getelementptr i8 %Q_tile_V_30, i64 0, i64 %zext_ln101" [attention_int8.cpp:101]   --->   Operation 132 'getelementptr' 'Q_tile_V_30_addr' <Predicate = (trunc_ln104 == 30)> <Delay = 0.00>
ST_3 : Operation 133 [1/1] (2.15ns)   --->   "%store_ln104 = store i8 %gmem0_addr_read, i3 %Q_tile_V_30_addr" [attention_int8.cpp:104]   --->   Operation 133 'store' 'store_ln104' <Predicate = (trunc_ln104 == 30)> <Delay = 2.15> <CoreInst = "RAM">   --->   Core 82 'RAM' <Latency = 1> <II = 1> <Delay = 2.15> <Storage> <Opcode : 'load' 'store'> <Ports = 2> <Width = 8> <Depth = 8> <RAM>
ST_3 : Operation 134 [1/1] (0.00ns)   --->   "%br_ln104 = br void %arrayidx3916.exit" [attention_int8.cpp:104]   --->   Operation 134 'br' 'br_ln104' <Predicate = (trunc_ln104 == 30)> <Delay = 0.00>
ST_3 : Operation 135 [1/1] (0.00ns)   --->   "%Q_tile_V_29_addr = getelementptr i8 %Q_tile_V_29, i64 0, i64 %zext_ln101" [attention_int8.cpp:101]   --->   Operation 135 'getelementptr' 'Q_tile_V_29_addr' <Predicate = (trunc_ln104 == 29)> <Delay = 0.00>
ST_3 : Operation 136 [1/1] (2.15ns)   --->   "%store_ln104 = store i8 %gmem0_addr_read, i3 %Q_tile_V_29_addr" [attention_int8.cpp:104]   --->   Operation 136 'store' 'store_ln104' <Predicate = (trunc_ln104 == 29)> <Delay = 2.15> <CoreInst = "RAM">   --->   Core 82 'RAM' <Latency = 1> <II = 1> <Delay = 2.15> <Storage> <Opcode : 'load' 'store'> <Ports = 2> <Width = 8> <Depth = 8> <RAM>
ST_3 : Operation 137 [1/1] (0.00ns)   --->   "%br_ln104 = br void %arrayidx3916.exit" [attention_int8.cpp:104]   --->   Operation 137 'br' 'br_ln104' <Predicate = (trunc_ln104 == 29)> <Delay = 0.00>
ST_3 : Operation 138 [1/1] (0.00ns)   --->   "%Q_tile_V_28_addr = getelementptr i8 %Q_tile_V_28, i64 0, i64 %zext_ln101" [attention_int8.cpp:101]   --->   Operation 138 'getelementptr' 'Q_tile_V_28_addr' <Predicate = (trunc_ln104 == 28)> <Delay = 0.00>
ST_3 : Operation 139 [1/1] (2.15ns)   --->   "%store_ln104 = store i8 %gmem0_addr_read, i3 %Q_tile_V_28_addr" [attention_int8.cpp:104]   --->   Operation 139 'store' 'store_ln104' <Predicate = (trunc_ln104 == 28)> <Delay = 2.15> <CoreInst = "RAM">   --->   Core 82 'RAM' <Latency = 1> <II = 1> <Delay = 2.15> <Storage> <Opcode : 'load' 'store'> <Ports = 2> <Width = 8> <Depth = 8> <RAM>
ST_3 : Operation 140 [1/1] (0.00ns)   --->   "%br_ln104 = br void %arrayidx3916.exit" [attention_int8.cpp:104]   --->   Operation 140 'br' 'br_ln104' <Predicate = (trunc_ln104 == 28)> <Delay = 0.00>
ST_3 : Operation 141 [1/1] (0.00ns)   --->   "%Q_tile_V_27_addr = getelementptr i8 %Q_tile_V_27, i64 0, i64 %zext_ln101" [attention_int8.cpp:101]   --->   Operation 141 'getelementptr' 'Q_tile_V_27_addr' <Predicate = (trunc_ln104 == 27)> <Delay = 0.00>
ST_3 : Operation 142 [1/1] (2.15ns)   --->   "%store_ln104 = store i8 %gmem0_addr_read, i3 %Q_tile_V_27_addr" [attention_int8.cpp:104]   --->   Operation 142 'store' 'store_ln104' <Predicate = (trunc_ln104 == 27)> <Delay = 2.15> <CoreInst = "RAM">   --->   Core 82 'RAM' <Latency = 1> <II = 1> <Delay = 2.15> <Storage> <Opcode : 'load' 'store'> <Ports = 2> <Width = 8> <Depth = 8> <RAM>
ST_3 : Operation 143 [1/1] (0.00ns)   --->   "%br_ln104 = br void %arrayidx3916.exit" [attention_int8.cpp:104]   --->   Operation 143 'br' 'br_ln104' <Predicate = (trunc_ln104 == 27)> <Delay = 0.00>
ST_3 : Operation 144 [1/1] (0.00ns)   --->   "%Q_tile_V_26_addr = getelementptr i8 %Q_tile_V_26, i64 0, i64 %zext_ln101" [attention_int8.cpp:101]   --->   Operation 144 'getelementptr' 'Q_tile_V_26_addr' <Predicate = (trunc_ln104 == 26)> <Delay = 0.00>
ST_3 : Operation 145 [1/1] (2.15ns)   --->   "%store_ln104 = store i8 %gmem0_addr_read, i3 %Q_tile_V_26_addr" [attention_int8.cpp:104]   --->   Operation 145 'store' 'store_ln104' <Predicate = (trunc_ln104 == 26)> <Delay = 2.15> <CoreInst = "RAM">   --->   Core 82 'RAM' <Latency = 1> <II = 1> <Delay = 2.15> <Storage> <Opcode : 'load' 'store'> <Ports = 2> <Width = 8> <Depth = 8> <RAM>
ST_3 : Operation 146 [1/1] (0.00ns)   --->   "%br_ln104 = br void %arrayidx3916.exit" [attention_int8.cpp:104]   --->   Operation 146 'br' 'br_ln104' <Predicate = (trunc_ln104 == 26)> <Delay = 0.00>
ST_3 : Operation 147 [1/1] (0.00ns)   --->   "%Q_tile_V_25_addr = getelementptr i8 %Q_tile_V_25, i64 0, i64 %zext_ln101" [attention_int8.cpp:101]   --->   Operation 147 'getelementptr' 'Q_tile_V_25_addr' <Predicate = (trunc_ln104 == 25)> <Delay = 0.00>
ST_3 : Operation 148 [1/1] (2.15ns)   --->   "%store_ln104 = store i8 %gmem0_addr_read, i3 %Q_tile_V_25_addr" [attention_int8.cpp:104]   --->   Operation 148 'store' 'store_ln104' <Predicate = (trunc_ln104 == 25)> <Delay = 2.15> <CoreInst = "RAM">   --->   Core 82 'RAM' <Latency = 1> <II = 1> <Delay = 2.15> <Storage> <Opcode : 'load' 'store'> <Ports = 2> <Width = 8> <Depth = 8> <RAM>
ST_3 : Operation 149 [1/1] (0.00ns)   --->   "%br_ln104 = br void %arrayidx3916.exit" [attention_int8.cpp:104]   --->   Operation 149 'br' 'br_ln104' <Predicate = (trunc_ln104 == 25)> <Delay = 0.00>
ST_3 : Operation 150 [1/1] (0.00ns)   --->   "%Q_tile_V_24_addr = getelementptr i8 %Q_tile_V_24, i64 0, i64 %zext_ln101" [attention_int8.cpp:101]   --->   Operation 150 'getelementptr' 'Q_tile_V_24_addr' <Predicate = (trunc_ln104 == 24)> <Delay = 0.00>
ST_3 : Operation 151 [1/1] (2.15ns)   --->   "%store_ln104 = store i8 %gmem0_addr_read, i3 %Q_tile_V_24_addr" [attention_int8.cpp:104]   --->   Operation 151 'store' 'store_ln104' <Predicate = (trunc_ln104 == 24)> <Delay = 2.15> <CoreInst = "RAM">   --->   Core 82 'RAM' <Latency = 1> <II = 1> <Delay = 2.15> <Storage> <Opcode : 'load' 'store'> <Ports = 2> <Width = 8> <Depth = 8> <RAM>
ST_3 : Operation 152 [1/1] (0.00ns)   --->   "%br_ln104 = br void %arrayidx3916.exit" [attention_int8.cpp:104]   --->   Operation 152 'br' 'br_ln104' <Predicate = (trunc_ln104 == 24)> <Delay = 0.00>
ST_3 : Operation 153 [1/1] (0.00ns)   --->   "%Q_tile_V_23_addr = getelementptr i8 %Q_tile_V_23, i64 0, i64 %zext_ln101" [attention_int8.cpp:101]   --->   Operation 153 'getelementptr' 'Q_tile_V_23_addr' <Predicate = (trunc_ln104 == 23)> <Delay = 0.00>
ST_3 : Operation 154 [1/1] (2.15ns)   --->   "%store_ln104 = store i8 %gmem0_addr_read, i3 %Q_tile_V_23_addr" [attention_int8.cpp:104]   --->   Operation 154 'store' 'store_ln104' <Predicate = (trunc_ln104 == 23)> <Delay = 2.15> <CoreInst = "RAM">   --->   Core 82 'RAM' <Latency = 1> <II = 1> <Delay = 2.15> <Storage> <Opcode : 'load' 'store'> <Ports = 2> <Width = 8> <Depth = 8> <RAM>
ST_3 : Operation 155 [1/1] (0.00ns)   --->   "%br_ln104 = br void %arrayidx3916.exit" [attention_int8.cpp:104]   --->   Operation 155 'br' 'br_ln104' <Predicate = (trunc_ln104 == 23)> <Delay = 0.00>
ST_3 : Operation 156 [1/1] (0.00ns)   --->   "%Q_tile_V_22_addr = getelementptr i8 %Q_tile_V_22, i64 0, i64 %zext_ln101" [attention_int8.cpp:101]   --->   Operation 156 'getelementptr' 'Q_tile_V_22_addr' <Predicate = (trunc_ln104 == 22)> <Delay = 0.00>
ST_3 : Operation 157 [1/1] (2.15ns)   --->   "%store_ln104 = store i8 %gmem0_addr_read, i3 %Q_tile_V_22_addr" [attention_int8.cpp:104]   --->   Operation 157 'store' 'store_ln104' <Predicate = (trunc_ln104 == 22)> <Delay = 2.15> <CoreInst = "RAM">   --->   Core 82 'RAM' <Latency = 1> <II = 1> <Delay = 2.15> <Storage> <Opcode : 'load' 'store'> <Ports = 2> <Width = 8> <Depth = 8> <RAM>
ST_3 : Operation 158 [1/1] (0.00ns)   --->   "%br_ln104 = br void %arrayidx3916.exit" [attention_int8.cpp:104]   --->   Operation 158 'br' 'br_ln104' <Predicate = (trunc_ln104 == 22)> <Delay = 0.00>
ST_3 : Operation 159 [1/1] (0.00ns)   --->   "%Q_tile_V_21_addr = getelementptr i8 %Q_tile_V_21, i64 0, i64 %zext_ln101" [attention_int8.cpp:101]   --->   Operation 159 'getelementptr' 'Q_tile_V_21_addr' <Predicate = (trunc_ln104 == 21)> <Delay = 0.00>
ST_3 : Operation 160 [1/1] (2.15ns)   --->   "%store_ln104 = store i8 %gmem0_addr_read, i3 %Q_tile_V_21_addr" [attention_int8.cpp:104]   --->   Operation 160 'store' 'store_ln104' <Predicate = (trunc_ln104 == 21)> <Delay = 2.15> <CoreInst = "RAM">   --->   Core 82 'RAM' <Latency = 1> <II = 1> <Delay = 2.15> <Storage> <Opcode : 'load' 'store'> <Ports = 2> <Width = 8> <Depth = 8> <RAM>
ST_3 : Operation 161 [1/1] (0.00ns)   --->   "%br_ln104 = br void %arrayidx3916.exit" [attention_int8.cpp:104]   --->   Operation 161 'br' 'br_ln104' <Predicate = (trunc_ln104 == 21)> <Delay = 0.00>
ST_3 : Operation 162 [1/1] (0.00ns)   --->   "%Q_tile_V_20_addr = getelementptr i8 %Q_tile_V_20, i64 0, i64 %zext_ln101" [attention_int8.cpp:101]   --->   Operation 162 'getelementptr' 'Q_tile_V_20_addr' <Predicate = (trunc_ln104 == 20)> <Delay = 0.00>
ST_3 : Operation 163 [1/1] (2.15ns)   --->   "%store_ln104 = store i8 %gmem0_addr_read, i3 %Q_tile_V_20_addr" [attention_int8.cpp:104]   --->   Operation 163 'store' 'store_ln104' <Predicate = (trunc_ln104 == 20)> <Delay = 2.15> <CoreInst = "RAM">   --->   Core 82 'RAM' <Latency = 1> <II = 1> <Delay = 2.15> <Storage> <Opcode : 'load' 'store'> <Ports = 2> <Width = 8> <Depth = 8> <RAM>
ST_3 : Operation 164 [1/1] (0.00ns)   --->   "%br_ln104 = br void %arrayidx3916.exit" [attention_int8.cpp:104]   --->   Operation 164 'br' 'br_ln104' <Predicate = (trunc_ln104 == 20)> <Delay = 0.00>
ST_3 : Operation 165 [1/1] (0.00ns)   --->   "%Q_tile_V_19_addr = getelementptr i8 %Q_tile_V_19, i64 0, i64 %zext_ln101" [attention_int8.cpp:101]   --->   Operation 165 'getelementptr' 'Q_tile_V_19_addr' <Predicate = (trunc_ln104 == 19)> <Delay = 0.00>
ST_3 : Operation 166 [1/1] (2.15ns)   --->   "%store_ln104 = store i8 %gmem0_addr_read, i3 %Q_tile_V_19_addr" [attention_int8.cpp:104]   --->   Operation 166 'store' 'store_ln104' <Predicate = (trunc_ln104 == 19)> <Delay = 2.15> <CoreInst = "RAM">   --->   Core 82 'RAM' <Latency = 1> <II = 1> <Delay = 2.15> <Storage> <Opcode : 'load' 'store'> <Ports = 2> <Width = 8> <Depth = 8> <RAM>
ST_3 : Operation 167 [1/1] (0.00ns)   --->   "%br_ln104 = br void %arrayidx3916.exit" [attention_int8.cpp:104]   --->   Operation 167 'br' 'br_ln104' <Predicate = (trunc_ln104 == 19)> <Delay = 0.00>
ST_3 : Operation 168 [1/1] (0.00ns)   --->   "%Q_tile_V_18_addr = getelementptr i8 %Q_tile_V_18, i64 0, i64 %zext_ln101" [attention_int8.cpp:101]   --->   Operation 168 'getelementptr' 'Q_tile_V_18_addr' <Predicate = (trunc_ln104 == 18)> <Delay = 0.00>
ST_3 : Operation 169 [1/1] (2.15ns)   --->   "%store_ln104 = store i8 %gmem0_addr_read, i3 %Q_tile_V_18_addr" [attention_int8.cpp:104]   --->   Operation 169 'store' 'store_ln104' <Predicate = (trunc_ln104 == 18)> <Delay = 2.15> <CoreInst = "RAM">   --->   Core 82 'RAM' <Latency = 1> <II = 1> <Delay = 2.15> <Storage> <Opcode : 'load' 'store'> <Ports = 2> <Width = 8> <Depth = 8> <RAM>
ST_3 : Operation 170 [1/1] (0.00ns)   --->   "%br_ln104 = br void %arrayidx3916.exit" [attention_int8.cpp:104]   --->   Operation 170 'br' 'br_ln104' <Predicate = (trunc_ln104 == 18)> <Delay = 0.00>
ST_3 : Operation 171 [1/1] (0.00ns)   --->   "%Q_tile_V_17_addr = getelementptr i8 %Q_tile_V_17, i64 0, i64 %zext_ln101" [attention_int8.cpp:101]   --->   Operation 171 'getelementptr' 'Q_tile_V_17_addr' <Predicate = (trunc_ln104 == 17)> <Delay = 0.00>
ST_3 : Operation 172 [1/1] (2.15ns)   --->   "%store_ln104 = store i8 %gmem0_addr_read, i3 %Q_tile_V_17_addr" [attention_int8.cpp:104]   --->   Operation 172 'store' 'store_ln104' <Predicate = (trunc_ln104 == 17)> <Delay = 2.15> <CoreInst = "RAM">   --->   Core 82 'RAM' <Latency = 1> <II = 1> <Delay = 2.15> <Storage> <Opcode : 'load' 'store'> <Ports = 2> <Width = 8> <Depth = 8> <RAM>
ST_3 : Operation 173 [1/1] (0.00ns)   --->   "%br_ln104 = br void %arrayidx3916.exit" [attention_int8.cpp:104]   --->   Operation 173 'br' 'br_ln104' <Predicate = (trunc_ln104 == 17)> <Delay = 0.00>
ST_3 : Operation 174 [1/1] (0.00ns)   --->   "%Q_tile_V_16_addr = getelementptr i8 %Q_tile_V_16, i64 0, i64 %zext_ln101" [attention_int8.cpp:101]   --->   Operation 174 'getelementptr' 'Q_tile_V_16_addr' <Predicate = (trunc_ln104 == 16)> <Delay = 0.00>
ST_3 : Operation 175 [1/1] (2.15ns)   --->   "%store_ln104 = store i8 %gmem0_addr_read, i3 %Q_tile_V_16_addr" [attention_int8.cpp:104]   --->   Operation 175 'store' 'store_ln104' <Predicate = (trunc_ln104 == 16)> <Delay = 2.15> <CoreInst = "RAM">   --->   Core 82 'RAM' <Latency = 1> <II = 1> <Delay = 2.15> <Storage> <Opcode : 'load' 'store'> <Ports = 2> <Width = 8> <Depth = 8> <RAM>
ST_3 : Operation 176 [1/1] (0.00ns)   --->   "%br_ln104 = br void %arrayidx3916.exit" [attention_int8.cpp:104]   --->   Operation 176 'br' 'br_ln104' <Predicate = (trunc_ln104 == 16)> <Delay = 0.00>
ST_3 : Operation 177 [1/1] (0.00ns)   --->   "%Q_tile_V_15_addr = getelementptr i8 %Q_tile_V_15, i64 0, i64 %zext_ln101" [attention_int8.cpp:101]   --->   Operation 177 'getelementptr' 'Q_tile_V_15_addr' <Predicate = (trunc_ln104 == 15)> <Delay = 0.00>
ST_3 : Operation 178 [1/1] (2.15ns)   --->   "%store_ln104 = store i8 %gmem0_addr_read, i3 %Q_tile_V_15_addr" [attention_int8.cpp:104]   --->   Operation 178 'store' 'store_ln104' <Predicate = (trunc_ln104 == 15)> <Delay = 2.15> <CoreInst = "RAM">   --->   Core 82 'RAM' <Latency = 1> <II = 1> <Delay = 2.15> <Storage> <Opcode : 'load' 'store'> <Ports = 2> <Width = 8> <Depth = 8> <RAM>
ST_3 : Operation 179 [1/1] (0.00ns)   --->   "%br_ln104 = br void %arrayidx3916.exit" [attention_int8.cpp:104]   --->   Operation 179 'br' 'br_ln104' <Predicate = (trunc_ln104 == 15)> <Delay = 0.00>
ST_3 : Operation 180 [1/1] (0.00ns)   --->   "%Q_tile_V_14_addr = getelementptr i8 %Q_tile_V_14, i64 0, i64 %zext_ln101" [attention_int8.cpp:101]   --->   Operation 180 'getelementptr' 'Q_tile_V_14_addr' <Predicate = (trunc_ln104 == 14)> <Delay = 0.00>
ST_3 : Operation 181 [1/1] (2.15ns)   --->   "%store_ln104 = store i8 %gmem0_addr_read, i3 %Q_tile_V_14_addr" [attention_int8.cpp:104]   --->   Operation 181 'store' 'store_ln104' <Predicate = (trunc_ln104 == 14)> <Delay = 2.15> <CoreInst = "RAM">   --->   Core 82 'RAM' <Latency = 1> <II = 1> <Delay = 2.15> <Storage> <Opcode : 'load' 'store'> <Ports = 2> <Width = 8> <Depth = 8> <RAM>
ST_3 : Operation 182 [1/1] (0.00ns)   --->   "%br_ln104 = br void %arrayidx3916.exit" [attention_int8.cpp:104]   --->   Operation 182 'br' 'br_ln104' <Predicate = (trunc_ln104 == 14)> <Delay = 0.00>
ST_3 : Operation 183 [1/1] (0.00ns)   --->   "%Q_tile_V_13_addr = getelementptr i8 %Q_tile_V_13, i64 0, i64 %zext_ln101" [attention_int8.cpp:101]   --->   Operation 183 'getelementptr' 'Q_tile_V_13_addr' <Predicate = (trunc_ln104 == 13)> <Delay = 0.00>
ST_3 : Operation 184 [1/1] (2.15ns)   --->   "%store_ln104 = store i8 %gmem0_addr_read, i3 %Q_tile_V_13_addr" [attention_int8.cpp:104]   --->   Operation 184 'store' 'store_ln104' <Predicate = (trunc_ln104 == 13)> <Delay = 2.15> <CoreInst = "RAM">   --->   Core 82 'RAM' <Latency = 1> <II = 1> <Delay = 2.15> <Storage> <Opcode : 'load' 'store'> <Ports = 2> <Width = 8> <Depth = 8> <RAM>
ST_3 : Operation 185 [1/1] (0.00ns)   --->   "%br_ln104 = br void %arrayidx3916.exit" [attention_int8.cpp:104]   --->   Operation 185 'br' 'br_ln104' <Predicate = (trunc_ln104 == 13)> <Delay = 0.00>
ST_3 : Operation 186 [1/1] (0.00ns)   --->   "%Q_tile_V_12_addr = getelementptr i8 %Q_tile_V_12, i64 0, i64 %zext_ln101" [attention_int8.cpp:101]   --->   Operation 186 'getelementptr' 'Q_tile_V_12_addr' <Predicate = (trunc_ln104 == 12)> <Delay = 0.00>
ST_3 : Operation 187 [1/1] (2.15ns)   --->   "%store_ln104 = store i8 %gmem0_addr_read, i3 %Q_tile_V_12_addr" [attention_int8.cpp:104]   --->   Operation 187 'store' 'store_ln104' <Predicate = (trunc_ln104 == 12)> <Delay = 2.15> <CoreInst = "RAM">   --->   Core 82 'RAM' <Latency = 1> <II = 1> <Delay = 2.15> <Storage> <Opcode : 'load' 'store'> <Ports = 2> <Width = 8> <Depth = 8> <RAM>
ST_3 : Operation 188 [1/1] (0.00ns)   --->   "%br_ln104 = br void %arrayidx3916.exit" [attention_int8.cpp:104]   --->   Operation 188 'br' 'br_ln104' <Predicate = (trunc_ln104 == 12)> <Delay = 0.00>
ST_3 : Operation 189 [1/1] (0.00ns)   --->   "%Q_tile_V_11_addr = getelementptr i8 %Q_tile_V_11, i64 0, i64 %zext_ln101" [attention_int8.cpp:101]   --->   Operation 189 'getelementptr' 'Q_tile_V_11_addr' <Predicate = (trunc_ln104 == 11)> <Delay = 0.00>
ST_3 : Operation 190 [1/1] (2.15ns)   --->   "%store_ln104 = store i8 %gmem0_addr_read, i3 %Q_tile_V_11_addr" [attention_int8.cpp:104]   --->   Operation 190 'store' 'store_ln104' <Predicate = (trunc_ln104 == 11)> <Delay = 2.15> <CoreInst = "RAM">   --->   Core 82 'RAM' <Latency = 1> <II = 1> <Delay = 2.15> <Storage> <Opcode : 'load' 'store'> <Ports = 2> <Width = 8> <Depth = 8> <RAM>
ST_3 : Operation 191 [1/1] (0.00ns)   --->   "%br_ln104 = br void %arrayidx3916.exit" [attention_int8.cpp:104]   --->   Operation 191 'br' 'br_ln104' <Predicate = (trunc_ln104 == 11)> <Delay = 0.00>
ST_3 : Operation 192 [1/1] (0.00ns)   --->   "%Q_tile_V_10_addr = getelementptr i8 %Q_tile_V_10, i64 0, i64 %zext_ln101" [attention_int8.cpp:101]   --->   Operation 192 'getelementptr' 'Q_tile_V_10_addr' <Predicate = (trunc_ln104 == 10)> <Delay = 0.00>
ST_3 : Operation 193 [1/1] (2.15ns)   --->   "%store_ln104 = store i8 %gmem0_addr_read, i3 %Q_tile_V_10_addr" [attention_int8.cpp:104]   --->   Operation 193 'store' 'store_ln104' <Predicate = (trunc_ln104 == 10)> <Delay = 2.15> <CoreInst = "RAM">   --->   Core 82 'RAM' <Latency = 1> <II = 1> <Delay = 2.15> <Storage> <Opcode : 'load' 'store'> <Ports = 2> <Width = 8> <Depth = 8> <RAM>
ST_3 : Operation 194 [1/1] (0.00ns)   --->   "%br_ln104 = br void %arrayidx3916.exit" [attention_int8.cpp:104]   --->   Operation 194 'br' 'br_ln104' <Predicate = (trunc_ln104 == 10)> <Delay = 0.00>
ST_3 : Operation 195 [1/1] (0.00ns)   --->   "%Q_tile_V_9_addr = getelementptr i8 %Q_tile_V_9, i64 0, i64 %zext_ln101" [attention_int8.cpp:101]   --->   Operation 195 'getelementptr' 'Q_tile_V_9_addr' <Predicate = (trunc_ln104 == 9)> <Delay = 0.00>
ST_3 : Operation 196 [1/1] (2.15ns)   --->   "%store_ln104 = store i8 %gmem0_addr_read, i3 %Q_tile_V_9_addr" [attention_int8.cpp:104]   --->   Operation 196 'store' 'store_ln104' <Predicate = (trunc_ln104 == 9)> <Delay = 2.15> <CoreInst = "RAM">   --->   Core 82 'RAM' <Latency = 1> <II = 1> <Delay = 2.15> <Storage> <Opcode : 'load' 'store'> <Ports = 2> <Width = 8> <Depth = 8> <RAM>
ST_3 : Operation 197 [1/1] (0.00ns)   --->   "%br_ln104 = br void %arrayidx3916.exit" [attention_int8.cpp:104]   --->   Operation 197 'br' 'br_ln104' <Predicate = (trunc_ln104 == 9)> <Delay = 0.00>
ST_3 : Operation 198 [1/1] (0.00ns)   --->   "%Q_tile_V_8_addr = getelementptr i8 %Q_tile_V_8, i64 0, i64 %zext_ln101" [attention_int8.cpp:101]   --->   Operation 198 'getelementptr' 'Q_tile_V_8_addr' <Predicate = (trunc_ln104 == 8)> <Delay = 0.00>
ST_3 : Operation 199 [1/1] (2.15ns)   --->   "%store_ln104 = store i8 %gmem0_addr_read, i3 %Q_tile_V_8_addr" [attention_int8.cpp:104]   --->   Operation 199 'store' 'store_ln104' <Predicate = (trunc_ln104 == 8)> <Delay = 2.15> <CoreInst = "RAM">   --->   Core 82 'RAM' <Latency = 1> <II = 1> <Delay = 2.15> <Storage> <Opcode : 'load' 'store'> <Ports = 2> <Width = 8> <Depth = 8> <RAM>
ST_3 : Operation 200 [1/1] (0.00ns)   --->   "%br_ln104 = br void %arrayidx3916.exit" [attention_int8.cpp:104]   --->   Operation 200 'br' 'br_ln104' <Predicate = (trunc_ln104 == 8)> <Delay = 0.00>
ST_3 : Operation 201 [1/1] (0.00ns)   --->   "%Q_tile_V_7_addr = getelementptr i8 %Q_tile_V_7, i64 0, i64 %zext_ln101" [attention_int8.cpp:101]   --->   Operation 201 'getelementptr' 'Q_tile_V_7_addr' <Predicate = (trunc_ln104 == 7)> <Delay = 0.00>
ST_3 : Operation 202 [1/1] (2.15ns)   --->   "%store_ln104 = store i8 %gmem0_addr_read, i3 %Q_tile_V_7_addr" [attention_int8.cpp:104]   --->   Operation 202 'store' 'store_ln104' <Predicate = (trunc_ln104 == 7)> <Delay = 2.15> <CoreInst = "RAM">   --->   Core 82 'RAM' <Latency = 1> <II = 1> <Delay = 2.15> <Storage> <Opcode : 'load' 'store'> <Ports = 2> <Width = 8> <Depth = 8> <RAM>
ST_3 : Operation 203 [1/1] (0.00ns)   --->   "%br_ln104 = br void %arrayidx3916.exit" [attention_int8.cpp:104]   --->   Operation 203 'br' 'br_ln104' <Predicate = (trunc_ln104 == 7)> <Delay = 0.00>
ST_3 : Operation 204 [1/1] (0.00ns)   --->   "%Q_tile_V_6_addr = getelementptr i8 %Q_tile_V_6, i64 0, i64 %zext_ln101" [attention_int8.cpp:101]   --->   Operation 204 'getelementptr' 'Q_tile_V_6_addr' <Predicate = (trunc_ln104 == 6)> <Delay = 0.00>
ST_3 : Operation 205 [1/1] (2.15ns)   --->   "%store_ln104 = store i8 %gmem0_addr_read, i3 %Q_tile_V_6_addr" [attention_int8.cpp:104]   --->   Operation 205 'store' 'store_ln104' <Predicate = (trunc_ln104 == 6)> <Delay = 2.15> <CoreInst = "RAM">   --->   Core 82 'RAM' <Latency = 1> <II = 1> <Delay = 2.15> <Storage> <Opcode : 'load' 'store'> <Ports = 2> <Width = 8> <Depth = 8> <RAM>
ST_3 : Operation 206 [1/1] (0.00ns)   --->   "%br_ln104 = br void %arrayidx3916.exit" [attention_int8.cpp:104]   --->   Operation 206 'br' 'br_ln104' <Predicate = (trunc_ln104 == 6)> <Delay = 0.00>
ST_3 : Operation 207 [1/1] (0.00ns)   --->   "%Q_tile_V_5_addr = getelementptr i8 %Q_tile_V_5, i64 0, i64 %zext_ln101" [attention_int8.cpp:101]   --->   Operation 207 'getelementptr' 'Q_tile_V_5_addr' <Predicate = (trunc_ln104 == 5)> <Delay = 0.00>
ST_3 : Operation 208 [1/1] (2.15ns)   --->   "%store_ln104 = store i8 %gmem0_addr_read, i3 %Q_tile_V_5_addr" [attention_int8.cpp:104]   --->   Operation 208 'store' 'store_ln104' <Predicate = (trunc_ln104 == 5)> <Delay = 2.15> <CoreInst = "RAM">   --->   Core 82 'RAM' <Latency = 1> <II = 1> <Delay = 2.15> <Storage> <Opcode : 'load' 'store'> <Ports = 2> <Width = 8> <Depth = 8> <RAM>
ST_3 : Operation 209 [1/1] (0.00ns)   --->   "%br_ln104 = br void %arrayidx3916.exit" [attention_int8.cpp:104]   --->   Operation 209 'br' 'br_ln104' <Predicate = (trunc_ln104 == 5)> <Delay = 0.00>
ST_3 : Operation 210 [1/1] (0.00ns)   --->   "%Q_tile_V_4_addr = getelementptr i8 %Q_tile_V_4, i64 0, i64 %zext_ln101" [attention_int8.cpp:101]   --->   Operation 210 'getelementptr' 'Q_tile_V_4_addr' <Predicate = (trunc_ln104 == 4)> <Delay = 0.00>
ST_3 : Operation 211 [1/1] (2.15ns)   --->   "%store_ln104 = store i8 %gmem0_addr_read, i3 %Q_tile_V_4_addr" [attention_int8.cpp:104]   --->   Operation 211 'store' 'store_ln104' <Predicate = (trunc_ln104 == 4)> <Delay = 2.15> <CoreInst = "RAM">   --->   Core 82 'RAM' <Latency = 1> <II = 1> <Delay = 2.15> <Storage> <Opcode : 'load' 'store'> <Ports = 2> <Width = 8> <Depth = 8> <RAM>
ST_3 : Operation 212 [1/1] (0.00ns)   --->   "%br_ln104 = br void %arrayidx3916.exit" [attention_int8.cpp:104]   --->   Operation 212 'br' 'br_ln104' <Predicate = (trunc_ln104 == 4)> <Delay = 0.00>
ST_3 : Operation 213 [1/1] (0.00ns)   --->   "%Q_tile_V_3_addr = getelementptr i8 %Q_tile_V_3, i64 0, i64 %zext_ln101" [attention_int8.cpp:101]   --->   Operation 213 'getelementptr' 'Q_tile_V_3_addr' <Predicate = (trunc_ln104 == 3)> <Delay = 0.00>
ST_3 : Operation 214 [1/1] (2.15ns)   --->   "%store_ln104 = store i8 %gmem0_addr_read, i3 %Q_tile_V_3_addr" [attention_int8.cpp:104]   --->   Operation 214 'store' 'store_ln104' <Predicate = (trunc_ln104 == 3)> <Delay = 2.15> <CoreInst = "RAM">   --->   Core 82 'RAM' <Latency = 1> <II = 1> <Delay = 2.15> <Storage> <Opcode : 'load' 'store'> <Ports = 2> <Width = 8> <Depth = 8> <RAM>
ST_3 : Operation 215 [1/1] (0.00ns)   --->   "%br_ln104 = br void %arrayidx3916.exit" [attention_int8.cpp:104]   --->   Operation 215 'br' 'br_ln104' <Predicate = (trunc_ln104 == 3)> <Delay = 0.00>
ST_3 : Operation 216 [1/1] (0.00ns)   --->   "%Q_tile_V_2_addr = getelementptr i8 %Q_tile_V_2, i64 0, i64 %zext_ln101" [attention_int8.cpp:101]   --->   Operation 216 'getelementptr' 'Q_tile_V_2_addr' <Predicate = (trunc_ln104 == 2)> <Delay = 0.00>
ST_3 : Operation 217 [1/1] (2.15ns)   --->   "%store_ln104 = store i8 %gmem0_addr_read, i3 %Q_tile_V_2_addr" [attention_int8.cpp:104]   --->   Operation 217 'store' 'store_ln104' <Predicate = (trunc_ln104 == 2)> <Delay = 2.15> <CoreInst = "RAM">   --->   Core 82 'RAM' <Latency = 1> <II = 1> <Delay = 2.15> <Storage> <Opcode : 'load' 'store'> <Ports = 2> <Width = 8> <Depth = 8> <RAM>
ST_3 : Operation 218 [1/1] (0.00ns)   --->   "%br_ln104 = br void %arrayidx3916.exit" [attention_int8.cpp:104]   --->   Operation 218 'br' 'br_ln104' <Predicate = (trunc_ln104 == 2)> <Delay = 0.00>
ST_3 : Operation 219 [1/1] (0.00ns)   --->   "%Q_tile_V_1_addr = getelementptr i8 %Q_tile_V_1, i64 0, i64 %zext_ln101" [attention_int8.cpp:101]   --->   Operation 219 'getelementptr' 'Q_tile_V_1_addr' <Predicate = (trunc_ln104 == 1)> <Delay = 0.00>
ST_3 : Operation 220 [1/1] (2.15ns)   --->   "%store_ln104 = store i8 %gmem0_addr_read, i3 %Q_tile_V_1_addr" [attention_int8.cpp:104]   --->   Operation 220 'store' 'store_ln104' <Predicate = (trunc_ln104 == 1)> <Delay = 2.15> <CoreInst = "RAM">   --->   Core 82 'RAM' <Latency = 1> <II = 1> <Delay = 2.15> <Storage> <Opcode : 'load' 'store'> <Ports = 2> <Width = 8> <Depth = 8> <RAM>
ST_3 : Operation 221 [1/1] (0.00ns)   --->   "%br_ln104 = br void %arrayidx3916.exit" [attention_int8.cpp:104]   --->   Operation 221 'br' 'br_ln104' <Predicate = (trunc_ln104 == 1)> <Delay = 0.00>
ST_3 : Operation 222 [1/1] (0.00ns)   --->   "%Q_tile_V_addr = getelementptr i8 %Q_tile_V, i64 0, i64 %zext_ln101" [attention_int8.cpp:101]   --->   Operation 222 'getelementptr' 'Q_tile_V_addr' <Predicate = (trunc_ln104 == 0)> <Delay = 0.00>
ST_3 : Operation 223 [1/1] (2.15ns)   --->   "%store_ln104 = store i8 %gmem0_addr_read, i3 %Q_tile_V_addr" [attention_int8.cpp:104]   --->   Operation 223 'store' 'store_ln104' <Predicate = (trunc_ln104 == 0)> <Delay = 2.15> <CoreInst = "RAM">   --->   Core 82 'RAM' <Latency = 1> <II = 1> <Delay = 2.15> <Storage> <Opcode : 'load' 'store'> <Ports = 2> <Width = 8> <Depth = 8> <RAM>
ST_3 : Operation 224 [1/1] (0.00ns)   --->   "%br_ln104 = br void %arrayidx3916.exit" [attention_int8.cpp:104]   --->   Operation 224 'br' 'br_ln104' <Predicate = (trunc_ln104 == 0)> <Delay = 0.00>
ST_3 : Operation 225 [1/1] (0.00ns)   --->   "%Q_tile_V_63_addr = getelementptr i8 %Q_tile_V_63, i64 0, i64 %zext_ln101" [attention_int8.cpp:101]   --->   Operation 225 'getelementptr' 'Q_tile_V_63_addr' <Predicate = (trunc_ln104 == 63)> <Delay = 0.00>
ST_3 : Operation 226 [1/1] (2.15ns)   --->   "%store_ln104 = store i8 %gmem0_addr_read, i3 %Q_tile_V_63_addr" [attention_int8.cpp:104]   --->   Operation 226 'store' 'store_ln104' <Predicate = (trunc_ln104 == 63)> <Delay = 2.15> <CoreInst = "RAM">   --->   Core 82 'RAM' <Latency = 1> <II = 1> <Delay = 2.15> <Storage> <Opcode : 'load' 'store'> <Ports = 2> <Width = 8> <Depth = 8> <RAM>
ST_3 : Operation 227 [1/1] (0.00ns)   --->   "%br_ln104 = br void %arrayidx3916.exit" [attention_int8.cpp:104]   --->   Operation 227 'br' 'br_ln104' <Predicate = (trunc_ln104 == 63)> <Delay = 0.00>
ST_3 : Operation 228 [1/1] (2.03ns)   --->   "%add_ln102 = add i7 %select_ln101, i7 1" [attention_int8.cpp:102]   --->   Operation 228 'add' 'add_ln102' <Predicate = true> <Delay = 2.03> <CoreInst = "Adder">   --->   Core 1 'Adder' <Latency = 0> <II = 1> <Delay = 2.03> <FuncUnit> <Opcode : 'add' 'sub'> <InPorts = 2> <OutPorts = 1>
ST_3 : Operation 229 [1/1] (1.61ns)   --->   "%store_ln102 = store i4 %select_ln101_1, i4 %i" [attention_int8.cpp:102]   --->   Operation 229 'store' 'store_ln102' <Predicate = true> <Delay = 1.61>
ST_3 : Operation 230 [1/1] (1.61ns)   --->   "%store_ln102 = store i7 %add_ln102, i7 %d" [attention_int8.cpp:102]   --->   Operation 230 'store' 'store_ln102' <Predicate = true> <Delay = 1.61>
ST_3 : Operation 231 [1/1] (0.00ns)   --->   "%br_ln102 = br void %for.inc" [attention_int8.cpp:102]   --->   Operation 231 'br' 'br_ln102' <Predicate = true> <Delay = 0.00>


============================================================
+ Verbose Summary: Timing violations
============================================================
Target clock period: 10ns, clock uncertainty: 2.7ns.

 <State 1>: 3.73ns
The critical path consists of the following:
	'alloca' operation ('indvar_flatten') [69]  (0 ns)
	'load' operation ('indvar_flatten_load', attention_int8.cpp:101) on local variable 'indvar_flatten' [77]  (0 ns)
	'add' operation ('add_ln101_1', attention_int8.cpp:101) [81]  (2.12 ns)
	'store' operation ('store_ln102', attention_int8.cpp:102) of variable 'add_ln101_1', attention_int8.cpp:101 on local variable 'indvar_flatten' [356]  (1.61 ns)

 <State 2>: 7.3ns
The critical path consists of the following:
	bus read operation ('gmem0_addr_read', attention_int8.cpp:104) on port 'gmem0' (attention_int8.cpp:104) [95]  (7.3 ns)

 <State 3>: 6.1ns
The critical path consists of the following:
	'load' operation ('d_load', attention_int8.cpp:102) on local variable 'd' [84]  (0 ns)
	'icmp' operation ('icmp_ln102', attention_int8.cpp:102) [89]  (1.47 ns)
	'select' operation ('select_ln101', attention_int8.cpp:101) [90]  (0.99 ns)
	'add' operation ('add_ln102', attention_int8.cpp:102) [355]  (2.03 ns)
	'store' operation ('store_ln102', attention_int8.cpp:102) of variable 'add_ln102', attention_int8.cpp:102 on local variable 'd' [358]  (1.61 ns)


============================================================
+ Verbose Summary: Binding
============================================================
N/A
* FSMD analyzer results:
  - Output states:
 - Input state : 
  - Chain level:
	State 1
	State 2
	State 3


============================================================
+ Verbose Summary: Datapath Resource usage 
============================================================
N/A
