

================================================================
== Vitis HLS Report for 'attention_int8_kernel_Pipeline_VITIS_LOOP_146_11'
================================================================
* Date:           Sat Apr 25 21:22:58 2026

* Version:        2022.1 (Build 3526262 on Mon Apr 18 15:47:01 MDT 2022)
* Project:        hls_cosim_project
* Solution:       solution_cosim (Vivado IP Flow Target)
* Product family: artix7
* Target device:  xc7a200t-sbg484-1


================================================================
== Performance Estimates
================================================================
+ Timing: 
    * Summary: 
    +--------+----------+----------+------------+
    |  Clock |  Target  | Estimated| Uncertainty|
    +--------+----------+----------+------------+
    |ap_clk  |  10.00 ns|  8.479 ns|     2.70 ns|
    +--------+----------+----------+------------+

+ Latency: 
    * Summary: 
    +---------+---------+----------+----------+-----+-----+---------+
    |  Latency (cycles) |  Latency (absolute) |  Interval | Pipeline|
    |   min   |   max   |    min   |    max   | min | max |   Type  |
    +---------+---------+----------+----------+-----+-----+---------+
    |      146|      146|  1.460 us|  1.460 us|  146|  146|       no|
    +---------+---------+----------+----------+-----+-----+---------+

    + Detail: 
        * Instance: 
        N/A

        * Loop: 
        +---------------------+---------+---------+----------+-----------+-----------+------+----------+
        |                     |  Latency (cycles) | Iteration|  Initiation Interval  | Trip |          |
        |      Loop Name      |   min   |   max   |  Latency |  achieved |   target  | Count| Pipelined|
        +---------------------+---------+---------+----------+-----------+-----------+------+----------+
        |- VITIS_LOOP_146_11  |      144|      144|        18|          1|          1|   128|       yes|
        +---------------------+---------+---------+----------+-----------+-----------+------+----------+



================================================================
== Utilization Estimates
================================================================
* Summary: 
+-----------------+---------+-----+--------+--------+-----+
|       Name      | BRAM_18K| DSP |   FF   |   LUT  | URAM|
+-----------------+---------+-----+--------+--------+-----+
|DSP              |        -|   32|       -|       -|    -|
|Expression       |        -|    -|       0|     963|    -|
|FIFO             |        -|    -|       -|       -|    -|
|Instance         |        -|    0|       0|    1344|    -|
|Memory           |        -|    -|       -|       -|    -|
|Multiplexer      |        -|    -|       -|      54|    -|
|Register         |        -|    -|    1934|     128|    -|
+-----------------+---------+-----+--------+--------+-----+
|Total            |        0|   32|    1934|    2489|    0|
+-----------------+---------+-----+--------+--------+-----+
|Available        |      730|  740|  269200|  134600|    0|
+-----------------+---------+-----+--------+--------+-----+
|Utilization (%)  |        0|    4|      ~0|       1|    0|
+-----------------+---------+-----+--------+--------+-----+

+ Detail: 
    * Instance: 
    +-------------------------------+--------------------------+---------+----+---+----+-----+
    |            Instance           |          Module          | BRAM_18K| DSP| FF| LUT| URAM|
    +-------------------------------+--------------------------+---------+----+---+----+-----+
    |mul_8s_8s_16_1_1_U170          |mul_8s_8s_16_1_1          |        0|   0|  0|  42|    0|
    |mul_8s_8s_16_1_1_U171          |mul_8s_8s_16_1_1          |        0|   0|  0|  42|    0|
    |mul_8s_8s_16_1_1_U172          |mul_8s_8s_16_1_1          |        0|   0|  0|  42|    0|
    |mul_8s_8s_16_1_1_U173          |mul_8s_8s_16_1_1          |        0|   0|  0|  42|    0|
    |mul_8s_8s_16_1_1_U174          |mul_8s_8s_16_1_1          |        0|   0|  0|  42|    0|
    |mul_8s_8s_16_1_1_U175          |mul_8s_8s_16_1_1          |        0|   0|  0|  42|    0|
    |mul_8s_8s_16_1_1_U176          |mul_8s_8s_16_1_1          |        0|   0|  0|  42|    0|
    |mul_8s_8s_16_1_1_U177          |mul_8s_8s_16_1_1          |        0|   0|  0|  42|    0|
    |mul_8s_8s_16_1_1_U178          |mul_8s_8s_16_1_1          |        0|   0|  0|  42|    0|
    |mul_8s_8s_16_1_1_U179          |mul_8s_8s_16_1_1          |        0|   0|  0|  42|    0|
    |mul_8s_8s_16_1_1_U180          |mul_8s_8s_16_1_1          |        0|   0|  0|  42|    0|
    |mul_8s_8s_16_1_1_U181          |mul_8s_8s_16_1_1          |        0|   0|  0|  42|    0|
    |mul_8s_8s_16_1_1_U182          |mul_8s_8s_16_1_1          |        0|   0|  0|  42|    0|
    |mul_8s_8s_16_1_1_U183          |mul_8s_8s_16_1_1          |        0|   0|  0|  42|    0|
    |mul_8s_8s_16_1_1_U184          |mul_8s_8s_16_1_1          |        0|   0|  0|  42|    0|
    |mul_8s_8s_16_1_1_U185          |mul_8s_8s_16_1_1          |        0|   0|  0|  42|    0|
    |mul_8s_8s_16_1_1_U186          |mul_8s_8s_16_1_1          |        0|   0|  0|  42|    0|
    |mul_8s_8s_16_1_1_U187          |mul_8s_8s_16_1_1          |        0|   0|  0|  42|    0|
    |mul_8s_8s_16_1_1_U188          |mul_8s_8s_16_1_1          |        0|   0|  0|  42|    0|
    |mul_8s_8s_16_1_1_U189          |mul_8s_8s_16_1_1          |        0|   0|  0|  42|    0|
    |mul_8s_8s_16_1_1_U190          |mul_8s_8s_16_1_1          |        0|   0|  0|  42|    0|
    |mul_8s_8s_16_1_1_U191          |mul_8s_8s_16_1_1          |        0|   0|  0|  42|    0|
    |mul_8s_8s_16_1_1_U192          |mul_8s_8s_16_1_1          |        0|   0|  0|  42|    0|
    |mul_8s_8s_16_1_1_U193          |mul_8s_8s_16_1_1          |        0|   0|  0|  42|    0|
    |mul_8s_8s_16_1_1_U194          |mul_8s_8s_16_1_1          |        0|   0|  0|  42|    0|
    |mul_8s_8s_16_1_1_U195          |mul_8s_8s_16_1_1          |        0|   0|  0|  42|    0|
    |mul_8s_8s_16_1_1_U196          |mul_8s_8s_16_1_1          |        0|   0|  0|  42|    0|
    |mul_8s_8s_16_1_1_U197          |mul_8s_8s_16_1_1          |        0|   0|  0|  42|    0|
    |mul_8s_8s_16_1_1_U198          |mul_8s_8s_16_1_1          |        0|   0|  0|  42|    0|
    |mul_8s_8s_16_1_1_U199          |mul_8s_8s_16_1_1          |        0|   0|  0|  42|    0|
    |mul_8s_8s_16_1_1_U200          |mul_8s_8s_16_1_1          |        0|   0|  0|  42|    0|
    |mul_8s_8s_16_1_1_U201          |mul_8s_8s_16_1_1          |        0|   0|  0|  42|    0|
    |sitofp_32s_32_6_no_dsp_1_U168  |sitofp_32s_32_6_no_dsp_1  |        0|   0|  0|   0|    0|
    +-------------------------------+--------------------------+---------+----+---+----+-----+
    |Total                          |                          |        0|   0|  0|1344|    0|
    +-------------------------------+--------------------------+---------+----+---+----+-----+

    * DSP: 
    +----------------------------------+-----------------------------+--------------+
    |             Instance             |            Module           |  Expression  |
    +----------------------------------+-----------------------------+--------------+
    |mac_muladd_8s_8s_16s_17_4_1_U202  |mac_muladd_8s_8s_16s_17_4_1  |  i0 + i1 * i2|
    |mac_muladd_8s_8s_16s_17_4_1_U203  |mac_muladd_8s_8s_16s_17_4_1  |  i0 + i1 * i2|
    |mac_muladd_8s_8s_16s_17_4_1_U204  |mac_muladd_8s_8s_16s_17_4_1  |  i0 + i1 * i2|
    |mac_muladd_8s_8s_16s_17_4_1_U205  |mac_muladd_8s_8s_16s_17_4_1  |  i0 + i1 * i2|
    |mac_muladd_8s_8s_16s_17_4_1_U206  |mac_muladd_8s_8s_16s_17_4_1  |  i0 + i1 * i2|
    |mac_muladd_8s_8s_16s_17_4_1_U207  |mac_muladd_8s_8s_16s_17_4_1  |  i0 + i1 * i2|
    |mac_muladd_8s_8s_16s_17_4_1_U208  |mac_muladd_8s_8s_16s_17_4_1  |  i0 + i1 * i2|
    |mac_muladd_8s_8s_16s_17_4_1_U209  |mac_muladd_8s_8s_16s_17_4_1  |  i0 + i1 * i2|
    |mac_muladd_8s_8s_16s_17_4_1_U210  |mac_muladd_8s_8s_16s_17_4_1  |  i0 + i1 * i2|
    |mac_muladd_8s_8s_16s_17_4_1_U211  |mac_muladd_8s_8s_16s_17_4_1  |  i0 + i1 * i2|
    |mac_muladd_8s_8s_16s_17_4_1_U212  |mac_muladd_8s_8s_16s_17_4_1  |  i0 + i1 * i2|
    |mac_muladd_8s_8s_16s_17_4_1_U213  |mac_muladd_8s_8s_16s_17_4_1  |  i0 + i1 * i2|
    |mac_muladd_8s_8s_16s_17_4_1_U214  |mac_muladd_8s_8s_16s_17_4_1  |  i0 + i1 * i2|
    |mac_muladd_8s_8s_16s_17_4_1_U215  |mac_muladd_8s_8s_16s_17_4_1  |  i0 + i1 * i2|
    |mac_muladd_8s_8s_16s_17_4_1_U216  |mac_muladd_8s_8s_16s_17_4_1  |  i0 + i1 * i2|
    |mac_muladd_8s_8s_16s_17_4_1_U217  |mac_muladd_8s_8s_16s_17_4_1  |  i0 + i1 * i2|
    |mac_muladd_8s_8s_16s_17_4_1_U218  |mac_muladd_8s_8s_16s_17_4_1  |  i0 + i1 * i2|
    |mac_muladd_8s_8s_16s_17_4_1_U219  |mac_muladd_8s_8s_16s_17_4_1  |  i0 + i1 * i2|
    |mac_muladd_8s_8s_16s_17_4_1_U220  |mac_muladd_8s_8s_16s_17_4_1  |  i0 + i1 * i2|
    |mac_muladd_8s_8s_16s_17_4_1_U221  |mac_muladd_8s_8s_16s_17_4_1  |  i0 + i1 * i2|
    |mac_muladd_8s_8s_16s_17_4_1_U222  |mac_muladd_8s_8s_16s_17_4_1  |  i0 + i1 * i2|
    |mac_muladd_8s_8s_16s_17_4_1_U223  |mac_muladd_8s_8s_16s_17_4_1  |  i0 + i1 * i2|
    |mac_muladd_8s_8s_16s_17_4_1_U224  |mac_muladd_8s_8s_16s_17_4_1  |  i0 + i1 * i2|
    |mac_muladd_8s_8s_16s_17_4_1_U225  |mac_muladd_8s_8s_16s_17_4_1  |  i0 + i1 * i2|
    |mac_muladd_8s_8s_16s_17_4_1_U226  |mac_muladd_8s_8s_16s_17_4_1  |  i0 + i1 * i2|
    |mac_muladd_8s_8s_16s_17_4_1_U227  |mac_muladd_8s_8s_16s_17_4_1  |  i0 + i1 * i2|
    |mac_muladd_8s_8s_16s_17_4_1_U228  |mac_muladd_8s_8s_16s_17_4_1  |  i0 + i1 * i2|
    |mac_muladd_8s_8s_16s_17_4_1_U229  |mac_muladd_8s_8s_16s_17_4_1  |  i0 + i1 * i2|
    |mac_muladd_8s_8s_16s_17_4_1_U230  |mac_muladd_8s_8s_16s_17_4_1  |  i0 + i1 * i2|
    |mac_muladd_8s_8s_16s_17_4_1_U231  |mac_muladd_8s_8s_16s_17_4_1  |  i0 + i1 * i2|
    |mac_muladd_8s_8s_16s_17_4_1_U232  |mac_muladd_8s_8s_16s_17_4_1  |  i0 + i1 * i2|
    |mac_muladd_8s_8s_16s_17_4_1_U233  |mac_muladd_8s_8s_16s_17_4_1  |  i0 + i1 * i2|
    +----------------------------------+-----------------------------+--------------+

    * Memory: 
    N/A

    * FIFO: 
    N/A

    * Expression: 
    +-------------------------+----------+----+---+----+------------+------------+
    |      Variable Name      | Operation| DSP| FF| LUT| Bitwidth P0| Bitwidth P1|
    +-------------------------+----------+----+---+----+------------+------------+
    |acc_V_1_fu_2966_p2       |         +|   0|  0|  29|          22|          22|
    |add_ln146_fu_1995_p2     |         +|   0|  0|  15|           8|           1|
    |add_ln886_12_fu_2638_p2  |         +|   0|  0|  25|          18|          18|
    |add_ln886_13_fu_2648_p2  |         +|   0|  0|  26|          19|          19|
    |add_ln886_14_fu_2888_p2  |         +|   0|  0|  27|          20|          20|
    |add_ln886_17_fu_2660_p2  |         +|   0|  0|  25|          18|          18|
    |add_ln886_20_fu_2676_p2  |         +|   0|  0|  25|          18|          18|
    |add_ln886_21_fu_2686_p2  |         +|   0|  0|  26|          19|          19|
    |add_ln886_24_fu_2698_p2  |         +|   0|  0|  25|          18|          18|
    |add_ln886_27_fu_2714_p2  |         +|   0|  0|  25|          18|          18|
    |add_ln886_28_fu_2724_p2  |         +|   0|  0|  26|          19|          19|
    |add_ln886_29_fu_2904_p2  |         +|   0|  0|  27|          20|          20|
    |add_ln886_2_fu_2584_p2   |         +|   0|  0|  25|          18|          18|
    |add_ln886_30_fu_2914_p2  |         +|   0|  0|  28|          21|          21|
    |add_ln886_33_fu_2736_p2  |         +|   0|  0|  25|          18|          18|
    |add_ln886_36_fu_2752_p2  |         +|   0|  0|  25|          18|          18|
    |add_ln886_37_fu_2762_p2  |         +|   0|  0|  26|          19|          19|
    |add_ln886_40_fu_2774_p2  |         +|   0|  0|  25|          18|          18|
    |add_ln886_43_fu_2790_p2  |         +|   0|  0|  25|          18|          18|
    |add_ln886_44_fu_2800_p2  |         +|   0|  0|  26|          19|          19|
    |add_ln886_45_fu_2930_p2  |         +|   0|  0|  27|          20|          20|
    |add_ln886_48_fu_2812_p2  |         +|   0|  0|  25|          18|          18|
    |add_ln886_51_fu_2828_p2  |         +|   0|  0|  25|          18|          18|
    |add_ln886_52_fu_2838_p2  |         +|   0|  0|  26|          19|          19|
    |add_ln886_55_fu_2850_p2  |         +|   0|  0|  25|          18|          18|
    |add_ln886_58_fu_2866_p2  |         +|   0|  0|  25|          18|          18|
    |add_ln886_59_fu_2876_p2  |         +|   0|  0|  26|          19|          19|
    |add_ln886_5_fu_2600_p2   |         +|   0|  0|  25|          18|          18|
    |add_ln886_60_fu_2946_p2  |         +|   0|  0|  27|          20|          20|
    |add_ln886_61_fu_2956_p2  |         +|   0|  0|  28|          21|          21|
    |add_ln886_6_fu_2610_p2   |         +|   0|  0|  26|          19|          19|
    |add_ln886_9_fu_2622_p2   |         +|   0|  0|  25|          18|          18|
    |and_ln156_1_fu_3078_p2   |       and|   0|  0|   2|           1|           1|
    |and_ln156_fu_3072_p2     |       and|   0|  0|   2|           1|           1|
    |icmp_ln146_fu_1989_p2    |      icmp|   0|  0|  11|           8|           9|
    |icmp_ln154_fu_2041_p2    |      icmp|   0|  0|  10|           7|           7|
    |icmp_ln156_1_fu_3046_p2  |      icmp|   0|  0|  15|          23|           1|
    |icmp_ln156_2_fu_3052_p2  |      icmp|   0|  0|  11|           8|           2|
    |icmp_ln156_3_fu_3058_p2  |      icmp|   0|  0|  15|          23|           1|
    |icmp_ln156_fu_3040_p2    |      icmp|   0|  0|  11|           8|           2|
    |or_ln156_1_fu_3068_p2    |        or|   0|  0|   2|           1|           1|
    |or_ln156_fu_3064_p2      |        or|   0|  0|   2|           1|           1|
    |rmax_1_fu_2976_p3        |    select|   0|  0|  32|           1|          29|
    |rmax_2_fu_3084_p3        |    select|   0|  0|  32|           1|          32|
    |ap_enable_pp0            |       xor|   0|  0|   2|           1|           2|
    +-------------------------+----------+----+---+----+------------+------------+
    |Total                    |          |   0|  0| 963|         676|         674|
    +-------------------------+----------+----+---+----+------------+------------+

    * Multiplexer: 
    +------------------------------+----+-----------+-----+-----------+
    |             Name             | LUT| Input Size| Bits| Total Bits|
    +------------------------------+----+-----------+-----+-----------+
    |ap_done_int                   |   9|          2|    1|          2|
    |ap_enable_reg_pp0_iter1       |   9|          2|    1|          2|
    |ap_sig_allocacmp_j            |   9|          2|    8|         16|
    |ap_sig_allocacmp_rmax_load_1  |   9|          2|   32|         64|
    |j_1_fu_354                    |   9|          2|    8|         16|
    |rmax_fu_350                   |   9|          2|   32|         64|
    +------------------------------+----+-----------+-----+-----------+
    |Total                         |  54|         12|   82|        164|
    +------------------------------+----+-----------+-----+-----------+

    * Register: 
    +-------------------------------------+----+----+-----+-----------+
    |                 Name                | FF | LUT| Bits| Const Bits|
    +-------------------------------------+----+----+-----+-----------+
    |K_tile_V_10_load_reg_4259            |   8|   0|    8|          0|
    |K_tile_V_12_load_reg_4264            |   8|   0|    8|          0|
    |K_tile_V_14_load_reg_4269            |   8|   0|    8|          0|
    |K_tile_V_16_load_reg_4274            |   8|   0|    8|          0|
    |K_tile_V_18_load_reg_4279            |   8|   0|    8|          0|
    |K_tile_V_1_load_reg_4234             |   8|   0|    8|          0|
    |K_tile_V_20_load_reg_4284            |   8|   0|    8|          0|
    |K_tile_V_22_load_reg_4289            |   8|   0|    8|          0|
    |K_tile_V_24_load_reg_4294            |   8|   0|    8|          0|
    |K_tile_V_26_load_reg_4299            |   8|   0|    8|          0|
    |K_tile_V_28_load_reg_4304            |   8|   0|    8|          0|
    |K_tile_V_2_load_reg_4239             |   8|   0|    8|          0|
    |K_tile_V_30_load_reg_4309            |   8|   0|    8|          0|
    |K_tile_V_32_load_reg_4314            |   8|   0|    8|          0|
    |K_tile_V_34_load_reg_4319            |   8|   0|    8|          0|
    |K_tile_V_36_load_reg_4324            |   8|   0|    8|          0|
    |K_tile_V_38_load_reg_4329            |   8|   0|    8|          0|
    |K_tile_V_40_load_reg_4334            |   8|   0|    8|          0|
    |K_tile_V_42_load_reg_4339            |   8|   0|    8|          0|
    |K_tile_V_44_load_reg_4344            |   8|   0|    8|          0|
    |K_tile_V_46_load_reg_4349            |   8|   0|    8|          0|
    |K_tile_V_48_load_reg_4354            |   8|   0|    8|          0|
    |K_tile_V_4_load_reg_4244             |   8|   0|    8|          0|
    |K_tile_V_50_load_reg_4359            |   8|   0|    8|          0|
    |K_tile_V_52_load_reg_4364            |   8|   0|    8|          0|
    |K_tile_V_54_load_reg_4369            |   8|   0|    8|          0|
    |K_tile_V_56_load_reg_4374            |   8|   0|    8|          0|
    |K_tile_V_58_load_reg_4379            |   8|   0|    8|          0|
    |K_tile_V_60_load_reg_4384            |   8|   0|    8|          0|
    |K_tile_V_62_load_reg_4389            |   8|   0|    8|          0|
    |K_tile_V_6_load_reg_4249             |   8|   0|    8|          0|
    |K_tile_V_8_load_reg_4254             |   8|   0|    8|          0|
    |Q_tile_V_10_load_cast_cast_reg_3645  |  16|   0|   16|          0|
    |Q_tile_V_11_load_cast_cast_reg_3640  |  16|   0|   16|          0|
    |Q_tile_V_12_load_cast_cast_reg_3635  |  16|   0|   16|          0|
    |Q_tile_V_13_load_cast_cast_reg_3630  |  16|   0|   16|          0|
    |Q_tile_V_14_load_cast_cast_reg_3625  |  16|   0|   16|          0|
    |Q_tile_V_15_load_cast_cast_reg_3620  |  16|   0|   16|          0|
    |Q_tile_V_16_load_cast_cast_reg_3615  |  16|   0|   16|          0|
    |Q_tile_V_17_load_cast_cast_reg_3610  |  16|   0|   16|          0|
    |Q_tile_V_18_load_cast_cast_reg_3605  |  16|   0|   16|          0|
    |Q_tile_V_19_load_cast_cast_reg_3600  |  16|   0|   16|          0|
    |Q_tile_V_1_load_cast_cast_reg_3690   |  16|   0|   16|          0|
    |Q_tile_V_20_load_cast_cast_reg_3595  |  16|   0|   16|          0|
    |Q_tile_V_21_load_cast_cast_reg_3590  |  16|   0|   16|          0|
    |Q_tile_V_22_load_cast_cast_reg_3585  |  16|   0|   16|          0|
    |Q_tile_V_23_load_cast_cast_reg_3580  |  16|   0|   16|          0|
    |Q_tile_V_24_load_cast_cast_reg_3575  |  16|   0|   16|          0|
    |Q_tile_V_25_load_cast_cast_reg_3570  |  16|   0|   16|          0|
    |Q_tile_V_26_load_cast_cast_reg_3565  |  16|   0|   16|          0|
    |Q_tile_V_27_load_cast_cast_reg_3560  |  16|   0|   16|          0|
    |Q_tile_V_28_load_cast_cast_reg_3555  |  16|   0|   16|          0|
    |Q_tile_V_29_load_cast_cast_reg_3550  |  16|   0|   16|          0|
    |Q_tile_V_2_load_cast_cast_reg_3685   |  16|   0|   16|          0|
    |Q_tile_V_30_load_cast_cast_reg_3545  |  16|   0|   16|          0|
    |Q_tile_V_31_load_cast_cast_reg_3540  |  16|   0|   16|          0|
    |Q_tile_V_32_load_cast_cast_reg_3535  |  16|   0|   16|          0|
    |Q_tile_V_33_load_cast_cast_reg_3530  |  16|   0|   16|          0|
    |Q_tile_V_34_load_cast_cast_reg_3525  |  16|   0|   16|          0|
    |Q_tile_V_35_load_cast_cast_reg_3520  |  16|   0|   16|          0|
    |Q_tile_V_36_load_cast_cast_reg_3515  |  16|   0|   16|          0|
    |Q_tile_V_37_load_cast_cast_reg_3510  |  16|   0|   16|          0|
    |Q_tile_V_38_load_cast_cast_reg_3505  |  16|   0|   16|          0|
    |Q_tile_V_39_load_cast_cast_reg_3500  |  16|   0|   16|          0|
    |Q_tile_V_3_load_cast_cast_reg_3680   |  16|   0|   16|          0|
    |Q_tile_V_40_load_cast_cast_reg_3495  |  16|   0|   16|          0|
    |Q_tile_V_41_load_cast_cast_reg_3490  |  16|   0|   16|          0|
    |Q_tile_V_42_load_cast_cast_reg_3485  |  16|   0|   16|          0|
    |Q_tile_V_43_load_cast_cast_reg_3480  |  16|   0|   16|          0|
    |Q_tile_V_44_load_cast_cast_reg_3475  |  16|   0|   16|          0|
    |Q_tile_V_45_load_cast_cast_reg_3470  |  16|   0|   16|          0|
    |Q_tile_V_46_load_cast_cast_reg_3465  |  16|   0|   16|          0|
    |Q_tile_V_47_load_cast_cast_reg_3460  |  16|   0|   16|          0|
    |Q_tile_V_48_load_cast_cast_reg_3455  |  16|   0|   16|          0|
    |Q_tile_V_49_load_cast_cast_reg_3450  |  16|   0|   16|          0|
    |Q_tile_V_4_load_cast_cast_reg_3675   |  16|   0|   16|          0|
    |Q_tile_V_50_load_cast_cast_reg_3445  |  16|   0|   16|          0|
    |Q_tile_V_51_load_cast_cast_reg_3440  |  16|   0|   16|          0|
    |Q_tile_V_52_load_cast_cast_reg_3435  |  16|   0|   16|          0|
    |Q_tile_V_53_load_cast_cast_reg_3430  |  16|   0|   16|          0|
    |Q_tile_V_54_load_cast_cast_reg_3425  |  16|   0|   16|          0|
    |Q_tile_V_55_load_cast_cast_reg_3420  |  16|   0|   16|          0|
    |Q_tile_V_56_load_cast_cast_reg_3415  |  16|   0|   16|          0|
    |Q_tile_V_57_load_cast_cast_reg_3410  |  16|   0|   16|          0|
    |Q_tile_V_58_load_cast_cast_reg_3405  |  16|   0|   16|          0|
    |Q_tile_V_59_load_cast_cast_reg_3400  |  16|   0|   16|          0|
    |Q_tile_V_5_load_cast_cast_reg_3670   |  16|   0|   16|          0|
    |Q_tile_V_60_load_cast_cast_reg_3395  |  16|   0|   16|          0|
    |Q_tile_V_61_load_cast_cast_reg_3390  |  16|   0|   16|          0|
    |Q_tile_V_62_load_cast_cast_reg_3385  |  16|   0|   16|          0|
    |Q_tile_V_6_load_cast_cast_reg_3665   |  16|   0|   16|          0|
    |Q_tile_V_7_load_cast_cast_reg_3660   |  16|   0|   16|          0|
    |Q_tile_V_8_load_cast_cast_reg_3655   |  16|   0|   16|          0|
    |Q_tile_V_9_load_cast_cast_reg_3650   |  16|   0|   16|          0|
    |Q_tile_V_load_cast_cast_reg_3695     |  16|   0|   16|          0|
    |acc_V_1_reg_4594                     |  22|   0|   22|          0|
    |add_ln886_13_reg_4559                |  19|   0|   19|          0|
    |add_ln886_21_reg_4564                |  19|   0|   19|          0|
    |add_ln886_28_reg_4569                |  19|   0|   19|          0|
    |add_ln886_37_reg_4574                |  19|   0|   19|          0|
    |add_ln886_44_reg_4579                |  19|   0|   19|          0|
    |add_ln886_52_reg_4584                |  19|   0|   19|          0|
    |add_ln886_59_reg_4589                |  19|   0|   19|          0|
    |add_ln886_6_reg_4554                 |  19|   0|   19|          0|
    |ap_CS_fsm                            |   1|   0|    1|          0|
    |ap_done_reg                          |   1|   0|    1|          0|
    |ap_enable_reg_pp0_iter1              |   1|   0|    1|          0|
    |ap_enable_reg_pp0_iter10             |   1|   0|    1|          0|
    |ap_enable_reg_pp0_iter11             |   1|   0|    1|          0|
    |ap_enable_reg_pp0_iter12             |   1|   0|    1|          0|
    |ap_enable_reg_pp0_iter13             |   1|   0|    1|          0|
    |ap_enable_reg_pp0_iter14             |   1|   0|    1|          0|
    |ap_enable_reg_pp0_iter15             |   1|   0|    1|          0|
    |ap_enable_reg_pp0_iter16             |   1|   0|    1|          0|
    |ap_enable_reg_pp0_iter17             |   1|   0|    1|          0|
    |ap_enable_reg_pp0_iter2              |   1|   0|    1|          0|
    |ap_enable_reg_pp0_iter3              |   1|   0|    1|          0|
    |ap_enable_reg_pp0_iter4              |   1|   0|    1|          0|
    |ap_enable_reg_pp0_iter5              |   1|   0|    1|          0|
    |ap_enable_reg_pp0_iter6              |   1|   0|    1|          0|
    |ap_enable_reg_pp0_iter7              |   1|   0|    1|          0|
    |ap_enable_reg_pp0_iter8              |   1|   0|    1|          0|
    |ap_enable_reg_pp0_iter9              |   1|   0|    1|          0|
    |ap_loop_exit_ready_pp0_iter10_reg    |   1|   0|    1|          0|
    |ap_loop_exit_ready_pp0_iter11_reg    |   1|   0|    1|          0|
    |ap_loop_exit_ready_pp0_iter12_reg    |   1|   0|    1|          0|
    |ap_loop_exit_ready_pp0_iter13_reg    |   1|   0|    1|          0|
    |ap_loop_exit_ready_pp0_iter14_reg    |   1|   0|    1|          0|
    |ap_loop_exit_ready_pp0_iter15_reg    |   1|   0|    1|          0|
    |ap_loop_exit_ready_pp0_iter16_reg    |   1|   0|    1|          0|
    |ap_loop_exit_ready_pp0_iter1_reg     |   1|   0|    1|          0|
    |ap_loop_exit_ready_pp0_iter2_reg     |   1|   0|    1|          0|
    |ap_loop_exit_ready_pp0_iter3_reg     |   1|   0|    1|          0|
    |ap_loop_exit_ready_pp0_iter4_reg     |   1|   0|    1|          0|
    |ap_loop_exit_ready_pp0_iter5_reg     |   1|   0|    1|          0|
    |ap_loop_exit_ready_pp0_iter6_reg     |   1|   0|    1|          0|
    |ap_loop_exit_ready_pp0_iter7_reg     |   1|   0|    1|          0|
    |ap_loop_exit_ready_pp0_iter8_reg     |   1|   0|    1|          0|
    |ap_loop_exit_ready_pp0_iter9_reg     |   1|   0|    1|          0|
    |conv_reg_4604                        |  32|   0|   32|          0|
    |icmp_ln146_reg_3700                  |   1|   0|    1|          0|
    |icmp_ln154_reg_3900                  |   1|   0|    1|          0|
    |icmp_ln156_1_reg_4635                |   1|   0|    1|          0|
    |icmp_ln156_2_reg_4640                |   1|   0|    1|          0|
    |icmp_ln156_3_reg_4645                |   1|   0|    1|          0|
    |icmp_ln156_reg_4630                  |   1|   0|    1|          0|
    |j_1_fu_354                           |   8|   0|    8|          0|
    |lshr_ln1_reg_3905                    |   4|   0|    4|          0|
    |rmax_1_reg_4609                      |  32|   0|   32|          0|
    |rmax_1_reg_4609_pp0_iter16_reg       |  32|   0|   32|          0|
    |rmax_fu_350                          |  32|   0|   32|          0|
    |rmax_load_1_reg_4624                 |  32|   0|   32|          0|
    |sext_ln146_cast_reg_3380             |  16|   0|   16|          0|
    |trunc_ln155_reg_3910                 |   3|   0|    3|          0|
    |zext_ln146_reg_3704                  |   8|   0|   64|         56|
    |icmp_ln146_reg_3700                  |  64|  32|    1|          0|
    |icmp_ln154_reg_3900                  |  64|  32|    1|          0|
    |lshr_ln1_reg_3905                    |  64|  32|    4|          0|
    |trunc_ln155_reg_3910                 |  64|  32|    3|          0|
    +-------------------------------------+----+----+-----+-----------+
    |Total                                |1934| 128| 1743|         56|
    +-------------------------------------+----+----+-----+-----------+



================================================================
== Interface
================================================================
* Summary: 
+-----------------------+-----+-----+------------+--------------------------------------------------+--------------+
|       RTL Ports       | Dir | Bits|  Protocol  |                   Source Object                  |    C Type    |
+-----------------------+-----+-----+------------+--------------------------------------------------+--------------+
|ap_clk                 |   in|    1|  ap_ctrl_hs|  attention_int8_kernel_Pipeline_VITIS_LOOP_146_11|  return value|
|ap_rst                 |   in|    1|  ap_ctrl_hs|  attention_int8_kernel_Pipeline_VITIS_LOOP_146_11|  return value|
|ap_start               |   in|    1|  ap_ctrl_hs|  attention_int8_kernel_Pipeline_VITIS_LOOP_146_11|  return value|
|ap_done                |  out|    1|  ap_ctrl_hs|  attention_int8_kernel_Pipeline_VITIS_LOOP_146_11|  return value|
|ap_idle                |  out|    1|  ap_ctrl_hs|  attention_int8_kernel_Pipeline_VITIS_LOOP_146_11|  return value|
|ap_ready               |  out|    1|  ap_ctrl_hs|  attention_int8_kernel_Pipeline_VITIS_LOOP_146_11|  return value|
|grp_fu_5058_p_din0     |  out|   32|  ap_ctrl_hs|  attention_int8_kernel_Pipeline_VITIS_LOOP_146_11|  return value|
|grp_fu_5058_p_din1     |  out|   32|  ap_ctrl_hs|  attention_int8_kernel_Pipeline_VITIS_LOOP_146_11|  return value|
|grp_fu_5058_p_dout0    |   in|   32|  ap_ctrl_hs|  attention_int8_kernel_Pipeline_VITIS_LOOP_146_11|  return value|
|grp_fu_5058_p_ce       |  out|    1|  ap_ctrl_hs|  attention_int8_kernel_Pipeline_VITIS_LOOP_146_11|  return value|
|grp_fu_11425_p_din0    |  out|   32|  ap_ctrl_hs|  attention_int8_kernel_Pipeline_VITIS_LOOP_146_11|  return value|
|grp_fu_11425_p_din1    |  out|   32|  ap_ctrl_hs|  attention_int8_kernel_Pipeline_VITIS_LOOP_146_11|  return value|
|grp_fu_11425_p_opcode  |  out|    5|  ap_ctrl_hs|  attention_int8_kernel_Pipeline_VITIS_LOOP_146_11|  return value|
|grp_fu_11425_p_dout0   |   in|    1|  ap_ctrl_hs|  attention_int8_kernel_Pipeline_VITIS_LOOP_146_11|  return value|
|grp_fu_11425_p_ce      |  out|    1|  ap_ctrl_hs|  attention_int8_kernel_Pipeline_VITIS_LOOP_146_11|  return value|
|K_tile_V_address0      |  out|    7|   ap_memory|                                          K_tile_V|         array|
|K_tile_V_ce0           |  out|    1|   ap_memory|                                          K_tile_V|         array|
|K_tile_V_q0            |   in|    8|   ap_memory|                                          K_tile_V|         array|
|Q_tile_V_load_cast     |   in|    8|     ap_none|                                Q_tile_V_load_cast|        scalar|
|K_tile_V_1_address0    |  out|    7|   ap_memory|                                        K_tile_V_1|         array|
|K_tile_V_1_ce0         |  out|    1|   ap_memory|                                        K_tile_V_1|         array|
|K_tile_V_1_q0          |   in|    8|   ap_memory|                                        K_tile_V_1|         array|
|Q_tile_V_1_load_cast   |   in|    8|     ap_none|                              Q_tile_V_1_load_cast|        scalar|
|K_tile_V_2_address0    |  out|    7|   ap_memory|                                        K_tile_V_2|         array|
|K_tile_V_2_ce0         |  out|    1|   ap_memory|                                        K_tile_V_2|         array|
|K_tile_V_2_q0          |   in|    8|   ap_memory|                                        K_tile_V_2|         array|
|Q_tile_V_2_load_cast   |   in|    8|     ap_none|                              Q_tile_V_2_load_cast|        scalar|
|K_tile_V_3_address0    |  out|    7|   ap_memory|                                        K_tile_V_3|         array|
|K_tile_V_3_ce0         |  out|    1|   ap_memory|                                        K_tile_V_3|         array|
|K_tile_V_3_q0          |   in|    8|   ap_memory|                                        K_tile_V_3|         array|
|Q_tile_V_3_load_cast   |   in|    8|     ap_none|                              Q_tile_V_3_load_cast|        scalar|
|K_tile_V_4_address0    |  out|    7|   ap_memory|                                        K_tile_V_4|         array|
|K_tile_V_4_ce0         |  out|    1|   ap_memory|                                        K_tile_V_4|         array|
|K_tile_V_4_q0          |   in|    8|   ap_memory|                                        K_tile_V_4|         array|
|Q_tile_V_4_load_cast   |   in|    8|     ap_none|                              Q_tile_V_4_load_cast|        scalar|
|K_tile_V_5_address0    |  out|    7|   ap_memory|                                        K_tile_V_5|         array|
|K_tile_V_5_ce0         |  out|    1|   ap_memory|                                        K_tile_V_5|         array|
|K_tile_V_5_q0          |   in|    8|   ap_memory|                                        K_tile_V_5|         array|
|Q_tile_V_5_load_cast   |   in|    8|     ap_none|                              Q_tile_V_5_load_cast|        scalar|
|K_tile_V_6_address0    |  out|    7|   ap_memory|                                        K_tile_V_6|         array|
|K_tile_V_6_ce0         |  out|    1|   ap_memory|                                        K_tile_V_6|         array|
|K_tile_V_6_q0          |   in|    8|   ap_memory|                                        K_tile_V_6|         array|
|Q_tile_V_6_load_cast   |   in|    8|     ap_none|                              Q_tile_V_6_load_cast|        scalar|
|K_tile_V_7_address0    |  out|    7|   ap_memory|                                        K_tile_V_7|         array|
|K_tile_V_7_ce0         |  out|    1|   ap_memory|                                        K_tile_V_7|         array|
|K_tile_V_7_q0          |   in|    8|   ap_memory|                                        K_tile_V_7|         array|
|Q_tile_V_7_load_cast   |   in|    8|     ap_none|                              Q_tile_V_7_load_cast|        scalar|
|K_tile_V_8_address0    |  out|    7|   ap_memory|                                        K_tile_V_8|         array|
|K_tile_V_8_ce0         |  out|    1|   ap_memory|                                        K_tile_V_8|         array|
|K_tile_V_8_q0          |   in|    8|   ap_memory|                                        K_tile_V_8|         array|
|Q_tile_V_8_load_cast   |   in|    8|     ap_none|                              Q_tile_V_8_load_cast|        scalar|
|K_tile_V_9_address0    |  out|    7|   ap_memory|                                        K_tile_V_9|         array|
|K_tile_V_9_ce0         |  out|    1|   ap_memory|                                        K_tile_V_9|         array|
|K_tile_V_9_q0          |   in|    8|   ap_memory|                                        K_tile_V_9|         array|
|Q_tile_V_9_load_cast   |   in|    8|     ap_none|                              Q_tile_V_9_load_cast|        scalar|
|K_tile_V_10_address0   |  out|    7|   ap_memory|                                       K_tile_V_10|         array|
|K_tile_V_10_ce0        |  out|    1|   ap_memory|                                       K_tile_V_10|         array|
|K_tile_V_10_q0         |   in|    8|   ap_memory|                                       K_tile_V_10|         array|
|Q_tile_V_10_load_cast  |   in|    8|     ap_none|                             Q_tile_V_10_load_cast|        scalar|
|K_tile_V_11_address0   |  out|    7|   ap_memory|                                       K_tile_V_11|         array|
|K_tile_V_11_ce0        |  out|    1|   ap_memory|                                       K_tile_V_11|         array|
|K_tile_V_11_q0         |   in|    8|   ap_memory|                                       K_tile_V_11|         array|
|Q_tile_V_11_load_cast  |   in|    8|     ap_none|                             Q_tile_V_11_load_cast|        scalar|
|K_tile_V_12_address0   |  out|    7|   ap_memory|                                       K_tile_V_12|         array|
|K_tile_V_12_ce0        |  out|    1|   ap_memory|                                       K_tile_V_12|         array|
|K_tile_V_12_q0         |   in|    8|   ap_memory|                                       K_tile_V_12|         array|
|Q_tile_V_12_load_cast  |   in|    8|     ap_none|                             Q_tile_V_12_load_cast|        scalar|
|K_tile_V_13_address0   |  out|    7|   ap_memory|                                       K_tile_V_13|         array|
|K_tile_V_13_ce0        |  out|    1|   ap_memory|                                       K_tile_V_13|         array|
|K_tile_V_13_q0         |   in|    8|   ap_memory|                                       K_tile_V_13|         array|
|Q_tile_V_13_load_cast  |   in|    8|     ap_none|                             Q_tile_V_13_load_cast|        scalar|
|K_tile_V_14_address0   |  out|    7|   ap_memory|                                       K_tile_V_14|         array|
|K_tile_V_14_ce0        |  out|    1|   ap_memory|                                       K_tile_V_14|         array|
|K_tile_V_14_q0         |   in|    8|   ap_memory|                                       K_tile_V_14|         array|
|Q_tile_V_14_load_cast  |   in|    8|     ap_none|                             Q_tile_V_14_load_cast|        scalar|
|K_tile_V_15_address0   |  out|    7|   ap_memory|                                       K_tile_V_15|         array|
|K_tile_V_15_ce0        |  out|    1|   ap_memory|                                       K_tile_V_15|         array|
|K_tile_V_15_q0         |   in|    8|   ap_memory|                                       K_tile_V_15|         array|
|Q_tile_V_15_load_cast  |   in|    8|     ap_none|                             Q_tile_V_15_load_cast|        scalar|
|K_tile_V_16_address0   |  out|    7|   ap_memory|                                       K_tile_V_16|         array|
|K_tile_V_16_ce0        |  out|    1|   ap_memory|                                       K_tile_V_16|         array|
|K_tile_V_16_q0         |   in|    8|   ap_memory|                                       K_tile_V_16|         array|
|Q_tile_V_16_load_cast  |   in|    8|     ap_none|                             Q_tile_V_16_load_cast|        scalar|
|K_tile_V_17_address0   |  out|    7|   ap_memory|                                       K_tile_V_17|         array|
|K_tile_V_17_ce0        |  out|    1|   ap_memory|                                       K_tile_V_17|         array|
|K_tile_V_17_q0         |   in|    8|   ap_memory|                                       K_tile_V_17|         array|
|Q_tile_V_17_load_cast  |   in|    8|     ap_none|                             Q_tile_V_17_load_cast|        scalar|
|K_tile_V_18_address0   |  out|    7|   ap_memory|                                       K_tile_V_18|         array|
|K_tile_V_18_ce0        |  out|    1|   ap_memory|                                       K_tile_V_18|         array|
|K_tile_V_18_q0         |   in|    8|   ap_memory|                                       K_tile_V_18|         array|
|Q_tile_V_18_load_cast  |   in|    8|     ap_none|                             Q_tile_V_18_load_cast|        scalar|
|K_tile_V_19_address0   |  out|    7|   ap_memory|                                       K_tile_V_19|         array|
|K_tile_V_19_ce0        |  out|    1|   ap_memory|                                       K_tile_V_19|         array|
|K_tile_V_19_q0         |   in|    8|   ap_memory|                                       K_tile_V_19|         array|
|Q_tile_V_19_load_cast  |   in|    8|     ap_none|                             Q_tile_V_19_load_cast|        scalar|
|K_tile_V_20_address0   |  out|    7|   ap_memory|                                       K_tile_V_20|         array|
|K_tile_V_20_ce0        |  out|    1|   ap_memory|                                       K_tile_V_20|         array|
|K_tile_V_20_q0         |   in|    8|   ap_memory|                                       K_tile_V_20|         array|
|Q_tile_V_20_load_cast  |   in|    8|     ap_none|                             Q_tile_V_20_load_cast|        scalar|
|K_tile_V_21_address0   |  out|    7|   ap_memory|                                       K_tile_V_21|         array|
|K_tile_V_21_ce0        |  out|    1|   ap_memory|                                       K_tile_V_21|         array|
|K_tile_V_21_q0         |   in|    8|   ap_memory|                                       K_tile_V_21|         array|
|Q_tile_V_21_load_cast  |   in|    8|     ap_none|                             Q_tile_V_21_load_cast|        scalar|
|K_tile_V_22_address0   |  out|    7|   ap_memory|                                       K_tile_V_22|         array|
|K_tile_V_22_ce0        |  out|    1|   ap_memory|                                       K_tile_V_22|         array|
|K_tile_V_22_q0         |   in|    8|   ap_memory|                                       K_tile_V_22|         array|
|Q_tile_V_22_load_cast  |   in|    8|     ap_none|                             Q_tile_V_22_load_cast|        scalar|
|K_tile_V_23_address0   |  out|    7|   ap_memory|                                       K_tile_V_23|         array|
|K_tile_V_23_ce0        |  out|    1|   ap_memory|                                       K_tile_V_23|         array|
|K_tile_V_23_q0         |   in|    8|   ap_memory|                                       K_tile_V_23|         array|
|Q_tile_V_23_load_cast  |   in|    8|     ap_none|                             Q_tile_V_23_load_cast|        scalar|
|K_tile_V_24_address0   |  out|    7|   ap_memory|                                       K_tile_V_24|         array|
|K_tile_V_24_ce0        |  out|    1|   ap_memory|                                       K_tile_V_24|         array|
|K_tile_V_24_q0         |   in|    8|   ap_memory|                                       K_tile_V_24|         array|
|Q_tile_V_24_load_cast  |   in|    8|     ap_none|                             Q_tile_V_24_load_cast|        scalar|
|K_tile_V_25_address0   |  out|    7|   ap_memory|                                       K_tile_V_25|         array|
|K_tile_V_25_ce0        |  out|    1|   ap_memory|                                       K_tile_V_25|         array|
|K_tile_V_25_q0         |   in|    8|   ap_memory|                                       K_tile_V_25|         array|
|Q_tile_V_25_load_cast  |   in|    8|     ap_none|                             Q_tile_V_25_load_cast|        scalar|
|K_tile_V_26_address0   |  out|    7|   ap_memory|                                       K_tile_V_26|         array|
|K_tile_V_26_ce0        |  out|    1|   ap_memory|                                       K_tile_V_26|         array|
|K_tile_V_26_q0         |   in|    8|   ap_memory|                                       K_tile_V_26|         array|
|Q_tile_V_26_load_cast  |   in|    8|     ap_none|                             Q_tile_V_26_load_cast|        scalar|
|K_tile_V_27_address0   |  out|    7|   ap_memory|                                       K_tile_V_27|         array|
|K_tile_V_27_ce0        |  out|    1|   ap_memory|                                       K_tile_V_27|         array|
|K_tile_V_27_q0         |   in|    8|   ap_memory|                                       K_tile_V_27|         array|
|Q_tile_V_27_load_cast  |   in|    8|     ap_none|                             Q_tile_V_27_load_cast|        scalar|
|K_tile_V_28_address0   |  out|    7|   ap_memory|                                       K_tile_V_28|         array|
|K_tile_V_28_ce0        |  out|    1|   ap_memory|                                       K_tile_V_28|         array|
|K_tile_V_28_q0         |   in|    8|   ap_memory|                                       K_tile_V_28|         array|
|Q_tile_V_28_load_cast  |   in|    8|     ap_none|                             Q_tile_V_28_load_cast|        scalar|
|K_tile_V_29_address0   |  out|    7|   ap_memory|                                       K_tile_V_29|         array|
|K_tile_V_29_ce0        |  out|    1|   ap_memory|                                       K_tile_V_29|         array|
|K_tile_V_29_q0         |   in|    8|   ap_memory|                                       K_tile_V_29|         array|
|Q_tile_V_29_load_cast  |   in|    8|     ap_none|                             Q_tile_V_29_load_cast|        scalar|
|K_tile_V_30_address0   |  out|    7|   ap_memory|                                       K_tile_V_30|         array|
|K_tile_V_30_ce0        |  out|    1|   ap_memory|                                       K_tile_V_30|         array|
|K_tile_V_30_q0         |   in|    8|   ap_memory|                                       K_tile_V_30|         array|
|Q_tile_V_30_load_cast  |   in|    8|     ap_none|                             Q_tile_V_30_load_cast|        scalar|
|K_tile_V_31_address0   |  out|    7|   ap_memory|                                       K_tile_V_31|         array|
|K_tile_V_31_ce0        |  out|    1|   ap_memory|                                       K_tile_V_31|         array|
|K_tile_V_31_q0         |   in|    8|   ap_memory|                                       K_tile_V_31|         array|
|Q_tile_V_31_load_cast  |   in|    8|     ap_none|                             Q_tile_V_31_load_cast|        scalar|
|K_tile_V_32_address0   |  out|    7|   ap_memory|                                       K_tile_V_32|         array|
|K_tile_V_32_ce0        |  out|    1|   ap_memory|                                       K_tile_V_32|         array|
|K_tile_V_32_q0         |   in|    8|   ap_memory|                                       K_tile_V_32|         array|
|Q_tile_V_32_load_cast  |   in|    8|     ap_none|                             Q_tile_V_32_load_cast|        scalar|
|K_tile_V_33_address0   |  out|    7|   ap_memory|                                       K_tile_V_33|         array|
|K_tile_V_33_ce0        |  out|    1|   ap_memory|                                       K_tile_V_33|         array|
|K_tile_V_33_q0         |   in|    8|   ap_memory|                                       K_tile_V_33|         array|
|Q_tile_V_33_load_cast  |   in|    8|     ap_none|                             Q_tile_V_33_load_cast|        scalar|
|K_tile_V_34_address0   |  out|    7|   ap_memory|                                       K_tile_V_34|         array|
|K_tile_V_34_ce0        |  out|    1|   ap_memory|                                       K_tile_V_34|         array|
|K_tile_V_34_q0         |   in|    8|   ap_memory|                                       K_tile_V_34|         array|
|Q_tile_V_34_load_cast  |   in|    8|     ap_none|                             Q_tile_V_34_load_cast|        scalar|
|K_tile_V_35_address0   |  out|    7|   ap_memory|                                       K_tile_V_35|         array|
|K_tile_V_35_ce0        |  out|    1|   ap_memory|                                       K_tile_V_35|         array|
|K_tile_V_35_q0         |   in|    8|   ap_memory|                                       K_tile_V_35|         array|
|Q_tile_V_35_load_cast  |   in|    8|     ap_none|                             Q_tile_V_35_load_cast|        scalar|
|K_tile_V_36_address0   |  out|    7|   ap_memory|                                       K_tile_V_36|         array|
|K_tile_V_36_ce0        |  out|    1|   ap_memory|                                       K_tile_V_36|         array|
|K_tile_V_36_q0         |   in|    8|   ap_memory|                                       K_tile_V_36|         array|
|Q_tile_V_36_load_cast  |   in|    8|     ap_none|                             Q_tile_V_36_load_cast|        scalar|
|K_tile_V_37_address0   |  out|    7|   ap_memory|                                       K_tile_V_37|         array|
|K_tile_V_37_ce0        |  out|    1|   ap_memory|                                       K_tile_V_37|         array|
|K_tile_V_37_q0         |   in|    8|   ap_memory|                                       K_tile_V_37|         array|
|Q_tile_V_37_load_cast  |   in|    8|     ap_none|                             Q_tile_V_37_load_cast|        scalar|
|K_tile_V_38_address0   |  out|    7|   ap_memory|                                       K_tile_V_38|         array|
|K_tile_V_38_ce0        |  out|    1|   ap_memory|                                       K_tile_V_38|         array|
|K_tile_V_38_q0         |   in|    8|   ap_memory|                                       K_tile_V_38|         array|
|Q_tile_V_38_load_cast  |   in|    8|     ap_none|                             Q_tile_V_38_load_cast|        scalar|
|K_tile_V_39_address0   |  out|    7|   ap_memory|                                       K_tile_V_39|         array|
|K_tile_V_39_ce0        |  out|    1|   ap_memory|                                       K_tile_V_39|         array|
|K_tile_V_39_q0         |   in|    8|   ap_memory|                                       K_tile_V_39|         array|
|Q_tile_V_39_load_cast  |   in|    8|     ap_none|                             Q_tile_V_39_load_cast|        scalar|
|K_tile_V_40_address0   |  out|    7|   ap_memory|                                       K_tile_V_40|         array|
|K_tile_V_40_ce0        |  out|    1|   ap_memory|                                       K_tile_V_40|         array|
|K_tile_V_40_q0         |   in|    8|   ap_memory|                                       K_tile_V_40|         array|
|Q_tile_V_40_load_cast  |   in|    8|     ap_none|                             Q_tile_V_40_load_cast|        scalar|
|K_tile_V_41_address0   |  out|    7|   ap_memory|                                       K_tile_V_41|         array|
|K_tile_V_41_ce0        |  out|    1|   ap_memory|                                       K_tile_V_41|         array|
|K_tile_V_41_q0         |   in|    8|   ap_memory|                                       K_tile_V_41|         array|
|Q_tile_V_41_load_cast  |   in|    8|     ap_none|                             Q_tile_V_41_load_cast|        scalar|
|K_tile_V_42_address0   |  out|    7|   ap_memory|                                       K_tile_V_42|         array|
|K_tile_V_42_ce0        |  out|    1|   ap_memory|                                       K_tile_V_42|         array|
|K_tile_V_42_q0         |   in|    8|   ap_memory|                                       K_tile_V_42|         array|
|Q_tile_V_42_load_cast  |   in|    8|     ap_none|                             Q_tile_V_42_load_cast|        scalar|
|K_tile_V_43_address0   |  out|    7|   ap_memory|                                       K_tile_V_43|         array|
|K_tile_V_43_ce0        |  out|    1|   ap_memory|                                       K_tile_V_43|         array|
|K_tile_V_43_q0         |   in|    8|   ap_memory|                                       K_tile_V_43|         array|
|Q_tile_V_43_load_cast  |   in|    8|     ap_none|                             Q_tile_V_43_load_cast|        scalar|
|K_tile_V_44_address0   |  out|    7|   ap_memory|                                       K_tile_V_44|         array|
|K_tile_V_44_ce0        |  out|    1|   ap_memory|                                       K_tile_V_44|         array|
|K_tile_V_44_q0         |   in|    8|   ap_memory|                                       K_tile_V_44|         array|
|Q_tile_V_44_load_cast  |   in|    8|     ap_none|                             Q_tile_V_44_load_cast|        scalar|
|K_tile_V_45_address0   |  out|    7|   ap_memory|                                       K_tile_V_45|         array|
|K_tile_V_45_ce0        |  out|    1|   ap_memory|                                       K_tile_V_45|         array|
|K_tile_V_45_q0         |   in|    8|   ap_memory|                                       K_tile_V_45|         array|
|Q_tile_V_45_load_cast  |   in|    8|     ap_none|                             Q_tile_V_45_load_cast|        scalar|
|K_tile_V_46_address0   |  out|    7|   ap_memory|                                       K_tile_V_46|         array|
|K_tile_V_46_ce0        |  out|    1|   ap_memory|                                       K_tile_V_46|         array|
|K_tile_V_46_q0         |   in|    8|   ap_memory|                                       K_tile_V_46|         array|
|Q_tile_V_46_load_cast  |   in|    8|     ap_none|                             Q_tile_V_46_load_cast|        scalar|
|K_tile_V_47_address0   |  out|    7|   ap_memory|                                       K_tile_V_47|         array|
|K_tile_V_47_ce0        |  out|    1|   ap_memory|                                       K_tile_V_47|         array|
|K_tile_V_47_q0         |   in|    8|   ap_memory|                                       K_tile_V_47|         array|
|Q_tile_V_47_load_cast  |   in|    8|     ap_none|                             Q_tile_V_47_load_cast|        scalar|
|K_tile_V_48_address0   |  out|    7|   ap_memory|                                       K_tile_V_48|         array|
|K_tile_V_48_ce0        |  out|    1|   ap_memory|                                       K_tile_V_48|         array|
|K_tile_V_48_q0         |   in|    8|   ap_memory|                                       K_tile_V_48|         array|
|Q_tile_V_48_load_cast  |   in|    8|     ap_none|                             Q_tile_V_48_load_cast|        scalar|
|K_tile_V_49_address0   |  out|    7|   ap_memory|                                       K_tile_V_49|         array|
|K_tile_V_49_ce0        |  out|    1|   ap_memory|                                       K_tile_V_49|         array|
|K_tile_V_49_q0         |   in|    8|   ap_memory|                                       K_tile_V_49|         array|
|Q_tile_V_49_load_cast  |   in|    8|     ap_none|                             Q_tile_V_49_load_cast|        scalar|
|K_tile_V_50_address0   |  out|    7|   ap_memory|                                       K_tile_V_50|         array|
|K_tile_V_50_ce0        |  out|    1|   ap_memory|                                       K_tile_V_50|         array|
|K_tile_V_50_q0         |   in|    8|   ap_memory|                                       K_tile_V_50|         array|
|Q_tile_V_50_load_cast  |   in|    8|     ap_none|                             Q_tile_V_50_load_cast|        scalar|
|K_tile_V_51_address0   |  out|    7|   ap_memory|                                       K_tile_V_51|         array|
|K_tile_V_51_ce0        |  out|    1|   ap_memory|                                       K_tile_V_51|         array|
|K_tile_V_51_q0         |   in|    8|   ap_memory|                                       K_tile_V_51|         array|
|Q_tile_V_51_load_cast  |   in|    8|     ap_none|                             Q_tile_V_51_load_cast|        scalar|
|K_tile_V_52_address0   |  out|    7|   ap_memory|                                       K_tile_V_52|         array|
|K_tile_V_52_ce0        |  out|    1|   ap_memory|                                       K_tile_V_52|         array|
|K_tile_V_52_q0         |   in|    8|   ap_memory|                                       K_tile_V_52|         array|
|Q_tile_V_52_load_cast  |   in|    8|     ap_none|                             Q_tile_V_52_load_cast|        scalar|
|K_tile_V_53_address0   |  out|    7|   ap_memory|                                       K_tile_V_53|         array|
|K_tile_V_53_ce0        |  out|    1|   ap_memory|                                       K_tile_V_53|         array|
|K_tile_V_53_q0         |   in|    8|   ap_memory|                                       K_tile_V_53|         array|
|Q_tile_V_53_load_cast  |   in|    8|     ap_none|                             Q_tile_V_53_load_cast|        scalar|
|K_tile_V_54_address0   |  out|    7|   ap_memory|                                       K_tile_V_54|         array|
|K_tile_V_54_ce0        |  out|    1|   ap_memory|                                       K_tile_V_54|         array|
|K_tile_V_54_q0         |   in|    8|   ap_memory|                                       K_tile_V_54|         array|
|Q_tile_V_54_load_cast  |   in|    8|     ap_none|                             Q_tile_V_54_load_cast|        scalar|
|K_tile_V_55_address0   |  out|    7|   ap_memory|                                       K_tile_V_55|         array|
|K_tile_V_55_ce0        |  out|    1|   ap_memory|                                       K_tile_V_55|         array|
|K_tile_V_55_q0         |   in|    8|   ap_memory|                                       K_tile_V_55|         array|
|Q_tile_V_55_load_cast  |   in|    8|     ap_none|                             Q_tile_V_55_load_cast|        scalar|
|K_tile_V_56_address0   |  out|    7|   ap_memory|                                       K_tile_V_56|         array|
|K_tile_V_56_ce0        |  out|    1|   ap_memory|                                       K_tile_V_56|         array|
|K_tile_V_56_q0         |   in|    8|   ap_memory|                                       K_tile_V_56|         array|
|Q_tile_V_56_load_cast  |   in|    8|     ap_none|                             Q_tile_V_56_load_cast|        scalar|
|K_tile_V_57_address0   |  out|    7|   ap_memory|                                       K_tile_V_57|         array|
|K_tile_V_57_ce0        |  out|    1|   ap_memory|                                       K_tile_V_57|         array|
|K_tile_V_57_q0         |   in|    8|   ap_memory|                                       K_tile_V_57|         array|
|Q_tile_V_57_load_cast  |   in|    8|     ap_none|                             Q_tile_V_57_load_cast|        scalar|
|K_tile_V_58_address0   |  out|    7|   ap_memory|                                       K_tile_V_58|         array|
|K_tile_V_58_ce0        |  out|    1|   ap_memory|                                       K_tile_V_58|         array|
|K_tile_V_58_q0         |   in|    8|   ap_memory|                                       K_tile_V_58|         array|
|Q_tile_V_58_load_cast  |   in|    8|     ap_none|                             Q_tile_V_58_load_cast|        scalar|
|K_tile_V_59_address0   |  out|    7|   ap_memory|                                       K_tile_V_59|         array|
|K_tile_V_59_ce0        |  out|    1|   ap_memory|                                       K_tile_V_59|         array|
|K_tile_V_59_q0         |   in|    8|   ap_memory|                                       K_tile_V_59|         array|
|Q_tile_V_59_load_cast  |   in|    8|     ap_none|                             Q_tile_V_59_load_cast|        scalar|
|K_tile_V_60_address0   |  out|    7|   ap_memory|                                       K_tile_V_60|         array|
|K_tile_V_60_ce0        |  out|    1|   ap_memory|                                       K_tile_V_60|         array|
|K_tile_V_60_q0         |   in|    8|   ap_memory|                                       K_tile_V_60|         array|
|Q_tile_V_60_load_cast  |   in|    8|     ap_none|                             Q_tile_V_60_load_cast|        scalar|
|K_tile_V_61_address0   |  out|    7|   ap_memory|                                       K_tile_V_61|         array|
|K_tile_V_61_ce0        |  out|    1|   ap_memory|                                       K_tile_V_61|         array|
|K_tile_V_61_q0         |   in|    8|   ap_memory|                                       K_tile_V_61|         array|
|Q_tile_V_61_load_cast  |   in|    8|     ap_none|                             Q_tile_V_61_load_cast|        scalar|
|K_tile_V_62_address0   |  out|    7|   ap_memory|                                       K_tile_V_62|         array|
|K_tile_V_62_ce0        |  out|    1|   ap_memory|                                       K_tile_V_62|         array|
|K_tile_V_62_q0         |   in|    8|   ap_memory|                                       K_tile_V_62|         array|
|Q_tile_V_62_load_cast  |   in|    8|     ap_none|                             Q_tile_V_62_load_cast|        scalar|
|K_tile_V_63_address0   |  out|    7|   ap_memory|                                       K_tile_V_63|         array|
|K_tile_V_63_ce0        |  out|    1|   ap_memory|                                       K_tile_V_63|         array|
|K_tile_V_63_q0         |   in|    8|   ap_memory|                                       K_tile_V_63|         array|
|sext_ln146             |   in|    8|     ap_none|                                        sext_ln146|        scalar|
|q_scale                |   in|   32|     ap_none|                                           q_scale|        scalar|
|p_cast                 |   in|    7|     ap_none|                                            p_cast|        scalar|
|i_2                    |   in|    3|     ap_none|                                               i_2|        scalar|
|trunc_ln155_1          |   in|    3|     ap_none|                                     trunc_ln155_1|        scalar|
|scores_address0        |  out|    7|   ap_memory|                                            scores|         array|
|scores_ce0             |  out|    1|   ap_memory|                                            scores|         array|
|scores_we0             |  out|    1|   ap_memory|                                            scores|         array|
|scores_d0              |  out|   32|   ap_memory|                                            scores|         array|
|scores_1_address0      |  out|    7|   ap_memory|                                          scores_1|         array|
|scores_1_ce0           |  out|    1|   ap_memory|                                          scores_1|         array|
|scores_1_we0           |  out|    1|   ap_memory|                                          scores_1|         array|
|scores_1_d0            |  out|   32|   ap_memory|                                          scores_1|         array|
|scores_2_address0      |  out|    7|   ap_memory|                                          scores_2|         array|
|scores_2_ce0           |  out|    1|   ap_memory|                                          scores_2|         array|
|scores_2_we0           |  out|    1|   ap_memory|                                          scores_2|         array|
|scores_2_d0            |  out|   32|   ap_memory|                                          scores_2|         array|
|scores_3_address0      |  out|    7|   ap_memory|                                          scores_3|         array|
|scores_3_ce0           |  out|    1|   ap_memory|                                          scores_3|         array|
|scores_3_we0           |  out|    1|   ap_memory|                                          scores_3|         array|
|scores_3_d0            |  out|   32|   ap_memory|                                          scores_3|         array|
|scores_4_address0      |  out|    7|   ap_memory|                                          scores_4|         array|
|scores_4_ce0           |  out|    1|   ap_memory|                                          scores_4|         array|
|scores_4_we0           |  out|    1|   ap_memory|                                          scores_4|         array|
|scores_4_d0            |  out|   32|   ap_memory|                                          scores_4|         array|
|scores_5_address0      |  out|    7|   ap_memory|                                          scores_5|         array|
|scores_5_ce0           |  out|    1|   ap_memory|                                          scores_5|         array|
|scores_5_we0           |  out|    1|   ap_memory|                                          scores_5|         array|
|scores_5_d0            |  out|   32|   ap_memory|                                          scores_5|         array|
|scores_6_address0      |  out|    7|   ap_memory|                                          scores_6|         array|
|scores_6_ce0           |  out|    1|   ap_memory|                                          scores_6|         array|
|scores_6_we0           |  out|    1|   ap_memory|                                          scores_6|         array|
|scores_6_d0            |  out|   32|   ap_memory|                                          scores_6|         array|
|scores_7_address0      |  out|    7|   ap_memory|                                          scores_7|         array|
|scores_7_ce0           |  out|    1|   ap_memory|                                          scores_7|         array|
|scores_7_we0           |  out|    1|   ap_memory|                                          scores_7|         array|
|scores_7_d0            |  out|   32|   ap_memory|                                          scores_7|         array|
|rmax_out               |  out|   32|      ap_vld|                                          rmax_out|       pointer|
|rmax_out_ap_vld        |  out|    1|      ap_vld|                                          rmax_out|       pointer|
+-----------------------+-----+-----+------------+--------------------------------------------------+--------------+

