

================================================================
== Vitis HLS Report for 'attention_int8_kernel_Pipeline_VITIS_LOOP_168_14'
================================================================
* Date:           Sat Apr 25 21:23:00 2026

* Version:        2022.1 (Build 3526262 on Mon Apr 18 15:47:01 MDT 2022)
* Project:        hls_cosim_project
* Solution:       solution_cosim (Vivado IP Flow Target)
* Product family: artix7
* Target device:  xc7a200t-sbg484-1


================================================================
== Performance Estimates
================================================================
+ Timing: 
    * Summary: 
    +--------+----------+----------+------------+
    |  Clock |  Target  | Estimated| Uncertainty|
    +--------+----------+----------+------------+
    |ap_clk  |  10.00 ns|  7.287 ns|     2.70 ns|
    +--------+----------+----------+------------+

+ Latency: 
    * Summary: 
    +---------+---------+----------+----------+-----+-----+---------+
    |  Latency (cycles) |  Latency (absolute) |  Interval | Pipeline|
    |   min   |   max   |    min   |    max   | min | max |   Type  |
    +---------+---------+----------+----------+-----+-----+---------+
    |      190|      190|  1.900 us|  1.900 us|  190|  190|       no|
    +---------+---------+----------+----------+-----+-----+---------+

    + Detail: 
        * Instance: 
        N/A

        * Loop: 
        +---------------------+---------+---------+----------+-----------+-----------+------+----------+
        |                     |  Latency (cycles) | Iteration|  Initiation Interval  | Trip |          |
        |      Loop Name      |   min   |   max   |  Latency |  achieved |   target  | Count| Pipelined|
        +---------------------+---------+---------+----------+-----------+-----------+------+----------+
        |- VITIS_LOOP_168_14  |      188|      188|        62|          1|          1|   128|       yes|
        +---------------------+---------+---------+----------+-----------+-----------+------+----------+



================================================================
== Utilization Estimates
================================================================
* Summary: 
+-----------------+---------+-----+--------+--------+-----+
|       Name      | BRAM_18K| DSP |   FF   |   LUT  | URAM|
+-----------------+---------+-----+--------+--------+-----+
|DSP              |        -|    -|       -|       -|    -|
|Expression       |        -|    -|       0|     801|    -|
|FIFO             |        -|    -|       -|       -|    -|
|Instance         |        -|    -|       0|     979|    -|
|Memory           |        -|    -|       -|       -|    -|
|Multiplexer      |        -|    -|       -|      54|    -|
|Register         |        -|    -|    7225|     256|    -|
+-----------------+---------+-----+--------+--------+-----+
|Total            |        0|    0|    7225|    2090|    0|
+-----------------+---------+-----+--------+--------+-----+
|Available        |      730|  740|  269200|  134600|    0|
+-----------------+---------+-----+--------+--------+-----+
|Utilization (%)  |        0|    0|       2|       1|    0|
+-----------------+---------+-----+--------+--------+-----+

+ Detail: 
    * Instance: 
    +----------------------+-----------------+---------+----+---+-----+-----+
    |       Instance       |      Module     | BRAM_18K| DSP| FF| LUT | URAM|
    +----------------------+-----------------+---------+----+---+-----+-----+
    |mux_1287_32_1_1_U389  |mux_1287_32_1_1  |        0|   0|  0|  673|    0|
    |mux_6432_32_1_1_U390  |mux_6432_32_1_1  |        0|   0|  0|  273|    0|
    |mux_83_32_1_1_U388    |mux_83_32_1_1    |        0|   0|  0|   33|    0|
    +----------------------+-----------------+---------+----+---+-----+-----+
    |Total                 |                 |        0|   0|  0|  979|    0|
    +----------------------+-----------------+---------+----+---+-----+-----+

    * DSP: 
    N/A

    * Memory: 
    N/A

    * FIFO: 
    N/A

    * Expression: 
    +------------------------+----------+----+---+-----+------------+------------+
    |      Variable Name     | Operation| DSP| FF| LUT | Bitwidth P0| Bitwidth P1|
    +------------------------+----------+----+---+-----+------------+------------+
    |add_ln168_fu_2362_p2    |         +|   0|  0|   15|           8|           1|
    |add_ln346_fu_2538_p2    |         +|   0|  0|   16|           9|           8|
    |result_V_2_fu_2620_p2   |         -|   0|  0|   39|           1|          32|
    |sub_ln1512_fu_2552_p2   |         -|   0|  0|   15|           7|           8|
    |and_ln32_fu_2467_p2     |       and|   0|  0|    2|           1|           1|
    |and_ln33_fu_2473_p2     |       and|   0|  0|    2|           1|           1|
    |icmp_ln168_fu_2356_p2   |      icmp|   0|  0|   11|           8|           9|
    |icmp_ln32_1_fu_2455_p2  |      icmp|   0|  0|   15|          23|           1|
    |icmp_ln32_fu_2449_p2    |      icmp|   0|  0|   11|           8|           2|
    |icmp_ln36_fu_2641_p2    |      icmp|   0|  0|   16|          26|           1|
    |r_V_fu_2578_p2          |      lshr|   0|  0|  242|          79|          79|
    |or_ln32_fu_2461_p2      |        or|   0|  0|    2|           1|           1|
    |idx_1_fu_2647_p3        |    select|   0|  0|   32|           1|           6|
    |result_V_fu_2625_p3     |    select|   0|  0|   32|           1|          32|
    |select_ln35_fu_2487_p3  |    select|   0|  0|   33|           1|          33|
    |ush_fu_2562_p3          |    select|   0|  0|    9|           1|           9|
    |val_fu_2612_p3          |    select|   0|  0|   32|           1|          32|
    |r_V_1_fu_2584_p2        |       shl|   0|  0|  242|          79|          79|
    |ap_enable_pp0           |       xor|   0|  0|    2|           1|           2|
    |xor_ln35_fu_2478_p2     |       xor|   0|  0|   33|          32|          33|
    +------------------------+----------+----+---+-----+------------+------------+
    |Total                   |          |   0|  0|  801|         289|         370|
    +------------------------+----------+----+---+-----+------------+------------+

    * Multiplexer: 
    +------------------------------------------+----+-----------+-----+-----------+
    |                   Name                   | LUT| Input Size| Bits| Total Bits|
    +------------------------------------------+----+-----------+-----+-----------+
    |ap_done_int                               |   9|          2|    1|          2|
    |ap_enable_reg_pp0_iter1                   |   9|          2|    1|          2|
    |ap_phi_mux_P_row_128_phi_fu_2298_p4       |   9|          2|   32|         64|
    |ap_phi_reg_pp0_iter12_P_row_128_reg_2294  |   9|          2|   32|         64|
    |ap_sig_allocacmp_j_1                      |   9|          2|    8|         16|
    |j_fu_760                                  |   9|          2|    8|         16|
    +------------------------------------------+----+-----------+-----+-----------+
    |Total                                     |  54|         12|   82|        164|
    +------------------------------------------+----+-----------+-----+-----------+

    * Register: 
    +------------------------------------------+----+----+-----+-----------+
    |                   Name                   | FF | LUT| Bits| Const Bits|
    +------------------------------------------+----+----+-----+-----------+
    |P_row_100_fu_1164                         |  32|   0|   32|          0|
    |P_row_101_fu_1168                         |  32|   0|   32|          0|
    |P_row_102_fu_1172                         |  32|   0|   32|          0|
    |P_row_103_fu_1176                         |  32|   0|   32|          0|
    |P_row_104_fu_1180                         |  32|   0|   32|          0|
    |P_row_105_fu_1184                         |  32|   0|   32|          0|
    |P_row_106_fu_1188                         |  32|   0|   32|          0|
    |P_row_107_fu_1192                         |  32|   0|   32|          0|
    |P_row_108_fu_1196                         |  32|   0|   32|          0|
    |P_row_109_fu_1200                         |  32|   0|   32|          0|
    |P_row_10_fu_804                           |  32|   0|   32|          0|
    |P_row_110_fu_1204                         |  32|   0|   32|          0|
    |P_row_111_fu_1208                         |  32|   0|   32|          0|
    |P_row_112_fu_1212                         |  32|   0|   32|          0|
    |P_row_113_fu_1216                         |  32|   0|   32|          0|
    |P_row_114_fu_1220                         |  32|   0|   32|          0|
    |P_row_115_fu_1224                         |  32|   0|   32|          0|
    |P_row_116_fu_1228                         |  32|   0|   32|          0|
    |P_row_117_fu_1232                         |  32|   0|   32|          0|
    |P_row_118_fu_1236                         |  32|   0|   32|          0|
    |P_row_119_fu_1240                         |  32|   0|   32|          0|
    |P_row_11_fu_808                           |  32|   0|   32|          0|
    |P_row_120_fu_1244                         |  32|   0|   32|          0|
    |P_row_121_fu_1248                         |  32|   0|   32|          0|
    |P_row_122_fu_1252                         |  32|   0|   32|          0|
    |P_row_123_fu_1256                         |  32|   0|   32|          0|
    |P_row_124_fu_1260                         |  32|   0|   32|          0|
    |P_row_125_fu_1264                         |  32|   0|   32|          0|
    |P_row_126_fu_1268                         |  32|   0|   32|          0|
    |P_row_127_fu_1272                         |  32|   0|   32|          0|
    |P_row_12_fu_812                           |  32|   0|   32|          0|
    |P_row_13_fu_816                           |  32|   0|   32|          0|
    |P_row_14_fu_820                           |  32|   0|   32|          0|
    |P_row_15_fu_824                           |  32|   0|   32|          0|
    |P_row_16_fu_828                           |  32|   0|   32|          0|
    |P_row_17_fu_832                           |  32|   0|   32|          0|
    |P_row_18_fu_836                           |  32|   0|   32|          0|
    |P_row_19_fu_840                           |  32|   0|   32|          0|
    |P_row_1_fu_768                            |  32|   0|   32|          0|
    |P_row_20_fu_844                           |  32|   0|   32|          0|
    |P_row_21_fu_848                           |  32|   0|   32|          0|
    |P_row_22_fu_852                           |  32|   0|   32|          0|
    |P_row_23_fu_856                           |  32|   0|   32|          0|
    |P_row_24_fu_860                           |  32|   0|   32|          0|
    |P_row_25_fu_864                           |  32|   0|   32|          0|
    |P_row_26_fu_868                           |  32|   0|   32|          0|
    |P_row_27_fu_872                           |  32|   0|   32|          0|
    |P_row_28_fu_876                           |  32|   0|   32|          0|
    |P_row_29_fu_880                           |  32|   0|   32|          0|
    |P_row_2_fu_772                            |  32|   0|   32|          0|
    |P_row_30_fu_884                           |  32|   0|   32|          0|
    |P_row_31_fu_888                           |  32|   0|   32|          0|
    |P_row_32_fu_892                           |  32|   0|   32|          0|
    |P_row_33_fu_896                           |  32|   0|   32|          0|
    |P_row_34_fu_900                           |  32|   0|   32|          0|
    |P_row_35_fu_904                           |  32|   0|   32|          0|
    |P_row_36_fu_908                           |  32|   0|   32|          0|
    |P_row_37_fu_912                           |  32|   0|   32|          0|
    |P_row_38_fu_916                           |  32|   0|   32|          0|
    |P_row_39_fu_920                           |  32|   0|   32|          0|
    |P_row_3_fu_776                            |  32|   0|   32|          0|
    |P_row_40_fu_924                           |  32|   0|   32|          0|
    |P_row_41_fu_928                           |  32|   0|   32|          0|
    |P_row_42_fu_932                           |  32|   0|   32|          0|
    |P_row_43_fu_936                           |  32|   0|   32|          0|
    |P_row_44_fu_940                           |  32|   0|   32|          0|
    |P_row_45_fu_944                           |  32|   0|   32|          0|
    |P_row_46_fu_948                           |  32|   0|   32|          0|
    |P_row_47_fu_952                           |  32|   0|   32|          0|
    |P_row_48_fu_956                           |  32|   0|   32|          0|
    |P_row_49_fu_960                           |  32|   0|   32|          0|
    |P_row_4_fu_780                            |  32|   0|   32|          0|
    |P_row_50_fu_964                           |  32|   0|   32|          0|
    |P_row_51_fu_968                           |  32|   0|   32|          0|
    |P_row_52_fu_972                           |  32|   0|   32|          0|
    |P_row_53_fu_976                           |  32|   0|   32|          0|
    |P_row_54_fu_980                           |  32|   0|   32|          0|
    |P_row_55_fu_984                           |  32|   0|   32|          0|
    |P_row_56_fu_988                           |  32|   0|   32|          0|
    |P_row_57_fu_992                           |  32|   0|   32|          0|
    |P_row_58_fu_996                           |  32|   0|   32|          0|
    |P_row_59_fu_1000                          |  32|   0|   32|          0|
    |P_row_5_fu_784                            |  32|   0|   32|          0|
    |P_row_60_fu_1004                          |  32|   0|   32|          0|
    |P_row_61_fu_1008                          |  32|   0|   32|          0|
    |P_row_62_fu_1012                          |  32|   0|   32|          0|
    |P_row_63_fu_1016                          |  32|   0|   32|          0|
    |P_row_64_fu_1020                          |  32|   0|   32|          0|
    |P_row_65_fu_1024                          |  32|   0|   32|          0|
    |P_row_66_fu_1028                          |  32|   0|   32|          0|
    |P_row_67_fu_1032                          |  32|   0|   32|          0|
    |P_row_68_fu_1036                          |  32|   0|   32|          0|
    |P_row_69_fu_1040                          |  32|   0|   32|          0|
    |P_row_6_fu_788                            |  32|   0|   32|          0|
    |P_row_70_fu_1044                          |  32|   0|   32|          0|
    |P_row_71_fu_1048                          |  32|   0|   32|          0|
    |P_row_72_fu_1052                          |  32|   0|   32|          0|
    |P_row_73_fu_1056                          |  32|   0|   32|          0|
    |P_row_74_fu_1060                          |  32|   0|   32|          0|
    |P_row_75_fu_1064                          |  32|   0|   32|          0|
    |P_row_76_fu_1068                          |  32|   0|   32|          0|
    |P_row_77_fu_1072                          |  32|   0|   32|          0|
    |P_row_78_fu_1076                          |  32|   0|   32|          0|
    |P_row_79_fu_1080                          |  32|   0|   32|          0|
    |P_row_7_fu_792                            |  32|   0|   32|          0|
    |P_row_80_fu_1084                          |  32|   0|   32|          0|
    |P_row_81_fu_1088                          |  32|   0|   32|          0|
    |P_row_82_fu_1092                          |  32|   0|   32|          0|
    |P_row_83_fu_1096                          |  32|   0|   32|          0|
    |P_row_84_fu_1100                          |  32|   0|   32|          0|
    |P_row_85_fu_1104                          |  32|   0|   32|          0|
    |P_row_86_fu_1108                          |  32|   0|   32|          0|
    |P_row_87_fu_1112                          |  32|   0|   32|          0|
    |P_row_88_fu_1116                          |  32|   0|   32|          0|
    |P_row_89_fu_1120                          |  32|   0|   32|          0|
    |P_row_8_fu_796                            |  32|   0|   32|          0|
    |P_row_90_fu_1124                          |  32|   0|   32|          0|
    |P_row_91_fu_1128                          |  32|   0|   32|          0|
    |P_row_92_fu_1132                          |  32|   0|   32|          0|
    |P_row_93_fu_1136                          |  32|   0|   32|          0|
    |P_row_94_fu_1140                          |  32|   0|   32|          0|
    |P_row_95_fu_1144                          |  32|   0|   32|          0|
    |P_row_96_fu_1148                          |  32|   0|   32|          0|
    |P_row_97_fu_1152                          |  32|   0|   32|          0|
    |P_row_98_fu_1156                          |  32|   0|   32|          0|
    |P_row_99_fu_1160                          |  32|   0|   32|          0|
    |P_row_9_fu_800                            |  32|   0|   32|          0|
    |P_row_fu_764                              |  32|   0|   32|          0|
    |add15_i_reg_5142                          |  32|   0|   32|          0|
    |and_ln32_reg_5059                         |   1|   0|    1|          0|
    |ap_CS_fsm                                 |   1|   0|    1|          0|
    |ap_done_reg                               |   1|   0|    1|          0|
    |ap_enable_reg_pp0_iter1                   |   1|   0|    1|          0|
    |ap_enable_reg_pp0_iter10                  |   1|   0|    1|          0|
    |ap_enable_reg_pp0_iter11                  |   1|   0|    1|          0|
    |ap_enable_reg_pp0_iter12                  |   1|   0|    1|          0|
    |ap_enable_reg_pp0_iter13                  |   1|   0|    1|          0|
    |ap_enable_reg_pp0_iter14                  |   1|   0|    1|          0|
    |ap_enable_reg_pp0_iter15                  |   1|   0|    1|          0|
    |ap_enable_reg_pp0_iter16                  |   1|   0|    1|          0|
    |ap_enable_reg_pp0_iter17                  |   1|   0|    1|          0|
    |ap_enable_reg_pp0_iter18                  |   1|   0|    1|          0|
    |ap_enable_reg_pp0_iter19                  |   1|   0|    1|          0|
    |ap_enable_reg_pp0_iter2                   |   1|   0|    1|          0|
    |ap_enable_reg_pp0_iter20                  |   1|   0|    1|          0|
    |ap_enable_reg_pp0_iter21                  |   1|   0|    1|          0|
    |ap_enable_reg_pp0_iter22                  |   1|   0|    1|          0|
    |ap_enable_reg_pp0_iter23                  |   1|   0|    1|          0|
    |ap_enable_reg_pp0_iter24                  |   1|   0|    1|          0|
    |ap_enable_reg_pp0_iter25                  |   1|   0|    1|          0|
    |ap_enable_reg_pp0_iter26                  |   1|   0|    1|          0|
    |ap_enable_reg_pp0_iter27                  |   1|   0|    1|          0|
    |ap_enable_reg_pp0_iter28                  |   1|   0|    1|          0|
    |ap_enable_reg_pp0_iter29                  |   1|   0|    1|          0|
    |ap_enable_reg_pp0_iter3                   |   1|   0|    1|          0|
    |ap_enable_reg_pp0_iter30                  |   1|   0|    1|          0|
    |ap_enable_reg_pp0_iter31                  |   1|   0|    1|          0|
    |ap_enable_reg_pp0_iter32                  |   1|   0|    1|          0|
    |ap_enable_reg_pp0_iter33                  |   1|   0|    1|          0|
    |ap_enable_reg_pp0_iter34                  |   1|   0|    1|          0|
    |ap_enable_reg_pp0_iter35                  |   1|   0|    1|          0|
    |ap_enable_reg_pp0_iter36                  |   1|   0|    1|          0|
    |ap_enable_reg_pp0_iter37                  |   1|   0|    1|          0|
    |ap_enable_reg_pp0_iter38                  |   1|   0|    1|          0|
    |ap_enable_reg_pp0_iter39                  |   1|   0|    1|          0|
    |ap_enable_reg_pp0_iter4                   |   1|   0|    1|          0|
    |ap_enable_reg_pp0_iter40                  |   1|   0|    1|          0|
    |ap_enable_reg_pp0_iter41                  |   1|   0|    1|          0|
    |ap_enable_reg_pp0_iter42                  |   1|   0|    1|          0|
    |ap_enable_reg_pp0_iter43                  |   1|   0|    1|          0|
    |ap_enable_reg_pp0_iter44                  |   1|   0|    1|          0|
    |ap_enable_reg_pp0_iter45                  |   1|   0|    1|          0|
    |ap_enable_reg_pp0_iter46                  |   1|   0|    1|          0|
    |ap_enable_reg_pp0_iter47                  |   1|   0|    1|          0|
    |ap_enable_reg_pp0_iter48                  |   1|   0|    1|          0|
    |ap_enable_reg_pp0_iter49                  |   1|   0|    1|          0|
    |ap_enable_reg_pp0_iter5                   |   1|   0|    1|          0|
    |ap_enable_reg_pp0_iter50                  |   1|   0|    1|          0|
    |ap_enable_reg_pp0_iter51                  |   1|   0|    1|          0|
    |ap_enable_reg_pp0_iter52                  |   1|   0|    1|          0|
    |ap_enable_reg_pp0_iter53                  |   1|   0|    1|          0|
    |ap_enable_reg_pp0_iter54                  |   1|   0|    1|          0|
    |ap_enable_reg_pp0_iter55                  |   1|   0|    1|          0|
    |ap_enable_reg_pp0_iter56                  |   1|   0|    1|          0|
    |ap_enable_reg_pp0_iter57                  |   1|   0|    1|          0|
    |ap_enable_reg_pp0_iter58                  |   1|   0|    1|          0|
    |ap_enable_reg_pp0_iter59                  |   1|   0|    1|          0|
    |ap_enable_reg_pp0_iter6                   |   1|   0|    1|          0|
    |ap_enable_reg_pp0_iter60                  |   1|   0|    1|          0|
    |ap_enable_reg_pp0_iter61                  |   1|   0|    1|          0|
    |ap_enable_reg_pp0_iter7                   |   1|   0|    1|          0|
    |ap_enable_reg_pp0_iter8                   |   1|   0|    1|          0|
    |ap_enable_reg_pp0_iter9                   |   1|   0|    1|          0|
    |ap_loop_exit_ready_pp0_iter10_reg         |   1|   0|    1|          0|
    |ap_loop_exit_ready_pp0_iter11_reg         |   1|   0|    1|          0|
    |ap_loop_exit_ready_pp0_iter12_reg         |   1|   0|    1|          0|
    |ap_loop_exit_ready_pp0_iter13_reg         |   1|   0|    1|          0|
    |ap_loop_exit_ready_pp0_iter14_reg         |   1|   0|    1|          0|
    |ap_loop_exit_ready_pp0_iter15_reg         |   1|   0|    1|          0|
    |ap_loop_exit_ready_pp0_iter16_reg         |   1|   0|    1|          0|
    |ap_loop_exit_ready_pp0_iter17_reg         |   1|   0|    1|          0|
    |ap_loop_exit_ready_pp0_iter18_reg         |   1|   0|    1|          0|
    |ap_loop_exit_ready_pp0_iter19_reg         |   1|   0|    1|          0|
    |ap_loop_exit_ready_pp0_iter1_reg          |   1|   0|    1|          0|
    |ap_loop_exit_ready_pp0_iter20_reg         |   1|   0|    1|          0|
    |ap_loop_exit_ready_pp0_iter21_reg         |   1|   0|    1|          0|
    |ap_loop_exit_ready_pp0_iter22_reg         |   1|   0|    1|          0|
    |ap_loop_exit_ready_pp0_iter23_reg         |   1|   0|    1|          0|
    |ap_loop_exit_ready_pp0_iter24_reg         |   1|   0|    1|          0|
    |ap_loop_exit_ready_pp0_iter25_reg         |   1|   0|    1|          0|
    |ap_loop_exit_ready_pp0_iter26_reg         |   1|   0|    1|          0|
    |ap_loop_exit_ready_pp0_iter27_reg         |   1|   0|    1|          0|
    |ap_loop_exit_ready_pp0_iter28_reg         |   1|   0|    1|          0|
    |ap_loop_exit_ready_pp0_iter29_reg         |   1|   0|    1|          0|
    |ap_loop_exit_ready_pp0_iter2_reg          |   1|   0|    1|          0|
    |ap_loop_exit_ready_pp0_iter30_reg         |   1|   0|    1|          0|
    |ap_loop_exit_ready_pp0_iter31_reg         |   1|   0|    1|          0|
    |ap_loop_exit_ready_pp0_iter32_reg         |   1|   0|    1|          0|
    |ap_loop_exit_ready_pp0_iter33_reg         |   1|   0|    1|          0|
    |ap_loop_exit_ready_pp0_iter34_reg         |   1|   0|    1|          0|
    |ap_loop_exit_ready_pp0_iter35_reg         |   1|   0|    1|          0|
    |ap_loop_exit_ready_pp0_iter36_reg         |   1|   0|    1|          0|
    |ap_loop_exit_ready_pp0_iter37_reg         |   1|   0|    1|          0|
    |ap_loop_exit_ready_pp0_iter38_reg         |   1|   0|    1|          0|
    |ap_loop_exit_ready_pp0_iter39_reg         |   1|   0|    1|          0|
    |ap_loop_exit_ready_pp0_iter3_reg          |   1|   0|    1|          0|
    |ap_loop_exit_ready_pp0_iter40_reg         |   1|   0|    1|          0|
    |ap_loop_exit_ready_pp0_iter41_reg         |   1|   0|    1|          0|
    |ap_loop_exit_ready_pp0_iter42_reg         |   1|   0|    1|          0|
    |ap_loop_exit_ready_pp0_iter43_reg         |   1|   0|    1|          0|
    |ap_loop_exit_ready_pp0_iter44_reg         |   1|   0|    1|          0|
    |ap_loop_exit_ready_pp0_iter45_reg         |   1|   0|    1|          0|
    |ap_loop_exit_ready_pp0_iter46_reg         |   1|   0|    1|          0|
    |ap_loop_exit_ready_pp0_iter47_reg         |   1|   0|    1|          0|
    |ap_loop_exit_ready_pp0_iter48_reg         |   1|   0|    1|          0|
    |ap_loop_exit_ready_pp0_iter49_reg         |   1|   0|    1|          0|
    |ap_loop_exit_ready_pp0_iter4_reg          |   1|   0|    1|          0|
    |ap_loop_exit_ready_pp0_iter50_reg         |   1|   0|    1|          0|
    |ap_loop_exit_ready_pp0_iter51_reg         |   1|   0|    1|          0|
    |ap_loop_exit_ready_pp0_iter52_reg         |   1|   0|    1|          0|
    |ap_loop_exit_ready_pp0_iter53_reg         |   1|   0|    1|          0|
    |ap_loop_exit_ready_pp0_iter54_reg         |   1|   0|    1|          0|
    |ap_loop_exit_ready_pp0_iter55_reg         |   1|   0|    1|          0|
    |ap_loop_exit_ready_pp0_iter56_reg         |   1|   0|    1|          0|
    |ap_loop_exit_ready_pp0_iter57_reg         |   1|   0|    1|          0|
    |ap_loop_exit_ready_pp0_iter58_reg         |   1|   0|    1|          0|
    |ap_loop_exit_ready_pp0_iter59_reg         |   1|   0|    1|          0|
    |ap_loop_exit_ready_pp0_iter5_reg          |   1|   0|    1|          0|
    |ap_loop_exit_ready_pp0_iter60_reg         |   1|   0|    1|          0|
    |ap_loop_exit_ready_pp0_iter6_reg          |   1|   0|    1|          0|
    |ap_loop_exit_ready_pp0_iter7_reg          |   1|   0|    1|          0|
    |ap_loop_exit_ready_pp0_iter8_reg          |   1|   0|    1|          0|
    |ap_loop_exit_ready_pp0_iter9_reg          |   1|   0|    1|          0|
    |ap_phi_reg_pp0_iter10_P_row_128_reg_2294  |  32|   0|   32|          0|
    |ap_phi_reg_pp0_iter11_P_row_128_reg_2294  |  32|   0|   32|          0|
    |ap_phi_reg_pp0_iter12_P_row_128_reg_2294  |  32|   0|   32|          0|
    |ap_phi_reg_pp0_iter13_P_row_128_reg_2294  |  32|   0|   32|          0|
    |ap_phi_reg_pp0_iter14_P_row_128_reg_2294  |  32|   0|   32|          0|
    |ap_phi_reg_pp0_iter15_P_row_128_reg_2294  |  32|   0|   32|          0|
    |ap_phi_reg_pp0_iter16_P_row_128_reg_2294  |  32|   0|   32|          0|
    |ap_phi_reg_pp0_iter17_P_row_128_reg_2294  |  32|   0|   32|          0|
    |ap_phi_reg_pp0_iter18_P_row_128_reg_2294  |  32|   0|   32|          0|
    |ap_phi_reg_pp0_iter19_P_row_128_reg_2294  |  32|   0|   32|          0|
    |ap_phi_reg_pp0_iter1_P_row_128_reg_2294   |  32|   0|   32|          0|
    |ap_phi_reg_pp0_iter20_P_row_128_reg_2294  |  32|   0|   32|          0|
    |ap_phi_reg_pp0_iter21_P_row_128_reg_2294  |  32|   0|   32|          0|
    |ap_phi_reg_pp0_iter22_P_row_128_reg_2294  |  32|   0|   32|          0|
    |ap_phi_reg_pp0_iter23_P_row_128_reg_2294  |  32|   0|   32|          0|
    |ap_phi_reg_pp0_iter24_P_row_128_reg_2294  |  32|   0|   32|          0|
    |ap_phi_reg_pp0_iter25_P_row_128_reg_2294  |  32|   0|   32|          0|
    |ap_phi_reg_pp0_iter26_P_row_128_reg_2294  |  32|   0|   32|          0|
    |ap_phi_reg_pp0_iter27_P_row_128_reg_2294  |  32|   0|   32|          0|
    |ap_phi_reg_pp0_iter28_P_row_128_reg_2294  |  32|   0|   32|          0|
    |ap_phi_reg_pp0_iter29_P_row_128_reg_2294  |  32|   0|   32|          0|
    |ap_phi_reg_pp0_iter2_P_row_128_reg_2294   |  32|   0|   32|          0|
    |ap_phi_reg_pp0_iter30_P_row_128_reg_2294  |  32|   0|   32|          0|
    |ap_phi_reg_pp0_iter31_P_row_128_reg_2294  |  32|   0|   32|          0|
    |ap_phi_reg_pp0_iter32_P_row_128_reg_2294  |  32|   0|   32|          0|
    |ap_phi_reg_pp0_iter33_P_row_128_reg_2294  |  32|   0|   32|          0|
    |ap_phi_reg_pp0_iter34_P_row_128_reg_2294  |  32|   0|   32|          0|
    |ap_phi_reg_pp0_iter35_P_row_128_reg_2294  |  32|   0|   32|          0|
    |ap_phi_reg_pp0_iter36_P_row_128_reg_2294  |  32|   0|   32|          0|
    |ap_phi_reg_pp0_iter37_P_row_128_reg_2294  |  32|   0|   32|          0|
    |ap_phi_reg_pp0_iter38_P_row_128_reg_2294  |  32|   0|   32|          0|
    |ap_phi_reg_pp0_iter39_P_row_128_reg_2294  |  32|   0|   32|          0|
    |ap_phi_reg_pp0_iter3_P_row_128_reg_2294   |  32|   0|   32|          0|
    |ap_phi_reg_pp0_iter40_P_row_128_reg_2294  |  32|   0|   32|          0|
    |ap_phi_reg_pp0_iter41_P_row_128_reg_2294  |  32|   0|   32|          0|
    |ap_phi_reg_pp0_iter42_P_row_128_reg_2294  |  32|   0|   32|          0|
    |ap_phi_reg_pp0_iter43_P_row_128_reg_2294  |  32|   0|   32|          0|
    |ap_phi_reg_pp0_iter44_P_row_128_reg_2294  |  32|   0|   32|          0|
    |ap_phi_reg_pp0_iter45_P_row_128_reg_2294  |  32|   0|   32|          0|
    |ap_phi_reg_pp0_iter46_P_row_128_reg_2294  |  32|   0|   32|          0|
    |ap_phi_reg_pp0_iter47_P_row_128_reg_2294  |  32|   0|   32|          0|
    |ap_phi_reg_pp0_iter48_P_row_128_reg_2294  |  32|   0|   32|          0|
    |ap_phi_reg_pp0_iter49_P_row_128_reg_2294  |  32|   0|   32|          0|
    |ap_phi_reg_pp0_iter4_P_row_128_reg_2294   |  32|   0|   32|          0|
    |ap_phi_reg_pp0_iter50_P_row_128_reg_2294  |  32|   0|   32|          0|
    |ap_phi_reg_pp0_iter51_P_row_128_reg_2294  |  32|   0|   32|          0|
    |ap_phi_reg_pp0_iter52_P_row_128_reg_2294  |  32|   0|   32|          0|
    |ap_phi_reg_pp0_iter53_P_row_128_reg_2294  |  32|   0|   32|          0|
    |ap_phi_reg_pp0_iter54_P_row_128_reg_2294  |  32|   0|   32|          0|
    |ap_phi_reg_pp0_iter55_P_row_128_reg_2294  |  32|   0|   32|          0|
    |ap_phi_reg_pp0_iter56_P_row_128_reg_2294  |  32|   0|   32|          0|
    |ap_phi_reg_pp0_iter57_P_row_128_reg_2294  |  32|   0|   32|          0|
    |ap_phi_reg_pp0_iter58_P_row_128_reg_2294  |  32|   0|   32|          0|
    |ap_phi_reg_pp0_iter59_P_row_128_reg_2294  |  32|   0|   32|          0|
    |ap_phi_reg_pp0_iter5_P_row_128_reg_2294   |  32|   0|   32|          0|
    |ap_phi_reg_pp0_iter60_P_row_128_reg_2294  |  32|   0|   32|          0|
    |ap_phi_reg_pp0_iter61_P_row_128_reg_2294  |  32|   0|   32|          0|
    |ap_phi_reg_pp0_iter6_P_row_128_reg_2294   |  32|   0|   32|          0|
    |ap_phi_reg_pp0_iter7_P_row_128_reg_2294   |  32|   0|   32|          0|
    |ap_phi_reg_pp0_iter8_P_row_128_reg_2294   |  32|   0|   32|          0|
    |ap_phi_reg_pp0_iter9_P_row_128_reg_2294   |  32|   0|   32|          0|
    |bitcast_ln32_reg_5049                     |  32|   0|   32|          0|
    |conv9_i_reg_5106                          |  32|   0|   32|          0|
    |dc_reg_5068                               |  32|   0|   32|          0|
    |frac_reg_5111                             |  32|   0|   32|          0|
    |icmp_ln168_reg_4984                       |   1|   0|    1|          0|
    |icmp_ln36_reg_5090                        |   1|   0|    1|          0|
    |idx_1_reg_5095                            |  32|   0|   32|          0|
    |j_fu_760                                  |   8|   0|    8|          0|
    |mul14_i_reg_5122                          |  32|   0|   32|          0|
    |mul_i_reg_5137                            |  32|   0|   32|          0|
    |or_ln32_reg_5054                          |   1|   0|    1|          0|
    |p_Result_s_reg_5074                       |   1|   0|    1|          0|
    |result_V_reg_5085                         |  32|   0|   32|          0|
    |select_ln35_reg_5063                      |  32|   0|   32|          0|
    |sub11_i_reg_5132                          |  32|   0|   32|          0|
    |tmp_4_reg_5037                            |  32|   0|   32|          0|
    |tmp_5_reg_5127                            |  32|   0|   32|          0|
    |tmp_6_reg_5117                            |  32|   0|   32|          0|
    |trunc_ln168_1_reg_4992                    |   3|   0|    3|          0|
    |trunc_ln168_reg_4988                      |   7|   0|    7|          0|
    |trunc_ln35_reg_5101                       |   7|   0|    7|          0|
    |val_reg_5079                              |  32|   0|   32|          0|
    |x_assign_2_reg_5042                       |  32|   0|   32|          0|
    |and_ln32_reg_5059                         |  64|  32|    1|          0|
    |dc_reg_5068                               |  64|  32|   32|          0|
    |icmp_ln168_reg_4984                       |  64|  32|    1|          0|
    |idx_1_reg_5095                            |  64|  32|   32|          0|
    |mul14_i_reg_5122                          |  64|  32|   32|          0|
    |trunc_ln168_reg_4988                      |  64|  32|    7|          0|
    |trunc_ln35_reg_5101                       |  64|  32|    7|          0|
    |x_assign_2_reg_5042                       |  64|  32|   32|          0|
    +------------------------------------------+----+----+-----+-----------+
    |Total                                     |7225| 256| 6857|          0|
    +------------------------------------------+----+----+-----+-----------+



================================================================
== Interface
================================================================
* Summary: 
+-----------------------+-----+-----+------------+--------------------------------------------------+--------------+
|       RTL Ports       | Dir | Bits|  Protocol  |                   Source Object                  |    C Type    |
+-----------------------+-----+-----+------------+--------------------------------------------------+--------------+
|ap_clk                 |   in|    1|  ap_ctrl_hs|  attention_int8_kernel_Pipeline_VITIS_LOOP_168_14|  return value|
|ap_rst                 |   in|    1|  ap_ctrl_hs|  attention_int8_kernel_Pipeline_VITIS_LOOP_168_14|  return value|
|ap_start               |   in|    1|  ap_ctrl_hs|  attention_int8_kernel_Pipeline_VITIS_LOOP_168_14|  return value|
|ap_done                |  out|    1|  ap_ctrl_hs|  attention_int8_kernel_Pipeline_VITIS_LOOP_168_14|  return value|
|ap_idle                |  out|    1|  ap_ctrl_hs|  attention_int8_kernel_Pipeline_VITIS_LOOP_168_14|  return value|
|ap_ready               |  out|    1|  ap_ctrl_hs|  attention_int8_kernel_Pipeline_VITIS_LOOP_168_14|  return value|
|grp_fu_2914_p_din0     |  out|   32|  ap_ctrl_hs|  attention_int8_kernel_Pipeline_VITIS_LOOP_168_14|  return value|
|grp_fu_2914_p_din1     |  out|   32|  ap_ctrl_hs|  attention_int8_kernel_Pipeline_VITIS_LOOP_168_14|  return value|
|grp_fu_2914_p_opcode   |  out|    1|  ap_ctrl_hs|  attention_int8_kernel_Pipeline_VITIS_LOOP_168_14|  return value|
|grp_fu_2914_p_dout0    |   in|   32|  ap_ctrl_hs|  attention_int8_kernel_Pipeline_VITIS_LOOP_168_14|  return value|
|grp_fu_2914_p_ce       |  out|    1|  ap_ctrl_hs|  attention_int8_kernel_Pipeline_VITIS_LOOP_168_14|  return value|
|grp_fu_2915_p_din0     |  out|   32|  ap_ctrl_hs|  attention_int8_kernel_Pipeline_VITIS_LOOP_168_14|  return value|
|grp_fu_2915_p_din1     |  out|   32|  ap_ctrl_hs|  attention_int8_kernel_Pipeline_VITIS_LOOP_168_14|  return value|
|grp_fu_2915_p_opcode   |  out|    1|  ap_ctrl_hs|  attention_int8_kernel_Pipeline_VITIS_LOOP_168_14|  return value|
|grp_fu_2915_p_dout0    |   in|   32|  ap_ctrl_hs|  attention_int8_kernel_Pipeline_VITIS_LOOP_168_14|  return value|
|grp_fu_2915_p_ce       |  out|    1|  ap_ctrl_hs|  attention_int8_kernel_Pipeline_VITIS_LOOP_168_14|  return value|
|grp_fu_2916_p_din0     |  out|   32|  ap_ctrl_hs|  attention_int8_kernel_Pipeline_VITIS_LOOP_168_14|  return value|
|grp_fu_2916_p_din1     |  out|   32|  ap_ctrl_hs|  attention_int8_kernel_Pipeline_VITIS_LOOP_168_14|  return value|
|grp_fu_2916_p_opcode   |  out|    1|  ap_ctrl_hs|  attention_int8_kernel_Pipeline_VITIS_LOOP_168_14|  return value|
|grp_fu_2916_p_dout0    |   in|   32|  ap_ctrl_hs|  attention_int8_kernel_Pipeline_VITIS_LOOP_168_14|  return value|
|grp_fu_2916_p_ce       |  out|    1|  ap_ctrl_hs|  attention_int8_kernel_Pipeline_VITIS_LOOP_168_14|  return value|
|grp_fu_2917_p_din0     |  out|   32|  ap_ctrl_hs|  attention_int8_kernel_Pipeline_VITIS_LOOP_168_14|  return value|
|grp_fu_2917_p_din1     |  out|   32|  ap_ctrl_hs|  attention_int8_kernel_Pipeline_VITIS_LOOP_168_14|  return value|
|grp_fu_2917_p_opcode   |  out|    2|  ap_ctrl_hs|  attention_int8_kernel_Pipeline_VITIS_LOOP_168_14|  return value|
|grp_fu_2917_p_dout0    |   in|   32|  ap_ctrl_hs|  attention_int8_kernel_Pipeline_VITIS_LOOP_168_14|  return value|
|grp_fu_2917_p_ce       |  out|    1|  ap_ctrl_hs|  attention_int8_kernel_Pipeline_VITIS_LOOP_168_14|  return value|
|grp_fu_5058_p_din0     |  out|   32|  ap_ctrl_hs|  attention_int8_kernel_Pipeline_VITIS_LOOP_168_14|  return value|
|grp_fu_5058_p_din1     |  out|   32|  ap_ctrl_hs|  attention_int8_kernel_Pipeline_VITIS_LOOP_168_14|  return value|
|grp_fu_5058_p_dout0    |   in|   32|  ap_ctrl_hs|  attention_int8_kernel_Pipeline_VITIS_LOOP_168_14|  return value|
|grp_fu_5058_p_ce       |  out|    1|  ap_ctrl_hs|  attention_int8_kernel_Pipeline_VITIS_LOOP_168_14|  return value|
|grp_fu_5453_p_din0     |  out|   32|  ap_ctrl_hs|  attention_int8_kernel_Pipeline_VITIS_LOOP_168_14|  return value|
|grp_fu_5453_p_din1     |  out|   32|  ap_ctrl_hs|  attention_int8_kernel_Pipeline_VITIS_LOOP_168_14|  return value|
|grp_fu_5453_p_dout0    |   in|   32|  ap_ctrl_hs|  attention_int8_kernel_Pipeline_VITIS_LOOP_168_14|  return value|
|grp_fu_5453_p_ce       |  out|    1|  ap_ctrl_hs|  attention_int8_kernel_Pipeline_VITIS_LOOP_168_14|  return value|
|grp_fu_7182_p_din0     |  out|   32|  ap_ctrl_hs|  attention_int8_kernel_Pipeline_VITIS_LOOP_168_14|  return value|
|grp_fu_7182_p_din1     |  out|   32|  ap_ctrl_hs|  attention_int8_kernel_Pipeline_VITIS_LOOP_168_14|  return value|
|grp_fu_7182_p_dout0    |   in|   32|  ap_ctrl_hs|  attention_int8_kernel_Pipeline_VITIS_LOOP_168_14|  return value|
|grp_fu_7182_p_ce       |  out|    1|  ap_ctrl_hs|  attention_int8_kernel_Pipeline_VITIS_LOOP_168_14|  return value|
|grp_fu_7187_p_din0     |  out|   32|  ap_ctrl_hs|  attention_int8_kernel_Pipeline_VITIS_LOOP_168_14|  return value|
|grp_fu_7187_p_dout0    |   in|   32|  ap_ctrl_hs|  attention_int8_kernel_Pipeline_VITIS_LOOP_168_14|  return value|
|grp_fu_7187_p_ce       |  out|    1|  ap_ctrl_hs|  attention_int8_kernel_Pipeline_VITIS_LOOP_168_14|  return value|
|grp_fu_11425_p_din0    |  out|   32|  ap_ctrl_hs|  attention_int8_kernel_Pipeline_VITIS_LOOP_168_14|  return value|
|grp_fu_11425_p_din1    |  out|   32|  ap_ctrl_hs|  attention_int8_kernel_Pipeline_VITIS_LOOP_168_14|  return value|
|grp_fu_11425_p_opcode  |  out|    5|  ap_ctrl_hs|  attention_int8_kernel_Pipeline_VITIS_LOOP_168_14|  return value|
|grp_fu_11425_p_dout0   |   in|    1|  ap_ctrl_hs|  attention_int8_kernel_Pipeline_VITIS_LOOP_168_14|  return value|
|grp_fu_11425_p_ce      |  out|    1|  ap_ctrl_hs|  attention_int8_kernel_Pipeline_VITIS_LOOP_168_14|  return value|
|grp_fu_7190_p_din0     |  out|   32|  ap_ctrl_hs|  attention_int8_kernel_Pipeline_VITIS_LOOP_168_14|  return value|
|grp_fu_7190_p_din1     |  out|   32|  ap_ctrl_hs|  attention_int8_kernel_Pipeline_VITIS_LOOP_168_14|  return value|
|grp_fu_7190_p_opcode   |  out|    5|  ap_ctrl_hs|  attention_int8_kernel_Pipeline_VITIS_LOOP_168_14|  return value|
|grp_fu_7190_p_dout0    |   in|    1|  ap_ctrl_hs|  attention_int8_kernel_Pipeline_VITIS_LOOP_168_14|  return value|
|grp_fu_7190_p_ce       |  out|    1|  ap_ctrl_hs|  attention_int8_kernel_Pipeline_VITIS_LOOP_168_14|  return value|
|i_3                    |   in|    3|     ap_none|                                               i_3|        scalar|
|trunc_ln187            |   in|    3|     ap_none|                                       trunc_ln187|        scalar|
|scores_address0        |  out|    7|   ap_memory|                                            scores|         array|
|scores_ce0             |  out|    1|   ap_memory|                                            scores|         array|
|scores_q0              |   in|   32|   ap_memory|                                            scores|         array|
|scores_1_address0      |  out|    7|   ap_memory|                                          scores_1|         array|
|scores_1_ce0           |  out|    1|   ap_memory|                                          scores_1|         array|
|scores_1_q0            |   in|   32|   ap_memory|                                          scores_1|         array|
|scores_2_address0      |  out|    7|   ap_memory|                                          scores_2|         array|
|scores_2_ce0           |  out|    1|   ap_memory|                                          scores_2|         array|
|scores_2_q0            |   in|   32|   ap_memory|                                          scores_2|         array|
|scores_3_address0      |  out|    7|   ap_memory|                                          scores_3|         array|
|scores_3_ce0           |  out|    1|   ap_memory|                                          scores_3|         array|
|scores_3_q0            |   in|   32|   ap_memory|                                          scores_3|         array|
|scores_4_address0      |  out|    7|   ap_memory|                                          scores_4|         array|
|scores_4_ce0           |  out|    1|   ap_memory|                                          scores_4|         array|
|scores_4_q0            |   in|   32|   ap_memory|                                          scores_4|         array|
|scores_5_address0      |  out|    7|   ap_memory|                                          scores_5|         array|
|scores_5_ce0           |  out|    1|   ap_memory|                                          scores_5|         array|
|scores_5_q0            |   in|   32|   ap_memory|                                          scores_5|         array|
|scores_6_address0      |  out|    7|   ap_memory|                                          scores_6|         array|
|scores_6_ce0           |  out|    1|   ap_memory|                                          scores_6|         array|
|scores_6_q0            |   in|   32|   ap_memory|                                          scores_6|         array|
|scores_7_address0      |  out|    7|   ap_memory|                                          scores_7|         array|
|scores_7_ce0           |  out|    1|   ap_memory|                                          scores_7|         array|
|scores_7_q0            |   in|   32|   ap_memory|                                          scores_7|         array|
|m_new                  |   in|   32|     ap_none|                                             m_new|        scalar|
|P_row_127_out          |  out|   32|      ap_vld|                                     P_row_127_out|       pointer|
|P_row_127_out_ap_vld   |  out|    1|      ap_vld|                                     P_row_127_out|       pointer|
|P_row_126_out          |  out|   32|      ap_vld|                                     P_row_126_out|       pointer|
|P_row_126_out_ap_vld   |  out|    1|      ap_vld|                                     P_row_126_out|       pointer|
|P_row_125_out          |  out|   32|      ap_vld|                                     P_row_125_out|       pointer|
|P_row_125_out_ap_vld   |  out|    1|      ap_vld|                                     P_row_125_out|       pointer|
|P_row_124_out          |  out|   32|      ap_vld|                                     P_row_124_out|       pointer|
|P_row_124_out_ap_vld   |  out|    1|      ap_vld|                                     P_row_124_out|       pointer|
|P_row_123_out          |  out|   32|      ap_vld|                                     P_row_123_out|       pointer|
|P_row_123_out_ap_vld   |  out|    1|      ap_vld|                                     P_row_123_out|       pointer|
|P_row_122_out          |  out|   32|      ap_vld|                                     P_row_122_out|       pointer|
|P_row_122_out_ap_vld   |  out|    1|      ap_vld|                                     P_row_122_out|       pointer|
|P_row_121_out          |  out|   32|      ap_vld|                                     P_row_121_out|       pointer|
|P_row_121_out_ap_vld   |  out|    1|      ap_vld|                                     P_row_121_out|       pointer|
|P_row_120_out          |  out|   32|      ap_vld|                                     P_row_120_out|       pointer|
|P_row_120_out_ap_vld   |  out|    1|      ap_vld|                                     P_row_120_out|       pointer|
|P_row_119_out          |  out|   32|      ap_vld|                                     P_row_119_out|       pointer|
|P_row_119_out_ap_vld   |  out|    1|      ap_vld|                                     P_row_119_out|       pointer|
|P_row_118_out          |  out|   32|      ap_vld|                                     P_row_118_out|       pointer|
|P_row_118_out_ap_vld   |  out|    1|      ap_vld|                                     P_row_118_out|       pointer|
|P_row_117_out          |  out|   32|      ap_vld|                                     P_row_117_out|       pointer|
|P_row_117_out_ap_vld   |  out|    1|      ap_vld|                                     P_row_117_out|       pointer|
|P_row_116_out          |  out|   32|      ap_vld|                                     P_row_116_out|       pointer|
|P_row_116_out_ap_vld   |  out|    1|      ap_vld|                                     P_row_116_out|       pointer|
|P_row_115_out          |  out|   32|      ap_vld|                                     P_row_115_out|       pointer|
|P_row_115_out_ap_vld   |  out|    1|      ap_vld|                                     P_row_115_out|       pointer|
|P_row_114_out          |  out|   32|      ap_vld|                                     P_row_114_out|       pointer|
|P_row_114_out_ap_vld   |  out|    1|      ap_vld|                                     P_row_114_out|       pointer|
|P_row_113_out          |  out|   32|      ap_vld|                                     P_row_113_out|       pointer|
|P_row_113_out_ap_vld   |  out|    1|      ap_vld|                                     P_row_113_out|       pointer|
|P_row_112_out          |  out|   32|      ap_vld|                                     P_row_112_out|       pointer|
|P_row_112_out_ap_vld   |  out|    1|      ap_vld|                                     P_row_112_out|       pointer|
|P_row_111_out          |  out|   32|      ap_vld|                                     P_row_111_out|       pointer|
|P_row_111_out_ap_vld   |  out|    1|      ap_vld|                                     P_row_111_out|       pointer|
|P_row_110_out          |  out|   32|      ap_vld|                                     P_row_110_out|       pointer|
|P_row_110_out_ap_vld   |  out|    1|      ap_vld|                                     P_row_110_out|       pointer|
|P_row_109_out          |  out|   32|      ap_vld|                                     P_row_109_out|       pointer|
|P_row_109_out_ap_vld   |  out|    1|      ap_vld|                                     P_row_109_out|       pointer|
|P_row_108_out          |  out|   32|      ap_vld|                                     P_row_108_out|       pointer|
|P_row_108_out_ap_vld   |  out|    1|      ap_vld|                                     P_row_108_out|       pointer|
|P_row_107_out          |  out|   32|      ap_vld|                                     P_row_107_out|       pointer|
|P_row_107_out_ap_vld   |  out|    1|      ap_vld|                                     P_row_107_out|       pointer|
|P_row_106_out          |  out|   32|      ap_vld|                                     P_row_106_out|       pointer|
|P_row_106_out_ap_vld   |  out|    1|      ap_vld|                                     P_row_106_out|       pointer|
|P_row_105_out          |  out|   32|      ap_vld|                                     P_row_105_out|       pointer|
|P_row_105_out_ap_vld   |  out|    1|      ap_vld|                                     P_row_105_out|       pointer|
|P_row_104_out          |  out|   32|      ap_vld|                                     P_row_104_out|       pointer|
|P_row_104_out_ap_vld   |  out|    1|      ap_vld|                                     P_row_104_out|       pointer|
|P_row_103_out          |  out|   32|      ap_vld|                                     P_row_103_out|       pointer|
|P_row_103_out_ap_vld   |  out|    1|      ap_vld|                                     P_row_103_out|       pointer|
|P_row_102_out          |  out|   32|      ap_vld|                                     P_row_102_out|       pointer|
|P_row_102_out_ap_vld   |  out|    1|      ap_vld|                                     P_row_102_out|       pointer|
|P_row_101_out          |  out|   32|      ap_vld|                                     P_row_101_out|       pointer|
|P_row_101_out_ap_vld   |  out|    1|      ap_vld|                                     P_row_101_out|       pointer|
|P_row_100_out          |  out|   32|      ap_vld|                                     P_row_100_out|       pointer|
|P_row_100_out_ap_vld   |  out|    1|      ap_vld|                                     P_row_100_out|       pointer|
|P_row_99_out           |  out|   32|      ap_vld|                                      P_row_99_out|       pointer|
|P_row_99_out_ap_vld    |  out|    1|      ap_vld|                                      P_row_99_out|       pointer|
|P_row_98_out           |  out|   32|      ap_vld|                                      P_row_98_out|       pointer|
|P_row_98_out_ap_vld    |  out|    1|      ap_vld|                                      P_row_98_out|       pointer|
|P_row_97_out           |  out|   32|      ap_vld|                                      P_row_97_out|       pointer|
|P_row_97_out_ap_vld    |  out|    1|      ap_vld|                                      P_row_97_out|       pointer|
|P_row_96_out           |  out|   32|      ap_vld|                                      P_row_96_out|       pointer|
|P_row_96_out_ap_vld    |  out|    1|      ap_vld|                                      P_row_96_out|       pointer|
|P_row_95_out           |  out|   32|      ap_vld|                                      P_row_95_out|       pointer|
|P_row_95_out_ap_vld    |  out|    1|      ap_vld|                                      P_row_95_out|       pointer|
|P_row_94_out           |  out|   32|      ap_vld|                                      P_row_94_out|       pointer|
|P_row_94_out_ap_vld    |  out|    1|      ap_vld|                                      P_row_94_out|       pointer|
|P_row_93_out           |  out|   32|      ap_vld|                                      P_row_93_out|       pointer|
|P_row_93_out_ap_vld    |  out|    1|      ap_vld|                                      P_row_93_out|       pointer|
|P_row_92_out           |  out|   32|      ap_vld|                                      P_row_92_out|       pointer|
|P_row_92_out_ap_vld    |  out|    1|      ap_vld|                                      P_row_92_out|       pointer|
|P_row_91_out           |  out|   32|      ap_vld|                                      P_row_91_out|       pointer|
|P_row_91_out_ap_vld    |  out|    1|      ap_vld|                                      P_row_91_out|       pointer|
|P_row_90_out           |  out|   32|      ap_vld|                                      P_row_90_out|       pointer|
|P_row_90_out_ap_vld    |  out|    1|      ap_vld|                                      P_row_90_out|       pointer|
|P_row_89_out           |  out|   32|      ap_vld|                                      P_row_89_out|       pointer|
|P_row_89_out_ap_vld    |  out|    1|      ap_vld|                                      P_row_89_out|       pointer|
|P_row_88_out           |  out|   32|      ap_vld|                                      P_row_88_out|       pointer|
|P_row_88_out_ap_vld    |  out|    1|      ap_vld|                                      P_row_88_out|       pointer|
|P_row_87_out           |  out|   32|      ap_vld|                                      P_row_87_out|       pointer|
|P_row_87_out_ap_vld    |  out|    1|      ap_vld|                                      P_row_87_out|       pointer|
|P_row_86_out           |  out|   32|      ap_vld|                                      P_row_86_out|       pointer|
|P_row_86_out_ap_vld    |  out|    1|      ap_vld|                                      P_row_86_out|       pointer|
|P_row_85_out           |  out|   32|      ap_vld|                                      P_row_85_out|       pointer|
|P_row_85_out_ap_vld    |  out|    1|      ap_vld|                                      P_row_85_out|       pointer|
|P_row_84_out           |  out|   32|      ap_vld|                                      P_row_84_out|       pointer|
|P_row_84_out_ap_vld    |  out|    1|      ap_vld|                                      P_row_84_out|       pointer|
|P_row_83_out           |  out|   32|      ap_vld|                                      P_row_83_out|       pointer|
|P_row_83_out_ap_vld    |  out|    1|      ap_vld|                                      P_row_83_out|       pointer|
|P_row_82_out           |  out|   32|      ap_vld|                                      P_row_82_out|       pointer|
|P_row_82_out_ap_vld    |  out|    1|      ap_vld|                                      P_row_82_out|       pointer|
|P_row_81_out           |  out|   32|      ap_vld|                                      P_row_81_out|       pointer|
|P_row_81_out_ap_vld    |  out|    1|      ap_vld|                                      P_row_81_out|       pointer|
|P_row_80_out           |  out|   32|      ap_vld|                                      P_row_80_out|       pointer|
|P_row_80_out_ap_vld    |  out|    1|      ap_vld|                                      P_row_80_out|       pointer|
|P_row_79_out           |  out|   32|      ap_vld|                                      P_row_79_out|       pointer|
|P_row_79_out_ap_vld    |  out|    1|      ap_vld|                                      P_row_79_out|       pointer|
|P_row_78_out           |  out|   32|      ap_vld|                                      P_row_78_out|       pointer|
|P_row_78_out_ap_vld    |  out|    1|      ap_vld|                                      P_row_78_out|       pointer|
|P_row_77_out           |  out|   32|      ap_vld|                                      P_row_77_out|       pointer|
|P_row_77_out_ap_vld    |  out|    1|      ap_vld|                                      P_row_77_out|       pointer|
|P_row_76_out           |  out|   32|      ap_vld|                                      P_row_76_out|       pointer|
|P_row_76_out_ap_vld    |  out|    1|      ap_vld|                                      P_row_76_out|       pointer|
|P_row_75_out           |  out|   32|      ap_vld|                                      P_row_75_out|       pointer|
|P_row_75_out_ap_vld    |  out|    1|      ap_vld|                                      P_row_75_out|       pointer|
|P_row_74_out           |  out|   32|      ap_vld|                                      P_row_74_out|       pointer|
|P_row_74_out_ap_vld    |  out|    1|      ap_vld|                                      P_row_74_out|       pointer|
|P_row_73_out           |  out|   32|      ap_vld|                                      P_row_73_out|       pointer|
|P_row_73_out_ap_vld    |  out|    1|      ap_vld|                                      P_row_73_out|       pointer|
|P_row_72_out           |  out|   32|      ap_vld|                                      P_row_72_out|       pointer|
|P_row_72_out_ap_vld    |  out|    1|      ap_vld|                                      P_row_72_out|       pointer|
|P_row_71_out           |  out|   32|      ap_vld|                                      P_row_71_out|       pointer|
|P_row_71_out_ap_vld    |  out|    1|      ap_vld|                                      P_row_71_out|       pointer|
|P_row_70_out           |  out|   32|      ap_vld|                                      P_row_70_out|       pointer|
|P_row_70_out_ap_vld    |  out|    1|      ap_vld|                                      P_row_70_out|       pointer|
|P_row_69_out           |  out|   32|      ap_vld|                                      P_row_69_out|       pointer|
|P_row_69_out_ap_vld    |  out|    1|      ap_vld|                                      P_row_69_out|       pointer|
|P_row_68_out           |  out|   32|      ap_vld|                                      P_row_68_out|       pointer|
|P_row_68_out_ap_vld    |  out|    1|      ap_vld|                                      P_row_68_out|       pointer|
|P_row_67_out           |  out|   32|      ap_vld|                                      P_row_67_out|       pointer|
|P_row_67_out_ap_vld    |  out|    1|      ap_vld|                                      P_row_67_out|       pointer|
|P_row_66_out           |  out|   32|      ap_vld|                                      P_row_66_out|       pointer|
|P_row_66_out_ap_vld    |  out|    1|      ap_vld|                                      P_row_66_out|       pointer|
|P_row_65_out           |  out|   32|      ap_vld|                                      P_row_65_out|       pointer|
|P_row_65_out_ap_vld    |  out|    1|      ap_vld|                                      P_row_65_out|       pointer|
|P_row_64_out           |  out|   32|      ap_vld|                                      P_row_64_out|       pointer|
|P_row_64_out_ap_vld    |  out|    1|      ap_vld|                                      P_row_64_out|       pointer|
|P_row_63_out           |  out|   32|      ap_vld|                                      P_row_63_out|       pointer|
|P_row_63_out_ap_vld    |  out|    1|      ap_vld|                                      P_row_63_out|       pointer|
|P_row_62_out           |  out|   32|      ap_vld|                                      P_row_62_out|       pointer|
|P_row_62_out_ap_vld    |  out|    1|      ap_vld|                                      P_row_62_out|       pointer|
|P_row_61_out           |  out|   32|      ap_vld|                                      P_row_61_out|       pointer|
|P_row_61_out_ap_vld    |  out|    1|      ap_vld|                                      P_row_61_out|       pointer|
|P_row_60_out           |  out|   32|      ap_vld|                                      P_row_60_out|       pointer|
|P_row_60_out_ap_vld    |  out|    1|      ap_vld|                                      P_row_60_out|       pointer|
|P_row_59_out           |  out|   32|      ap_vld|                                      P_row_59_out|       pointer|
|P_row_59_out_ap_vld    |  out|    1|      ap_vld|                                      P_row_59_out|       pointer|
|P_row_58_out           |  out|   32|      ap_vld|                                      P_row_58_out|       pointer|
|P_row_58_out_ap_vld    |  out|    1|      ap_vld|                                      P_row_58_out|       pointer|
|P_row_57_out           |  out|   32|      ap_vld|                                      P_row_57_out|       pointer|
|P_row_57_out_ap_vld    |  out|    1|      ap_vld|                                      P_row_57_out|       pointer|
|P_row_56_out           |  out|   32|      ap_vld|                                      P_row_56_out|       pointer|
|P_row_56_out_ap_vld    |  out|    1|      ap_vld|                                      P_row_56_out|       pointer|
|P_row_55_out           |  out|   32|      ap_vld|                                      P_row_55_out|       pointer|
|P_row_55_out_ap_vld    |  out|    1|      ap_vld|                                      P_row_55_out|       pointer|
|P_row_54_out           |  out|   32|      ap_vld|                                      P_row_54_out|       pointer|
|P_row_54_out_ap_vld    |  out|    1|      ap_vld|                                      P_row_54_out|       pointer|
|P_row_53_out           |  out|   32|      ap_vld|                                      P_row_53_out|       pointer|
|P_row_53_out_ap_vld    |  out|    1|      ap_vld|                                      P_row_53_out|       pointer|
|P_row_52_out           |  out|   32|      ap_vld|                                      P_row_52_out|       pointer|
|P_row_52_out_ap_vld    |  out|    1|      ap_vld|                                      P_row_52_out|       pointer|
|P_row_51_out           |  out|   32|      ap_vld|                                      P_row_51_out|       pointer|
|P_row_51_out_ap_vld    |  out|    1|      ap_vld|                                      P_row_51_out|       pointer|
|P_row_50_out           |  out|   32|      ap_vld|                                      P_row_50_out|       pointer|
|P_row_50_out_ap_vld    |  out|    1|      ap_vld|                                      P_row_50_out|       pointer|
|P_row_49_out           |  out|   32|      ap_vld|                                      P_row_49_out|       pointer|
|P_row_49_out_ap_vld    |  out|    1|      ap_vld|                                      P_row_49_out|       pointer|
|P_row_48_out           |  out|   32|      ap_vld|                                      P_row_48_out|       pointer|
|P_row_48_out_ap_vld    |  out|    1|      ap_vld|                                      P_row_48_out|       pointer|
|P_row_47_out           |  out|   32|      ap_vld|                                      P_row_47_out|       pointer|
|P_row_47_out_ap_vld    |  out|    1|      ap_vld|                                      P_row_47_out|       pointer|
|P_row_46_out           |  out|   32|      ap_vld|                                      P_row_46_out|       pointer|
|P_row_46_out_ap_vld    |  out|    1|      ap_vld|                                      P_row_46_out|       pointer|
|P_row_45_out           |  out|   32|      ap_vld|                                      P_row_45_out|       pointer|
|P_row_45_out_ap_vld    |  out|    1|      ap_vld|                                      P_row_45_out|       pointer|
|P_row_44_out           |  out|   32|      ap_vld|                                      P_row_44_out|       pointer|
|P_row_44_out_ap_vld    |  out|    1|      ap_vld|                                      P_row_44_out|       pointer|
|P_row_43_out           |  out|   32|      ap_vld|                                      P_row_43_out|       pointer|
|P_row_43_out_ap_vld    |  out|    1|      ap_vld|                                      P_row_43_out|       pointer|
|P_row_42_out           |  out|   32|      ap_vld|                                      P_row_42_out|       pointer|
|P_row_42_out_ap_vld    |  out|    1|      ap_vld|                                      P_row_42_out|       pointer|
|P_row_41_out           |  out|   32|      ap_vld|                                      P_row_41_out|       pointer|
|P_row_41_out_ap_vld    |  out|    1|      ap_vld|                                      P_row_41_out|       pointer|
|P_row_40_out           |  out|   32|      ap_vld|                                      P_row_40_out|       pointer|
|P_row_40_out_ap_vld    |  out|    1|      ap_vld|                                      P_row_40_out|       pointer|
|P_row_39_out           |  out|   32|      ap_vld|                                      P_row_39_out|       pointer|
|P_row_39_out_ap_vld    |  out|    1|      ap_vld|                                      P_row_39_out|       pointer|
|P_row_38_out           |  out|   32|      ap_vld|                                      P_row_38_out|       pointer|
|P_row_38_out_ap_vld    |  out|    1|      ap_vld|                                      P_row_38_out|       pointer|
|P_row_37_out           |  out|   32|      ap_vld|                                      P_row_37_out|       pointer|
|P_row_37_out_ap_vld    |  out|    1|      ap_vld|                                      P_row_37_out|       pointer|
|P_row_36_out           |  out|   32|      ap_vld|                                      P_row_36_out|       pointer|
|P_row_36_out_ap_vld    |  out|    1|      ap_vld|                                      P_row_36_out|       pointer|
|P_row_35_out           |  out|   32|      ap_vld|                                      P_row_35_out|       pointer|
|P_row_35_out_ap_vld    |  out|    1|      ap_vld|                                      P_row_35_out|       pointer|
|P_row_34_out           |  out|   32|      ap_vld|                                      P_row_34_out|       pointer|
|P_row_34_out_ap_vld    |  out|    1|      ap_vld|                                      P_row_34_out|       pointer|
|P_row_33_out           |  out|   32|      ap_vld|                                      P_row_33_out|       pointer|
|P_row_33_out_ap_vld    |  out|    1|      ap_vld|                                      P_row_33_out|       pointer|
|P_row_32_out           |  out|   32|      ap_vld|                                      P_row_32_out|       pointer|
|P_row_32_out_ap_vld    |  out|    1|      ap_vld|                                      P_row_32_out|       pointer|
|P_row_31_out           |  out|   32|      ap_vld|                                      P_row_31_out|       pointer|
|P_row_31_out_ap_vld    |  out|    1|      ap_vld|                                      P_row_31_out|       pointer|
|P_row_30_out           |  out|   32|      ap_vld|                                      P_row_30_out|       pointer|
|P_row_30_out_ap_vld    |  out|    1|      ap_vld|                                      P_row_30_out|       pointer|
|P_row_29_out           |  out|   32|      ap_vld|                                      P_row_29_out|       pointer|
|P_row_29_out_ap_vld    |  out|    1|      ap_vld|                                      P_row_29_out|       pointer|
|P_row_28_out           |  out|   32|      ap_vld|                                      P_row_28_out|       pointer|
|P_row_28_out_ap_vld    |  out|    1|      ap_vld|                                      P_row_28_out|       pointer|
|P_row_27_out           |  out|   32|      ap_vld|                                      P_row_27_out|       pointer|
|P_row_27_out_ap_vld    |  out|    1|      ap_vld|                                      P_row_27_out|       pointer|
|P_row_26_out           |  out|   32|      ap_vld|                                      P_row_26_out|       pointer|
|P_row_26_out_ap_vld    |  out|    1|      ap_vld|                                      P_row_26_out|       pointer|
|P_row_25_out           |  out|   32|      ap_vld|                                      P_row_25_out|       pointer|
|P_row_25_out_ap_vld    |  out|    1|      ap_vld|                                      P_row_25_out|       pointer|
|P_row_24_out           |  out|   32|      ap_vld|                                      P_row_24_out|       pointer|
|P_row_24_out_ap_vld    |  out|    1|      ap_vld|                                      P_row_24_out|       pointer|
|P_row_23_out           |  out|   32|      ap_vld|                                      P_row_23_out|       pointer|
|P_row_23_out_ap_vld    |  out|    1|      ap_vld|                                      P_row_23_out|       pointer|
|P_row_22_out           |  out|   32|      ap_vld|                                      P_row_22_out|       pointer|
|P_row_22_out_ap_vld    |  out|    1|      ap_vld|                                      P_row_22_out|       pointer|
|P_row_21_out           |  out|   32|      ap_vld|                                      P_row_21_out|       pointer|
|P_row_21_out_ap_vld    |  out|    1|      ap_vld|                                      P_row_21_out|       pointer|
|P_row_20_out           |  out|   32|      ap_vld|                                      P_row_20_out|       pointer|
|P_row_20_out_ap_vld    |  out|    1|      ap_vld|                                      P_row_20_out|       pointer|
|P_row_19_out           |  out|   32|      ap_vld|                                      P_row_19_out|       pointer|
|P_row_19_out_ap_vld    |  out|    1|      ap_vld|                                      P_row_19_out|       pointer|
|P_row_18_out           |  out|   32|      ap_vld|                                      P_row_18_out|       pointer|
|P_row_18_out_ap_vld    |  out|    1|      ap_vld|                                      P_row_18_out|       pointer|
|P_row_17_out           |  out|   32|      ap_vld|                                      P_row_17_out|       pointer|
|P_row_17_out_ap_vld    |  out|    1|      ap_vld|                                      P_row_17_out|       pointer|
|P_row_16_out           |  out|   32|      ap_vld|                                      P_row_16_out|       pointer|
|P_row_16_out_ap_vld    |  out|    1|      ap_vld|                                      P_row_16_out|       pointer|
|P_row_15_out           |  out|   32|      ap_vld|                                      P_row_15_out|       pointer|
|P_row_15_out_ap_vld    |  out|    1|      ap_vld|                                      P_row_15_out|       pointer|
|P_row_14_out           |  out|   32|      ap_vld|                                      P_row_14_out|       pointer|
|P_row_14_out_ap_vld    |  out|    1|      ap_vld|                                      P_row_14_out|       pointer|
|P_row_13_out           |  out|   32|      ap_vld|                                      P_row_13_out|       pointer|
|P_row_13_out_ap_vld    |  out|    1|      ap_vld|                                      P_row_13_out|       pointer|
|P_row_12_out           |  out|   32|      ap_vld|                                      P_row_12_out|       pointer|
|P_row_12_out_ap_vld    |  out|    1|      ap_vld|                                      P_row_12_out|       pointer|
|P_row_11_out           |  out|   32|      ap_vld|                                      P_row_11_out|       pointer|
|P_row_11_out_ap_vld    |  out|    1|      ap_vld|                                      P_row_11_out|       pointer|
|P_row_10_out           |  out|   32|      ap_vld|                                      P_row_10_out|       pointer|
|P_row_10_out_ap_vld    |  out|    1|      ap_vld|                                      P_row_10_out|       pointer|
|P_row_9_out            |  out|   32|      ap_vld|                                       P_row_9_out|       pointer|
|P_row_9_out_ap_vld     |  out|    1|      ap_vld|                                       P_row_9_out|       pointer|
|P_row_8_out            |  out|   32|      ap_vld|                                       P_row_8_out|       pointer|
|P_row_8_out_ap_vld     |  out|    1|      ap_vld|                                       P_row_8_out|       pointer|
|P_row_7_out            |  out|   32|      ap_vld|                                       P_row_7_out|       pointer|
|P_row_7_out_ap_vld     |  out|    1|      ap_vld|                                       P_row_7_out|       pointer|
|P_row_6_out            |  out|   32|      ap_vld|                                       P_row_6_out|       pointer|
|P_row_6_out_ap_vld     |  out|    1|      ap_vld|                                       P_row_6_out|       pointer|
|P_row_5_out            |  out|   32|      ap_vld|                                       P_row_5_out|       pointer|
|P_row_5_out_ap_vld     |  out|    1|      ap_vld|                                       P_row_5_out|       pointer|
|P_row_4_out            |  out|   32|      ap_vld|                                       P_row_4_out|       pointer|
|P_row_4_out_ap_vld     |  out|    1|      ap_vld|                                       P_row_4_out|       pointer|
|P_row_3_out            |  out|   32|      ap_vld|                                       P_row_3_out|       pointer|
|P_row_3_out_ap_vld     |  out|    1|      ap_vld|                                       P_row_3_out|       pointer|
|P_row_2_out            |  out|   32|      ap_vld|                                       P_row_2_out|       pointer|
|P_row_2_out_ap_vld     |  out|    1|      ap_vld|                                       P_row_2_out|       pointer|
|P_row_1_out            |  out|   32|      ap_vld|                                       P_row_1_out|       pointer|
|P_row_1_out_ap_vld     |  out|    1|      ap_vld|                                       P_row_1_out|       pointer|
|P_row_out              |  out|   32|      ap_vld|                                         P_row_out|       pointer|
|P_row_out_ap_vld       |  out|    1|      ap_vld|                                         P_row_out|       pointer|
+-----------------------+-----+-----+------------+--------------------------------------------------+--------------+

