

================================================================
== Vitis HLS Report for 'attention_int8_kernel_Pipeline_VITIS_LOOP_193_18_VITIS_LOOP_195_19'
================================================================
* Date:           Sat Apr 25 21:23:16 2026

* Version:        2022.1 (Build 3526262 on Mon Apr 18 15:47:01 MDT 2022)
* Project:        hls_cosim_project
* Solution:       solution_cosim (Vivado IP Flow Target)
* Product family: artix7
* Target device:  xc7a200t-sbg484-1


================================================================
== Performance Estimates
================================================================
+ Timing: 
    * Summary: 
    +--------+----------+----------+------------+
    |  Clock |  Target  | Estimated| Uncertainty|
    +--------+----------+----------+------------+
    |ap_clk  |  10.00 ns|  7.300 ns|     2.70 ns|
    +--------+----------+----------+------------+

+ Latency: 
    * Summary: 
    +---------+---------+----------+----------+-----+-----+---------+
    |  Latency (cycles) |  Latency (absolute) |  Interval | Pipeline|
    |   min   |   max   |    min   |    max   | min | max |   Type  |
    +---------+---------+----------+----------+-----+-----+---------+
    |      536|      536|  5.360 us|  5.360 us|  536|  536|       no|
    +---------+---------+----------+----------+-----+-----+---------+

    + Detail: 
        * Instance: 
        N/A

        * Loop: 
        +---------------------------------------+---------+---------+----------+-----------+-----------+------+----------+
        |                                       |  Latency (cycles) | Iteration|  Initiation Interval  | Trip |          |
        |               Loop Name               |   min   |   max   |  Latency |  achieved |   target  | Count| Pipelined|
        +---------------------------------------+---------+---------+----------+-----------+-----------+------+----------+
        |- VITIS_LOOP_193_18_VITIS_LOOP_195_19  |      534|      534|        24|          1|          1|   512|       yes|
        +---------------------------------------+---------+---------+----------+-----------+-----------+------+----------+



================================================================
== Utilization Estimates
================================================================
* Summary: 
+-----------------+---------+-----+--------+--------+-----+
|       Name      | BRAM_18K| DSP |   FF   |   LUT  | URAM|
+-----------------+---------+-----+--------+--------+-----+
|DSP              |        -|    -|       -|       -|    -|
|Expression       |        -|    -|       0|     239|    -|
|FIFO             |        -|    -|       -|       -|    -|
|Instance         |        -|    -|       0|      99|    -|
|Memory           |        -|    -|       -|       -|    -|
|Multiplexer      |        -|    -|       -|     107|    -|
|Register         |        -|    -|     997|     352|    -|
+-----------------+---------+-----+--------+--------+-----+
|Total            |        0|    0|     997|     797|    0|
+-----------------+---------+-----+--------+--------+-----+
|Available        |      730|  740|  269200|  134600|    0|
+-----------------+---------+-----+--------+--------+-----+
|Utilization (%)  |        0|    0|      ~0|      ~0|    0|
+-----------------+---------+-----+--------+--------+-----+

+ Detail: 
    * Instance: 
    +--------------------------------+---------------------------+---------+----+---+----+-----+
    |            Instance            |           Module          | BRAM_18K| DSP| FF| LUT| URAM|
    +--------------------------------+---------------------------+---------+----+---+----+-----+
    |mux_83_32_1_1_U757              |mux_83_32_1_1              |        0|   0|  0|  33|    0|
    |mux_84_32_1_1_U755              |mux_84_32_1_1              |        0|   0|  0|  33|    0|
    |mux_84_32_1_1_U756              |mux_84_32_1_1              |        0|   0|  0|  33|    0|
    |sptohp_32ns_16_2_no_dsp_1_U754  |sptohp_32ns_16_2_no_dsp_1  |        0|   0|  0|   0|    0|
    +--------------------------------+---------------------------+---------+----+---+----+-----+
    |Total                           |                           |        0|   0|  0|  99|    0|
    +--------------------------------+---------------------------+---------+----+---+----+-----+

    * DSP: 
    N/A

    * Memory: 
    N/A

    * FIFO: 
    N/A

    * Expression: 
    +---------------------------+----------+----+---+----+------------+------------+
    |       Variable Name       | Operation| DSP| FF| LUT| Bitwidth P0| Bitwidth P1|
    +---------------------------+----------+----+---+----+------------+------------+
    |add_ln193_1_fu_370_p2      |         +|   0|  0|  17|          10|           1|
    |add_ln193_fu_379_p2        |         +|   0|  0|  13|           4|           1|
    |add_ln195_fu_447_p2        |         +|   0|  0|  14|           7|           1|
    |and_ln194_1_fu_586_p2      |       and|   0|  0|   2|           1|           1|
    |and_ln194_fu_548_p2        |       and|   0|  0|   2|           1|           1|
    |ap_block_pp0_stage0_11001  |       and|   0|  0|   2|           1|           1|
    |ap_condition_653           |       and|   0|  0|   2|           1|           1|
    |icmp_ln193_fu_364_p2       |      icmp|   0|  0|  11|          10|          11|
    |icmp_ln194_1_fu_491_p2     |      icmp|   0|  0|  15|          23|           1|
    |icmp_ln194_2_fu_514_p2     |      icmp|   0|  0|  11|           8|           2|
    |icmp_ln194_3_fu_520_p2     |      icmp|   0|  0|  15|          23|           1|
    |icmp_ln194_fu_485_p2       |      icmp|   0|  0|  11|           8|           2|
    |icmp_ln195_fu_385_p2       |      icmp|   0|  0|  11|           7|           8|
    |or_ln194_1_fu_582_p2       |        or|   0|  0|   2|           1|           1|
    |or_ln194_fu_544_p2         |        or|   0|  0|   2|           1|           1|
    |inv_l_fu_553_p3            |    select|   0|  0|  32|           1|          32|
    |select_ln193_1_fu_399_p3   |    select|   0|  0|   4|           1|           4|
    |select_ln193_2_fu_598_p3   |    select|   0|  0|  32|           1|          32|
    |select_ln193_fu_391_p3     |    select|   0|  0|   7|           1|           1|
    |select_ln194_fu_591_p3     |    select|   0|  0|  32|           1|          32|
    |ap_enable_pp0              |       xor|   0|  0|   2|           1|           2|
    +---------------------------+----------+----+---+----+------------+------------+
    |Total                      |          |   0|  0| 239|         112|         137|
    +---------------------------+----------+----+---+----+------------+------------+

    * Multiplexer: 
    +-----------------------------------------+----+-----------+-----+-----------+
    |                   Name                  | LUT| Input Size| Bits| Total Bits|
    +-----------------------------------------+----+-----------+-----+-----------+
    |ap_done_int                              |   9|          2|    1|          2|
    |ap_enable_reg_pp0_iter23                 |   9|          2|    1|          2|
    |ap_sig_allocacmp_d_load                  |   9|          2|    7|         14|
    |ap_sig_allocacmp_i_1                     |   9|          2|    4|          8|
    |ap_sig_allocacmp_indvar_flatten141_load  |   9|          2|   10|         20|
    |d_fu_122                                 |   9|          2|    7|         14|
    |gmem3_blk_n_W                            |   9|          2|    1|          2|
    |grp_fu_304_p1                            |  13|          3|   32|         96|
    |grp_fu_309_p0                            |  13|          3|   32|         96|
    |i_fu_126                                 |   9|          2|    4|          8|
    |indvar_flatten141_fu_130                 |   9|          2|   10|         20|
    +-----------------------------------------+----+-----------+-----+-----------+
    |Total                                    | 107|         24|  109|        282|
    +-----------------------------------------+----+-----------+-----+-----------+

    * Register: 
    +-----------------------------------+----+----+-----+-----------+
    |                Name               | FF | LUT| Bits| Const Bits|
    +-----------------------------------+----+----+-----+-----------+
    |ap_CS_fsm                          |   1|   0|    1|          0|
    |ap_done_reg                        |   1|   0|    1|          0|
    |ap_enable_reg_pp0_iter1            |   1|   0|    1|          0|
    |ap_enable_reg_pp0_iter10           |   1|   0|    1|          0|
    |ap_enable_reg_pp0_iter11           |   1|   0|    1|          0|
    |ap_enable_reg_pp0_iter12           |   1|   0|    1|          0|
    |ap_enable_reg_pp0_iter13           |   1|   0|    1|          0|
    |ap_enable_reg_pp0_iter14           |   1|   0|    1|          0|
    |ap_enable_reg_pp0_iter15           |   1|   0|    1|          0|
    |ap_enable_reg_pp0_iter16           |   1|   0|    1|          0|
    |ap_enable_reg_pp0_iter17           |   1|   0|    1|          0|
    |ap_enable_reg_pp0_iter18           |   1|   0|    1|          0|
    |ap_enable_reg_pp0_iter19           |   1|   0|    1|          0|
    |ap_enable_reg_pp0_iter2            |   1|   0|    1|          0|
    |ap_enable_reg_pp0_iter20           |   1|   0|    1|          0|
    |ap_enable_reg_pp0_iter21           |   1|   0|    1|          0|
    |ap_enable_reg_pp0_iter22           |   1|   0|    1|          0|
    |ap_enable_reg_pp0_iter23           |   1|   0|    1|          0|
    |ap_enable_reg_pp0_iter3            |   1|   0|    1|          0|
    |ap_enable_reg_pp0_iter4            |   1|   0|    1|          0|
    |ap_enable_reg_pp0_iter5            |   1|   0|    1|          0|
    |ap_enable_reg_pp0_iter6            |   1|   0|    1|          0|
    |ap_enable_reg_pp0_iter7            |   1|   0|    1|          0|
    |ap_enable_reg_pp0_iter8            |   1|   0|    1|          0|
    |ap_enable_reg_pp0_iter9            |   1|   0|    1|          0|
    |ap_loop_exit_ready_pp0_iter10_reg  |   1|   0|    1|          0|
    |ap_loop_exit_ready_pp0_iter11_reg  |   1|   0|    1|          0|
    |ap_loop_exit_ready_pp0_iter12_reg  |   1|   0|    1|          0|
    |ap_loop_exit_ready_pp0_iter13_reg  |   1|   0|    1|          0|
    |ap_loop_exit_ready_pp0_iter14_reg  |   1|   0|    1|          0|
    |ap_loop_exit_ready_pp0_iter15_reg  |   1|   0|    1|          0|
    |ap_loop_exit_ready_pp0_iter16_reg  |   1|   0|    1|          0|
    |ap_loop_exit_ready_pp0_iter17_reg  |   1|   0|    1|          0|
    |ap_loop_exit_ready_pp0_iter18_reg  |   1|   0|    1|          0|
    |ap_loop_exit_ready_pp0_iter19_reg  |   1|   0|    1|          0|
    |ap_loop_exit_ready_pp0_iter1_reg   |   1|   0|    1|          0|
    |ap_loop_exit_ready_pp0_iter20_reg  |   1|   0|    1|          0|
    |ap_loop_exit_ready_pp0_iter21_reg  |   1|   0|    1|          0|
    |ap_loop_exit_ready_pp0_iter22_reg  |   1|   0|    1|          0|
    |ap_loop_exit_ready_pp0_iter2_reg   |   1|   0|    1|          0|
    |ap_loop_exit_ready_pp0_iter3_reg   |   1|   0|    1|          0|
    |ap_loop_exit_ready_pp0_iter4_reg   |   1|   0|    1|          0|
    |ap_loop_exit_ready_pp0_iter5_reg   |   1|   0|    1|          0|
    |ap_loop_exit_ready_pp0_iter6_reg   |   1|   0|    1|          0|
    |ap_loop_exit_ready_pp0_iter7_reg   |   1|   0|    1|          0|
    |ap_loop_exit_ready_pp0_iter8_reg   |   1|   0|    1|          0|
    |ap_loop_exit_ready_pp0_iter9_reg   |   1|   0|    1|          0|
    |conv1_reg_778                      |  16|   0|   16|          0|
    |d_fu_122                           |   7|   0|    7|          0|
    |div_mid1_reg_753                   |  32|   0|   32|          0|
    |i_fu_126                           |   4|   0|    4|          0|
    |icmp_ln193_reg_647                 |   1|   0|    1|          0|
    |icmp_ln194_1_reg_683               |   1|   0|    1|          0|
    |icmp_ln194_2_reg_688               |   1|   0|    1|          0|
    |icmp_ln194_3_reg_693               |   1|   0|    1|          0|
    |icmp_ln194_reg_678                 |   1|   0|    1|          0|
    |icmp_ln195_reg_651                 |   1|   0|    1|          0|
    |indvar_flatten141_fu_130           |  10|   0|   10|          0|
    |inv_l_reg_748                      |  32|   0|   32|          0|
    |lshr_ln2_reg_673                   |   3|   0|    3|          0|
    |tmp_147_mid1_reg_703               |   1|   0|    1|          0|
    |tmp_2_reg_758                      |  32|   0|   32|          0|
    |tmp_3_reg_698                      |   1|   0|    1|          0|
    |tmp_mid1_reg_661                   |  32|   0|   32|          0|
    |tmp_s_reg_640                      |  32|   0|   32|          0|
    |trunc_ln194_1_reg_656              |   3|   0|    3|          0|
    |trunc_ln195_reg_668                |   3|   0|    3|          0|
    |v_reg_768                          |  32|   0|   32|          0|
    |icmp_ln193_reg_647                 |  64|  32|    1|          0|
    |icmp_ln194_1_reg_683               |  64|  32|    1|          0|
    |icmp_ln194_2_reg_688               |  64|  32|    1|          0|
    |icmp_ln194_3_reg_693               |  64|  32|    1|          0|
    |icmp_ln194_reg_678                 |  64|  32|    1|          0|
    |icmp_ln195_reg_651                 |  64|  32|    1|          0|
    |lshr_ln2_reg_673                   |  64|  32|    3|          0|
    |tmp_147_mid1_reg_703               |  64|  32|    1|          0|
    |tmp_3_reg_698                      |  64|  32|    1|          0|
    |trunc_ln194_1_reg_656              |  64|  32|    3|          0|
    |trunc_ln195_reg_668                |  64|  32|    3|          0|
    +-----------------------------------+----+----+-----+-----------+
    |Total                              | 997| 352|  310|          0|
    +-----------------------------------+----+----+-----+-----------+



================================================================
== Interface
================================================================
* Summary: 
+-----------------------+-----+-----+------------+--------------------------------------------------------------------+--------------+
|       RTL Ports       | Dir | Bits|  Protocol  |                            Source Object                           |    C Type    |
+-----------------------+-----+-----+------------+--------------------------------------------------------------------+--------------+
|ap_clk                 |   in|    1|  ap_ctrl_hs|  attention_int8_kernel_Pipeline_VITIS_LOOP_193_18_VITIS_LOOP_195_19|  return value|
|ap_rst                 |   in|    1|  ap_ctrl_hs|  attention_int8_kernel_Pipeline_VITIS_LOOP_193_18_VITIS_LOOP_195_19|  return value|
|ap_start               |   in|    1|  ap_ctrl_hs|  attention_int8_kernel_Pipeline_VITIS_LOOP_193_18_VITIS_LOOP_195_19|  return value|
|ap_done                |  out|    1|  ap_ctrl_hs|  attention_int8_kernel_Pipeline_VITIS_LOOP_193_18_VITIS_LOOP_195_19|  return value|
|ap_idle                |  out|    1|  ap_ctrl_hs|  attention_int8_kernel_Pipeline_VITIS_LOOP_193_18_VITIS_LOOP_195_19|  return value|
|ap_ready               |  out|    1|  ap_ctrl_hs|  attention_int8_kernel_Pipeline_VITIS_LOOP_193_18_VITIS_LOOP_195_19|  return value|
|grp_fu_5058_p_din0     |  out|   32|  ap_ctrl_hs|  attention_int8_kernel_Pipeline_VITIS_LOOP_193_18_VITIS_LOOP_195_19|  return value|
|grp_fu_5058_p_din1     |  out|   32|  ap_ctrl_hs|  attention_int8_kernel_Pipeline_VITIS_LOOP_193_18_VITIS_LOOP_195_19|  return value|
|grp_fu_5058_p_dout0    |   in|   32|  ap_ctrl_hs|  attention_int8_kernel_Pipeline_VITIS_LOOP_193_18_VITIS_LOOP_195_19|  return value|
|grp_fu_5058_p_ce       |  out|    1|  ap_ctrl_hs|  attention_int8_kernel_Pipeline_VITIS_LOOP_193_18_VITIS_LOOP_195_19|  return value|
|grp_fu_7182_p_din0     |  out|   32|  ap_ctrl_hs|  attention_int8_kernel_Pipeline_VITIS_LOOP_193_18_VITIS_LOOP_195_19|  return value|
|grp_fu_7182_p_din1     |  out|   32|  ap_ctrl_hs|  attention_int8_kernel_Pipeline_VITIS_LOOP_193_18_VITIS_LOOP_195_19|  return value|
|grp_fu_7182_p_dout0    |   in|   32|  ap_ctrl_hs|  attention_int8_kernel_Pipeline_VITIS_LOOP_193_18_VITIS_LOOP_195_19|  return value|
|grp_fu_7182_p_ce       |  out|    1|  ap_ctrl_hs|  attention_int8_kernel_Pipeline_VITIS_LOOP_193_18_VITIS_LOOP_195_19|  return value|
|grp_fu_11425_p_din0    |  out|   32|  ap_ctrl_hs|  attention_int8_kernel_Pipeline_VITIS_LOOP_193_18_VITIS_LOOP_195_19|  return value|
|grp_fu_11425_p_din1    |  out|   32|  ap_ctrl_hs|  attention_int8_kernel_Pipeline_VITIS_LOOP_193_18_VITIS_LOOP_195_19|  return value|
|grp_fu_11425_p_opcode  |  out|    5|  ap_ctrl_hs|  attention_int8_kernel_Pipeline_VITIS_LOOP_193_18_VITIS_LOOP_195_19|  return value|
|grp_fu_11425_p_dout0   |   in|    1|  ap_ctrl_hs|  attention_int8_kernel_Pipeline_VITIS_LOOP_193_18_VITIS_LOOP_195_19|  return value|
|grp_fu_11425_p_ce      |  out|    1|  ap_ctrl_hs|  attention_int8_kernel_Pipeline_VITIS_LOOP_193_18_VITIS_LOOP_195_19|  return value|
|m_axi_gmem3_AWVALID    |  out|    1|       m_axi|                                                               gmem3|       pointer|
|m_axi_gmem3_AWREADY    |   in|    1|       m_axi|                                                               gmem3|       pointer|
|m_axi_gmem3_AWADDR     |  out|   64|       m_axi|                                                               gmem3|       pointer|
|m_axi_gmem3_AWID       |  out|    1|       m_axi|                                                               gmem3|       pointer|
|m_axi_gmem3_AWLEN      |  out|   32|       m_axi|                                                               gmem3|       pointer|
|m_axi_gmem3_AWSIZE     |  out|    3|       m_axi|                                                               gmem3|       pointer|
|m_axi_gmem3_AWBURST    |  out|    2|       m_axi|                                                               gmem3|       pointer|
|m_axi_gmem3_AWLOCK     |  out|    2|       m_axi|                                                               gmem3|       pointer|
|m_axi_gmem3_AWCACHE    |  out|    4|       m_axi|                                                               gmem3|       pointer|
|m_axi_gmem3_AWPROT     |  out|    3|       m_axi|                                                               gmem3|       pointer|
|m_axi_gmem3_AWQOS      |  out|    4|       m_axi|                                                               gmem3|       pointer|
|m_axi_gmem3_AWREGION   |  out|    4|       m_axi|                                                               gmem3|       pointer|
|m_axi_gmem3_AWUSER     |  out|    1|       m_axi|                                                               gmem3|       pointer|
|m_axi_gmem3_WVALID     |  out|    1|       m_axi|                                                               gmem3|       pointer|
|m_axi_gmem3_WREADY     |   in|    1|       m_axi|                                                               gmem3|       pointer|
|m_axi_gmem3_WDATA      |  out|   16|       m_axi|                                                               gmem3|       pointer|
|m_axi_gmem3_WSTRB      |  out|    2|       m_axi|                                                               gmem3|       pointer|
|m_axi_gmem3_WLAST      |  out|    1|       m_axi|                                                               gmem3|       pointer|
|m_axi_gmem3_WID        |  out|    1|       m_axi|                                                               gmem3|       pointer|
|m_axi_gmem3_WUSER      |  out|    1|       m_axi|                                                               gmem3|       pointer|
|m_axi_gmem3_ARVALID    |  out|    1|       m_axi|                                                               gmem3|       pointer|
|m_axi_gmem3_ARREADY    |   in|    1|       m_axi|                                                               gmem3|       pointer|
|m_axi_gmem3_ARADDR     |  out|   64|       m_axi|                                                               gmem3|       pointer|
|m_axi_gmem3_ARID       |  out|    1|       m_axi|                                                               gmem3|       pointer|
|m_axi_gmem3_ARLEN      |  out|   32|       m_axi|                                                               gmem3|       pointer|
|m_axi_gmem3_ARSIZE     |  out|    3|       m_axi|                                                               gmem3|       pointer|
|m_axi_gmem3_ARBURST    |  out|    2|       m_axi|                                                               gmem3|       pointer|
|m_axi_gmem3_ARLOCK     |  out|    2|       m_axi|                                                               gmem3|       pointer|
|m_axi_gmem3_ARCACHE    |  out|    4|       m_axi|                                                               gmem3|       pointer|
|m_axi_gmem3_ARPROT     |  out|    3|       m_axi|                                                               gmem3|       pointer|
|m_axi_gmem3_ARQOS      |  out|    4|       m_axi|                                                               gmem3|       pointer|
|m_axi_gmem3_ARREGION   |  out|    4|       m_axi|                                                               gmem3|       pointer|
|m_axi_gmem3_ARUSER     |  out|    1|       m_axi|                                                               gmem3|       pointer|
|m_axi_gmem3_RVALID     |   in|    1|       m_axi|                                                               gmem3|       pointer|
|m_axi_gmem3_RREADY     |  out|    1|       m_axi|                                                               gmem3|       pointer|
|m_axi_gmem3_RDATA      |   in|   16|       m_axi|                                                               gmem3|       pointer|
|m_axi_gmem3_RLAST      |   in|    1|       m_axi|                                                               gmem3|       pointer|
|m_axi_gmem3_RID        |   in|    1|       m_axi|                                                               gmem3|       pointer|
|m_axi_gmem3_RFIFONUM   |   in|   10|       m_axi|                                                               gmem3|       pointer|
|m_axi_gmem3_RUSER      |   in|    1|       m_axi|                                                               gmem3|       pointer|
|m_axi_gmem3_RRESP      |   in|    2|       m_axi|                                                               gmem3|       pointer|
|m_axi_gmem3_BVALID     |   in|    1|       m_axi|                                                               gmem3|       pointer|
|m_axi_gmem3_BREADY     |  out|    1|       m_axi|                                                               gmem3|       pointer|
|m_axi_gmem3_BRESP      |   in|    2|       m_axi|                                                               gmem3|       pointer|
|m_axi_gmem3_BID        |   in|    1|       m_axi|                                                               gmem3|       pointer|
|m_axi_gmem3_BUSER      |   in|    1|       m_axi|                                                               gmem3|       pointer|
|sext_ln89              |   in|   63|     ap_none|                                                           sext_ln89|        scalar|
|l_state_16             |   in|   32|     ap_none|                                                          l_state_16|        scalar|
|l_state_17             |   in|   32|     ap_none|                                                          l_state_17|        scalar|
|l_state_18             |   in|   32|     ap_none|                                                          l_state_18|        scalar|
|l_state_19             |   in|   32|     ap_none|                                                          l_state_19|        scalar|
|l_state_20             |   in|   32|     ap_none|                                                          l_state_20|        scalar|
|l_state_21             |   in|   32|     ap_none|                                                          l_state_21|        scalar|
|l_state_22             |   in|   32|     ap_none|                                                          l_state_22|        scalar|
|l_state_23             |   in|   32|     ap_none|                                                          l_state_23|        scalar|
|O_tile_address0        |  out|    6|   ap_memory|                                                              O_tile|         array|
|O_tile_ce0             |  out|    1|   ap_memory|                                                              O_tile|         array|
|O_tile_q0              |   in|   32|   ap_memory|                                                              O_tile|         array|
|O_tile_1_address0      |  out|    6|   ap_memory|                                                            O_tile_1|         array|
|O_tile_1_ce0           |  out|    1|   ap_memory|                                                            O_tile_1|         array|
|O_tile_1_q0            |   in|   32|   ap_memory|                                                            O_tile_1|         array|
|O_tile_2_address0      |  out|    6|   ap_memory|                                                            O_tile_2|         array|
|O_tile_2_ce0           |  out|    1|   ap_memory|                                                            O_tile_2|         array|
|O_tile_2_q0            |   in|   32|   ap_memory|                                                            O_tile_2|         array|
|O_tile_3_address0      |  out|    6|   ap_memory|                                                            O_tile_3|         array|
|O_tile_3_ce0           |  out|    1|   ap_memory|                                                            O_tile_3|         array|
|O_tile_3_q0            |   in|   32|   ap_memory|                                                            O_tile_3|         array|
|O_tile_4_address0      |  out|    6|   ap_memory|                                                            O_tile_4|         array|
|O_tile_4_ce0           |  out|    1|   ap_memory|                                                            O_tile_4|         array|
|O_tile_4_q0            |   in|   32|   ap_memory|                                                            O_tile_4|         array|
|O_tile_5_address0      |  out|    6|   ap_memory|                                                            O_tile_5|         array|
|O_tile_5_ce0           |  out|    1|   ap_memory|                                                            O_tile_5|         array|
|O_tile_5_q0            |   in|   32|   ap_memory|                                                            O_tile_5|         array|
|O_tile_6_address0      |  out|    6|   ap_memory|                                                            O_tile_6|         array|
|O_tile_6_ce0           |  out|    1|   ap_memory|                                                            O_tile_6|         array|
|O_tile_6_q0            |   in|   32|   ap_memory|                                                            O_tile_6|         array|
|O_tile_7_address0      |  out|    6|   ap_memory|                                                            O_tile_7|         array|
|O_tile_7_ce0           |  out|    1|   ap_memory|                                                            O_tile_7|         array|
|O_tile_7_q0            |   in|   32|   ap_memory|                                                            O_tile_7|         array|
+-----------------------+-----+-----+------------+--------------------------------------------------------------------+--------------+

