

================================================================
== Vitis HLS Report for 'attention_int8_kernel_Pipeline_VITIS_LOOP_101_3_VITIS_LOOP_102_4'
================================================================
* Date:           Sat Apr 25 21:22:57 2026

* Version:        2022.1 (Build 3526262 on Mon Apr 18 15:47:01 MDT 2022)
* Project:        hls_cosim_project
* Solution:       solution_cosim (Vivado IP Flow Target)
* Product family: artix7
* Target device:  xc7a200t-sbg484-1


================================================================
== Performance Estimates
================================================================
+ Timing: 
    * Summary: 
    +--------+----------+----------+------------+
    |  Clock |  Target  | Estimated| Uncertainty|
    +--------+----------+----------+------------+
    |ap_clk  |  10.00 ns|  7.300 ns|     2.70 ns|
    +--------+----------+----------+------------+

+ Latency: 
    * Summary: 
    +---------+---------+----------+----------+-----+-----+---------+
    |  Latency (cycles) |  Latency (absolute) |  Interval | Pipeline|
    |   min   |   max   |    min   |    max   | min | max |   Type  |
    +---------+---------+----------+----------+-----+-----+---------+
    |      515|      515|  5.150 us|  5.150 us|  515|  515|       no|
    +---------+---------+----------+----------+-----+-----+---------+

    + Detail: 
        * Instance: 
        N/A

        * Loop: 
        +-------------------------------------+---------+---------+----------+-----------+-----------+------+----------+
        |                                     |  Latency (cycles) | Iteration|  Initiation Interval  | Trip |          |
        |              Loop Name              |   min   |   max   |  Latency |  achieved |   target  | Count| Pipelined|
        +-------------------------------------+---------+---------+----------+-----------+-----------+------+----------+
        |- VITIS_LOOP_101_3_VITIS_LOOP_102_4  |      513|      513|         3|          1|          1|   512|       yes|
        +-------------------------------------+---------+---------+----------+-----------+-----------+------+----------+



================================================================
== Utilization Estimates
================================================================
* Summary: 
+-----------------+---------+-----+--------+--------+-----+
|       Name      | BRAM_18K| DSP |   FF   |   LUT  | URAM|
+-----------------+---------+-----+--------+--------+-----+
|DSP              |        -|    -|       -|       -|    -|
|Expression       |        -|    -|       0|      81|    -|
|FIFO             |        -|    -|       -|       -|    -|
|Instance         |        -|    -|       -|       -|    -|
|Memory           |        -|    -|       -|       -|    -|
|Multiplexer      |        -|    -|       -|      63|    -|
|Register         |        -|    -|      34|       -|    -|
+-----------------+---------+-----+--------+--------+-----+
|Total            |        0|    0|      34|     144|    0|
+-----------------+---------+-----+--------+--------+-----+
|Available        |      730|  740|  269200|  134600|    0|
+-----------------+---------+-----+--------+--------+-----+
|Utilization (%)  |        0|    0|      ~0|      ~0|    0|
+-----------------+---------+-----+--------+--------+-----+

+ Detail: 
    * Instance: 
    N/A

    * DSP: 
    N/A

    * Memory: 
    N/A

    * FIFO: 
    N/A

    * Expression: 
    +---------------------------+----------+----+---+----+------------+------------+
    |       Variable Name       | Operation| DSP| FF| LUT| Bitwidth P0| Bitwidth P1|
    +---------------------------+----------+----+---+----+------------+------------+
    |add_ln101_1_fu_1199_p2     |         +|   0|  0|  17|          10|           1|
    |add_ln101_fu_1216_p2       |         +|   0|  0|  13|           4|           1|
    |add_ln102_fu_1316_p2       |         +|   0|  0|  14|           7|           1|
    |ap_block_pp0_stage0_11001  |       and|   0|  0|   2|           1|           1|
    |icmp_ln101_fu_1193_p2      |      icmp|   0|  0|  11|          10|          11|
    |icmp_ln102_fu_1222_p2      |      icmp|   0|  0|  11|           7|           8|
    |select_ln101_1_fu_1236_p3  |    select|   0|  0|   4|           1|           4|
    |select_ln101_fu_1228_p3    |    select|   0|  0|   7|           1|           1|
    |ap_enable_pp0              |       xor|   0|  0|   2|           1|           2|
    +---------------------------+----------+----+---+----+------------+------------+
    |Total                      |          |   0|  0|  81|          42|          30|
    +---------------------------+----------+----+---+----+------------+------------+

    * Multiplexer: 
    +--------------------------------------+----+-----------+-----+-----------+
    |                 Name                 | LUT| Input Size| Bits| Total Bits|
    +--------------------------------------+----+-----------+-----+-----------+
    |ap_done_int                           |   9|          2|    1|          2|
    |ap_enable_reg_pp0_iter1               |   9|          2|    1|          2|
    |ap_sig_allocacmp_indvar_flatten_load  |   9|          2|   10|         20|
    |d_fu_314                              |   9|          2|    7|         14|
    |gmem0_blk_n_R                         |   9|          2|    1|          2|
    |i_fu_318                              |   9|          2|    4|          8|
    |indvar_flatten_fu_322                 |   9|          2|   10|         20|
    +--------------------------------------+----+-----------+-----+-----------+
    |Total                                 |  63|         14|   34|         68|
    +--------------------------------------+----+-----------+-----+-----------+

    * Register: 
    +----------------------------------+----+----+-----+-----------+
    |               Name               | FF | LUT| Bits| Const Bits|
    +----------------------------------+----+----+-----+-----------+
    |ap_CS_fsm                         |   1|   0|    1|          0|
    |ap_done_reg                       |   1|   0|    1|          0|
    |ap_enable_reg_pp0_iter1           |   1|   0|    1|          0|
    |ap_enable_reg_pp0_iter2           |   1|   0|    1|          0|
    |ap_loop_exit_ready_pp0_iter1_reg  |   1|   0|    1|          0|
    |d_fu_314                          |   7|   0|    7|          0|
    |gmem0_addr_read_reg_1362          |   8|   0|    8|          0|
    |i_fu_318                          |   4|   0|    4|          0|
    |indvar_flatten_fu_322             |  10|   0|   10|          0|
    +----------------------------------+----+----+-----+-----------+
    |Total                             |  34|   0|   34|          0|
    +----------------------------------+----+----+-----+-----------+



================================================================
== Interface
================================================================
* Summary: 
+----------------------+-----+-----+------------+------------------------------------------------------------------+--------------+
|       RTL Ports      | Dir | Bits|  Protocol  |                           Source Object                          |    C Type    |
+----------------------+-----+-----+------------+------------------------------------------------------------------+--------------+
|ap_clk                |   in|    1|  ap_ctrl_hs|  attention_int8_kernel_Pipeline_VITIS_LOOP_101_3_VITIS_LOOP_102_4|  return value|
|ap_rst                |   in|    1|  ap_ctrl_hs|  attention_int8_kernel_Pipeline_VITIS_LOOP_101_3_VITIS_LOOP_102_4|  return value|
|ap_start              |   in|    1|  ap_ctrl_hs|  attention_int8_kernel_Pipeline_VITIS_LOOP_101_3_VITIS_LOOP_102_4|  return value|
|ap_done               |  out|    1|  ap_ctrl_hs|  attention_int8_kernel_Pipeline_VITIS_LOOP_101_3_VITIS_LOOP_102_4|  return value|
|ap_idle               |  out|    1|  ap_ctrl_hs|  attention_int8_kernel_Pipeline_VITIS_LOOP_101_3_VITIS_LOOP_102_4|  return value|
|ap_ready              |  out|    1|  ap_ctrl_hs|  attention_int8_kernel_Pipeline_VITIS_LOOP_101_3_VITIS_LOOP_102_4|  return value|
|m_axi_gmem0_AWVALID   |  out|    1|       m_axi|                                                             gmem0|       pointer|
|m_axi_gmem0_AWREADY   |   in|    1|       m_axi|                                                             gmem0|       pointer|
|m_axi_gmem0_AWADDR    |  out|   64|       m_axi|                                                             gmem0|       pointer|
|m_axi_gmem0_AWID      |  out|    1|       m_axi|                                                             gmem0|       pointer|
|m_axi_gmem0_AWLEN     |  out|   32|       m_axi|                                                             gmem0|       pointer|
|m_axi_gmem0_AWSIZE    |  out|    3|       m_axi|                                                             gmem0|       pointer|
|m_axi_gmem0_AWBURST   |  out|    2|       m_axi|                                                             gmem0|       pointer|
|m_axi_gmem0_AWLOCK    |  out|    2|       m_axi|                                                             gmem0|       pointer|
|m_axi_gmem0_AWCACHE   |  out|    4|       m_axi|                                                             gmem0|       pointer|
|m_axi_gmem0_AWPROT    |  out|    3|       m_axi|                                                             gmem0|       pointer|
|m_axi_gmem0_AWQOS     |  out|    4|       m_axi|                                                             gmem0|       pointer|
|m_axi_gmem0_AWREGION  |  out|    4|       m_axi|                                                             gmem0|       pointer|
|m_axi_gmem0_AWUSER    |  out|    1|       m_axi|                                                             gmem0|       pointer|
|m_axi_gmem0_WVALID    |  out|    1|       m_axi|                                                             gmem0|       pointer|
|m_axi_gmem0_WREADY    |   in|    1|       m_axi|                                                             gmem0|       pointer|
|m_axi_gmem0_WDATA     |  out|    8|       m_axi|                                                             gmem0|       pointer|
|m_axi_gmem0_WSTRB     |  out|    1|       m_axi|                                                             gmem0|       pointer|
|m_axi_gmem0_WLAST     |  out|    1|       m_axi|                                                             gmem0|       pointer|
|m_axi_gmem0_WID       |  out|    1|       m_axi|                                                             gmem0|       pointer|
|m_axi_gmem0_WUSER     |  out|    1|       m_axi|                                                             gmem0|       pointer|
|m_axi_gmem0_ARVALID   |  out|    1|       m_axi|                                                             gmem0|       pointer|
|m_axi_gmem0_ARREADY   |   in|    1|       m_axi|                                                             gmem0|       pointer|
|m_axi_gmem0_ARADDR    |  out|   64|       m_axi|                                                             gmem0|       pointer|
|m_axi_gmem0_ARID      |  out|    1|       m_axi|                                                             gmem0|       pointer|
|m_axi_gmem0_ARLEN     |  out|   32|       m_axi|                                                             gmem0|       pointer|
|m_axi_gmem0_ARSIZE    |  out|    3|       m_axi|                                                             gmem0|       pointer|
|m_axi_gmem0_ARBURST   |  out|    2|       m_axi|                                                             gmem0|       pointer|
|m_axi_gmem0_ARLOCK    |  out|    2|       m_axi|                                                             gmem0|       pointer|
|m_axi_gmem0_ARCACHE   |  out|    4|       m_axi|                                                             gmem0|       pointer|
|m_axi_gmem0_ARPROT    |  out|    3|       m_axi|                                                             gmem0|       pointer|
|m_axi_gmem0_ARQOS     |  out|    4|       m_axi|                                                             gmem0|       pointer|
|m_axi_gmem0_ARREGION  |  out|    4|       m_axi|                                                             gmem0|       pointer|
|m_axi_gmem0_ARUSER    |  out|    1|       m_axi|                                                             gmem0|       pointer|
|m_axi_gmem0_RVALID    |   in|    1|       m_axi|                                                             gmem0|       pointer|
|m_axi_gmem0_RREADY    |  out|    1|       m_axi|                                                             gmem0|       pointer|
|m_axi_gmem0_RDATA     |   in|    8|       m_axi|                                                             gmem0|       pointer|
|m_axi_gmem0_RLAST     |   in|    1|       m_axi|                                                             gmem0|       pointer|
|m_axi_gmem0_RID       |   in|    1|       m_axi|                                                             gmem0|       pointer|
|m_axi_gmem0_RFIFONUM  |   in|   11|       m_axi|                                                             gmem0|       pointer|
|m_axi_gmem0_RUSER     |   in|    1|       m_axi|                                                             gmem0|       pointer|
|m_axi_gmem0_RRESP     |   in|    2|       m_axi|                                                             gmem0|       pointer|
|m_axi_gmem0_BVALID    |   in|    1|       m_axi|                                                             gmem0|       pointer|
|m_axi_gmem0_BREADY    |  out|    1|       m_axi|                                                             gmem0|       pointer|
|m_axi_gmem0_BRESP     |   in|    2|       m_axi|                                                             gmem0|       pointer|
|m_axi_gmem0_BID       |   in|    1|       m_axi|                                                             gmem0|       pointer|
|m_axi_gmem0_BUSER     |   in|    1|       m_axi|                                                             gmem0|       pointer|
|add_ln91              |   in|   64|     ap_none|                                                          add_ln91|        scalar|
|Q_tile_V_address0     |  out|    3|   ap_memory|                                                          Q_tile_V|         array|
|Q_tile_V_ce0          |  out|    1|   ap_memory|                                                          Q_tile_V|         array|
|Q_tile_V_we0          |  out|    1|   ap_memory|                                                          Q_tile_V|         array|
|Q_tile_V_d0           |  out|    8|   ap_memory|                                                          Q_tile_V|         array|
|Q_tile_V_1_address0   |  out|    3|   ap_memory|                                                        Q_tile_V_1|         array|
|Q_tile_V_1_ce0        |  out|    1|   ap_memory|                                                        Q_tile_V_1|         array|
|Q_tile_V_1_we0        |  out|    1|   ap_memory|                                                        Q_tile_V_1|         array|
|Q_tile_V_1_d0         |  out|    8|   ap_memory|                                                        Q_tile_V_1|         array|
|Q_tile_V_2_address0   |  out|    3|   ap_memory|                                                        Q_tile_V_2|         array|
|Q_tile_V_2_ce0        |  out|    1|   ap_memory|                                                        Q_tile_V_2|         array|
|Q_tile_V_2_we0        |  out|    1|   ap_memory|                                                        Q_tile_V_2|         array|
|Q_tile_V_2_d0         |  out|    8|   ap_memory|                                                        Q_tile_V_2|         array|
|Q_tile_V_3_address0   |  out|    3|   ap_memory|                                                        Q_tile_V_3|         array|
|Q_tile_V_3_ce0        |  out|    1|   ap_memory|                                                        Q_tile_V_3|         array|
|Q_tile_V_3_we0        |  out|    1|   ap_memory|                                                        Q_tile_V_3|         array|
|Q_tile_V_3_d0         |  out|    8|   ap_memory|                                                        Q_tile_V_3|         array|
|Q_tile_V_4_address0   |  out|    3|   ap_memory|                                                        Q_tile_V_4|         array|
|Q_tile_V_4_ce0        |  out|    1|   ap_memory|                                                        Q_tile_V_4|         array|
|Q_tile_V_4_we0        |  out|    1|   ap_memory|                                                        Q_tile_V_4|         array|
|Q_tile_V_4_d0         |  out|    8|   ap_memory|                                                        Q_tile_V_4|         array|
|Q_tile_V_5_address0   |  out|    3|   ap_memory|                                                        Q_tile_V_5|         array|
|Q_tile_V_5_ce0        |  out|    1|   ap_memory|                                                        Q_tile_V_5|         array|
|Q_tile_V_5_we0        |  out|    1|   ap_memory|                                                        Q_tile_V_5|         array|
|Q_tile_V_5_d0         |  out|    8|   ap_memory|                                                        Q_tile_V_5|         array|
|Q_tile_V_6_address0   |  out|    3|   ap_memory|                                                        Q_tile_V_6|         array|
|Q_tile_V_6_ce0        |  out|    1|   ap_memory|                                                        Q_tile_V_6|         array|
|Q_tile_V_6_we0        |  out|    1|   ap_memory|                                                        Q_tile_V_6|         array|
|Q_tile_V_6_d0         |  out|    8|   ap_memory|                                                        Q_tile_V_6|         array|
|Q_tile_V_7_address0   |  out|    3|   ap_memory|                                                        Q_tile_V_7|         array|
|Q_tile_V_7_ce0        |  out|    1|   ap_memory|                                                        Q_tile_V_7|         array|
|Q_tile_V_7_we0        |  out|    1|   ap_memory|                                                        Q_tile_V_7|         array|
|Q_tile_V_7_d0         |  out|    8|   ap_memory|                                                        Q_tile_V_7|         array|
|Q_tile_V_8_address0   |  out|    3|   ap_memory|                                                        Q_tile_V_8|         array|
|Q_tile_V_8_ce0        |  out|    1|   ap_memory|                                                        Q_tile_V_8|         array|
|Q_tile_V_8_we0        |  out|    1|   ap_memory|                                                        Q_tile_V_8|         array|
|Q_tile_V_8_d0         |  out|    8|   ap_memory|                                                        Q_tile_V_8|         array|
|Q_tile_V_9_address0   |  out|    3|   ap_memory|                                                        Q_tile_V_9|         array|
|Q_tile_V_9_ce0        |  out|    1|   ap_memory|                                                        Q_tile_V_9|         array|
|Q_tile_V_9_we0        |  out|    1|   ap_memory|                                                        Q_tile_V_9|         array|
|Q_tile_V_9_d0         |  out|    8|   ap_memory|                                                        Q_tile_V_9|         array|
|Q_tile_V_10_address0  |  out|    3|   ap_memory|                                                       Q_tile_V_10|         array|
|Q_tile_V_10_ce0       |  out|    1|   ap_memory|                                                       Q_tile_V_10|         array|
|Q_tile_V_10_we0       |  out|    1|   ap_memory|                                                       Q_tile_V_10|         array|
|Q_tile_V_10_d0        |  out|    8|   ap_memory|                                                       Q_tile_V_10|         array|
|Q_tile_V_11_address0  |  out|    3|   ap_memory|                                                       Q_tile_V_11|         array|
|Q_tile_V_11_ce0       |  out|    1|   ap_memory|                                                       Q_tile_V_11|         array|
|Q_tile_V_11_we0       |  out|    1|   ap_memory|                                                       Q_tile_V_11|         array|
|Q_tile_V_11_d0        |  out|    8|   ap_memory|                                                       Q_tile_V_11|         array|
|Q_tile_V_12_address0  |  out|    3|   ap_memory|                                                       Q_tile_V_12|         array|
|Q_tile_V_12_ce0       |  out|    1|   ap_memory|                                                       Q_tile_V_12|         array|
|Q_tile_V_12_we0       |  out|    1|   ap_memory|                                                       Q_tile_V_12|         array|
|Q_tile_V_12_d0        |  out|    8|   ap_memory|                                                       Q_tile_V_12|         array|
|Q_tile_V_13_address0  |  out|    3|   ap_memory|                                                       Q_tile_V_13|         array|
|Q_tile_V_13_ce0       |  out|    1|   ap_memory|                                                       Q_tile_V_13|         array|
|Q_tile_V_13_we0       |  out|    1|   ap_memory|                                                       Q_tile_V_13|         array|
|Q_tile_V_13_d0        |  out|    8|   ap_memory|                                                       Q_tile_V_13|         array|
|Q_tile_V_14_address0  |  out|    3|   ap_memory|                                                       Q_tile_V_14|         array|
|Q_tile_V_14_ce0       |  out|    1|   ap_memory|                                                       Q_tile_V_14|         array|
|Q_tile_V_14_we0       |  out|    1|   ap_memory|                                                       Q_tile_V_14|         array|
|Q_tile_V_14_d0        |  out|    8|   ap_memory|                                                       Q_tile_V_14|         array|
|Q_tile_V_15_address0  |  out|    3|   ap_memory|                                                       Q_tile_V_15|         array|
|Q_tile_V_15_ce0       |  out|    1|   ap_memory|                                                       Q_tile_V_15|         array|
|Q_tile_V_15_we0       |  out|    1|   ap_memory|                                                       Q_tile_V_15|         array|
|Q_tile_V_15_d0        |  out|    8|   ap_memory|                                                       Q_tile_V_15|         array|
|Q_tile_V_16_address0  |  out|    3|   ap_memory|                                                       Q_tile_V_16|         array|
|Q_tile_V_16_ce0       |  out|    1|   ap_memory|                                                       Q_tile_V_16|         array|
|Q_tile_V_16_we0       |  out|    1|   ap_memory|                                                       Q_tile_V_16|         array|
|Q_tile_V_16_d0        |  out|    8|   ap_memory|                                                       Q_tile_V_16|         array|
|Q_tile_V_17_address0  |  out|    3|   ap_memory|                                                       Q_tile_V_17|         array|
|Q_tile_V_17_ce0       |  out|    1|   ap_memory|                                                       Q_tile_V_17|         array|
|Q_tile_V_17_we0       |  out|    1|   ap_memory|                                                       Q_tile_V_17|         array|
|Q_tile_V_17_d0        |  out|    8|   ap_memory|                                                       Q_tile_V_17|         array|
|Q_tile_V_18_address0  |  out|    3|   ap_memory|                                                       Q_tile_V_18|         array|
|Q_tile_V_18_ce0       |  out|    1|   ap_memory|                                                       Q_tile_V_18|         array|
|Q_tile_V_18_we0       |  out|    1|   ap_memory|                                                       Q_tile_V_18|         array|
|Q_tile_V_18_d0        |  out|    8|   ap_memory|                                                       Q_tile_V_18|         array|
|Q_tile_V_19_address0  |  out|    3|   ap_memory|                                                       Q_tile_V_19|         array|
|Q_tile_V_19_ce0       |  out|    1|   ap_memory|                                                       Q_tile_V_19|         array|
|Q_tile_V_19_we0       |  out|    1|   ap_memory|                                                       Q_tile_V_19|         array|
|Q_tile_V_19_d0        |  out|    8|   ap_memory|                                                       Q_tile_V_19|         array|
|Q_tile_V_20_address0  |  out|    3|   ap_memory|                                                       Q_tile_V_20|         array|
|Q_tile_V_20_ce0       |  out|    1|   ap_memory|                                                       Q_tile_V_20|         array|
|Q_tile_V_20_we0       |  out|    1|   ap_memory|                                                       Q_tile_V_20|         array|
|Q_tile_V_20_d0        |  out|    8|   ap_memory|                                                       Q_tile_V_20|         array|
|Q_tile_V_21_address0  |  out|    3|   ap_memory|                                                       Q_tile_V_21|         array|
|Q_tile_V_21_ce0       |  out|    1|   ap_memory|                                                       Q_tile_V_21|         array|
|Q_tile_V_21_we0       |  out|    1|   ap_memory|                                                       Q_tile_V_21|         array|
|Q_tile_V_21_d0        |  out|    8|   ap_memory|                                                       Q_tile_V_21|         array|
|Q_tile_V_22_address0  |  out|    3|   ap_memory|                                                       Q_tile_V_22|         array|
|Q_tile_V_22_ce0       |  out|    1|   ap_memory|                                                       Q_tile_V_22|         array|
|Q_tile_V_22_we0       |  out|    1|   ap_memory|                                                       Q_tile_V_22|         array|
|Q_tile_V_22_d0        |  out|    8|   ap_memory|                                                       Q_tile_V_22|         array|
|Q_tile_V_23_address0  |  out|    3|   ap_memory|                                                       Q_tile_V_23|         array|
|Q_tile_V_23_ce0       |  out|    1|   ap_memory|                                                       Q_tile_V_23|         array|
|Q_tile_V_23_we0       |  out|    1|   ap_memory|                                                       Q_tile_V_23|         array|
|Q_tile_V_23_d0        |  out|    8|   ap_memory|                                                       Q_tile_V_23|         array|
|Q_tile_V_24_address0  |  out|    3|   ap_memory|                                                       Q_tile_V_24|         array|
|Q_tile_V_24_ce0       |  out|    1|   ap_memory|                                                       Q_tile_V_24|         array|
|Q_tile_V_24_we0       |  out|    1|   ap_memory|                                                       Q_tile_V_24|         array|
|Q_tile_V_24_d0        |  out|    8|   ap_memory|                                                       Q_tile_V_24|         array|
|Q_tile_V_25_address0  |  out|    3|   ap_memory|                                                       Q_tile_V_25|         array|
|Q_tile_V_25_ce0       |  out|    1|   ap_memory|                                                       Q_tile_V_25|         array|
|Q_tile_V_25_we0       |  out|    1|   ap_memory|                                                       Q_tile_V_25|         array|
|Q_tile_V_25_d0        |  out|    8|   ap_memory|                                                       Q_tile_V_25|         array|
|Q_tile_V_26_address0  |  out|    3|   ap_memory|                                                       Q_tile_V_26|         array|
|Q_tile_V_26_ce0       |  out|    1|   ap_memory|                                                       Q_tile_V_26|         array|
|Q_tile_V_26_we0       |  out|    1|   ap_memory|                                                       Q_tile_V_26|         array|
|Q_tile_V_26_d0        |  out|    8|   ap_memory|                                                       Q_tile_V_26|         array|
|Q_tile_V_27_address0  |  out|    3|   ap_memory|                                                       Q_tile_V_27|         array|
|Q_tile_V_27_ce0       |  out|    1|   ap_memory|                                                       Q_tile_V_27|         array|
|Q_tile_V_27_we0       |  out|    1|   ap_memory|                                                       Q_tile_V_27|         array|
|Q_tile_V_27_d0        |  out|    8|   ap_memory|                                                       Q_tile_V_27|         array|
|Q_tile_V_28_address0  |  out|    3|   ap_memory|                                                       Q_tile_V_28|         array|
|Q_tile_V_28_ce0       |  out|    1|   ap_memory|                                                       Q_tile_V_28|         array|
|Q_tile_V_28_we0       |  out|    1|   ap_memory|                                                       Q_tile_V_28|         array|
|Q_tile_V_28_d0        |  out|    8|   ap_memory|                                                       Q_tile_V_28|         array|
|Q_tile_V_29_address0  |  out|    3|   ap_memory|                                                       Q_tile_V_29|         array|
|Q_tile_V_29_ce0       |  out|    1|   ap_memory|                                                       Q_tile_V_29|         array|
|Q_tile_V_29_we0       |  out|    1|   ap_memory|                                                       Q_tile_V_29|         array|
|Q_tile_V_29_d0        |  out|    8|   ap_memory|                                                       Q_tile_V_29|         array|
|Q_tile_V_30_address0  |  out|    3|   ap_memory|                                                       Q_tile_V_30|         array|
|Q_tile_V_30_ce0       |  out|    1|   ap_memory|                                                       Q_tile_V_30|         array|
|Q_tile_V_30_we0       |  out|    1|   ap_memory|                                                       Q_tile_V_30|         array|
|Q_tile_V_30_d0        |  out|    8|   ap_memory|                                                       Q_tile_V_30|         array|
|Q_tile_V_31_address0  |  out|    3|   ap_memory|                                                       Q_tile_V_31|         array|
|Q_tile_V_31_ce0       |  out|    1|   ap_memory|                                                       Q_tile_V_31|         array|
|Q_tile_V_31_we0       |  out|    1|   ap_memory|                                                       Q_tile_V_31|         array|
|Q_tile_V_31_d0        |  out|    8|   ap_memory|                                                       Q_tile_V_31|         array|
|Q_tile_V_32_address0  |  out|    3|   ap_memory|                                                       Q_tile_V_32|         array|
|Q_tile_V_32_ce0       |  out|    1|   ap_memory|                                                       Q_tile_V_32|         array|
|Q_tile_V_32_we0       |  out|    1|   ap_memory|                                                       Q_tile_V_32|         array|
|Q_tile_V_32_d0        |  out|    8|   ap_memory|                                                       Q_tile_V_32|         array|
|Q_tile_V_33_address0  |  out|    3|   ap_memory|                                                       Q_tile_V_33|         array|
|Q_tile_V_33_ce0       |  out|    1|   ap_memory|                                                       Q_tile_V_33|         array|
|Q_tile_V_33_we0       |  out|    1|   ap_memory|                                                       Q_tile_V_33|         array|
|Q_tile_V_33_d0        |  out|    8|   ap_memory|                                                       Q_tile_V_33|         array|
|Q_tile_V_34_address0  |  out|    3|   ap_memory|                                                       Q_tile_V_34|         array|
|Q_tile_V_34_ce0       |  out|    1|   ap_memory|                                                       Q_tile_V_34|         array|
|Q_tile_V_34_we0       |  out|    1|   ap_memory|                                                       Q_tile_V_34|         array|
|Q_tile_V_34_d0        |  out|    8|   ap_memory|                                                       Q_tile_V_34|         array|
|Q_tile_V_35_address0  |  out|    3|   ap_memory|                                                       Q_tile_V_35|         array|
|Q_tile_V_35_ce0       |  out|    1|   ap_memory|                                                       Q_tile_V_35|         array|
|Q_tile_V_35_we0       |  out|    1|   ap_memory|                                                       Q_tile_V_35|         array|
|Q_tile_V_35_d0        |  out|    8|   ap_memory|                                                       Q_tile_V_35|         array|
|Q_tile_V_36_address0  |  out|    3|   ap_memory|                                                       Q_tile_V_36|         array|
|Q_tile_V_36_ce0       |  out|    1|   ap_memory|                                                       Q_tile_V_36|         array|
|Q_tile_V_36_we0       |  out|    1|   ap_memory|                                                       Q_tile_V_36|         array|
|Q_tile_V_36_d0        |  out|    8|   ap_memory|                                                       Q_tile_V_36|         array|
|Q_tile_V_37_address0  |  out|    3|   ap_memory|                                                       Q_tile_V_37|         array|
|Q_tile_V_37_ce0       |  out|    1|   ap_memory|                                                       Q_tile_V_37|         array|
|Q_tile_V_37_we0       |  out|    1|   ap_memory|                                                       Q_tile_V_37|         array|
|Q_tile_V_37_d0        |  out|    8|   ap_memory|                                                       Q_tile_V_37|         array|
|Q_tile_V_38_address0  |  out|    3|   ap_memory|                                                       Q_tile_V_38|         array|
|Q_tile_V_38_ce0       |  out|    1|   ap_memory|                                                       Q_tile_V_38|         array|
|Q_tile_V_38_we0       |  out|    1|   ap_memory|                                                       Q_tile_V_38|         array|
|Q_tile_V_38_d0        |  out|    8|   ap_memory|                                                       Q_tile_V_38|         array|
|Q_tile_V_39_address0  |  out|    3|   ap_memory|                                                       Q_tile_V_39|         array|
|Q_tile_V_39_ce0       |  out|    1|   ap_memory|                                                       Q_tile_V_39|         array|
|Q_tile_V_39_we0       |  out|    1|   ap_memory|                                                       Q_tile_V_39|         array|
|Q_tile_V_39_d0        |  out|    8|   ap_memory|                                                       Q_tile_V_39|         array|
|Q_tile_V_40_address0  |  out|    3|   ap_memory|                                                       Q_tile_V_40|         array|
|Q_tile_V_40_ce0       |  out|    1|   ap_memory|                                                       Q_tile_V_40|         array|
|Q_tile_V_40_we0       |  out|    1|   ap_memory|                                                       Q_tile_V_40|         array|
|Q_tile_V_40_d0        |  out|    8|   ap_memory|                                                       Q_tile_V_40|         array|
|Q_tile_V_41_address0  |  out|    3|   ap_memory|                                                       Q_tile_V_41|         array|
|Q_tile_V_41_ce0       |  out|    1|   ap_memory|                                                       Q_tile_V_41|         array|
|Q_tile_V_41_we0       |  out|    1|   ap_memory|                                                       Q_tile_V_41|         array|
|Q_tile_V_41_d0        |  out|    8|   ap_memory|                                                       Q_tile_V_41|         array|
|Q_tile_V_42_address0  |  out|    3|   ap_memory|                                                       Q_tile_V_42|         array|
|Q_tile_V_42_ce0       |  out|    1|   ap_memory|                                                       Q_tile_V_42|         array|
|Q_tile_V_42_we0       |  out|    1|   ap_memory|                                                       Q_tile_V_42|         array|
|Q_tile_V_42_d0        |  out|    8|   ap_memory|                                                       Q_tile_V_42|         array|
|Q_tile_V_43_address0  |  out|    3|   ap_memory|                                                       Q_tile_V_43|         array|
|Q_tile_V_43_ce0       |  out|    1|   ap_memory|                                                       Q_tile_V_43|         array|
|Q_tile_V_43_we0       |  out|    1|   ap_memory|                                                       Q_tile_V_43|         array|
|Q_tile_V_43_d0        |  out|    8|   ap_memory|                                                       Q_tile_V_43|         array|
|Q_tile_V_44_address0  |  out|    3|   ap_memory|                                                       Q_tile_V_44|         array|
|Q_tile_V_44_ce0       |  out|    1|   ap_memory|                                                       Q_tile_V_44|         array|
|Q_tile_V_44_we0       |  out|    1|   ap_memory|                                                       Q_tile_V_44|         array|
|Q_tile_V_44_d0        |  out|    8|   ap_memory|                                                       Q_tile_V_44|         array|
|Q_tile_V_45_address0  |  out|    3|   ap_memory|                                                       Q_tile_V_45|         array|
|Q_tile_V_45_ce0       |  out|    1|   ap_memory|                                                       Q_tile_V_45|         array|
|Q_tile_V_45_we0       |  out|    1|   ap_memory|                                                       Q_tile_V_45|         array|
|Q_tile_V_45_d0        |  out|    8|   ap_memory|                                                       Q_tile_V_45|         array|
|Q_tile_V_46_address0  |  out|    3|   ap_memory|                                                       Q_tile_V_46|         array|
|Q_tile_V_46_ce0       |  out|    1|   ap_memory|                                                       Q_tile_V_46|         array|
|Q_tile_V_46_we0       |  out|    1|   ap_memory|                                                       Q_tile_V_46|         array|
|Q_tile_V_46_d0        |  out|    8|   ap_memory|                                                       Q_tile_V_46|         array|
|Q_tile_V_47_address0  |  out|    3|   ap_memory|                                                       Q_tile_V_47|         array|
|Q_tile_V_47_ce0       |  out|    1|   ap_memory|                                                       Q_tile_V_47|         array|
|Q_tile_V_47_we0       |  out|    1|   ap_memory|                                                       Q_tile_V_47|         array|
|Q_tile_V_47_d0        |  out|    8|   ap_memory|                                                       Q_tile_V_47|         array|
|Q_tile_V_48_address0  |  out|    3|   ap_memory|                                                       Q_tile_V_48|         array|
|Q_tile_V_48_ce0       |  out|    1|   ap_memory|                                                       Q_tile_V_48|         array|
|Q_tile_V_48_we0       |  out|    1|   ap_memory|                                                       Q_tile_V_48|         array|
|Q_tile_V_48_d0        |  out|    8|   ap_memory|                                                       Q_tile_V_48|         array|
|Q_tile_V_49_address0  |  out|    3|   ap_memory|                                                       Q_tile_V_49|         array|
|Q_tile_V_49_ce0       |  out|    1|   ap_memory|                                                       Q_tile_V_49|         array|
|Q_tile_V_49_we0       |  out|    1|   ap_memory|                                                       Q_tile_V_49|         array|
|Q_tile_V_49_d0        |  out|    8|   ap_memory|                                                       Q_tile_V_49|         array|
|Q_tile_V_50_address0  |  out|    3|   ap_memory|                                                       Q_tile_V_50|         array|
|Q_tile_V_50_ce0       |  out|    1|   ap_memory|                                                       Q_tile_V_50|         array|
|Q_tile_V_50_we0       |  out|    1|   ap_memory|                                                       Q_tile_V_50|         array|
|Q_tile_V_50_d0        |  out|    8|   ap_memory|                                                       Q_tile_V_50|         array|
|Q_tile_V_51_address0  |  out|    3|   ap_memory|                                                       Q_tile_V_51|         array|
|Q_tile_V_51_ce0       |  out|    1|   ap_memory|                                                       Q_tile_V_51|         array|
|Q_tile_V_51_we0       |  out|    1|   ap_memory|                                                       Q_tile_V_51|         array|
|Q_tile_V_51_d0        |  out|    8|   ap_memory|                                                       Q_tile_V_51|         array|
|Q_tile_V_52_address0  |  out|    3|   ap_memory|                                                       Q_tile_V_52|         array|
|Q_tile_V_52_ce0       |  out|    1|   ap_memory|                                                       Q_tile_V_52|         array|
|Q_tile_V_52_we0       |  out|    1|   ap_memory|                                                       Q_tile_V_52|         array|
|Q_tile_V_52_d0        |  out|    8|   ap_memory|                                                       Q_tile_V_52|         array|
|Q_tile_V_53_address0  |  out|    3|   ap_memory|                                                       Q_tile_V_53|         array|
|Q_tile_V_53_ce0       |  out|    1|   ap_memory|                                                       Q_tile_V_53|         array|
|Q_tile_V_53_we0       |  out|    1|   ap_memory|                                                       Q_tile_V_53|         array|
|Q_tile_V_53_d0        |  out|    8|   ap_memory|                                                       Q_tile_V_53|         array|
|Q_tile_V_54_address0  |  out|    3|   ap_memory|                                                       Q_tile_V_54|         array|
|Q_tile_V_54_ce0       |  out|    1|   ap_memory|                                                       Q_tile_V_54|         array|
|Q_tile_V_54_we0       |  out|    1|   ap_memory|                                                       Q_tile_V_54|         array|
|Q_tile_V_54_d0        |  out|    8|   ap_memory|                                                       Q_tile_V_54|         array|
|Q_tile_V_55_address0  |  out|    3|   ap_memory|                                                       Q_tile_V_55|         array|
|Q_tile_V_55_ce0       |  out|    1|   ap_memory|                                                       Q_tile_V_55|         array|
|Q_tile_V_55_we0       |  out|    1|   ap_memory|                                                       Q_tile_V_55|         array|
|Q_tile_V_55_d0        |  out|    8|   ap_memory|                                                       Q_tile_V_55|         array|
|Q_tile_V_56_address0  |  out|    3|   ap_memory|                                                       Q_tile_V_56|         array|
|Q_tile_V_56_ce0       |  out|    1|   ap_memory|                                                       Q_tile_V_56|         array|
|Q_tile_V_56_we0       |  out|    1|   ap_memory|                                                       Q_tile_V_56|         array|
|Q_tile_V_56_d0        |  out|    8|   ap_memory|                                                       Q_tile_V_56|         array|
|Q_tile_V_57_address0  |  out|    3|   ap_memory|                                                       Q_tile_V_57|         array|
|Q_tile_V_57_ce0       |  out|    1|   ap_memory|                                                       Q_tile_V_57|         array|
|Q_tile_V_57_we0       |  out|    1|   ap_memory|                                                       Q_tile_V_57|         array|
|Q_tile_V_57_d0        |  out|    8|   ap_memory|                                                       Q_tile_V_57|         array|
|Q_tile_V_58_address0  |  out|    3|   ap_memory|                                                       Q_tile_V_58|         array|
|Q_tile_V_58_ce0       |  out|    1|   ap_memory|                                                       Q_tile_V_58|         array|
|Q_tile_V_58_we0       |  out|    1|   ap_memory|                                                       Q_tile_V_58|         array|
|Q_tile_V_58_d0        |  out|    8|   ap_memory|                                                       Q_tile_V_58|         array|
|Q_tile_V_59_address0  |  out|    3|   ap_memory|                                                       Q_tile_V_59|         array|
|Q_tile_V_59_ce0       |  out|    1|   ap_memory|                                                       Q_tile_V_59|         array|
|Q_tile_V_59_we0       |  out|    1|   ap_memory|                                                       Q_tile_V_59|         array|
|Q_tile_V_59_d0        |  out|    8|   ap_memory|                                                       Q_tile_V_59|         array|
|Q_tile_V_60_address0  |  out|    3|   ap_memory|                                                       Q_tile_V_60|         array|
|Q_tile_V_60_ce0       |  out|    1|   ap_memory|                                                       Q_tile_V_60|         array|
|Q_tile_V_60_we0       |  out|    1|   ap_memory|                                                       Q_tile_V_60|         array|
|Q_tile_V_60_d0        |  out|    8|   ap_memory|                                                       Q_tile_V_60|         array|
|Q_tile_V_61_address0  |  out|    3|   ap_memory|                                                       Q_tile_V_61|         array|
|Q_tile_V_61_ce0       |  out|    1|   ap_memory|                                                       Q_tile_V_61|         array|
|Q_tile_V_61_we0       |  out|    1|   ap_memory|                                                       Q_tile_V_61|         array|
|Q_tile_V_61_d0        |  out|    8|   ap_memory|                                                       Q_tile_V_61|         array|
|Q_tile_V_62_address0  |  out|    3|   ap_memory|                                                       Q_tile_V_62|         array|
|Q_tile_V_62_ce0       |  out|    1|   ap_memory|                                                       Q_tile_V_62|         array|
|Q_tile_V_62_we0       |  out|    1|   ap_memory|                                                       Q_tile_V_62|         array|
|Q_tile_V_62_d0        |  out|    8|   ap_memory|                                                       Q_tile_V_62|         array|
|Q_tile_V_63_address0  |  out|    3|   ap_memory|                                                       Q_tile_V_63|         array|
|Q_tile_V_63_ce0       |  out|    1|   ap_memory|                                                       Q_tile_V_63|         array|
|Q_tile_V_63_we0       |  out|    1|   ap_memory|                                                       Q_tile_V_63|         array|
|Q_tile_V_63_d0        |  out|    8|   ap_memory|                                                       Q_tile_V_63|         array|
+----------------------+-----+-----+------------+------------------------------------------------------------------+--------------+

