

================================================================
== Vitis HLS Report for 'attention_int8_kernel_Pipeline_VITIS_LOOP_130_8_VITIS_LOOP_131_9'
================================================================
* Date:           Sat Apr 25 21:22:58 2026

* Version:        2022.1 (Build 3526262 on Mon Apr 18 15:47:01 MDT 2022)
* Project:        hls_cosim_project
* Solution:       solution_cosim (Vivado IP Flow Target)
* Product family: artix7
* Target device:  xc7a200t-sbg484-1


================================================================
== Performance Estimates
================================================================
+ Timing: 
    * Summary: 
    +--------+----------+----------+------------+
    |  Clock |  Target  | Estimated| Uncertainty|
    +--------+----------+----------+------------+
    |ap_clk  |  10.00 ns|  7.300 ns|     2.70 ns|
    +--------+----------+----------+------------+

+ Latency: 
    * Summary: 
    +---------+---------+-----------+-----------+------+------+---------+
    |  Latency (cycles) |   Latency (absolute)  |   Interval  | Pipeline|
    |   min   |   max   |    min    |    max    |  min |  max |   Type  |
    +---------+---------+-----------+-----------+------+------+---------+
    |     8195|     8195|  81.950 us|  81.950 us|  8195|  8195|       no|
    +---------+---------+-----------+-----------+------+------+---------+

    + Detail: 
        * Instance: 
        N/A

        * Loop: 
        +-------------------------------------+---------+---------+----------+-----------+-----------+------+----------+
        |                                     |  Latency (cycles) | Iteration|  Initiation Interval  | Trip |          |
        |              Loop Name              |   min   |   max   |  Latency |  achieved |   target  | Count| Pipelined|
        +-------------------------------------+---------+---------+----------+-----------+-----------+------+----------+
        |- VITIS_LOOP_130_8_VITIS_LOOP_131_9  |     8193|     8193|         3|          1|          1|  8192|       yes|
        +-------------------------------------+---------+---------+----------+-----------+-----------+------+----------+



================================================================
== Utilization Estimates
================================================================
* Summary: 
+-----------------+---------+-----+--------+--------+-----+
|       Name      | BRAM_18K| DSP |   FF   |   LUT  | URAM|
+-----------------+---------+-----+--------+--------+-----+
|DSP              |        -|    -|       -|       -|    -|
|Expression       |        -|    -|       0|      94|    -|
|FIFO             |        -|    -|       -|       -|    -|
|Instance         |        -|    -|       -|       -|    -|
|Memory           |        -|    -|       -|       -|    -|
|Multiplexer      |        -|    -|       -|      81|    -|
|Register         |        -|    -|      77|       -|    -|
+-----------------+---------+-----+--------+--------+-----+
|Total            |        0|    0|      77|     175|    0|
+-----------------+---------+-----+--------+--------+-----+
|Available        |      730|  740|  269200|  134600|    0|
+-----------------+---------+-----+--------+--------+-----+
|Utilization (%)  |        0|    0|      ~0|      ~0|    0|
+-----------------+---------+-----+--------+--------+-----+

+ Detail: 
    * Instance: 
    N/A

    * DSP: 
    N/A

    * Memory: 
    N/A

    * FIFO: 
    N/A

    * Expression: 
    +----------------------------------+----------+----+---+----+------------+------------+
    |           Variable Name          | Operation| DSP| FF| LUT| Bitwidth P0| Bitwidth P1|
    +----------------------------------+----------+----+---+----+------------+------------+
    |add_ln130_1_fu_1364_p2            |         +|   0|  0|  21|          14|           1|
    |add_ln130_fu_1422_p2              |         +|   0|  0|  15|           8|           1|
    |add_ln131_fu_1391_p2              |         +|   0|  0|  14|           7|           1|
    |ap_block_pp0_stage0_11001         |       and|   0|  0|   2|           1|           1|
    |icmp_ln130_fu_1358_p2             |      icmp|   0|  0|  12|          14|          15|
    |icmp_ln131_fu_1373_p2             |      icmp|   0|  0|  11|           7|           8|
    |ap_block_state2_pp0_stage0_iter1  |        or|   0|  0|   2|           1|           1|
    |select_ln130_1_fu_1428_p3         |    select|   0|  0|   8|           1|           8|
    |select_ln130_fu_1379_p3           |    select|   0|  0|   7|           1|           1|
    |ap_enable_pp0                     |       xor|   0|  0|   2|           1|           2|
    +----------------------------------+----------+----+---+----+------------+------------+
    |Total                             |          |   0|  0|  94|          55|          39|
    +----------------------------------+----------+----+---+----+------------+------------+

    * Multiplexer: 
    +-----------------------------------------+----+-----------+-----+-----------+
    |                   Name                  | LUT| Input Size| Bits| Total Bits|
    +-----------------------------------------+----+-----------+-----+-----------+
    |ap_done_int                              |   9|          2|    1|          2|
    |ap_enable_reg_pp0_iter1                  |   9|          2|    1|          2|
    |ap_sig_allocacmp_d_1_load                |   9|          2|    7|         14|
    |ap_sig_allocacmp_indvar_flatten134_load  |   9|          2|   14|         28|
    |d_1_fu_358                               |   9|          2|    7|         14|
    |gmem1_blk_n_R                            |   9|          2|    1|          2|
    |gmem2_blk_n_R                            |   9|          2|    1|          2|
    |indvar_flatten134_fu_366                 |   9|          2|   14|         28|
    |j_fu_362                                 |   9|          2|    8|         16|
    +-----------------------------------------+----+-----------+-----+-----------+
    |Total                                    |  81|         18|   54|        108|
    +-----------------------------------------+----+-----------+-----+-----------+

    * Register: 
    +------------------------------------+----+----+-----+-----------+
    |                Name                | FF | LUT| Bits| Const Bits|
    +------------------------------------+----+----+-----+-----------+
    |ap_CS_fsm                           |   1|   0|    1|          0|
    |ap_done_reg                         |   1|   0|    1|          0|
    |ap_enable_reg_pp0_iter1             |   1|   0|    1|          0|
    |ap_enable_reg_pp0_iter2             |   1|   0|    1|          0|
    |ap_loop_exit_ready_pp0_iter1_reg    |   1|   0|    1|          0|
    |d_1_fu_358                          |   7|   0|    7|          0|
    |gmem1_addr_read_reg_1581            |   8|   0|    8|          0|
    |gmem2_addr_read_reg_1654            |   8|   0|    8|          0|
    |icmp_ln131_reg_1566                 |   1|   0|    1|          0|
    |icmp_ln131_reg_1566_pp0_iter1_reg   |   1|   0|    1|          0|
    |indvar_flatten134_fu_366            |  14|   0|   14|          0|
    |j_fu_362                            |   8|   0|    8|          0|
    |lshr_ln_reg_1649                    |   3|   0|    3|          0|
    |select_ln130_reg_1571               |   7|   0|    7|          0|
    |trunc_ln131_reg_1577                |   6|   0|    6|          0|
    |trunc_ln131_reg_1577_pp0_iter1_reg  |   6|   0|    6|          0|
    |trunc_ln134_1_reg_1666              |   3|   0|    3|          0|
    +------------------------------------+----+----+-----+-----------+
    |Total                               |  77|   0|   77|          0|
    +------------------------------------+----+----+-----+-----------+



================================================================
== Interface
================================================================
* Summary: 
+----------------------+-----+-----+------------+------------------------------------------------------------------+--------------+
|       RTL Ports      | Dir | Bits|  Protocol  |                           Source Object                          |    C Type    |
+----------------------+-----+-----+------------+------------------------------------------------------------------+--------------+
|ap_clk                |   in|    1|  ap_ctrl_hs|  attention_int8_kernel_Pipeline_VITIS_LOOP_130_8_VITIS_LOOP_131_9|  return value|
|ap_rst                |   in|    1|  ap_ctrl_hs|  attention_int8_kernel_Pipeline_VITIS_LOOP_130_8_VITIS_LOOP_131_9|  return value|
|ap_start              |   in|    1|  ap_ctrl_hs|  attention_int8_kernel_Pipeline_VITIS_LOOP_130_8_VITIS_LOOP_131_9|  return value|
|ap_done               |  out|    1|  ap_ctrl_hs|  attention_int8_kernel_Pipeline_VITIS_LOOP_130_8_VITIS_LOOP_131_9|  return value|
|ap_idle               |  out|    1|  ap_ctrl_hs|  attention_int8_kernel_Pipeline_VITIS_LOOP_130_8_VITIS_LOOP_131_9|  return value|
|ap_ready              |  out|    1|  ap_ctrl_hs|  attention_int8_kernel_Pipeline_VITIS_LOOP_130_8_VITIS_LOOP_131_9|  return value|
|m_axi_gmem1_AWVALID   |  out|    1|       m_axi|                                                             gmem1|       pointer|
|m_axi_gmem1_AWREADY   |   in|    1|       m_axi|                                                             gmem1|       pointer|
|m_axi_gmem1_AWADDR    |  out|   64|       m_axi|                                                             gmem1|       pointer|
|m_axi_gmem1_AWID      |  out|    1|       m_axi|                                                             gmem1|       pointer|
|m_axi_gmem1_AWLEN     |  out|   32|       m_axi|                                                             gmem1|       pointer|
|m_axi_gmem1_AWSIZE    |  out|    3|       m_axi|                                                             gmem1|       pointer|
|m_axi_gmem1_AWBURST   |  out|    2|       m_axi|                                                             gmem1|       pointer|
|m_axi_gmem1_AWLOCK    |  out|    2|       m_axi|                                                             gmem1|       pointer|
|m_axi_gmem1_AWCACHE   |  out|    4|       m_axi|                                                             gmem1|       pointer|
|m_axi_gmem1_AWPROT    |  out|    3|       m_axi|                                                             gmem1|       pointer|
|m_axi_gmem1_AWQOS     |  out|    4|       m_axi|                                                             gmem1|       pointer|
|m_axi_gmem1_AWREGION  |  out|    4|       m_axi|                                                             gmem1|       pointer|
|m_axi_gmem1_AWUSER    |  out|    1|       m_axi|                                                             gmem1|       pointer|
|m_axi_gmem1_WVALID    |  out|    1|       m_axi|                                                             gmem1|       pointer|
|m_axi_gmem1_WREADY    |   in|    1|       m_axi|                                                             gmem1|       pointer|
|m_axi_gmem1_WDATA     |  out|    8|       m_axi|                                                             gmem1|       pointer|
|m_axi_gmem1_WSTRB     |  out|    1|       m_axi|                                                             gmem1|       pointer|
|m_axi_gmem1_WLAST     |  out|    1|       m_axi|                                                             gmem1|       pointer|
|m_axi_gmem1_WID       |  out|    1|       m_axi|                                                             gmem1|       pointer|
|m_axi_gmem1_WUSER     |  out|    1|       m_axi|                                                             gmem1|       pointer|
|m_axi_gmem1_ARVALID   |  out|    1|       m_axi|                                                             gmem1|       pointer|
|m_axi_gmem1_ARREADY   |   in|    1|       m_axi|                                                             gmem1|       pointer|
|m_axi_gmem1_ARADDR    |  out|   64|       m_axi|                                                             gmem1|       pointer|
|m_axi_gmem1_ARID      |  out|    1|       m_axi|                                                             gmem1|       pointer|
|m_axi_gmem1_ARLEN     |  out|   32|       m_axi|                                                             gmem1|       pointer|
|m_axi_gmem1_ARSIZE    |  out|    3|       m_axi|                                                             gmem1|       pointer|
|m_axi_gmem1_ARBURST   |  out|    2|       m_axi|                                                             gmem1|       pointer|
|m_axi_gmem1_ARLOCK    |  out|    2|       m_axi|                                                             gmem1|       pointer|
|m_axi_gmem1_ARCACHE   |  out|    4|       m_axi|                                                             gmem1|       pointer|
|m_axi_gmem1_ARPROT    |  out|    3|       m_axi|                                                             gmem1|       pointer|
|m_axi_gmem1_ARQOS     |  out|    4|       m_axi|                                                             gmem1|       pointer|
|m_axi_gmem1_ARREGION  |  out|    4|       m_axi|                                                             gmem1|       pointer|
|m_axi_gmem1_ARUSER    |  out|    1|       m_axi|                                                             gmem1|       pointer|
|m_axi_gmem1_RVALID    |   in|    1|       m_axi|                                                             gmem1|       pointer|
|m_axi_gmem1_RREADY    |  out|    1|       m_axi|                                                             gmem1|       pointer|
|m_axi_gmem1_RDATA     |   in|    8|       m_axi|                                                             gmem1|       pointer|
|m_axi_gmem1_RLAST     |   in|    1|       m_axi|                                                             gmem1|       pointer|
|m_axi_gmem1_RID       |   in|    1|       m_axi|                                                             gmem1|       pointer|
|m_axi_gmem1_RFIFONUM  |   in|   11|       m_axi|                                                             gmem1|       pointer|
|m_axi_gmem1_RUSER     |   in|    1|       m_axi|                                                             gmem1|       pointer|
|m_axi_gmem1_RRESP     |   in|    2|       m_axi|                                                             gmem1|       pointer|
|m_axi_gmem1_BVALID    |   in|    1|       m_axi|                                                             gmem1|       pointer|
|m_axi_gmem1_BREADY    |  out|    1|       m_axi|                                                             gmem1|       pointer|
|m_axi_gmem1_BRESP     |   in|    2|       m_axi|                                                             gmem1|       pointer|
|m_axi_gmem1_BID       |   in|    1|       m_axi|                                                             gmem1|       pointer|
|m_axi_gmem1_BUSER     |   in|    1|       m_axi|                                                             gmem1|       pointer|
|m_axi_gmem2_AWVALID   |  out|    1|       m_axi|                                                             gmem2|       pointer|
|m_axi_gmem2_AWREADY   |   in|    1|       m_axi|                                                             gmem2|       pointer|
|m_axi_gmem2_AWADDR    |  out|   64|       m_axi|                                                             gmem2|       pointer|
|m_axi_gmem2_AWID      |  out|    1|       m_axi|                                                             gmem2|       pointer|
|m_axi_gmem2_AWLEN     |  out|   32|       m_axi|                                                             gmem2|       pointer|
|m_axi_gmem2_AWSIZE    |  out|    3|       m_axi|                                                             gmem2|       pointer|
|m_axi_gmem2_AWBURST   |  out|    2|       m_axi|                                                             gmem2|       pointer|
|m_axi_gmem2_AWLOCK    |  out|    2|       m_axi|                                                             gmem2|       pointer|
|m_axi_gmem2_AWCACHE   |  out|    4|       m_axi|                                                             gmem2|       pointer|
|m_axi_gmem2_AWPROT    |  out|    3|       m_axi|                                                             gmem2|       pointer|
|m_axi_gmem2_AWQOS     |  out|    4|       m_axi|                                                             gmem2|       pointer|
|m_axi_gmem2_AWREGION  |  out|    4|       m_axi|                                                             gmem2|       pointer|
|m_axi_gmem2_AWUSER    |  out|    1|       m_axi|                                                             gmem2|       pointer|
|m_axi_gmem2_WVALID    |  out|    1|       m_axi|                                                             gmem2|       pointer|
|m_axi_gmem2_WREADY    |   in|    1|       m_axi|                                                             gmem2|       pointer|
|m_axi_gmem2_WDATA     |  out|    8|       m_axi|                                                             gmem2|       pointer|
|m_axi_gmem2_WSTRB     |  out|    1|       m_axi|                                                             gmem2|       pointer|
|m_axi_gmem2_WLAST     |  out|    1|       m_axi|                                                             gmem2|       pointer|
|m_axi_gmem2_WID       |  out|    1|       m_axi|                                                             gmem2|       pointer|
|m_axi_gmem2_WUSER     |  out|    1|       m_axi|                                                             gmem2|       pointer|
|m_axi_gmem2_ARVALID   |  out|    1|       m_axi|                                                             gmem2|       pointer|
|m_axi_gmem2_ARREADY   |   in|    1|       m_axi|                                                             gmem2|       pointer|
|m_axi_gmem2_ARADDR    |  out|   64|       m_axi|                                                             gmem2|       pointer|
|m_axi_gmem2_ARID      |  out|    1|       m_axi|                                                             gmem2|       pointer|
|m_axi_gmem2_ARLEN     |  out|   32|       m_axi|                                                             gmem2|       pointer|
|m_axi_gmem2_ARSIZE    |  out|    3|       m_axi|                                                             gmem2|       pointer|
|m_axi_gmem2_ARBURST   |  out|    2|       m_axi|                                                             gmem2|       pointer|
|m_axi_gmem2_ARLOCK    |  out|    2|       m_axi|                                                             gmem2|       pointer|
|m_axi_gmem2_ARCACHE   |  out|    4|       m_axi|                                                             gmem2|       pointer|
|m_axi_gmem2_ARPROT    |  out|    3|       m_axi|                                                             gmem2|       pointer|
|m_axi_gmem2_ARQOS     |  out|    4|       m_axi|                                                             gmem2|       pointer|
|m_axi_gmem2_ARREGION  |  out|    4|       m_axi|                                                             gmem2|       pointer|
|m_axi_gmem2_ARUSER    |  out|    1|       m_axi|                                                             gmem2|       pointer|
|m_axi_gmem2_RVALID    |   in|    1|       m_axi|                                                             gmem2|       pointer|
|m_axi_gmem2_RREADY    |  out|    1|       m_axi|                                                             gmem2|       pointer|
|m_axi_gmem2_RDATA     |   in|    8|       m_axi|                                                             gmem2|       pointer|
|m_axi_gmem2_RLAST     |   in|    1|       m_axi|                                                             gmem2|       pointer|
|m_axi_gmem2_RID       |   in|    1|       m_axi|                                                             gmem2|       pointer|
|m_axi_gmem2_RFIFONUM  |   in|   11|       m_axi|                                                             gmem2|       pointer|
|m_axi_gmem2_RUSER     |   in|    1|       m_axi|                                                             gmem2|       pointer|
|m_axi_gmem2_RRESP     |   in|    2|       m_axi|                                                             gmem2|       pointer|
|m_axi_gmem2_BVALID    |   in|    1|       m_axi|                                                             gmem2|       pointer|
|m_axi_gmem2_BREADY    |  out|    1|       m_axi|                                                             gmem2|       pointer|
|m_axi_gmem2_BRESP     |   in|    2|       m_axi|                                                             gmem2|       pointer|
|m_axi_gmem2_BID       |   in|    1|       m_axi|                                                             gmem2|       pointer|
|m_axi_gmem2_BUSER     |   in|    1|       m_axi|                                                             gmem2|       pointer|
|K_in                  |   in|   64|     ap_none|                                                              K_in|        scalar|
|V_in                  |   in|   64|     ap_none|                                                              V_in|        scalar|
|V_tile_V_address0     |  out|   10|   ap_memory|                                                          V_tile_V|         array|
|V_tile_V_ce0          |  out|    1|   ap_memory|                                                          V_tile_V|         array|
|V_tile_V_we0          |  out|    1|   ap_memory|                                                          V_tile_V|         array|
|V_tile_V_d0           |  out|    8|   ap_memory|                                                          V_tile_V|         array|
|V_tile_V_1_address0   |  out|   10|   ap_memory|                                                        V_tile_V_1|         array|
|V_tile_V_1_ce0        |  out|    1|   ap_memory|                                                        V_tile_V_1|         array|
|V_tile_V_1_we0        |  out|    1|   ap_memory|                                                        V_tile_V_1|         array|
|V_tile_V_1_d0         |  out|    8|   ap_memory|                                                        V_tile_V_1|         array|
|V_tile_V_2_address0   |  out|   10|   ap_memory|                                                        V_tile_V_2|         array|
|V_tile_V_2_ce0        |  out|    1|   ap_memory|                                                        V_tile_V_2|         array|
|V_tile_V_2_we0        |  out|    1|   ap_memory|                                                        V_tile_V_2|         array|
|V_tile_V_2_d0         |  out|    8|   ap_memory|                                                        V_tile_V_2|         array|
|V_tile_V_3_address0   |  out|   10|   ap_memory|                                                        V_tile_V_3|         array|
|V_tile_V_3_ce0        |  out|    1|   ap_memory|                                                        V_tile_V_3|         array|
|V_tile_V_3_we0        |  out|    1|   ap_memory|                                                        V_tile_V_3|         array|
|V_tile_V_3_d0         |  out|    8|   ap_memory|                                                        V_tile_V_3|         array|
|V_tile_V_4_address0   |  out|   10|   ap_memory|                                                        V_tile_V_4|         array|
|V_tile_V_4_ce0        |  out|    1|   ap_memory|                                                        V_tile_V_4|         array|
|V_tile_V_4_we0        |  out|    1|   ap_memory|                                                        V_tile_V_4|         array|
|V_tile_V_4_d0         |  out|    8|   ap_memory|                                                        V_tile_V_4|         array|
|V_tile_V_5_address0   |  out|   10|   ap_memory|                                                        V_tile_V_5|         array|
|V_tile_V_5_ce0        |  out|    1|   ap_memory|                                                        V_tile_V_5|         array|
|V_tile_V_5_we0        |  out|    1|   ap_memory|                                                        V_tile_V_5|         array|
|V_tile_V_5_d0         |  out|    8|   ap_memory|                                                        V_tile_V_5|         array|
|V_tile_V_6_address0   |  out|   10|   ap_memory|                                                        V_tile_V_6|         array|
|V_tile_V_6_ce0        |  out|    1|   ap_memory|                                                        V_tile_V_6|         array|
|V_tile_V_6_we0        |  out|    1|   ap_memory|                                                        V_tile_V_6|         array|
|V_tile_V_6_d0         |  out|    8|   ap_memory|                                                        V_tile_V_6|         array|
|V_tile_V_7_address0   |  out|   10|   ap_memory|                                                        V_tile_V_7|         array|
|V_tile_V_7_ce0        |  out|    1|   ap_memory|                                                        V_tile_V_7|         array|
|V_tile_V_7_we0        |  out|    1|   ap_memory|                                                        V_tile_V_7|         array|
|V_tile_V_7_d0         |  out|    8|   ap_memory|                                                        V_tile_V_7|         array|
|K_tile_V_address0     |  out|    7|   ap_memory|                                                          K_tile_V|         array|
|K_tile_V_ce0          |  out|    1|   ap_memory|                                                          K_tile_V|         array|
|K_tile_V_we0          |  out|    1|   ap_memory|                                                          K_tile_V|         array|
|K_tile_V_d0           |  out|    8|   ap_memory|                                                          K_tile_V|         array|
|K_tile_V_1_address0   |  out|    7|   ap_memory|                                                        K_tile_V_1|         array|
|K_tile_V_1_ce0        |  out|    1|   ap_memory|                                                        K_tile_V_1|         array|
|K_tile_V_1_we0        |  out|    1|   ap_memory|                                                        K_tile_V_1|         array|
|K_tile_V_1_d0         |  out|    8|   ap_memory|                                                        K_tile_V_1|         array|
|K_tile_V_2_address0   |  out|    7|   ap_memory|                                                        K_tile_V_2|         array|
|K_tile_V_2_ce0        |  out|    1|   ap_memory|                                                        K_tile_V_2|         array|
|K_tile_V_2_we0        |  out|    1|   ap_memory|                                                        K_tile_V_2|         array|
|K_tile_V_2_d0         |  out|    8|   ap_memory|                                                        K_tile_V_2|         array|
|K_tile_V_3_address0   |  out|    7|   ap_memory|                                                        K_tile_V_3|         array|
|K_tile_V_3_ce0        |  out|    1|   ap_memory|                                                        K_tile_V_3|         array|
|K_tile_V_3_we0        |  out|    1|   ap_memory|                                                        K_tile_V_3|         array|
|K_tile_V_3_d0         |  out|    8|   ap_memory|                                                        K_tile_V_3|         array|
|K_tile_V_4_address0   |  out|    7|   ap_memory|                                                        K_tile_V_4|         array|
|K_tile_V_4_ce0        |  out|    1|   ap_memory|                                                        K_tile_V_4|         array|
|K_tile_V_4_we0        |  out|    1|   ap_memory|                                                        K_tile_V_4|         array|
|K_tile_V_4_d0         |  out|    8|   ap_memory|                                                        K_tile_V_4|         array|
|K_tile_V_5_address0   |  out|    7|   ap_memory|                                                        K_tile_V_5|         array|
|K_tile_V_5_ce0        |  out|    1|   ap_memory|                                                        K_tile_V_5|         array|
|K_tile_V_5_we0        |  out|    1|   ap_memory|                                                        K_tile_V_5|         array|
|K_tile_V_5_d0         |  out|    8|   ap_memory|                                                        K_tile_V_5|         array|
|K_tile_V_6_address0   |  out|    7|   ap_memory|                                                        K_tile_V_6|         array|
|K_tile_V_6_ce0        |  out|    1|   ap_memory|                                                        K_tile_V_6|         array|
|K_tile_V_6_we0        |  out|    1|   ap_memory|                                                        K_tile_V_6|         array|
|K_tile_V_6_d0         |  out|    8|   ap_memory|                                                        K_tile_V_6|         array|
|K_tile_V_7_address0   |  out|    7|   ap_memory|                                                        K_tile_V_7|         array|
|K_tile_V_7_ce0        |  out|    1|   ap_memory|                                                        K_tile_V_7|         array|
|K_tile_V_7_we0        |  out|    1|   ap_memory|                                                        K_tile_V_7|         array|
|K_tile_V_7_d0         |  out|    8|   ap_memory|                                                        K_tile_V_7|         array|
|K_tile_V_8_address0   |  out|    7|   ap_memory|                                                        K_tile_V_8|         array|
|K_tile_V_8_ce0        |  out|    1|   ap_memory|                                                        K_tile_V_8|         array|
|K_tile_V_8_we0        |  out|    1|   ap_memory|                                                        K_tile_V_8|         array|
|K_tile_V_8_d0         |  out|    8|   ap_memory|                                                        K_tile_V_8|         array|
|K_tile_V_9_address0   |  out|    7|   ap_memory|                                                        K_tile_V_9|         array|
|K_tile_V_9_ce0        |  out|    1|   ap_memory|                                                        K_tile_V_9|         array|
|K_tile_V_9_we0        |  out|    1|   ap_memory|                                                        K_tile_V_9|         array|
|K_tile_V_9_d0         |  out|    8|   ap_memory|                                                        K_tile_V_9|         array|
|K_tile_V_10_address0  |  out|    7|   ap_memory|                                                       K_tile_V_10|         array|
|K_tile_V_10_ce0       |  out|    1|   ap_memory|                                                       K_tile_V_10|         array|
|K_tile_V_10_we0       |  out|    1|   ap_memory|                                                       K_tile_V_10|         array|
|K_tile_V_10_d0        |  out|    8|   ap_memory|                                                       K_tile_V_10|         array|
|K_tile_V_11_address0  |  out|    7|   ap_memory|                                                       K_tile_V_11|         array|
|K_tile_V_11_ce0       |  out|    1|   ap_memory|                                                       K_tile_V_11|         array|
|K_tile_V_11_we0       |  out|    1|   ap_memory|                                                       K_tile_V_11|         array|
|K_tile_V_11_d0        |  out|    8|   ap_memory|                                                       K_tile_V_11|         array|
|K_tile_V_12_address0  |  out|    7|   ap_memory|                                                       K_tile_V_12|         array|
|K_tile_V_12_ce0       |  out|    1|   ap_memory|                                                       K_tile_V_12|         array|
|K_tile_V_12_we0       |  out|    1|   ap_memory|                                                       K_tile_V_12|         array|
|K_tile_V_12_d0        |  out|    8|   ap_memory|                                                       K_tile_V_12|         array|
|K_tile_V_13_address0  |  out|    7|   ap_memory|                                                       K_tile_V_13|         array|
|K_tile_V_13_ce0       |  out|    1|   ap_memory|                                                       K_tile_V_13|         array|
|K_tile_V_13_we0       |  out|    1|   ap_memory|                                                       K_tile_V_13|         array|
|K_tile_V_13_d0        |  out|    8|   ap_memory|                                                       K_tile_V_13|         array|
|K_tile_V_14_address0  |  out|    7|   ap_memory|                                                       K_tile_V_14|         array|
|K_tile_V_14_ce0       |  out|    1|   ap_memory|                                                       K_tile_V_14|         array|
|K_tile_V_14_we0       |  out|    1|   ap_memory|                                                       K_tile_V_14|         array|
|K_tile_V_14_d0        |  out|    8|   ap_memory|                                                       K_tile_V_14|         array|
|K_tile_V_15_address0  |  out|    7|   ap_memory|                                                       K_tile_V_15|         array|
|K_tile_V_15_ce0       |  out|    1|   ap_memory|                                                       K_tile_V_15|         array|
|K_tile_V_15_we0       |  out|    1|   ap_memory|                                                       K_tile_V_15|         array|
|K_tile_V_15_d0        |  out|    8|   ap_memory|                                                       K_tile_V_15|         array|
|K_tile_V_16_address0  |  out|    7|   ap_memory|                                                       K_tile_V_16|         array|
|K_tile_V_16_ce0       |  out|    1|   ap_memory|                                                       K_tile_V_16|         array|
|K_tile_V_16_we0       |  out|    1|   ap_memory|                                                       K_tile_V_16|         array|
|K_tile_V_16_d0        |  out|    8|   ap_memory|                                                       K_tile_V_16|         array|
|K_tile_V_17_address0  |  out|    7|   ap_memory|                                                       K_tile_V_17|         array|
|K_tile_V_17_ce0       |  out|    1|   ap_memory|                                                       K_tile_V_17|         array|
|K_tile_V_17_we0       |  out|    1|   ap_memory|                                                       K_tile_V_17|         array|
|K_tile_V_17_d0        |  out|    8|   ap_memory|                                                       K_tile_V_17|         array|
|K_tile_V_18_address0  |  out|    7|   ap_memory|                                                       K_tile_V_18|         array|
|K_tile_V_18_ce0       |  out|    1|   ap_memory|                                                       K_tile_V_18|         array|
|K_tile_V_18_we0       |  out|    1|   ap_memory|                                                       K_tile_V_18|         array|
|K_tile_V_18_d0        |  out|    8|   ap_memory|                                                       K_tile_V_18|         array|
|K_tile_V_19_address0  |  out|    7|   ap_memory|                                                       K_tile_V_19|         array|
|K_tile_V_19_ce0       |  out|    1|   ap_memory|                                                       K_tile_V_19|         array|
|K_tile_V_19_we0       |  out|    1|   ap_memory|                                                       K_tile_V_19|         array|
|K_tile_V_19_d0        |  out|    8|   ap_memory|                                                       K_tile_V_19|         array|
|K_tile_V_20_address0  |  out|    7|   ap_memory|                                                       K_tile_V_20|         array|
|K_tile_V_20_ce0       |  out|    1|   ap_memory|                                                       K_tile_V_20|         array|
|K_tile_V_20_we0       |  out|    1|   ap_memory|                                                       K_tile_V_20|         array|
|K_tile_V_20_d0        |  out|    8|   ap_memory|                                                       K_tile_V_20|         array|
|K_tile_V_21_address0  |  out|    7|   ap_memory|                                                       K_tile_V_21|         array|
|K_tile_V_21_ce0       |  out|    1|   ap_memory|                                                       K_tile_V_21|         array|
|K_tile_V_21_we0       |  out|    1|   ap_memory|                                                       K_tile_V_21|         array|
|K_tile_V_21_d0        |  out|    8|   ap_memory|                                                       K_tile_V_21|         array|
|K_tile_V_22_address0  |  out|    7|   ap_memory|                                                       K_tile_V_22|         array|
|K_tile_V_22_ce0       |  out|    1|   ap_memory|                                                       K_tile_V_22|         array|
|K_tile_V_22_we0       |  out|    1|   ap_memory|                                                       K_tile_V_22|         array|
|K_tile_V_22_d0        |  out|    8|   ap_memory|                                                       K_tile_V_22|         array|
|K_tile_V_23_address0  |  out|    7|   ap_memory|                                                       K_tile_V_23|         array|
|K_tile_V_23_ce0       |  out|    1|   ap_memory|                                                       K_tile_V_23|         array|
|K_tile_V_23_we0       |  out|    1|   ap_memory|                                                       K_tile_V_23|         array|
|K_tile_V_23_d0        |  out|    8|   ap_memory|                                                       K_tile_V_23|         array|
|K_tile_V_24_address0  |  out|    7|   ap_memory|                                                       K_tile_V_24|         array|
|K_tile_V_24_ce0       |  out|    1|   ap_memory|                                                       K_tile_V_24|         array|
|K_tile_V_24_we0       |  out|    1|   ap_memory|                                                       K_tile_V_24|         array|
|K_tile_V_24_d0        |  out|    8|   ap_memory|                                                       K_tile_V_24|         array|
|K_tile_V_25_address0  |  out|    7|   ap_memory|                                                       K_tile_V_25|         array|
|K_tile_V_25_ce0       |  out|    1|   ap_memory|                                                       K_tile_V_25|         array|
|K_tile_V_25_we0       |  out|    1|   ap_memory|                                                       K_tile_V_25|         array|
|K_tile_V_25_d0        |  out|    8|   ap_memory|                                                       K_tile_V_25|         array|
|K_tile_V_26_address0  |  out|    7|   ap_memory|                                                       K_tile_V_26|         array|
|K_tile_V_26_ce0       |  out|    1|   ap_memory|                                                       K_tile_V_26|         array|
|K_tile_V_26_we0       |  out|    1|   ap_memory|                                                       K_tile_V_26|         array|
|K_tile_V_26_d0        |  out|    8|   ap_memory|                                                       K_tile_V_26|         array|
|K_tile_V_27_address0  |  out|    7|   ap_memory|                                                       K_tile_V_27|         array|
|K_tile_V_27_ce0       |  out|    1|   ap_memory|                                                       K_tile_V_27|         array|
|K_tile_V_27_we0       |  out|    1|   ap_memory|                                                       K_tile_V_27|         array|
|K_tile_V_27_d0        |  out|    8|   ap_memory|                                                       K_tile_V_27|         array|
|K_tile_V_28_address0  |  out|    7|   ap_memory|                                                       K_tile_V_28|         array|
|K_tile_V_28_ce0       |  out|    1|   ap_memory|                                                       K_tile_V_28|         array|
|K_tile_V_28_we0       |  out|    1|   ap_memory|                                                       K_tile_V_28|         array|
|K_tile_V_28_d0        |  out|    8|   ap_memory|                                                       K_tile_V_28|         array|
|K_tile_V_29_address0  |  out|    7|   ap_memory|                                                       K_tile_V_29|         array|
|K_tile_V_29_ce0       |  out|    1|   ap_memory|                                                       K_tile_V_29|         array|
|K_tile_V_29_we0       |  out|    1|   ap_memory|                                                       K_tile_V_29|         array|
|K_tile_V_29_d0        |  out|    8|   ap_memory|                                                       K_tile_V_29|         array|
|K_tile_V_30_address0  |  out|    7|   ap_memory|                                                       K_tile_V_30|         array|
|K_tile_V_30_ce0       |  out|    1|   ap_memory|                                                       K_tile_V_30|         array|
|K_tile_V_30_we0       |  out|    1|   ap_memory|                                                       K_tile_V_30|         array|
|K_tile_V_30_d0        |  out|    8|   ap_memory|                                                       K_tile_V_30|         array|
|K_tile_V_31_address0  |  out|    7|   ap_memory|                                                       K_tile_V_31|         array|
|K_tile_V_31_ce0       |  out|    1|   ap_memory|                                                       K_tile_V_31|         array|
|K_tile_V_31_we0       |  out|    1|   ap_memory|                                                       K_tile_V_31|         array|
|K_tile_V_31_d0        |  out|    8|   ap_memory|                                                       K_tile_V_31|         array|
|K_tile_V_32_address0  |  out|    7|   ap_memory|                                                       K_tile_V_32|         array|
|K_tile_V_32_ce0       |  out|    1|   ap_memory|                                                       K_tile_V_32|         array|
|K_tile_V_32_we0       |  out|    1|   ap_memory|                                                       K_tile_V_32|         array|
|K_tile_V_32_d0        |  out|    8|   ap_memory|                                                       K_tile_V_32|         array|
|K_tile_V_33_address0  |  out|    7|   ap_memory|                                                       K_tile_V_33|         array|
|K_tile_V_33_ce0       |  out|    1|   ap_memory|                                                       K_tile_V_33|         array|
|K_tile_V_33_we0       |  out|    1|   ap_memory|                                                       K_tile_V_33|         array|
|K_tile_V_33_d0        |  out|    8|   ap_memory|                                                       K_tile_V_33|         array|
|K_tile_V_34_address0  |  out|    7|   ap_memory|                                                       K_tile_V_34|         array|
|K_tile_V_34_ce0       |  out|    1|   ap_memory|                                                       K_tile_V_34|         array|
|K_tile_V_34_we0       |  out|    1|   ap_memory|                                                       K_tile_V_34|         array|
|K_tile_V_34_d0        |  out|    8|   ap_memory|                                                       K_tile_V_34|         array|
|K_tile_V_35_address0  |  out|    7|   ap_memory|                                                       K_tile_V_35|         array|
|K_tile_V_35_ce0       |  out|    1|   ap_memory|                                                       K_tile_V_35|         array|
|K_tile_V_35_we0       |  out|    1|   ap_memory|                                                       K_tile_V_35|         array|
|K_tile_V_35_d0        |  out|    8|   ap_memory|                                                       K_tile_V_35|         array|
|K_tile_V_36_address0  |  out|    7|   ap_memory|                                                       K_tile_V_36|         array|
|K_tile_V_36_ce0       |  out|    1|   ap_memory|                                                       K_tile_V_36|         array|
|K_tile_V_36_we0       |  out|    1|   ap_memory|                                                       K_tile_V_36|         array|
|K_tile_V_36_d0        |  out|    8|   ap_memory|                                                       K_tile_V_36|         array|
|K_tile_V_37_address0  |  out|    7|   ap_memory|                                                       K_tile_V_37|         array|
|K_tile_V_37_ce0       |  out|    1|   ap_memory|                                                       K_tile_V_37|         array|
|K_tile_V_37_we0       |  out|    1|   ap_memory|                                                       K_tile_V_37|         array|
|K_tile_V_37_d0        |  out|    8|   ap_memory|                                                       K_tile_V_37|         array|
|K_tile_V_38_address0  |  out|    7|   ap_memory|                                                       K_tile_V_38|         array|
|K_tile_V_38_ce0       |  out|    1|   ap_memory|                                                       K_tile_V_38|         array|
|K_tile_V_38_we0       |  out|    1|   ap_memory|                                                       K_tile_V_38|         array|
|K_tile_V_38_d0        |  out|    8|   ap_memory|                                                       K_tile_V_38|         array|
|K_tile_V_39_address0  |  out|    7|   ap_memory|                                                       K_tile_V_39|         array|
|K_tile_V_39_ce0       |  out|    1|   ap_memory|                                                       K_tile_V_39|         array|
|K_tile_V_39_we0       |  out|    1|   ap_memory|                                                       K_tile_V_39|         array|
|K_tile_V_39_d0        |  out|    8|   ap_memory|                                                       K_tile_V_39|         array|
|K_tile_V_40_address0  |  out|    7|   ap_memory|                                                       K_tile_V_40|         array|
|K_tile_V_40_ce0       |  out|    1|   ap_memory|                                                       K_tile_V_40|         array|
|K_tile_V_40_we0       |  out|    1|   ap_memory|                                                       K_tile_V_40|         array|
|K_tile_V_40_d0        |  out|    8|   ap_memory|                                                       K_tile_V_40|         array|
|K_tile_V_41_address0  |  out|    7|   ap_memory|                                                       K_tile_V_41|         array|
|K_tile_V_41_ce0       |  out|    1|   ap_memory|                                                       K_tile_V_41|         array|
|K_tile_V_41_we0       |  out|    1|   ap_memory|                                                       K_tile_V_41|         array|
|K_tile_V_41_d0        |  out|    8|   ap_memory|                                                       K_tile_V_41|         array|
|K_tile_V_42_address0  |  out|    7|   ap_memory|                                                       K_tile_V_42|         array|
|K_tile_V_42_ce0       |  out|    1|   ap_memory|                                                       K_tile_V_42|         array|
|K_tile_V_42_we0       |  out|    1|   ap_memory|                                                       K_tile_V_42|         array|
|K_tile_V_42_d0        |  out|    8|   ap_memory|                                                       K_tile_V_42|         array|
|K_tile_V_43_address0  |  out|    7|   ap_memory|                                                       K_tile_V_43|         array|
|K_tile_V_43_ce0       |  out|    1|   ap_memory|                                                       K_tile_V_43|         array|
|K_tile_V_43_we0       |  out|    1|   ap_memory|                                                       K_tile_V_43|         array|
|K_tile_V_43_d0        |  out|    8|   ap_memory|                                                       K_tile_V_43|         array|
|K_tile_V_44_address0  |  out|    7|   ap_memory|                                                       K_tile_V_44|         array|
|K_tile_V_44_ce0       |  out|    1|   ap_memory|                                                       K_tile_V_44|         array|
|K_tile_V_44_we0       |  out|    1|   ap_memory|                                                       K_tile_V_44|         array|
|K_tile_V_44_d0        |  out|    8|   ap_memory|                                                       K_tile_V_44|         array|
|K_tile_V_45_address0  |  out|    7|   ap_memory|                                                       K_tile_V_45|         array|
|K_tile_V_45_ce0       |  out|    1|   ap_memory|                                                       K_tile_V_45|         array|
|K_tile_V_45_we0       |  out|    1|   ap_memory|                                                       K_tile_V_45|         array|
|K_tile_V_45_d0        |  out|    8|   ap_memory|                                                       K_tile_V_45|         array|
|K_tile_V_46_address0  |  out|    7|   ap_memory|                                                       K_tile_V_46|         array|
|K_tile_V_46_ce0       |  out|    1|   ap_memory|                                                       K_tile_V_46|         array|
|K_tile_V_46_we0       |  out|    1|   ap_memory|                                                       K_tile_V_46|         array|
|K_tile_V_46_d0        |  out|    8|   ap_memory|                                                       K_tile_V_46|         array|
|K_tile_V_47_address0  |  out|    7|   ap_memory|                                                       K_tile_V_47|         array|
|K_tile_V_47_ce0       |  out|    1|   ap_memory|                                                       K_tile_V_47|         array|
|K_tile_V_47_we0       |  out|    1|   ap_memory|                                                       K_tile_V_47|         array|
|K_tile_V_47_d0        |  out|    8|   ap_memory|                                                       K_tile_V_47|         array|
|K_tile_V_48_address0  |  out|    7|   ap_memory|                                                       K_tile_V_48|         array|
|K_tile_V_48_ce0       |  out|    1|   ap_memory|                                                       K_tile_V_48|         array|
|K_tile_V_48_we0       |  out|    1|   ap_memory|                                                       K_tile_V_48|         array|
|K_tile_V_48_d0        |  out|    8|   ap_memory|                                                       K_tile_V_48|         array|
|K_tile_V_49_address0  |  out|    7|   ap_memory|                                                       K_tile_V_49|         array|
|K_tile_V_49_ce0       |  out|    1|   ap_memory|                                                       K_tile_V_49|         array|
|K_tile_V_49_we0       |  out|    1|   ap_memory|                                                       K_tile_V_49|         array|
|K_tile_V_49_d0        |  out|    8|   ap_memory|                                                       K_tile_V_49|         array|
|K_tile_V_50_address0  |  out|    7|   ap_memory|                                                       K_tile_V_50|         array|
|K_tile_V_50_ce0       |  out|    1|   ap_memory|                                                       K_tile_V_50|         array|
|K_tile_V_50_we0       |  out|    1|   ap_memory|                                                       K_tile_V_50|         array|
|K_tile_V_50_d0        |  out|    8|   ap_memory|                                                       K_tile_V_50|         array|
|K_tile_V_51_address0  |  out|    7|   ap_memory|                                                       K_tile_V_51|         array|
|K_tile_V_51_ce0       |  out|    1|   ap_memory|                                                       K_tile_V_51|         array|
|K_tile_V_51_we0       |  out|    1|   ap_memory|                                                       K_tile_V_51|         array|
|K_tile_V_51_d0        |  out|    8|   ap_memory|                                                       K_tile_V_51|         array|
|K_tile_V_52_address0  |  out|    7|   ap_memory|                                                       K_tile_V_52|         array|
|K_tile_V_52_ce0       |  out|    1|   ap_memory|                                                       K_tile_V_52|         array|
|K_tile_V_52_we0       |  out|    1|   ap_memory|                                                       K_tile_V_52|         array|
|K_tile_V_52_d0        |  out|    8|   ap_memory|                                                       K_tile_V_52|         array|
|K_tile_V_53_address0  |  out|    7|   ap_memory|                                                       K_tile_V_53|         array|
|K_tile_V_53_ce0       |  out|    1|   ap_memory|                                                       K_tile_V_53|         array|
|K_tile_V_53_we0       |  out|    1|   ap_memory|                                                       K_tile_V_53|         array|
|K_tile_V_53_d0        |  out|    8|   ap_memory|                                                       K_tile_V_53|         array|
|K_tile_V_54_address0  |  out|    7|   ap_memory|                                                       K_tile_V_54|         array|
|K_tile_V_54_ce0       |  out|    1|   ap_memory|                                                       K_tile_V_54|         array|
|K_tile_V_54_we0       |  out|    1|   ap_memory|                                                       K_tile_V_54|         array|
|K_tile_V_54_d0        |  out|    8|   ap_memory|                                                       K_tile_V_54|         array|
|K_tile_V_55_address0  |  out|    7|   ap_memory|                                                       K_tile_V_55|         array|
|K_tile_V_55_ce0       |  out|    1|   ap_memory|                                                       K_tile_V_55|         array|
|K_tile_V_55_we0       |  out|    1|   ap_memory|                                                       K_tile_V_55|         array|
|K_tile_V_55_d0        |  out|    8|   ap_memory|                                                       K_tile_V_55|         array|
|K_tile_V_56_address0  |  out|    7|   ap_memory|                                                       K_tile_V_56|         array|
|K_tile_V_56_ce0       |  out|    1|   ap_memory|                                                       K_tile_V_56|         array|
|K_tile_V_56_we0       |  out|    1|   ap_memory|                                                       K_tile_V_56|         array|
|K_tile_V_56_d0        |  out|    8|   ap_memory|                                                       K_tile_V_56|         array|
|K_tile_V_57_address0  |  out|    7|   ap_memory|                                                       K_tile_V_57|         array|
|K_tile_V_57_ce0       |  out|    1|   ap_memory|                                                       K_tile_V_57|         array|
|K_tile_V_57_we0       |  out|    1|   ap_memory|                                                       K_tile_V_57|         array|
|K_tile_V_57_d0        |  out|    8|   ap_memory|                                                       K_tile_V_57|         array|
|K_tile_V_58_address0  |  out|    7|   ap_memory|                                                       K_tile_V_58|         array|
|K_tile_V_58_ce0       |  out|    1|   ap_memory|                                                       K_tile_V_58|         array|
|K_tile_V_58_we0       |  out|    1|   ap_memory|                                                       K_tile_V_58|         array|
|K_tile_V_58_d0        |  out|    8|   ap_memory|                                                       K_tile_V_58|         array|
|K_tile_V_59_address0  |  out|    7|   ap_memory|                                                       K_tile_V_59|         array|
|K_tile_V_59_ce0       |  out|    1|   ap_memory|                                                       K_tile_V_59|         array|
|K_tile_V_59_we0       |  out|    1|   ap_memory|                                                       K_tile_V_59|         array|
|K_tile_V_59_d0        |  out|    8|   ap_memory|                                                       K_tile_V_59|         array|
|K_tile_V_60_address0  |  out|    7|   ap_memory|                                                       K_tile_V_60|         array|
|K_tile_V_60_ce0       |  out|    1|   ap_memory|                                                       K_tile_V_60|         array|
|K_tile_V_60_we0       |  out|    1|   ap_memory|                                                       K_tile_V_60|         array|
|K_tile_V_60_d0        |  out|    8|   ap_memory|                                                       K_tile_V_60|         array|
|K_tile_V_61_address0  |  out|    7|   ap_memory|                                                       K_tile_V_61|         array|
|K_tile_V_61_ce0       |  out|    1|   ap_memory|                                                       K_tile_V_61|         array|
|K_tile_V_61_we0       |  out|    1|   ap_memory|                                                       K_tile_V_61|         array|
|K_tile_V_61_d0        |  out|    8|   ap_memory|                                                       K_tile_V_61|         array|
|K_tile_V_62_address0  |  out|    7|   ap_memory|                                                       K_tile_V_62|         array|
|K_tile_V_62_ce0       |  out|    1|   ap_memory|                                                       K_tile_V_62|         array|
|K_tile_V_62_we0       |  out|    1|   ap_memory|                                                       K_tile_V_62|         array|
|K_tile_V_62_d0        |  out|    8|   ap_memory|                                                       K_tile_V_62|         array|
|K_tile_V_63_address0  |  out|    7|   ap_memory|                                                       K_tile_V_63|         array|
|K_tile_V_63_ce0       |  out|    1|   ap_memory|                                                       K_tile_V_63|         array|
|K_tile_V_63_we0       |  out|    1|   ap_memory|                                                       K_tile_V_63|         array|
|K_tile_V_63_d0        |  out|    8|   ap_memory|                                                       K_tile_V_63|         array|
+----------------------+-----+-----+------------+------------------------------------------------------------------+--------------+

