[run_bench] OVERWRITING existing /home/ngantaya/sid/attention-benchmarking/results/llama31_70b_gqa_cuda_int8_wo.jsonl (pass --append to keep prior rows)
[llama31_70b_gqa|cuda|int8_wo] B=1 S=128  median=1.313 ms  throughput=97503.9 tok/s  29854 GFLOPs/s    8.2% util  AI=126.06 FLOPs/byte
[llama31_70b_gqa|cuda|int8_wo] B=1 S=256  median=1.406 ms  throughput=182083.0 tok/s  56515 GFLOPs/s   15.6% util  AI=248.45 FLOPs/byte
[llama31_70b_gqa|cuda|int8_wo] B=1 S=512  median=1.576 ms  throughput=324886.3 tok/s  103563 GFLOPs/s   28.6% util  AI=483.38 FLOPs/byte
[llama31_70b_gqa|cuda|int8_wo] B=1 S=1024  median=2.244 ms  throughput=456412.6 tok/s  153147 GFLOPs/s   42.3% util  AI=920.45 FLOPs/byte
[llama31_70b_gqa|cuda|int8_wo] B=1 S=2048  median=4.021 ms  throughput=509294.6 tok/s  187980 GFLOPs/s   51.9% util  AI=1700.23 FLOPs/byte
[llama31_70b_gqa|cuda|int8_wo] B=1 S=4096  median=15.047 ms  throughput=272220.0 tok/s  118744 GFLOPs/s   32.8% util  AI=3042.74 FLOPs/byte
[llama31_70b_gqa|cuda|int8_wo] B=1 S=8192  median=36.445 ms  throughput=224775.9 tok/s  128218 GFLOPs/s   35.4% util  AI=5356.31 FLOPs/byte
[llama31_70b_gqa|cuda|int8_wo] B=4 S=128  median=3.737 ms  throughput=137023.8 tok/s  41955 GFLOPs/s   11.6% util  AI=464.30 FLOPs/byte
[llama31_70b_gqa|cuda|int8_wo] B=4 S=256  median=4.481 ms  throughput=228519.2 tok/s  70927 GFLOPs/s   19.6% util  AI=851.42 FLOPs/byte
[llama31_70b_gqa|cuda|int8_wo] B=4 S=512  median=6.261 ms  throughput=327118.1 tok/s  104274 GFLOPs/s   28.8% util  AI=1468.38 FLOPs/byte
[llama31_70b_gqa|cuda|int8_wo] B=4 S=1024  median=16.984 ms  throughput=241167.2 tok/s  80922 GFLOPs/s   22.4% util  AI=2340.57 FLOPs/byte
[llama31_70b_gqa|cuda|int8_wo] B=4 S=2048  median=30.441 ms  throughput=269106.6 tok/s  99327 GFLOPs/s   27.4% util  AI=3465.85 FLOPs/byte
[llama31_70b_gqa|cuda|int8_wo] B=4 S=4096  median=57.676 ms  throughput=284070.7 tok/s  123914 GFLOPs/s   34.2% util  AI=4953.30 FLOPs/byte
[llama31_70b_gqa|cuda|int8_wo] B=4 S=8192  median=86.258 ms  throughput=379885.1 tok/s  216696 GFLOPs/s   59.9% util  AI=7234.49 FLOPs/byte
[llama31_70b_gqa|cuda|int8_wo] B=16 S=128  median=4.189 ms  throughput=488878.0 tok/s  149687 GFLOPs/s   41.3% util  AI=1410.42 FLOPs/byte
[llama31_70b_gqa|cuda|int8_wo] B=16 S=256  median=7.809 ms  throughput=524521.4 tok/s  162800 GFLOPs/s   45.0% util  AI=2165.03 FLOPs/byte
[llama31_70b_gqa|cuda|int8_wo] B=16 S=512  median=14.196 ms  throughput=577075.7 tok/s  183953 GFLOPs/s   50.8% util  AI=2993.23 FLOPs/byte
[llama31_70b_gqa|cuda|int8_wo] B=16 S=1024  median=29.150 ms  throughput=562054.3 tok/s  188594 GFLOPs/s   52.1% util  AI=3810.23 FLOPs/byte
[llama31_70b_gqa|cuda|int8_wo] B=16 S=2048  median=58.821 ms  throughput=557083.7 tok/s  205619 GFLOPs/s   56.8% util  AI=4681.14 FLOPs/byte
[llama31_70b_gqa|cuda|int8_wo] B=16 S=4096  median=189.944 ms  throughput=345028.4 tok/s  150504 GFLOPs/s   41.6% util  AI=5875.64 FLOPs/byte
[llama31_70b_gqa|cuda|int8_wo] SKIP B=16 S=8192 (B*S=131072 > max_bs_product=65536)
[llama31_70b_gqa|cuda|int8_wo] B=32 S=128  median=8.449 ms  throughput=484789.7 tok/s  148435 GFLOPs/s   41.0% util  AI=2135.77 FLOPs/byte
[llama31_70b_gqa|cuda|int8_wo] B=32 S=256  median=16.351 ms  throughput=501002.0 tok/s  155500 GFLOPs/s   43.0% util  AI=2914.46 FLOPs/byte
[llama31_70b_gqa|cuda|int8_wo] B=32 S=512  median=30.589 ms  throughput=535618.6 tok/s  170738 GFLOPs/s   47.2% util  AI=3619.72 FLOPs/byte
[llama31_70b_gqa|cuda|int8_wo] B=32 S=1024  median=55.199 ms  throughput=593637.0 tok/s  199192 GFLOPs/s   55.0% util  AI=4255.58 FLOPs/byte
[llama31_70b_gqa|cuda|int8_wo] B=32 S=2048  median=120.309 ms  throughput=544731.8 tok/s  201060 GFLOPs/s   55.5% util  AI=4971.70 FLOPs/byte
[llama31_70b_gqa|cuda|int8_wo] SKIP B=32 S=4096 (B*S=131072 > max_bs_product=65536)
[llama31_70b_gqa|cuda|int8_wo] SKIP B=32 S=8192 (B*S=262144 > max_bs_product=65536)

Results written to /home/ngantaya/sid/attention-benchmarking/results/llama31_70b_gqa_cuda_int8_wo.jsonl
